MtlsdModel(
  (unet): UNet(
    (l_conv): ModuleList(
      (0): ConvPass(
        (conv_pass): Sequential(
          (0): Conv3d(1, 12, kernel_size=(3, 3, 3), stride=(1, 1, 1))
          (1): ReLU()
          (2): Conv3d(12, 12, kernel_size=(3, 3, 3), stride=(1, 1, 1))
          (3): ReLU()
        )
      )
      (1): ConvPass(
        (conv_pass): Sequential(
          (0): Conv3d(12, 60, kernel_size=(3, 3, 3), stride=(1, 1, 1))
          (1): ReLU()
          (2): Conv3d(60, 60, kernel_size=(3, 3, 3), stride=(1, 1, 1))
          (3): ReLU()
        )
      )
      (2): ConvPass(
        (conv_pass): Sequential(
          (0): Conv3d(60, 300, kernel_size=(3, 3, 3), stride=(1, 1, 1))
          (1): ReLU()
          (2): Conv3d(300, 300, kernel_size=(3, 3, 3), stride=(1, 1, 1))
          (3): ReLU()
        )
      )
      (3): ConvPass(
        (conv_pass): Sequential(
          (0): Conv3d(300, 1500, kernel_size=(3, 3, 3), stride=(1, 1, 1))
          (1): ReLU()
          (2): Conv3d(1500, 1500, kernel_size=(3, 3, 3), stride=(1, 1, 1))
          (3): ReLU()
        )
      )
    )
    (l_down): ModuleList(
      (0): Downsample(
        (down): MaxPool3d(kernel_size=[2, 2, 2], stride=[2, 2, 2], padding=0, dilation=1, ceil_mode=False)
      )
      (1): Downsample(
        (down): MaxPool3d(kernel_size=[2, 2, 2], stride=[2, 2, 2], padding=0, dilation=1, ceil_mode=False)
      )
      (2): Downsample(
        (down): MaxPool3d(kernel_size=[3, 3, 3], stride=[3, 3, 3], padding=0, dilation=1, ceil_mode=False)
      )
    )
    (r_up): ModuleList(
      (0): ModuleList(
        (0): Upsample(
          (up): ConvTranspose3d(60, 60, kernel_size=(2, 2, 2), stride=(2, 2, 2))
        )
        (1): Upsample(
          (up): ConvTranspose3d(300, 300, kernel_size=(2, 2, 2), stride=(2, 2, 2))
        )
        (2): Upsample(
          (up): ConvTranspose3d(1500, 1500, kernel_size=(3, 3, 3), stride=(3, 3, 3))
        )
      )
    )
    (r_conv): ModuleList(
      (0): ModuleList(
        (0): ConvPass(
          (conv_pass): Sequential(
            (0): Conv3d(72, 12, kernel_size=(3, 3, 3), stride=(1, 1, 1))
            (1): ReLU()
            (2): Conv3d(12, 12, kernel_size=(3, 3, 3), stride=(1, 1, 1))
            (3): ReLU()
          )
        )
        (1): ConvPass(
          (conv_pass): Sequential(
            (0): Conv3d(360, 60, kernel_size=(3, 3, 3), stride=(1, 1, 1))
            (1): ReLU()
            (2): Conv3d(60, 60, kernel_size=(3, 3, 3), stride=(1, 1, 1))
            (3): ReLU()
          )
        )
        (2): ConvPass(
          (conv_pass): Sequential(
            (0): Conv3d(1800, 300, kernel_size=(3, 3, 3), stride=(1, 1, 1))
            (1): ReLU()
            (2): Conv3d(300, 300, kernel_size=(3, 3, 3), stride=(1, 1, 1))
            (3): ReLU()
          )
        )
      )
    )
  )
  (lsd_head): ConvPass(
    (conv_pass): Sequential(
      (0): Conv3d(12, 10, kernel_size=(1, 1, 1), stride=(1, 1, 1))
      (1): Sigmoid()
    )
  )
  (aff_head): ConvPass(
    (conv_pass): Sequential(
      (0): Conv3d(12, 3, kernel_size=(1, 1, 1), stride=(1, 1, 1))
      (1): Sigmoid()
    )
  )
)
Model Parameters: 155.160M
Saving outputs to /media/samia/DATA/mounts/zstore1/lsd_outputs/OCTO_3CUBES_ZYX/MTLSD/3d/clahed_hemi_mito_unproof/model_checkpoint_300000/octo_cube2_12485_13164_y6231_6901_z3971_4640.zarr
local variable 'mask' referenced before assignment
Recording block-done for octoCube21248513164Y62316901Z39714640_pred_affs/14 with read ROI [80:1648, 80:1648, 80:1648] (1568, 1568, 1568) and write ROI [576:1152, 576:1152, 576:1152] (576, 576, 576)
Recorded block-done for octoCube21248513164Y62316901Z39714640_pred_affs/14 with read ROI [80:1648, 80:1648, 80:1648] (1568, 1568, 1568) and write ROI [576:1152, 576:1152, 576:1152] (576, 576, 576)
Recording block-done for octoCube21248513164Y62316901Z39714640_pred_affs/169 with read ROI [80:1648, 80:1648, 3536:5104] (1568, 1568, 1568) and write ROI [576:1152, 576:1152, 4032:4608] (576, 576, 576)
Recorded block-done for octoCube21248513164Y62316901Z39714640_pred_affs/169 with read ROI [80:1648, 80:1648, 3536:5104] (1568, 1568, 1568) and write ROI [576:1152, 576:1152, 4032:4608] (576, 576, 576)
Recording block-done for octoCube21248513164Y62316901Z39714640_pred_affs/27 with read ROI [80:1648, 656:2224, 80:1648] (1568, 1568, 1568) and write ROI [576:1152, 1152:1728, 576:1152] (576, 576, 576)
Recorded block-done for octoCube21248513164Y62316901Z39714640_pred_affs/27 with read ROI [80:1648, 656:2224, 80:1648] (1568, 1568, 1568) and write ROI [576:1152, 1152:1728, 576:1152] (576, 576, 576)
Recording block-done for octoCube21248513164Y62316901Z39714640_pred_affs/63 with read ROI [80:1648, 656:2224, 1232:2800] (1568, 1568, 1568) and write ROI [576:1152, 1152:1728, 1728:2304] (576, 576, 576)
Recorded block-done for octoCube21248513164Y62316901Z39714640_pred_affs/63 with read ROI [80:1648, 656:2224, 1232:2800] (1568, 1568, 1568) and write ROI [576:1152, 1152:1728, 1728:2304] (576, 576, 576)
Recording block-done for octoCube21248513164Y62316901Z39714640_pred_affs/172 with read ROI [80:1648, 656:2224, 2960:4528] (1568, 1568, 1568) and write ROI [576:1152, 1152:1728, 3456:4032] (576, 576, 576)
Recorded block-done for octoCube21248513164Y62316901Z39714640_pred_affs/172 with read ROI [80:1648, 656:2224, 2960:4528] (1568, 1568, 1568) and write ROI [576:1152, 1152:1728, 3456:4032] (576, 576, 576)
Recording block-done for octoCube21248513164Y62316901Z39714640_pred_affs/67 with read ROI [80:1648, 1232:2800, 656:2224] (1568, 1568, 1568) and write ROI [576:1152, 1728:2304, 1152:1728] (576, 576, 576)
Recorded block-done for octoCube21248513164Y62316901Z39714640_pred_affs/67 with read ROI [80:1648, 1232:2800, 656:2224] (1568, 1568, 1568) and write ROI [576:1152, 1728:2304, 1152:1728] (576, 576, 576)
Recording block-done for octoCube21248513164Y62316901Z39714640_pred_affs/236 with read ROI [80:1648, 1808:3376, 2384:3952] (1568, 1568, 1568) and write ROI [576:1152, 2304:2880, 2880:3456] (576, 576, 576)
Recorded block-done for octoCube21248513164Y62316901Z39714640_pred_affs/236 with read ROI [80:1648, 1808:3376, 2384:3952] (1568, 1568, 1568) and write ROI [576:1152, 2304:2880, 2880:3456] (576, 576, 576)
Recording block-done for octoCube21248513164Y62316901Z39714640_pred_affs/297 with read ROI [80:1648, 1232:2800, 3536:5104] (1568, 1568, 1568) and write ROI [576:1152, 1728:2304, 4032:4608] (576, 576, 576)
Recorded block-done for octoCube21248513164Y62316901Z39714640_pred_affs/297 with read ROI [80:1648, 1232:2800, 3536:5104] (1568, 1568, 1568) and write ROI [576:1152, 1728:2304, 4032:4608] (576, 576, 576)
Recording block-done for octoCube21248513164Y62316901Z39714640_pred_affs/136 with read ROI [80:1648, 1808:3376, 1232:2800] (1568, 1568, 1568) and write ROI [576:1152, 2304:2880, 1728:2304] (576, 576, 576)
Recorded block-done for octoCube21248513164Y62316901Z39714640_pred_affs/136 with read ROI [80:1648, 1808:3376, 1232:2800] (1568, 1568, 1568) and write ROI [576:1152, 2304:2880, 1728:2304] (576, 576, 576)
Recording block-done for octoCube21248513164Y62316901Z39714640_pred_affs/242 with read ROI [80:1648, 2384:3952, 1808:3376] (1568, 1568, 1568) and write ROI [576:1152, 2880:3456, 2304:2880] (576, 576, 576)
Recorded block-done for octoCube21248513164Y62316901Z39714640_pred_affs/242 with read ROI [80:1648, 2384:3952, 1808:3376] (1568, 1568, 1568) and write ROI [576:1152, 2880:3456, 2304:2880] (576, 576, 576)
Recording block-done for octoCube21248513164Y62316901Z39714640_pred_affs/187 with read ROI [80:1648, 2384:3952, 1232:2800] (1568, 1568, 1568) and write ROI [576:1152, 2880:3456, 1728:2304] (576, 576, 576)
Recorded block-done for octoCube21248513164Y62316901Z39714640_pred_affs/187 with read ROI [80:1648, 2384:3952, 1232:2800] (1568, 1568, 1568) and write ROI [576:1152, 2880:3456, 1728:2304] (576, 576, 576)
Recording block-done for octoCube21248513164Y62316901Z39714640_pred_affs/386 with read ROI [80:1648, 2384:3952, 2960:4528] (1568, 1568, 1568) and write ROI [576:1152, 2880:3456, 3456:4032] (576, 576, 576)
Recorded block-done for octoCube21248513164Y62316901Z39714640_pred_affs/386 with read ROI [80:1648, 2384:3952, 2960:4528] (1568, 1568, 1568) and write ROI [576:1152, 2880:3456, 3456:4032] (576, 576, 576)
Recording block-done for octoCube21248513164Y62316901Z39714640_pred_affs/589 with read ROI [80:1648, 2960:4528, 3536:5104] (1568, 1568, 1568) and write ROI [576:1152, 3456:4032, 4032:4608] (576, 576, 576)
Recorded block-done for octoCube21248513164Y62316901Z39714640_pred_affs/589 with read ROI [80:1648, 2960:4528, 3536:5104] (1568, 1568, 1568) and write ROI [576:1152, 3456:4032, 4032:4608] (576, 576, 576)
Recording block-done for octoCube21248513164Y62316901Z39714640_pred_affs/315 with read ROI [80:1648, 2960:4528, 1808:3376] (1568, 1568, 1568) and write ROI [576:1152, 3456:4032, 2304:2880] (576, 576, 576)
Recorded block-done for octoCube21248513164Y62316901Z39714640_pred_affs/315 with read ROI [80:1648, 2960:4528, 1808:3376] (1568, 1568, 1568) and write ROI [576:1152, 3456:4032, 2304:2880] (576, 576, 576)
Recording block-done for octoCube21248513164Y62316901Z39714640_pred_affs/257 with read ROI [80:1648, 3536:5104, 656:2224] (1568, 1568, 1568) and write ROI [576:1152, 4032:4608, 1152:1728] (576, 576, 576)
Recorded block-done for octoCube21248513164Y62316901Z39714640_pred_affs/257 with read ROI [80:1648, 3536:5104, 656:2224] (1568, 1568, 1568) and write ROI [576:1152, 4032:4608, 1152:1728] (576, 576, 576)
Recording block-done for octoCube21248513164Y62316901Z39714640_pred_affs/173 with read ROI [656:2224, 80:1648, 2960:4528] (1568, 1568, 1568) and write ROI [1152:1728, 576:1152, 3456:4032] (576, 576, 576)
Recorded block-done for octoCube21248513164Y62316901Z39714640_pred_affs/173 with read ROI [656:2224, 80:1648, 2960:4528] (1568, 1568, 1568) and write ROI [1152:1728, 576:1152, 3456:4032] (576, 576, 576)
Recording block-done for octoCube21248513164Y62316901Z39714640_pred_affs/228 with read ROI [656:2224, 80:1648, 3536:5104] (1568, 1568, 1568) and write ROI [1152:1728, 576:1152, 4032:4608] (576, 576, 576)
Recorded block-done for octoCube21248513164Y62316901Z39714640_pred_affs/228 with read ROI [656:2224, 80:1648, 3536:5104] (1568, 1568, 1568) and write ROI [1152:1728, 576:1152, 4032:4608] (576, 576, 576)
Recording block-done for octoCube21248513164Y62316901Z39714640_pred_affs/68 with read ROI [656:2224, 656:2224, 656:2224] (1568, 1568, 1568) and write ROI [1152:1728, 1152:1728, 1152:1728] (576, 576, 576)
Recorded block-done for octoCube21248513164Y62316901Z39714640_pred_affs/68 with read ROI [656:2224, 656:2224, 656:2224] (1568, 1568, 1568) and write ROI [1152:1728, 1152:1728, 1152:1728] (576, 576, 576)
Recording block-done for octoCube21248513164Y62316901Z39714640_pred_affs/73 with read ROI [656:2224, 1232:2800, 80:1648] (1568, 1568, 1568) and write ROI [1152:1728, 1728:2304, 576:1152] (576, 576, 576)
Recorded block-done for octoCube21248513164Y62316901Z39714640_pred_affs/73 with read ROI [656:2224, 1232:2800, 80:1648] (1568, 1568, 1568) and write ROI [1152:1728, 1728:2304, 576:1152] (576, 576, 576)
Recording block-done for octoCube21248513164Y62316901Z39714640_pred_affs/237 with read ROI [656:2224, 1232:2800, 2384:3952] (1568, 1568, 1568) and write ROI [1152:1728, 1728:2304, 2880:3456] (576, 576, 576)
Recorded block-done for octoCube21248513164Y62316901Z39714640_pred_affs/237 with read ROI [656:2224, 1232:2800, 2384:3952] (1568, 1568, 1568) and write ROI [1152:1728, 1728:2304, 2880:3456] (576, 576, 576)
Recording block-done for octoCube21248513164Y62316901Z39714640_pred_affs/101 with read ROI [656:2224, 1232:2800, 656:2224] (1568, 1568, 1568) and write ROI [1152:1728, 1728:2304, 1152:1728] (576, 576, 576)
Recorded block-done for octoCube21248513164Y62316901Z39714640_pred_affs/101 with read ROI [656:2224, 1232:2800, 656:2224] (1568, 1568, 1568) and write ROI [1152:1728, 1728:2304, 1152:1728] (576, 576, 576)
Recording block-done for octoCube21248513164Y62316901Z39714640_pred_affs/303 with read ROI [656:2224, 1232:2800, 2960:4528] (1568, 1568, 1568) and write ROI [1152:1728, 1728:2304, 3456:4032] (576, 576, 576)
Recorded block-done for octoCube21248513164Y62316901Z39714640_pred_affs/303 with read ROI [656:2224, 1232:2800, 2960:4528] (1568, 1568, 1568) and write ROI [1152:1728, 1728:2304, 3456:4032] (576, 576, 576)
Recording block-done for octoCube21248513164Y62316901Z39714640_pred_affs/309 with read ROI [656:2224, 1808:3376, 2384:3952] (1568, 1568, 1568) and write ROI [1152:1728, 2304:2880, 2880:3456] (576, 576, 576)
Recorded block-done for octoCube21248513164Y62316901Z39714640_pred_affs/309 with read ROI [656:2224, 1808:3376, 2384:3952] (1568, 1568, 1568) and write ROI [1152:1728, 2304:2880, 2880:3456] (576, 576, 576)
Recording block-done for octoCube21248513164Y62316901Z39714640_pred_affs/243 with read ROI [656:2224, 1808:3376, 1808:3376] (1568, 1568, 1568) and write ROI [1152:1728, 2304:2880, 2304:2880] (576, 576, 576)
Recorded block-done for octoCube21248513164Y62316901Z39714640_pred_affs/243 with read ROI [656:2224, 1808:3376, 1808:3376] (1568, 1568, 1568) and write ROI [1152:1728, 2304:2880, 2304:2880] (576, 576, 576)
Recording block-done for octoCube21248513164Y62316901Z39714640_pred_affs/478 with read ROI [656:2224, 1808:3376, 3536:5104] (1568, 1568, 1568) and write ROI [1152:1728, 2304:2880, 4032:4608] (576, 576, 576)
Recorded block-done for octoCube21248513164Y62316901Z39714640_pred_affs/478 with read ROI [656:2224, 1808:3376, 3536:5104] (1568, 1568, 1568) and write ROI [1152:1728, 2304:2880, 4032:4608] (576, 576, 576)
Recording block-done for octoCube21248513164Y62316901Z39714640_pred_affs/195 with read ROI [656:2224, 2384:3952, 656:2224] (1568, 1568, 1568) and write ROI [1152:1728, 2880:3456, 1152:1728] (576, 576, 576)
Recorded block-done for octoCube21248513164Y62316901Z39714640_pred_affs/195 with read ROI [656:2224, 2384:3952, 656:2224] (1568, 1568, 1568) and write ROI [1152:1728, 2880:3456, 1152:1728] (576, 576, 576)
Recording block-done for octoCube21248513164Y62316901Z39714640_pred_affs/485 with read ROI [656:2224, 2384:3952, 2960:4528] (1568, 1568, 1568) and write ROI [1152:1728, 2880:3456, 3456:4032] (576, 576, 576)
Recorded block-done for octoCube21248513164Y62316901Z39714640_pred_affs/485 with read ROI [656:2224, 2384:3952, 2960:4528] (1568, 1568, 1568) and write ROI [1152:1728, 2880:3456, 3456:4032] (576, 576, 576)
Recording block-done for octoCube21248513164Y62316901Z39714640_pred_affs/493 with read ROI [656:2224, 2960:4528, 2384:3952] (1568, 1568, 1568) and write ROI [1152:1728, 3456:4032, 2880:3456] (576, 576, 576)
Recorded block-done for octoCube21248513164Y62316901Z39714640_pred_affs/493 with read ROI [656:2224, 2960:4528, 2384:3952] (1568, 1568, 1568) and write ROI [1152:1728, 3456:4032, 2880:3456] (576, 576, 576)
Recording block-done for octoCube21248513164Y62316901Z39714640_pred_affs/267 with read ROI [656:2224, 3536:5104, 80:1648] (1568, 1568, 1568) and write ROI [1152:1728, 4032:4608, 576:1152] (576, 576, 576)
Recorded block-done for octoCube21248513164Y62316901Z39714640_pred_affs/267 with read ROI [656:2224, 3536:5104, 80:1648] (1568, 1568, 1568) and write ROI [1152:1728, 4032:4608, 576:1152] (576, 576, 576)
Recording block-done for octoCube21248513164Y62316901Z39714640_pred_affs/324 with read ROI [656:2224, 2960:4528, 1232:2800] (1568, 1568, 1568) and write ROI [1152:1728, 3456:4032, 1728:2304] (576, 576, 576)
Recorded block-done for octoCube21248513164Y62316901Z39714640_pred_affs/324 with read ROI [656:2224, 2960:4528, 1232:2800] (1568, 1568, 1568) and write ROI [1152:1728, 3456:4032, 1728:2304] (576, 576, 576)
Recording block-done for octoCube21248513164Y62316901Z39714640_pred_affs/502 with read ROI [656:2224, 3536:5104, 1808:3376] (1568, 1568, 1568) and write ROI [1152:1728, 4032:4608, 2304:2880] (576, 576, 576)
Recorded block-done for octoCube21248513164Y62316901Z39714640_pred_affs/502 with read ROI [656:2224, 3536:5104, 1808:3376] (1568, 1568, 1568) and write ROI [1152:1728, 4032:4608, 2304:2880] (576, 576, 576)
Recording block-done for octoCube21248513164Y62316901Z39714640_pred_affs/607 with read ROI [656:2224, 3536:5104, 2384:3952] (1568, 1568, 1568) and write ROI [1152:1728, 4032:4608, 2880:3456] (576, 576, 576)
Recorded block-done for octoCube21248513164Y62316901Z39714640_pred_affs/607 with read ROI [656:2224, 3536:5104, 2384:3952] (1568, 1568, 1568) and write ROI [1152:1728, 4032:4608, 2880:3456] (576, 576, 576)
Recording block-done for octoCube21248513164Y62316901Z39714640_pred_affs/178 with read ROI [1232:2800, 80:1648, 2384:3952] (1568, 1568, 1568) and write ROI [1728:2304, 576:1152, 2880:3456] (576, 576, 576)
Recorded block-done for octoCube21248513164Y62316901Z39714640_pred_affs/178 with read ROI [1232:2800, 80:1648, 2384:3952] (1568, 1568, 1568) and write ROI [1728:2304, 576:1152, 2880:3456] (576, 576, 576)
Recording block-done for octoCube21248513164Y62316901Z39714640_pred_affs/74 with read ROI [1232:2800, 656:2224, 80:1648] (1568, 1568, 1568) and write ROI [1728:2304, 1152:1728, 576:1152] (576, 576, 576)
Recorded block-done for octoCube21248513164Y62316901Z39714640_pred_affs/74 with read ROI [1232:2800, 656:2224, 80:1648] (1568, 1568, 1568) and write ROI [1728:2304, 1152:1728, 576:1152] (576, 576, 576)
Recording block-done for octoCube21248513164Y62316901Z39714640_pred_affs/133 with read ROI [1232:2800, 80:1648, 1808:3376] (1568, 1568, 1568) and write ROI [1728:2304, 576:1152, 2304:2880] (576, 576, 576)
Recorded block-done for octoCube21248513164Y62316901Z39714640_pred_affs/133 with read ROI [1232:2800, 80:1648, 1808:3376] (1568, 1568, 1568) and write ROI [1728:2304, 576:1152, 2304:2880] (576, 576, 576)
Recording block-done for octoCube21248513164Y62316901Z39714640_pred_affs/108 with read ROI [1232:2800, 1232:2800, 80:1648] (1568, 1568, 1568) and write ROI [1728:2304, 1728:2304, 576:1152] (576, 576, 576)
Recorded block-done for octoCube21248513164Y62316901Z39714640_pred_affs/108 with read ROI [1232:2800, 1232:2800, 80:1648] (1568, 1568, 1568) and write ROI [1728:2304, 1728:2304, 576:1152] (576, 576, 576)
Recording block-done for octoCube21248513164Y62316901Z39714640_pred_affs/183 with read ROI [1232:2800, 656:2224, 1808:3376] (1568, 1568, 1568) and write ROI [1728:2304, 1152:1728, 2304:2880] (576, 576, 576)
Recorded block-done for octoCube21248513164Y62316901Z39714640_pred_affs/183 with read ROI [1232:2800, 656:2224, 1808:3376] (1568, 1568, 1568) and write ROI [1728:2304, 1152:1728, 2304:2880] (576, 576, 576)
Recording block-done for octoCube21248513164Y62316901Z39714640_pred_affs/189 with read ROI [1232:2800, 1232:2800, 1232:2800] (1568, 1568, 1568) and write ROI [1728:2304, 1728:2304, 1728:2304] (576, 576, 576)
Recorded block-done for octoCube21248513164Y62316901Z39714640_pred_affs/189 with read ROI [1232:2800, 1232:2800, 1232:2800] (1568, 1568, 1568) and write ROI [1728:2304, 1728:2304, 1728:2304] (576, 576, 576)
Recording block-done for octoCube21248513164Y62316901Z39714640_pred_affs/151 with read ROI [1232:2800, 1808:3376, 80:1648] (1568, 1568, 1568) and write ROI [1728:2304, 2304:2880, 576:1152] (576, 576, 576)
Recorded block-done for octoCube21248513164Y62316901Z39714640_pred_affs/151 with read ROI [1232:2800, 1808:3376, 80:1648] (1568, 1568, 1568) and write ROI [1728:2304, 2304:2880, 576:1152] (576, 576, 576)
Recording block-done for octoCube21248513164Y62316901Z39714640_pred_affs/479 with read ROI [1232:2800, 1232:2800, 3536:5104] (1568, 1568, 1568) and write ROI [1728:2304, 1728:2304, 4032:4608] (576, 576, 576)
Recorded block-done for octoCube21248513164Y62316901Z39714640_pred_affs/479 with read ROI [1232:2800, 1232:2800, 3536:5104] (1568, 1568, 1568) and write ROI [1728:2304, 1728:2304, 4032:4608] (576, 576, 576)
Recording block-done for octoCube21248513164Y62316901Z39714640_pred_affs/204 with read ROI [1232:2800, 2384:3952, 80:1648] (1568, 1568, 1568) and write ROI [1728:2304, 2880:3456, 576:1152] (576, 576, 576)
Recorded block-done for octoCube21248513164Y62316901Z39714640_pred_affs/204 with read ROI [1232:2800, 2384:3952, 80:1648] (1568, 1568, 1568) and write ROI [1728:2304, 2880:3456, 576:1152] (576, 576, 576)
Recording block-done for octoCube21248513164Y62316901Z39714640_pred_affs/317 with read ROI [1232:2800, 1808:3376, 1808:3376] (1568, 1568, 1568) and write ROI [1728:2304, 2304:2880, 2304:2880] (576, 576, 576)
Recorded block-done for octoCube21248513164Y62316901Z39714640_pred_affs/317 with read ROI [1232:2800, 1808:3376, 1808:3376] (1568, 1568, 1568) and write ROI [1728:2304, 2304:2880, 2304:2880] (576, 576, 576)
Recording block-done for octoCube21248513164Y62316901Z39714640_pred_affs/325 with read ROI [1232:2800, 2384:3952, 1232:2800] (1568, 1568, 1568) and write ROI [1728:2304, 2880:3456, 1728:2304] (576, 576, 576)
Recorded block-done for octoCube21248513164Y62316901Z39714640_pred_affs/325 with read ROI [1232:2800, 2384:3952, 1232:2800] (1568, 1568, 1568) and write ROI [1728:2304, 2880:3456, 1728:2304] (576, 576, 576)
Recording block-done for octoCube21248513164Y62316901Z39714640_pred_affs/599 with read ROI [1232:2800, 2384:3952, 2960:4528] (1568, 1568, 1568) and write ROI [1728:2304, 2880:3456, 3456:4032] (576, 576, 576)
Recorded block-done for octoCube21248513164Y62316901Z39714640_pred_affs/599 with read ROI [1232:2800, 2384:3952, 2960:4528] (1568, 1568, 1568) and write ROI [1728:2304, 2880:3456, 3456:4032] (576, 576, 576)
Recording block-done for octoCube21248513164Y62316901Z39714640_pred_affs/503 with read ROI [1232:2800, 2960:4528, 1808:3376] (1568, 1568, 1568) and write ROI [1728:2304, 3456:4032, 2304:2880] (576, 576, 576)
Recorded block-done for octoCube21248513164Y62316901Z39714640_pred_affs/503 with read ROI [1232:2800, 2960:4528, 1808:3376] (1568, 1568, 1568) and write ROI [1728:2304, 3456:4032, 2304:2880] (576, 576, 576)
Recording block-done for octoCube21248513164Y62316901Z39714640_pred_affs/864 with read ROI [1232:2800, 2960:4528, 3536:5104] (1568, 1568, 1568) and write ROI [1728:2304, 3456:4032, 4032:4608] (576, 576, 576)
Recorded block-done for octoCube21248513164Y62316901Z39714640_pred_affs/864 with read ROI [1232:2800, 2960:4528, 3536:5104] (1568, 1568, 1568) and write ROI [1728:2304, 3456:4032, 4032:4608] (576, 576, 576)
Recording block-done for octoCube21248513164Y62316901Z39714640_pred_affs/422 with read ROI [1232:2800, 3536:5104, 656:2224] (1568, 1568, 1568) and write ROI [1728:2304, 4032:4608, 1152:1728] (576, 576, 576)
Recorded block-done for octoCube21248513164Y62316901Z39714640_pred_affs/422 with read ROI [1232:2800, 3536:5104, 656:2224] (1568, 1568, 1568) and write ROI [1728:2304, 4032:4608, 1152:1728] (576, 576, 576)
Recording block-done for octoCube21248513164Y62316901Z39714640_pred_affs/874 with read ROI [1232:2800, 3536:5104, 2960:4528] (1568, 1568, 1568) and write ROI [1728:2304, 4032:4608, 3456:4032] (576, 576, 576)
Recorded block-done for octoCube21248513164Y62316901Z39714640_pred_affs/874 with read ROI [1232:2800, 3536:5104, 2960:4528] (1568, 1568, 1568) and write ROI [1728:2304, 4032:4608, 3456:4032] (576, 576, 576)
Recording block-done for octoCube21248513164Y62316901Z39714640_pred_affs/75 with read ROI [1808:3376, 80:1648, 80:1648] (1568, 1568, 1568) and write ROI [2304:2880, 576:1152, 576:1152] (576, 576, 576)
Recorded block-done for octoCube21248513164Y62316901Z39714640_pred_affs/75 with read ROI [1808:3376, 80:1648, 80:1648] (1568, 1568, 1568) and write ROI [2304:2880, 576:1152, 576:1152] (576, 576, 576)
Recording block-done for octoCube21248513164Y62316901Z39714640_pred_affs/305 with read ROI [1808:3376, 80:1648, 2960:4528] (1568, 1568, 1568) and write ROI [2304:2880, 576:1152, 3456:4032] (576, 576, 576)
Recorded block-done for octoCube21248513164Y62316901Z39714640_pred_affs/305 with read ROI [1808:3376, 80:1648, 2960:4528] (1568, 1568, 1568) and write ROI [2304:2880, 576:1152, 3456:4032] (576, 576, 576)
Recording block-done for octoCube21248513164Y62316901Z39714640_pred_affs/383 with read ROI [1808:3376, 80:1648, 3536:5104] (1568, 1568, 1568) and write ROI [2304:2880, 576:1152, 4032:4608] (576, 576, 576)
Recorded block-done for octoCube21248513164Y62316901Z39714640_pred_affs/383 with read ROI [1808:3376, 80:1648, 3536:5104] (1568, 1568, 1568) and write ROI [2304:2880, 576:1152, 4032:4608] (576, 576, 576)
Recording block-done for octoCube21248513164Y62316901Z39714640_pred_affs/311 with read ROI [1808:3376, 656:2224, 2384:3952] (1568, 1568, 1568) and write ROI [2304:2880, 1152:1728, 2880:3456] (576, 576, 576)
Recorded block-done for octoCube21248513164Y62316901Z39714640_pred_affs/311 with read ROI [1808:3376, 656:2224, 2384:3952] (1568, 1568, 1568) and write ROI [2304:2880, 1152:1728, 2880:3456] (576, 576, 576)
Recording block-done for octoCube21248513164Y62316901Z39714640_pred_affs/152 with read ROI [1808:3376, 1232:2800, 80:1648] (1568, 1568, 1568) and write ROI [2304:2880, 1728:2304, 576:1152] (576, 576, 576)
Recorded block-done for octoCube21248513164Y62316901Z39714640_pred_affs/152 with read ROI [1808:3376, 1232:2800, 80:1648] (1568, 1568, 1568) and write ROI [2304:2880, 1728:2304, 576:1152] (576, 576, 576)
Recording block-done for octoCube21248513164Y62316901Z39714640_pred_affs/190 with read ROI [1808:3376, 656:2224, 1232:2800] (1568, 1568, 1568) and write ROI [2304:2880, 1152:1728, 1728:2304] (576, 576, 576)
Recorded block-done for octoCube21248513164Y62316901Z39714640_pred_affs/190 with read ROI [1808:3376, 656:2224, 1232:2800] (1568, 1568, 1568) and write ROI [2304:2880, 1152:1728, 1728:2304] (576, 576, 576)
Recording block-done for octoCube21248513164Y62316901Z39714640_pred_affs/396 with read ROI [1808:3376, 1232:2800, 2384:3952] (1568, 1568, 1568) and write ROI [2304:2880, 1728:2304, 2880:3456] (576, 576, 576)
Recorded block-done for octoCube21248513164Y62316901Z39714640_pred_affs/396 with read ROI [1808:3376, 1232:2800, 2384:3952] (1568, 1568, 1568) and write ROI [2304:2880, 1728:2304, 2880:3456] (576, 576, 576)
Recording block-done for octoCube21248513164Y62316901Z39714640_pred_affs/487 with read ROI [1808:3376, 1232:2800, 2960:4528] (1568, 1568, 1568) and write ROI [2304:2880, 1728:2304, 3456:4032] (576, 576, 576)
Recorded block-done for octoCube21248513164Y62316901Z39714640_pred_affs/487 with read ROI [1808:3376, 1232:2800, 2960:4528] (1568, 1568, 1568) and write ROI [2304:2880, 1728:2304, 3456:4032] (576, 576, 576)
Recording block-done for octoCube21248513164Y62316901Z39714640_pred_affs/495 with read ROI [1808:3376, 1808:3376, 2384:3952] (1568, 1568, 1568) and write ROI [2304:2880, 2304:2880, 2880:3456] (576, 576, 576)
Recorded block-done for octoCube21248513164Y62316901Z39714640_pred_affs/495 with read ROI [1808:3376, 1808:3376, 2384:3952] (1568, 1568, 1568) and write ROI [2304:2880, 2304:2880, 2880:3456] (576, 576, 576)
Recording block-done for octoCube21248513164Y62316901Z39714640_pred_affs/592 with read ROI [1808:3376, 1232:2800, 3536:5104] (1568, 1568, 1568) and write ROI [2304:2880, 1728:2304, 4032:4608] (576, 576, 576)
Recorded block-done for octoCube21248513164Y62316901Z39714640_pred_affs/592 with read ROI [1808:3376, 1232:2800, 3536:5104] (1568, 1568, 1568) and write ROI [2304:2880, 1728:2304, 4032:4608] (576, 576, 576)
Recording block-done for octoCube21248513164Y62316901Z39714640_pred_affs/413 with read ROI [1808:3376, 2384:3952, 1232:2800] (1568, 1568, 1568) and write ROI [2304:2880, 2880:3456, 1728:2304] (576, 576, 576)
Recorded block-done for octoCube21248513164Y62316901Z39714640_pred_affs/413 with read ROI [1808:3376, 2384:3952, 1232:2800] (1568, 1568, 1568) and write ROI [2304:2880, 2880:3456, 1728:2304] (576, 576, 576)
Recording block-done for octoCube21248513164Y62316901Z39714640_pred_affs/335 with read ROI [1808:3376, 2384:3952, 656:2224] (1568, 1568, 1568) and write ROI [2304:2880, 2880:3456, 1152:1728] (576, 576, 576)
Recorded block-done for octoCube21248513164Y62316901Z39714640_pred_affs/335 with read ROI [1808:3376, 2384:3952, 656:2224] (1568, 1568, 1568) and write ROI [2304:2880, 2880:3456, 1152:1728] (576, 576, 576)
Recording block-done for octoCube21248513164Y62316901Z39714640_pred_affs/504 with read ROI [1808:3376, 2384:3952, 1808:3376] (1568, 1568, 1568) and write ROI [2304:2880, 2880:3456, 2304:2880] (576, 576, 576)
Recorded block-done for octoCube21248513164Y62316901Z39714640_pred_affs/504 with read ROI [1808:3376, 2384:3952, 1808:3376] (1568, 1568, 1568) and write ROI [2304:2880, 2880:3456, 2304:2880] (576, 576, 576)
Recording block-done for octoCube21248513164Y62316901Z39714640_pred_affs/739 with read ROI [1808:3376, 2960:4528, 2384:3952] (1568, 1568, 1568) and write ROI [2304:2880, 3456:4032, 2880:3456] (576, 576, 576)
Recorded block-done for octoCube21248513164Y62316901Z39714640_pred_affs/739 with read ROI [1808:3376, 2960:4528, 2384:3952] (1568, 1568, 1568) and write ROI [2304:2880, 3456:4032, 2880:3456] (576, 576, 576)
Recording block-done for octoCube21248513164Y62316901Z39714640_pred_affs/875 with read ROI [1808:3376, 2960:4528, 2960:4528] (1568, 1568, 1568) and write ROI [2304:2880, 3456:4032, 3456:4032] (576, 576, 576)
Recorded block-done for octoCube21248513164Y62316901Z39714640_pred_affs/875 with read ROI [1808:3376, 2960:4528, 2960:4528] (1568, 1568, 1568) and write ROI [2304:2880, 3456:4032, 3456:4032] (576, 576, 576)
Recording block-done for octoCube21248513164Y62316901Z39714640_pred_affs/514 with read ROI [1808:3376, 2960:4528, 1232:2800] (1568, 1568, 1568) and write ROI [2304:2880, 3456:4032, 1728:2304] (576, 576, 576)
Recorded block-done for octoCube21248513164Y62316901Z39714640_pred_affs/514 with read ROI [1808:3376, 2960:4528, 1232:2800] (1568, 1568, 1568) and write ROI [2304:2880, 3456:4032, 1728:2304] (576, 576, 576)
Recording block-done for octoCube21248513164Y62316901Z39714640_pred_affs/750 with read ROI [1808:3376, 3536:5104, 1808:3376] (1568, 1568, 1568) and write ROI [2304:2880, 4032:4608, 2304:2880] (576, 576, 576)
Recorded block-done for octoCube21248513164Y62316901Z39714640_pred_affs/750 with read ROI [1808:3376, 3536:5104, 1808:3376] (1568, 1568, 1568) and write ROI [2304:2880, 4032:4608, 2304:2880] (576, 576, 576)
Recording block-done for octoCube21248513164Y62316901Z39714640_pred_affs/1210 with read ROI [1808:3376, 3536:5104, 3536:5104] (1568, 1568, 1568) and write ROI [2304:2880, 4032:4608, 4032:4608] (576, 576, 576)
Recorded block-done for octoCube21248513164Y62316901Z39714640_pred_affs/1210 with read ROI [1808:3376, 3536:5104, 3536:5104] (1568, 1568, 1568) and write ROI [2304:2880, 4032:4608, 4032:4608] (576, 576, 576)
Recording block-done for octoCube21248513164Y62316901Z39714640_pred_affs/1039 with read ROI [1808:3376, 3536:5104, 2960:4528] (1568, 1568, 1568) and write ROI [2304:2880, 4032:4608, 3456:4032] (576, 576, 576)
Recorded block-done for octoCube21248513164Y62316901Z39714640_pred_affs/1039 with read ROI [1808:3376, 3536:5104, 2960:4528] (1568, 1568, 1568) and write ROI [2304:2880, 4032:4608, 3456:4032] (576, 576, 576)
Recording block-done for octoCube21248513164Y62316901Z39714640_pred_affs/110 with read ROI [2384:3952, 80:1648, 80:1648] (1568, 1568, 1568) and write ROI [2880:3456, 576:1152, 576:1152] (576, 576, 576)
Recorded block-done for octoCube21248513164Y62316901Z39714640_pred_affs/110 with read ROI [2384:3952, 80:1648, 80:1648] (1568, 1568, 1568) and write ROI [2880:3456, 576:1152, 576:1152] (576, 576, 576)
Recording block-done for octoCube21248513164Y62316901Z39714640_pred_affs/390 with read ROI [2384:3952, 80:1648, 2960:4528] (1568, 1568, 1568) and write ROI [2880:3456, 576:1152, 3456:4032] (576, 576, 576)
Recorded block-done for octoCube21248513164Y62316901Z39714640_pred_affs/390 with read ROI [2384:3952, 80:1648, 2960:4528] (1568, 1568, 1568) and write ROI [2880:3456, 576:1152, 3456:4032] (576, 576, 576)
Recording block-done for octoCube21248513164Y62316901Z39714640_pred_affs/153 with read ROI [2384:3952, 656:2224, 80:1648] (1568, 1568, 1568) and write ROI [2880:3456, 1152:1728, 576:1152] (576, 576, 576)
Recorded block-done for octoCube21248513164Y62316901Z39714640_pred_affs/153 with read ROI [2384:3952, 656:2224, 80:1648] (1568, 1568, 1568) and write ROI [2880:3456, 1152:1728, 576:1152] (576, 576, 576)
Recording block-done for octoCube21248513164Y62316901Z39714640_pred_affs/206 with read ROI [2384:3952, 1232:2800, 80:1648] (1568, 1568, 1568) and write ROI [2880:3456, 1728:2304, 576:1152] (576, 576, 576)
Recorded block-done for octoCube21248513164Y62316901Z39714640_pred_affs/206 with read ROI [2384:3952, 1232:2800, 80:1648] (1568, 1568, 1568) and write ROI [2880:3456, 1728:2304, 576:1152] (576, 576, 576)
Recording block-done for octoCube21248513164Y62316901Z39714640_pred_affs/253 with read ROI [2384:3952, 656:2224, 1232:2800] (1568, 1568, 1568) and write ROI [2880:3456, 1152:1728, 1728:2304] (576, 576, 576)
Recorded block-done for octoCube21248513164Y62316901Z39714640_pred_affs/253 with read ROI [2384:3952, 656:2224, 1232:2800] (1568, 1568, 1568) and write ROI [2880:3456, 1152:1728, 1728:2304] (576, 576, 576)
Recording block-done for octoCube21248513164Y62316901Z39714640_pred_affs/327 with read ROI [2384:3952, 1232:2800, 1232:2800] (1568, 1568, 1568) and write ROI [2880:3456, 1728:2304, 1728:2304] (576, 576, 576)
Recorded block-done for octoCube21248513164Y62316901Z39714640_pred_affs/327 with read ROI [2384:3952, 1232:2800, 1232:2800] (1568, 1568, 1568) and write ROI [2880:3456, 1728:2304, 1728:2304] (576, 576, 576)
Recording block-done for octoCube21248513164Y62316901Z39714640_pred_affs/270 with read ROI [2384:3952, 1808:3376, 80:1648] (1568, 1568, 1568) and write ROI [2880:3456, 2304:2880, 576:1152] (576, 576, 576)
Recorded block-done for octoCube21248513164Y62316901Z39714640_pred_affs/270 with read ROI [2384:3952, 1808:3376, 80:1648] (1568, 1568, 1568) and write ROI [2880:3456, 2304:2880, 576:1152] (576, 576, 576)
Recording block-done for octoCube21248513164Y62316901Z39714640_pred_affs/601 with read ROI [2384:3952, 1232:2800, 2960:4528] (1568, 1568, 1568) and write ROI [2880:3456, 1728:2304, 3456:4032] (576, 576, 576)
Recorded block-done for octoCube21248513164Y62316901Z39714640_pred_affs/601 with read ROI [2384:3952, 1232:2800, 2960:4528] (1568, 1568, 1568) and write ROI [2880:3456, 1728:2304, 3456:4032] (576, 576, 576)
Recording block-done for octoCube21248513164Y62316901Z39714640_pred_affs/610 with read ROI [2384:3952, 1808:3376, 2384:3952] (1568, 1568, 1568) and write ROI [2880:3456, 2304:2880, 2880:3456] (576, 576, 576)
Recorded block-done for octoCube21248513164Y62316901Z39714640_pred_affs/610 with read ROI [2384:3952, 1808:3376, 2384:3952] (1568, 1568, 1568) and write ROI [2880:3456, 2304:2880, 2880:3456] (576, 576, 576)
Recording block-done for octoCube21248513164Y62316901Z39714640_pred_affs/346 with read ROI [2384:3952, 2384:3952, 80:1648] (1568, 1568, 1568) and write ROI [2880:3456, 2880:3456, 576:1152] (576, 576, 576)
Recorded block-done for octoCube21248513164Y62316901Z39714640_pred_affs/346 with read ROI [2384:3952, 2384:3952, 80:1648] (1568, 1568, 1568) and write ROI [2880:3456, 2880:3456, 576:1152] (576, 576, 576)
Recording block-done for octoCube21248513164Y62316901Z39714640_pred_affs/866 with read ROI [2384:3952, 1808:3376, 3536:5104] (1568, 1568, 1568) and write ROI [2880:3456, 2304:2880, 4032:4608] (576, 576, 576)
Recorded block-done for octoCube21248513164Y62316901Z39714640_pred_affs/866 with read ROI [2384:3952, 1808:3376, 3536:5104] (1568, 1568, 1568) and write ROI [2880:3456, 2304:2880, 4032:4608] (576, 576, 576)
Recording block-done for octoCube21248513164Y62316901Z39714640_pred_affs/620 with read ROI [2384:3952, 2384:3952, 1808:3376] (1568, 1568, 1568) and write ROI [2880:3456, 2880:3456, 2304:2880] (576, 576, 576)
Recorded block-done for octoCube21248513164Y62316901Z39714640_pred_affs/620 with read ROI [2384:3952, 2384:3952, 1808:3376] (1568, 1568, 1568) and write ROI [2880:3456, 2880:3456, 2304:2880] (576, 576, 576)
Recording block-done for octoCube21248513164Y62316901Z39714640_pred_affs/435 with read ROI [2384:3952, 2960:4528, 80:1648] (1568, 1568, 1568) and write ROI [2880:3456, 3456:4032, 576:1152] (576, 576, 576)
Recorded block-done for octoCube21248513164Y62316901Z39714640_pred_affs/435 with read ROI [2384:3952, 2960:4528, 80:1648] (1568, 1568, 1568) and write ROI [2880:3456, 3456:4032, 576:1152] (576, 576, 576)
Recording block-done for octoCube21248513164Y62316901Z39714640_pred_affs/887 with read ROI [2384:3952, 2960:4528, 2384:3952] (1568, 1568, 1568) and write ROI [2880:3456, 3456:4032, 2880:3456] (576, 576, 576)
Recorded block-done for octoCube21248513164Y62316901Z39714640_pred_affs/887 with read ROI [2384:3952, 2960:4528, 2384:3952] (1568, 1568, 1568) and write ROI [2880:3456, 3456:4032, 2880:3456] (576, 576, 576)
Recording block-done for octoCube21248513164Y62316901Z39714640_pred_affs/631 with read ROI [2384:3952, 2960:4528, 1232:2800] (1568, 1568, 1568) and write ROI [2880:3456, 3456:4032, 1728:2304] (576, 576, 576)
Recorded block-done for octoCube21248513164Y62316901Z39714640_pred_affs/631 with read ROI [2384:3952, 2960:4528, 1232:2800] (1568, 1568, 1568) and write ROI [2880:3456, 3456:4032, 1728:2304] (576, 576, 576)
Recording block-done for octoCube21248513164Y62316901Z39714640_pred_affs/763 with read ROI [2384:3952, 3536:5104, 1232:2800] (1568, 1568, 1568) and write ROI [2880:3456, 4032:4608, 1728:2304] (576, 576, 576)
Recorded block-done for octoCube21248513164Y62316901Z39714640_pred_affs/763 with read ROI [2384:3952, 3536:5104, 1232:2800] (1568, 1568, 1568) and write ROI [2880:3456, 4032:4608, 1728:2304] (576, 576, 576)
Recording block-done for octoCube21248513164Y62316901Z39714640_pred_affs/899 with read ROI [2384:3952, 3536:5104, 1808:3376] (1568, 1568, 1568) and write ROI [2880:3456, 4032:4608, 2304:2880] (576, 576, 576)
Recorded block-done for octoCube21248513164Y62316901Z39714640_pred_affs/899 with read ROI [2384:3952, 3536:5104, 1808:3376] (1568, 1568, 1568) and write ROI [2880:3456, 4032:4608, 2304:2880] (576, 576, 576)
Recording block-done for octoCube21248513164Y62316901Z39714640_pred_affs/1223 with read ROI [2384:3952, 3536:5104, 2960:4528] (1568, 1568, 1568) and write ROI [2880:3456, 4032:4608, 3456:4032] (576, 576, 576)
Recorded block-done for octoCube21248513164Y62316901Z39714640_pred_affs/1223 with read ROI [2384:3952, 3536:5104, 2960:4528] (1568, 1568, 1568) and write ROI [2880:3456, 4032:4608, 3456:4032] (576, 576, 576)
Recording block-done for octoCube21248513164Y62316901Z39714640_pred_affs/398 with read ROI [2960:4528, 80:1648, 2384:3952] (1568, 1568, 1568) and write ROI [3456:4032, 576:1152, 2880:3456] (576, 576, 576)
Recorded block-done for octoCube21248513164Y62316901Z39714640_pred_affs/398 with read ROI [2960:4528, 80:1648, 2384:3952] (1568, 1568, 1568) and write ROI [3456:4032, 576:1152, 2880:3456] (576, 576, 576)
Recording block-done for octoCube21248513164Y62316901Z39714640_pred_affs/199 with read ROI [2960:4528, 80:1648, 656:2224] (1568, 1568, 1568) and write ROI [3456:4032, 576:1152, 1152:1728] (576, 576, 576)
Recorded block-done for octoCube21248513164Y62316901Z39714640_pred_affs/199 with read ROI [2960:4528, 80:1648, 656:2224] (1568, 1568, 1568) and write ROI [3456:4032, 576:1152, 1152:1728] (576, 576, 576)
Recording block-done for octoCube21248513164Y62316901Z39714640_pred_affs/489 with read ROI [2960:4528, 80:1648, 2960:4528] (1568, 1568, 1568) and write ROI [3456:4032, 576:1152, 3456:4032] (576, 576, 576)
Recorded block-done for octoCube21248513164Y62316901Z39714640_pred_affs/489 with read ROI [2960:4528, 80:1648, 2960:4528] (1568, 1568, 1568) and write ROI [3456:4032, 576:1152, 3456:4032] (576, 576, 576)
Recording block-done for octoCube21248513164Y62316901Z39714640_pred_affs/271 with read ROI [2960:4528, 1232:2800, 80:1648] (1568, 1568, 1568) and write ROI [3456:4032, 1728:2304, 576:1152] (576, 576, 576)
Recorded block-done for octoCube21248513164Y62316901Z39714640_pred_affs/271 with read ROI [2960:4528, 1232:2800, 80:1648] (1568, 1568, 1568) and write ROI [3456:4032, 1728:2304, 576:1152] (576, 576, 576)
Recording block-done for octoCube21248513164Y62316901Z39714640_pred_affs/406 with read ROI [2960:4528, 656:2224, 1808:3376] (1568, 1568, 1568) and write ROI [3456:4032, 1152:1728, 2304:2880] (576, 576, 576)
Recorded block-done for octoCube21248513164Y62316901Z39714640_pred_affs/406 with read ROI [2960:4528, 656:2224, 1808:3376] (1568, 1568, 1568) and write ROI [3456:4032, 1152:1728, 2304:2880] (576, 576, 576)
Recording block-done for octoCube21248513164Y62316901Z39714640_pred_affs/602 with read ROI [2960:4528, 656:2224, 2960:4528] (1568, 1568, 1568) and write ROI [3456:4032, 1152:1728, 3456:4032] (576, 576, 576)
Recorded block-done for octoCube21248513164Y62316901Z39714640_pred_affs/602 with read ROI [2960:4528, 656:2224, 2960:4528] (1568, 1568, 1568) and write ROI [3456:4032, 1152:1728, 3456:4032] (576, 576, 576)
Recording block-done for octoCube21248513164Y62316901Z39714640_pred_affs/731 with read ROI [2960:4528, 1232:2800, 2960:4528] (1568, 1568, 1568) and write ROI [3456:4032, 1728:2304, 3456:4032] (576, 576, 576)
Recorded block-done for octoCube21248513164Y62316901Z39714640_pred_affs/731 with read ROI [2960:4528, 1232:2800, 2960:4528] (1568, 1568, 1568) and write ROI [3456:4032, 1728:2304, 3456:4032] (576, 576, 576)
Recording block-done for octoCube21248513164Y62316901Z39714640_pred_affs/347 with read ROI [2960:4528, 1808:3376, 80:1648] (1568, 1568, 1568) and write ROI [3456:4032, 2304:2880, 576:1152] (576, 576, 576)
Recorded block-done for octoCube21248513164Y62316901Z39714640_pred_affs/347 with read ROI [2960:4528, 1808:3376, 80:1648] (1568, 1568, 1568) and write ROI [3456:4032, 2304:2880, 576:1152] (576, 576, 576)
Recording block-done for octoCube21248513164Y62316901Z39714640_pred_affs/436 with read ROI [2960:4528, 2384:3952, 80:1648] (1568, 1568, 1568) and write ROI [3456:4032, 2880:3456, 576:1152] (576, 576, 576)
Recorded block-done for octoCube21248513164Y62316901Z39714640_pred_affs/436 with read ROI [2960:4528, 2384:3952, 80:1648] (1568, 1568, 1568) and write ROI [3456:4032, 2880:3456, 576:1152] (576, 576, 576)
Recording block-done for octoCube21248513164Y62316901Z39714640_pred_affs/516 with read ROI [2960:4528, 1808:3376, 1232:2800] (1568, 1568, 1568) and write ROI [3456:4032, 2304:2880, 1728:2304] (576, 576, 576)
Recorded block-done for octoCube21248513164Y62316901Z39714640_pred_affs/516 with read ROI [2960:4528, 1808:3376, 1232:2800] (1568, 1568, 1568) and write ROI [3456:4032, 2304:2880, 1728:2304] (576, 576, 576)
Recording block-done for octoCube21248513164Y62316901Z39714640_pred_affs/527 with read ROI [2960:4528, 2384:3952, 656:2224] (1568, 1568, 1568) and write ROI [3456:4032, 2880:3456, 1152:1728] (576, 576, 576)
Recorded block-done for octoCube21248513164Y62316901Z39714640_pred_affs/527 with read ROI [2960:4528, 2384:3952, 656:2224] (1568, 1568, 1568) and write ROI [3456:4032, 2880:3456, 1152:1728] (576, 576, 576)
Recording block-done for octoCube21248513164Y62316901Z39714640_pred_affs/888 with read ROI [2960:4528, 2384:3952, 2384:3952] (1568, 1568, 1568) and write ROI [3456:4032, 2880:3456, 2880:3456] (576, 576, 576)
Recorded block-done for octoCube21248513164Y62316901Z39714640_pred_affs/888 with read ROI [2960:4528, 2384:3952, 2384:3952] (1568, 1568, 1568) and write ROI [3456:4032, 2880:3456, 2880:3456] (576, 576, 576)
Recording block-done for octoCube21248513164Y62316901Z39714640_pred_affs/1041 with read ROI [2960:4528, 2384:3952, 2960:4528] (1568, 1568, 1568) and write ROI [3456:4032, 2880:3456, 3456:4032] (576, 576, 576)
Recorded block-done for octoCube21248513164Y62316901Z39714640_pred_affs/1041 with read ROI [2960:4528, 2384:3952, 2960:4528] (1568, 1568, 1568) and write ROI [3456:4032, 2880:3456, 3456:4032] (576, 576, 576)
Recording block-done for octoCube21248513164Y62316901Z39714640_pred_affs/539 with read ROI [2960:4528, 2960:4528, 80:1648] (1568, 1568, 1568) and write ROI [3456:4032, 3456:4032, 576:1152] (576, 576, 576)
Recorded block-done for octoCube21248513164Y62316901Z39714640_pred_affs/539 with read ROI [2960:4528, 2960:4528, 80:1648] (1568, 1568, 1568) and write ROI [3456:4032, 3456:4032, 576:1152] (576, 576, 576)
Recording block-done for octoCube21248513164Y62316901Z39714640_pred_affs/1224 with read ROI [2960:4528, 2960:4528, 2960:4528] (1568, 1568, 1568) and write ROI [3456:4032, 3456:4032, 3456:4032] (576, 576, 576)
Recorded block-done for octoCube21248513164Y62316901Z39714640_pred_affs/1224 with read ROI [2960:4528, 2960:4528, 2960:4528] (1568, 1568, 1568) and write ROI [3456:4032, 3456:4032, 3456:4032] (576, 576, 576)
Recording block-done for octoCube21248513164Y62316901Z39714640_pred_affs/657 with read ROI [2960:4528, 3536:5104, 80:1648] (1568, 1568, 1568) and write ROI [3456:4032, 4032:4608, 576:1152] (576, 576, 576)
Recorded block-done for octoCube21248513164Y62316901Z39714640_pred_affs/657 with read ROI [2960:4528, 3536:5104, 80:1648] (1568, 1568, 1568) and write ROI [3456:4032, 4032:4608, 576:1152] (576, 576, 576)
Recording block-done for octoCube21248513164Y62316901Z39714640_pred_affs/1237 with read ROI [2960:4528, 3536:5104, 2384:3952] (1568, 1568, 1568) and write ROI [3456:4032, 4032:4608, 2880:3456] (576, 576, 576)
Recorded block-done for octoCube21248513164Y62316901Z39714640_pred_affs/1237 with read ROI [2960:4528, 3536:5104, 2384:3952] (1568, 1568, 1568) and write ROI [3456:4032, 4032:4608, 2880:3456] (576, 576, 576)
Recording block-done for octoCube21248513164Y62316901Z39714640_pred_affs/1066 with read ROI [2960:4528, 3536:5104, 1808:3376] (1568, 1568, 1568) and write ROI [3456:4032, 4032:4608, 2304:2880] (576, 576, 576)
Recorded block-done for octoCube21248513164Y62316901Z39714640_pred_affs/1066 with read ROI [2960:4528, 3536:5104, 1808:3376] (1568, 1568, 1568) and write ROI [3456:4032, 4032:4608, 2304:2880] (576, 576, 576)
Recording block-done for octoCube21248513164Y62316901Z39714640_pred_affs/723 with read ROI [3536:5104, 80:1648, 3536:5104] (1568, 1568, 1568) and write ROI [4032:4608, 576:1152, 4032:4608] (576, 576, 576)
Recorded block-done for octoCube21248513164Y62316901Z39714640_pred_affs/723 with read ROI [3536:5104, 80:1648, 3536:5104] (1568, 1568, 1568) and write ROI [4032:4608, 576:1152, 4032:4608] (576, 576, 576)
Recording block-done for octoCube21248513164Y62316901Z39714640_pred_affs/263 with read ROI [3536:5104, 80:1648, 656:2224] (1568, 1568, 1568) and write ROI [4032:4608, 576:1152, 1152:1728] (576, 576, 576)
Recorded block-done for octoCube21248513164Y62316901Z39714640_pred_affs/263 with read ROI [3536:5104, 80:1648, 656:2224] (1568, 1568, 1568) and write ROI [4032:4608, 576:1152, 1152:1728] (576, 576, 576)
Recording block-done for octoCube21248513164Y62316901Z39714640_pred_affs/407 with read ROI [3536:5104, 80:1648, 1808:3376] (1568, 1568, 1568) and write ROI [4032:4608, 576:1152, 2304:2880] (576, 576, 576)
Recorded block-done for octoCube21248513164Y62316901Z39714640_pred_affs/407 with read ROI [3536:5104, 80:1648, 1808:3376] (1568, 1568, 1568) and write ROI [4032:4608, 576:1152, 2304:2880] (576, 576, 576)
Recording block-done for octoCube21248513164Y62316901Z39714640_pred_affs/612 with read ROI [3536:5104, 656:2224, 2384:3952] (1568, 1568, 1568) and write ROI [4032:4608, 1152:1728, 2880:3456] (576, 576, 576)
Recorded block-done for octoCube21248513164Y62316901Z39714640_pred_affs/612 with read ROI [3536:5104, 656:2224, 2384:3952] (1568, 1568, 1568) and write ROI [4032:4608, 1152:1728, 2880:3456] (576, 576, 576)
Recording block-done for octoCube21248513164Y62316901Z39714640_pred_affs/348 with read ROI [3536:5104, 1232:2800, 80:1648] (1568, 1568, 1568) and write ROI [4032:4608, 1728:2304, 576:1152] (576, 576, 576)
Recorded block-done for octoCube21248513164Y62316901Z39714640_pred_affs/348 with read ROI [3536:5104, 1232:2800, 80:1648] (1568, 1568, 1568) and write ROI [4032:4608, 1728:2304, 576:1152] (576, 576, 576)
Recording block-done for octoCube21248513164Y62316901Z39714640_pred_affs/517 with read ROI [3536:5104, 1232:2800, 1232:2800] (1568, 1568, 1568) and write ROI [4032:4608, 1728:2304, 1728:2304] (576, 576, 576)
Recorded block-done for octoCube21248513164Y62316901Z39714640_pred_affs/517 with read ROI [3536:5104, 1232:2800, 1232:2800] (1568, 1568, 1568) and write ROI [4032:4608, 1728:2304, 1728:2304] (576, 576, 576)
Recording block-done for octoCube21248513164Y62316901Z39714640_pred_affs/742 with read ROI [3536:5104, 1232:2800, 2384:3952] (1568, 1568, 1568) and write ROI [4032:4608, 1728:2304, 2880:3456] (576, 576, 576)
Recorded block-done for octoCube21248513164Y62316901Z39714640_pred_affs/742 with read ROI [3536:5104, 1232:2800, 2384:3952] (1568, 1568, 1568) and write ROI [4032:4608, 1728:2304, 2880:3456] (576, 576, 576)
Recording block-done for octoCube21248513164Y62316901Z39714640_pred_affs/878 with read ROI [3536:5104, 1232:2800, 2960:4528] (1568, 1568, 1568) and write ROI [4032:4608, 1728:2304, 3456:4032] (576, 576, 576)
Recorded block-done for octoCube21248513164Y62316901Z39714640_pred_affs/878 with read ROI [3536:5104, 1232:2800, 2960:4528] (1568, 1568, 1568) and write ROI [4032:4608, 1728:2304, 3456:4032] (576, 576, 576)
Recording block-done for octoCube21248513164Y62316901Z39714640_pred_affs/889 with read ROI [3536:5104, 1808:3376, 2384:3952] (1568, 1568, 1568) and write ROI [4032:4608, 2304:2880, 2880:3456] (576, 576, 576)
Recorded block-done for octoCube21248513164Y62316901Z39714640_pred_affs/889 with read ROI [3536:5104, 1808:3376, 2384:3952] (1568, 1568, 1568) and write ROI [4032:4608, 2304:2880, 2880:3456] (576, 576, 576)
Recording block-done for octoCube21248513164Y62316901Z39714640_pred_affs/1042 with read ROI [3536:5104, 1808:3376, 2960:4528] (1568, 1568, 1568) and write ROI [4032:4608, 2304:2880, 3456:4032] (576, 576, 576)
Recorded block-done for octoCube21248513164Y62316901Z39714640_pred_affs/1042 with read ROI [3536:5104, 1808:3376, 2960:4528] (1568, 1568, 1568) and write ROI [4032:4608, 2304:2880, 3456:4032] (576, 576, 576)
Recording block-done for octoCube21248513164Y62316901Z39714640_pred_affs/1213 with read ROI [3536:5104, 1808:3376, 3536:5104] (1568, 1568, 1568) and write ROI [4032:4608, 2304:2880, 4032:4608] (576, 576, 576)
Recorded block-done for octoCube21248513164Y62316901Z39714640_pred_affs/1213 with read ROI [3536:5104, 1808:3376, 3536:5104] (1568, 1568, 1568) and write ROI [4032:4608, 2304:2880, 4032:4608] (576, 576, 576)
Recording block-done for octoCube21248513164Y62316901Z39714640_pred_affs/901 with read ROI [3536:5104, 2384:3952, 1808:3376] (1568, 1568, 1568) and write ROI [4032:4608, 2880:3456, 2304:2880] (576, 576, 576)
Recorded block-done for octoCube21248513164Y62316901Z39714640_pred_affs/901 with read ROI [3536:5104, 2384:3952, 1808:3376] (1568, 1568, 1568) and write ROI [4032:4608, 2880:3456, 2304:2880] (576, 576, 576)
Recording block-done for octoCube21248513164Y62316901Z39714640_pred_affs/1054 with read ROI [3536:5104, 2384:3952, 2384:3952] (1568, 1568, 1568) and write ROI [4032:4608, 2880:3456, 2880:3456] (576, 576, 576)
Recorded block-done for octoCube21248513164Y62316901Z39714640_pred_affs/1054 with read ROI [3536:5104, 2384:3952, 2384:3952] (1568, 1568, 1568) and write ROI [4032:4608, 2880:3456, 2880:3456] (576, 576, 576)
Recording block-done for octoCube21248513164Y62316901Z39714640_pred_affs/1428 with read ROI [3536:5104, 2960:4528, 2960:4528] (1568, 1568, 1568) and write ROI [4032:4608, 3456:4032, 3456:4032] (576, 576, 576)
Recorded block-done for octoCube21248513164Y62316901Z39714640_pred_affs/1428 with read ROI [3536:5104, 2960:4528, 2960:4528] (1568, 1568, 1568) and write ROI [4032:4608, 3456:4032, 3456:4032] (576, 576, 576)
Recording block-done for octoCube21248513164Y62316901Z39714640_pred_affs/1638 with read ROI [3536:5104, 2960:4528, 3536:5104] (1568, 1568, 1568) and write ROI [4032:4608, 3456:4032, 4032:4608] (576, 576, 576)
Recorded block-done for octoCube21248513164Y62316901Z39714640_pred_affs/1638 with read ROI [3536:5104, 2960:4528, 3536:5104] (1568, 1568, 1568) and write ROI [4032:4608, 3456:4032, 4032:4608] (576, 576, 576)
Recording block-done for octoCube21248513164Y62316901Z39714640_pred_affs/778 with read ROI [3536:5104, 2960:4528, 656:2224] (1568, 1568, 1568) and write ROI [4032:4608, 3456:4032, 1152:1728] (576, 576, 576)
Recorded block-done for octoCube21248513164Y62316901Z39714640_pred_affs/778 with read ROI [3536:5104, 2960:4528, 656:2224] (1568, 1568, 1568) and write ROI [4032:4608, 3456:4032, 1152:1728] (576, 576, 576)
Recording block-done for octoCube21248513164Y62316901Z39714640_pred_affs/1442 with read ROI [3536:5104, 3536:5104, 2384:3952] (1568, 1568, 1568) and write ROI [4032:4608, 4032:4608, 2880:3456] (576, 576, 576)
Recorded block-done for octoCube21248513164Y62316901Z39714640_pred_affs/1442 with read ROI [3536:5104, 3536:5104, 2384:3952] (1568, 1568, 1568) and write ROI [4032:4608, 4032:4608, 2880:3456] (576, 576, 576)
Recording block-done for octoCube21248513164Y62316901Z39714640_pred_affs/1652 with read ROI [3536:5104, 3536:5104, 2960:4528] (1568, 1568, 1568) and write ROI [4032:4608, 4032:4608, 3456:4032] (576, 576, 576)
Recorded block-done for octoCube21248513164Y62316901Z39714640_pred_affs/1652 with read ROI [3536:5104, 3536:5104, 2960:4528] (1568, 1568, 1568) and write ROI [4032:4608, 4032:4608, 3456:4032] (576, 576, 576)
Recording block-done for octoCube21248513164Y62316901Z39714640_pred_affs/1883 with read ROI [3536:5104, 3536:5104, 3536:5104] (1568, 1568, 1568) and write ROI [4032:4608, 4032:4608, 4032:4608] (576, 576, 576)
Recorded block-done for octoCube21248513164Y62316901Z39714640_pred_affs/1883 with read ROI [3536:5104, 3536:5104, 3536:5104] (1568, 1568, 1568) and write ROI [4032:4608, 4032:4608, 4032:4608] (576, 576, 576)
