MtlsdModel(
  (unet): UNet(
    (l_conv): ModuleList(
      (0): ConvPass(
        (conv_pass): Sequential(
          (0): Conv3d(1, 12, kernel_size=(3, 3, 3), stride=(1, 1, 1))
          (1): ReLU()
          (2): Conv3d(12, 12, kernel_size=(3, 3, 3), stride=(1, 1, 1))
          (3): ReLU()
        )
      )
      (1): ConvPass(
        (conv_pass): Sequential(
          (0): Conv3d(12, 60, kernel_size=(3, 3, 3), stride=(1, 1, 1))
          (1): ReLU()
          (2): Conv3d(60, 60, kernel_size=(3, 3, 3), stride=(1, 1, 1))
          (3): ReLU()
        )
      )
      (2): ConvPass(
        (conv_pass): Sequential(
          (0): Conv3d(60, 300, kernel_size=(3, 3, 3), stride=(1, 1, 1))
          (1): ReLU()
          (2): Conv3d(300, 300, kernel_size=(3, 3, 3), stride=(1, 1, 1))
          (3): ReLU()
        )
      )
      (3): ConvPass(
        (conv_pass): Sequential(
          (0): Conv3d(300, 1500, kernel_size=(3, 3, 3), stride=(1, 1, 1))
          (1): ReLU()
          (2): Conv3d(1500, 1500, kernel_size=(3, 3, 3), stride=(1, 1, 1))
          (3): ReLU()
        )
      )
    )
    (l_down): ModuleList(
      (0): Downsample(
        (down): MaxPool3d(kernel_size=[2, 2, 2], stride=[2, 2, 2], padding=0, dilation=1, ceil_mode=False)
      )
      (1): Downsample(
        (down): MaxPool3d(kernel_size=[2, 2, 2], stride=[2, 2, 2], padding=0, dilation=1, ceil_mode=False)
      )
      (2): Downsample(
        (down): MaxPool3d(kernel_size=[3, 3, 3], stride=[3, 3, 3], padding=0, dilation=1, ceil_mode=False)
      )
    )
    (r_up): ModuleList(
      (0): ModuleList(
        (0): Upsample(
          (up): ConvTranspose3d(60, 60, kernel_size=(2, 2, 2), stride=(2, 2, 2))
        )
        (1): Upsample(
          (up): ConvTranspose3d(300, 300, kernel_size=(2, 2, 2), stride=(2, 2, 2))
        )
        (2): Upsample(
          (up): ConvTranspose3d(1500, 1500, kernel_size=(3, 3, 3), stride=(3, 3, 3))
        )
      )
    )
    (r_conv): ModuleList(
      (0): ModuleList(
        (0): ConvPass(
          (conv_pass): Sequential(
            (0): Conv3d(72, 12, kernel_size=(3, 3, 3), stride=(1, 1, 1))
            (1): ReLU()
            (2): Conv3d(12, 12, kernel_size=(3, 3, 3), stride=(1, 1, 1))
            (3): ReLU()
          )
        )
        (1): ConvPass(
          (conv_pass): Sequential(
            (0): Conv3d(360, 60, kernel_size=(3, 3, 3), stride=(1, 1, 1))
            (1): ReLU()
            (2): Conv3d(60, 60, kernel_size=(3, 3, 3), stride=(1, 1, 1))
            (3): ReLU()
          )
        )
        (2): ConvPass(
          (conv_pass): Sequential(
            (0): Conv3d(1800, 300, kernel_size=(3, 3, 3), stride=(1, 1, 1))
            (1): ReLU()
            (2): Conv3d(300, 300, kernel_size=(3, 3, 3), stride=(1, 1, 1))
            (3): ReLU()
          )
        )
      )
    )
  )
  (lsd_head): ConvPass(
    (conv_pass): Sequential(
      (0): Conv3d(12, 10, kernel_size=(1, 1, 1), stride=(1, 1, 1))
      (1): Sigmoid()
    )
  )
  (aff_head): ConvPass(
    (conv_pass): Sequential(
      (0): Conv3d(12, 3, kernel_size=(1, 1, 1), stride=(1, 1, 1))
      (1): Sigmoid()
    )
  )
)
Model Parameters: 155.160M
Saving outputs to /media/samia/DATA/mounts/zstore1/lsd_outputs/OCTO_3CUBES_ZYX/MTLSD/3d/clahed_hemi_mito_unproof/model_checkpoint_300000/octo_cube2_12485_13164_y6231_6901_z3971_4640.zarr
local variable 'mask' referenced before assignment
Recording block-done for octoCube21248513164Y62316901Z39714640_pred_affs/88 with read ROI [80:1648, 80:1648, 2384:3952] (1568, 1568, 1568) and write ROI [576:1152, 576:1152, 2880:3456] (576, 576, 576)
Recorded block-done for octoCube21248513164Y62316901Z39714640_pred_affs/88 with read ROI [80:1648, 80:1648, 2384:3952] (1568, 1568, 1568) and write ROI [576:1152, 576:1152, 2880:3456] (576, 576, 576)
Recording block-done for octoCube21248513164Y62316901Z39714640_pred_affs/124 with read ROI [80:1648, 80:1648, 2960:4528] (1568, 1568, 1568) and write ROI [576:1152, 576:1152, 3456:4032] (576, 576, 576)
Recorded block-done for octoCube21248513164Y62316901Z39714640_pred_affs/124 with read ROI [80:1648, 80:1648, 2960:4528] (1568, 1568, 1568) and write ROI [576:1152, 576:1152, 3456:4032] (576, 576, 576)
Recording block-done for octoCube21248513164Y62316901Z39714640_pred_affs/60 with read ROI [80:1648, 80:1648, 1808:3376] (1568, 1568, 1568) and write ROI [576:1152, 576:1152, 2304:2880] (576, 576, 576)
Recorded block-done for octoCube21248513164Y62316901Z39714640_pred_affs/60 with read ROI [80:1648, 80:1648, 1808:3376] (1568, 1568, 1568) and write ROI [576:1152, 576:1152, 2304:2880] (576, 576, 576)
Recording block-done for octoCube21248513164Y62316901Z39714640_pred_affs/46 with read ROI [80:1648, 1232:2800, 80:1648] (1568, 1568, 1568) and write ROI [576:1152, 1728:2304, 576:1152] (576, 576, 576)
Recorded block-done for octoCube21248513164Y62316901Z39714640_pred_affs/46 with read ROI [80:1648, 1232:2800, 80:1648] (1568, 1568, 1568) and write ROI [576:1152, 1728:2304, 576:1152] (576, 576, 576)
Recording block-done for octoCube21248513164Y62316901Z39714640_pred_affs/91 with read ROI [80:1648, 656:2224, 1808:3376] (1568, 1568, 1568) and write ROI [576:1152, 1152:1728, 2304:2880] (576, 576, 576)
Recorded block-done for octoCube21248513164Y62316901Z39714640_pred_affs/91 with read ROI [80:1648, 656:2224, 1808:3376] (1568, 1568, 1568) and write ROI [576:1152, 1152:1728, 2304:2880] (576, 576, 576)
Recording block-done for octoCube21248513164Y62316901Z39714640_pred_affs/95 with read ROI [80:1648, 1232:2800, 1232:2800] (1568, 1568, 1568) and write ROI [576:1152, 1728:2304, 1728:2304] (576, 576, 576)
Recorded block-done for octoCube21248513164Y62316901Z39714640_pred_affs/95 with read ROI [80:1648, 1232:2800, 1232:2800] (1568, 1568, 1568) and write ROI [576:1152, 1728:2304, 1728:2304] (576, 576, 576)
Recording block-done for octoCube21248513164Y62316901Z39714640_pred_affs/231 with read ROI [80:1648, 1232:2800, 2960:4528] (1568, 1568, 1568) and write ROI [576:1152, 1728:2304, 3456:4032] (576, 576, 576)
Recorded block-done for octoCube21248513164Y62316901Z39714640_pred_affs/231 with read ROI [80:1648, 1232:2800, 2960:4528] (1568, 1568, 1568) and write ROI [576:1152, 1728:2304, 3456:4032] (576, 576, 576)
Recording block-done for octoCube21248513164Y62316901Z39714640_pred_affs/72 with read ROI [80:1648, 1808:3376, 80:1648] (1568, 1568, 1568) and write ROI [576:1152, 2304:2880, 576:1152] (576, 576, 576)
Recorded block-done for octoCube21248513164Y62316901Z39714640_pred_affs/72 with read ROI [80:1648, 1808:3376, 80:1648] (1568, 1568, 1568) and write ROI [576:1152, 2304:2880, 576:1152] (576, 576, 576)
Recording block-done for octoCube21248513164Y62316901Z39714640_pred_affs/181 with read ROI [80:1648, 1808:3376, 1808:3376] (1568, 1568, 1568) and write ROI [576:1152, 2304:2880, 2304:2880] (576, 576, 576)
Recorded block-done for octoCube21248513164Y62316901Z39714640_pred_affs/181 with read ROI [80:1648, 1808:3376, 1808:3376] (1568, 1568, 1568) and write ROI [576:1152, 2304:2880, 2304:2880] (576, 576, 576)
Recording block-done for octoCube21248513164Y62316901Z39714640_pred_affs/106 with read ROI [80:1648, 2384:3952, 80:1648] (1568, 1568, 1568) and write ROI [576:1152, 2880:3456, 576:1152] (576, 576, 576)
Recorded block-done for octoCube21248513164Y62316901Z39714640_pred_affs/106 with read ROI [80:1648, 2384:3952, 80:1648] (1568, 1568, 1568) and write ROI [576:1152, 2880:3456, 576:1152] (576, 576, 576)
Recording block-done for octoCube21248513164Y62316901Z39714640_pred_affs/142 with read ROI [80:1648, 2384:3952, 656:2224] (1568, 1568, 1568) and write ROI [576:1152, 2880:3456, 1152:1728] (576, 576, 576)
Recorded block-done for octoCube21248513164Y62316901Z39714640_pred_affs/142 with read ROI [80:1648, 2384:3952, 656:2224] (1568, 1568, 1568) and write ROI [576:1152, 2880:3456, 1152:1728] (576, 576, 576)
Recording block-done for octoCube21248513164Y62316901Z39714640_pred_affs/477 with read ROI [80:1648, 2384:3952, 3536:5104] (1568, 1568, 1568) and write ROI [576:1152, 2880:3456, 4032:4608] (576, 576, 576)
Recorded block-done for octoCube21248513164Y62316901Z39714640_pred_affs/477 with read ROI [80:1648, 2384:3952, 3536:5104] (1568, 1568, 1568) and write ROI [576:1152, 2880:3456, 4032:4608] (576, 576, 576)
Recording block-done for octoCube21248513164Y62316901Z39714640_pred_affs/194 with read ROI [80:1648, 2960:4528, 656:2224] (1568, 1568, 1568) and write ROI [576:1152, 3456:4032, 1152:1728] (576, 576, 576)
Recorded block-done for octoCube21248513164Y62316901Z39714640_pred_affs/194 with read ROI [80:1648, 2960:4528, 656:2224] (1568, 1568, 1568) and write ROI [576:1152, 3456:4032, 1152:1728] (576, 576, 576)
Recording block-done for octoCube21248513164Y62316901Z39714640_pred_affs/393 with read ROI [80:1648, 2960:4528, 2384:3952] (1568, 1568, 1568) and write ROI [576:1152, 3456:4032, 2880:3456] (576, 576, 576)
Recorded block-done for octoCube21248513164Y62316901Z39714640_pred_affs/393 with read ROI [80:1648, 2960:4528, 2384:3952] (1568, 1568, 1568) and write ROI [576:1152, 3456:4032, 2880:3456] (576, 576, 576)
Recording block-done for octoCube21248513164Y62316901Z39714640_pred_affs/202 with read ROI [80:1648, 3536:5104, 80:1648] (1568, 1568, 1568) and write ROI [576:1152, 4032:4608, 576:1152] (576, 576, 576)
Recorded block-done for octoCube21248513164Y62316901Z39714640_pred_affs/202 with read ROI [80:1648, 3536:5104, 80:1648] (1568, 1568, 1568) and write ROI [576:1152, 4032:4608, 576:1152] (576, 576, 576)
Recording block-done for octoCube21248513164Y62316901Z39714640_pred_affs/492 with read ROI [80:1648, 3536:5104, 2384:3952] (1568, 1568, 1568) and write ROI [576:1152, 4032:4608, 2880:3456] (576, 576, 576)
Recorded block-done for octoCube21248513164Y62316901Z39714640_pred_affs/492 with read ROI [80:1648, 3536:5104, 2384:3952] (1568, 1568, 1568) and write ROI [576:1152, 4032:4608, 2880:3456] (576, 576, 576)
Recording block-done for octoCube21248513164Y62316901Z39714640_pred_affs/401 with read ROI [80:1648, 3536:5104, 1808:3376] (1568, 1568, 1568) and write ROI [576:1152, 4032:4608, 2304:2880] (576, 576, 576)
Recorded block-done for octoCube21248513164Y62316901Z39714640_pred_affs/401 with read ROI [80:1648, 3536:5104, 1808:3376] (1568, 1568, 1568) and write ROI [576:1152, 4032:4608, 2304:2880] (576, 576, 576)
Recording block-done for octoCube21248513164Y62316901Z39714640_pred_affs/717 with read ROI [80:1648, 3536:5104, 3536:5104] (1568, 1568, 1568) and write ROI [576:1152, 4032:4608, 4032:4608] (576, 576, 576)
Recorded block-done for octoCube21248513164Y62316901Z39714640_pred_affs/717 with read ROI [80:1648, 3536:5104, 3536:5104] (1568, 1568, 1568) and write ROI [576:1152, 4032:4608, 4032:4608] (576, 576, 576)
Recording block-done for octoCube21248513164Y62316901Z39714640_pred_affs/64 with read ROI [656:2224, 80:1648, 1232:2800] (1568, 1568, 1568) and write ROI [1152:1728, 576:1152, 1728:2304] (576, 576, 576)
Recorded block-done for octoCube21248513164Y62316901Z39714640_pred_affs/64 with read ROI [656:2224, 80:1648, 1232:2800] (1568, 1568, 1568) and write ROI [1152:1728, 576:1152, 1728:2304] (576, 576, 576)
Recording block-done for octoCube21248513164Y62316901Z39714640_pred_affs/92 with read ROI [656:2224, 80:1648, 1808:3376] (1568, 1568, 1568) and write ROI [1152:1728, 576:1152, 2304:2880] (576, 576, 576)
Recorded block-done for octoCube21248513164Y62316901Z39714640_pred_affs/92 with read ROI [656:2224, 80:1648, 1808:3376] (1568, 1568, 1568) and write ROI [1152:1728, 576:1152, 2304:2880] (576, 576, 576)
Recording block-done for octoCube21248513164Y62316901Z39714640_pred_affs/47 with read ROI [656:2224, 656:2224, 80:1648] (1568, 1568, 1568) and write ROI [1152:1728, 1152:1728, 576:1152] (576, 576, 576)
Recorded block-done for octoCube21248513164Y62316901Z39714640_pred_affs/47 with read ROI [656:2224, 656:2224, 80:1648] (1568, 1568, 1568) and write ROI [1152:1728, 1152:1728, 576:1152] (576, 576, 576)
Recording block-done for octoCube21248513164Y62316901Z39714640_pred_affs/232 with read ROI [656:2224, 656:2224, 2960:4528] (1568, 1568, 1568) and write ROI [1152:1728, 1152:1728, 3456:4032] (576, 576, 576)
Recorded block-done for octoCube21248513164Y62316901Z39714640_pred_affs/232 with read ROI [656:2224, 656:2224, 2960:4528] (1568, 1568, 1568) and write ROI [1152:1728, 1152:1728, 3456:4032] (576, 576, 576)
Recording block-done for octoCube21248513164Y62316901Z39714640_pred_affs/298 with read ROI [656:2224, 656:2224, 3536:5104] (1568, 1568, 1568) and write ROI [1152:1728, 1152:1728, 4032:4608] (576, 576, 576)
Recorded block-done for octoCube21248513164Y62316901Z39714640_pred_affs/298 with read ROI [656:2224, 656:2224, 3536:5104] (1568, 1568, 1568) and write ROI [1152:1728, 1152:1728, 4032:4608] (576, 576, 576)
Recording block-done for octoCube21248513164Y62316901Z39714640_pred_affs/137 with read ROI [656:2224, 1232:2800, 1232:2800] (1568, 1568, 1568) and write ROI [1152:1728, 1728:2304, 1728:2304] (576, 576, 576)
Recorded block-done for octoCube21248513164Y62316901Z39714640_pred_affs/137 with read ROI [656:2224, 1232:2800, 1232:2800] (1568, 1568, 1568) and write ROI [1152:1728, 1728:2304, 1728:2304] (576, 576, 576)
Recording block-done for octoCube21248513164Y62316901Z39714640_pred_affs/387 with read ROI [656:2224, 1808:3376, 2960:4528] (1568, 1568, 1568) and write ROI [1152:1728, 2304:2880, 3456:4032] (576, 576, 576)
Recorded block-done for octoCube21248513164Y62316901Z39714640_pred_affs/387 with read ROI [656:2224, 1808:3376, 2960:4528] (1568, 1568, 1568) and write ROI [1152:1728, 2304:2880, 3456:4032] (576, 576, 576)
Recording block-done for octoCube21248513164Y62316901Z39714640_pred_affs/143 with read ROI [656:2224, 1808:3376, 656:2224] (1568, 1568, 1568) and write ROI [1152:1728, 2304:2880, 1152:1728] (576, 576, 576)
Recorded block-done for octoCube21248513164Y62316901Z39714640_pred_affs/143 with read ROI [656:2224, 1808:3376, 656:2224] (1568, 1568, 1568) and write ROI [1152:1728, 2304:2880, 1152:1728] (576, 576, 576)
Recording block-done for octoCube21248513164Y62316901Z39714640_pred_affs/188 with read ROI [656:2224, 1808:3376, 1232:2800] (1568, 1568, 1568) and write ROI [1152:1728, 2304:2880, 1728:2304] (576, 576, 576)
Recorded block-done for octoCube21248513164Y62316901Z39714640_pred_affs/188 with read ROI [656:2224, 1808:3376, 1232:2800] (1568, 1568, 1568) and write ROI [1152:1728, 2304:2880, 1728:2304] (576, 576, 576)
Recording block-done for octoCube21248513164Y62316901Z39714640_pred_affs/394 with read ROI [656:2224, 2384:3952, 2384:3952] (1568, 1568, 1568) and write ROI [1152:1728, 2880:3456, 2880:3456] (576, 576, 576)
Recorded block-done for octoCube21248513164Y62316901Z39714640_pred_affs/394 with read ROI [656:2224, 2384:3952, 2384:3952] (1568, 1568, 1568) and write ROI [1152:1728, 2880:3456, 2880:3456] (576, 576, 576)
Recording block-done for octoCube21248513164Y62316901Z39714640_pred_affs/203 with read ROI [656:2224, 2960:4528, 80:1648] (1568, 1568, 1568) and write ROI [1152:1728, 3456:4032, 576:1152] (576, 576, 576)
Recorded block-done for octoCube21248513164Y62316901Z39714640_pred_affs/203 with read ROI [656:2224, 2960:4528, 80:1648] (1568, 1568, 1568) and write ROI [1152:1728, 3456:4032, 576:1152] (576, 576, 576)
Recording block-done for octoCube21248513164Y62316901Z39714640_pred_affs/258 with read ROI [656:2224, 2960:4528, 656:2224] (1568, 1568, 1568) and write ROI [1152:1728, 3456:4032, 1152:1728] (576, 576, 576)
Recorded block-done for octoCube21248513164Y62316901Z39714640_pred_affs/258 with read ROI [656:2224, 2960:4528, 656:2224] (1568, 1568, 1568) and write ROI [1152:1728, 3456:4032, 1152:1728] (576, 576, 576)
Recording block-done for octoCube21248513164Y62316901Z39714640_pred_affs/598 with read ROI [656:2224, 2960:4528, 2960:4528] (1568, 1568, 1568) and write ROI [1152:1728, 3456:4032, 3456:4032] (576, 576, 576)
Recorded block-done for octoCube21248513164Y62316901Z39714640_pred_affs/598 with read ROI [656:2224, 2960:4528, 2960:4528] (1568, 1568, 1568) and write ROI [1152:1728, 3456:4032, 3456:4032] (576, 576, 576)
Recording block-done for octoCube21248513164Y62316901Z39714640_pred_affs/333 with read ROI [656:2224, 3536:5104, 656:2224] (1568, 1568, 1568) and write ROI [1152:1728, 4032:4608, 1152:1728] (576, 576, 576)
Recorded block-done for octoCube21248513164Y62316901Z39714640_pred_affs/333 with read ROI [656:2224, 3536:5104, 656:2224] (1568, 1568, 1568) and write ROI [1152:1728, 4032:4608, 1152:1728] (576, 576, 576)
Recording block-done for octoCube21248513164Y62316901Z39714640_pred_affs/863 with read ROI [656:2224, 3536:5104, 3536:5104] (1568, 1568, 1568) and write ROI [1152:1728, 4032:4608, 4032:4608] (576, 576, 576)
Recorded block-done for octoCube21248513164Y62316901Z39714640_pred_affs/863 with read ROI [656:2224, 3536:5104, 3536:5104] (1568, 1568, 1568) and write ROI [1152:1728, 4032:4608, 4032:4608] (576, 576, 576)
Recording block-done for octoCube21248513164Y62316901Z39714640_pred_affs/48 with read ROI [1232:2800, 80:1648, 80:1648] (1568, 1568, 1568) and write ROI [1728:2304, 576:1152, 576:1152] (576, 576, 576)
Recorded block-done for octoCube21248513164Y62316901Z39714640_pred_affs/48 with read ROI [1232:2800, 80:1648, 80:1648] (1568, 1568, 1568) and write ROI [1728:2304, 576:1152, 576:1152] (576, 576, 576)
Recording block-done for octoCube21248513164Y62316901Z39714640_pred_affs/69 with read ROI [1232:2800, 80:1648, 656:2224] (1568, 1568, 1568) and write ROI [1728:2304, 576:1152, 1152:1728] (576, 576, 576)
Recorded block-done for octoCube21248513164Y62316901Z39714640_pred_affs/69 with read ROI [1232:2800, 80:1648, 656:2224] (1568, 1568, 1568) and write ROI [1728:2304, 576:1152, 1152:1728] (576, 576, 576)
Recording block-done for octoCube21248513164Y62316901Z39714640_pred_affs/233 with read ROI [1232:2800, 80:1648, 2960:4528] (1568, 1568, 1568) and write ROI [1728:2304, 576:1152, 3456:4032] (576, 576, 576)
Recorded block-done for octoCube21248513164Y62316901Z39714640_pred_affs/233 with read ROI [1232:2800, 80:1648, 2960:4528] (1568, 1568, 1568) and write ROI [1728:2304, 576:1152, 3456:4032] (576, 576, 576)
Recording block-done for octoCube21248513164Y62316901Z39714640_pred_affs/238 with read ROI [1232:2800, 656:2224, 2384:3952] (1568, 1568, 1568) and write ROI [1728:2304, 1152:1728, 2880:3456] (576, 576, 576)
Recorded block-done for octoCube21248513164Y62316901Z39714640_pred_affs/238 with read ROI [1232:2800, 656:2224, 2384:3952] (1568, 1568, 1568) and write ROI [1728:2304, 1152:1728, 2880:3456] (576, 576, 576)
Recording block-done for octoCube21248513164Y62316901Z39714640_pred_affs/138 with read ROI [1232:2800, 656:2224, 1232:2800] (1568, 1568, 1568) and write ROI [1728:2304, 1152:1728, 1728:2304] (576, 576, 576)
Recorded block-done for octoCube21248513164Y62316901Z39714640_pred_affs/138 with read ROI [1232:2800, 656:2224, 1232:2800] (1568, 1568, 1568) and write ROI [1728:2304, 1152:1728, 1728:2304] (576, 576, 576)
Recording block-done for octoCube21248513164Y62316901Z39714640_pred_affs/382 with read ROI [1232:2800, 656:2224, 3536:5104] (1568, 1568, 1568) and write ROI [1728:2304, 1152:1728, 4032:4608] (576, 576, 576)
Recorded block-done for octoCube21248513164Y62316901Z39714640_pred_affs/382 with read ROI [1232:2800, 656:2224, 3536:5104] (1568, 1568, 1568) and write ROI [1728:2304, 1152:1728, 4032:4608] (576, 576, 576)
Recording block-done for octoCube21248513164Y62316901Z39714640_pred_affs/310 with read ROI [1232:2800, 1232:2800, 2384:3952] (1568, 1568, 1568) and write ROI [1728:2304, 1728:2304, 2880:3456] (576, 576, 576)
Recorded block-done for octoCube21248513164Y62316901Z39714640_pred_affs/310 with read ROI [1232:2800, 1232:2800, 2384:3952] (1568, 1568, 1568) and write ROI [1728:2304, 1728:2304, 2880:3456] (576, 576, 576)
Recording block-done for octoCube21248513164Y62316901Z39714640_pred_affs/244 with read ROI [1232:2800, 1232:2800, 1808:3376] (1568, 1568, 1568) and write ROI [1728:2304, 1728:2304, 2304:2880] (576, 576, 576)
Recorded block-done for octoCube21248513164Y62316901Z39714640_pred_affs/244 with read ROI [1232:2800, 1232:2800, 1808:3376] (1568, 1568, 1568) and write ROI [1728:2304, 1728:2304, 2304:2880] (576, 576, 576)
Recording block-done for octoCube21248513164Y62316901Z39714640_pred_affs/486 with read ROI [1232:2800, 1808:3376, 2960:4528] (1568, 1568, 1568) and write ROI [1728:2304, 2304:2880, 3456:4032] (576, 576, 576)
Recorded block-done for octoCube21248513164Y62316901Z39714640_pred_affs/486 with read ROI [1232:2800, 1808:3376, 2960:4528] (1568, 1568, 1568) and write ROI [1728:2304, 2304:2880, 3456:4032] (576, 576, 576)
Recording block-done for octoCube21248513164Y62316901Z39714640_pred_affs/251 with read ROI [1232:2800, 1808:3376, 1232:2800] (1568, 1568, 1568) and write ROI [1728:2304, 2304:2880, 1728:2304] (576, 576, 576)
Recorded block-done for octoCube21248513164Y62316901Z39714640_pred_affs/251 with read ROI [1232:2800, 1808:3376, 1232:2800] (1568, 1568, 1568) and write ROI [1728:2304, 2304:2880, 1728:2304] (576, 576, 576)
Recording block-done for octoCube21248513164Y62316901Z39714640_pred_affs/591 with read ROI [1232:2800, 1808:3376, 3536:5104] (1568, 1568, 1568) and write ROI [1728:2304, 2304:2880, 4032:4608] (576, 576, 576)
Recorded block-done for octoCube21248513164Y62316901Z39714640_pred_affs/591 with read ROI [1232:2800, 1808:3376, 3536:5104] (1568, 1568, 1568) and write ROI [1728:2304, 2304:2880, 4032:4608] (576, 576, 576)
Recording block-done for octoCube21248513164Y62316901Z39714640_pred_affs/494 with read ROI [1232:2800, 2384:3952, 2384:3952] (1568, 1568, 1568) and write ROI [1728:2304, 2880:3456, 2880:3456] (576, 576, 576)
Recorded block-done for octoCube21248513164Y62316901Z39714640_pred_affs/494 with read ROI [1232:2800, 2384:3952, 2384:3952] (1568, 1568, 1568) and write ROI [1728:2304, 2880:3456, 2880:3456] (576, 576, 576)
Recording block-done for octoCube21248513164Y62316901Z39714640_pred_affs/268 with read ROI [1232:2800, 2960:4528, 80:1648] (1568, 1568, 1568) and write ROI [1728:2304, 3456:4032, 576:1152] (576, 576, 576)
Recorded block-done for octoCube21248513164Y62316901Z39714640_pred_affs/268 with read ROI [1232:2800, 2960:4528, 80:1648] (1568, 1568, 1568) and write ROI [1728:2304, 3456:4032, 576:1152] (576, 576, 576)
Recording block-done for octoCube21248513164Y62316901Z39714640_pred_affs/608 with read ROI [1232:2800, 2960:4528, 2384:3952] (1568, 1568, 1568) and write ROI [1728:2304, 3456:4032, 2880:3456] (576, 576, 576)
Recorded block-done for octoCube21248513164Y62316901Z39714640_pred_affs/608 with read ROI [1232:2800, 2960:4528, 2384:3952] (1568, 1568, 1568) and write ROI [1728:2304, 3456:4032, 2880:3456] (576, 576, 576)
Recording block-done for octoCube21248513164Y62316901Z39714640_pred_affs/334 with read ROI [1232:2800, 2960:4528, 656:2224] (1568, 1568, 1568) and write ROI [1728:2304, 3456:4032, 1152:1728] (576, 576, 576)
Recorded block-done for octoCube21248513164Y62316901Z39714640_pred_affs/334 with read ROI [1232:2800, 2960:4528, 656:2224] (1568, 1568, 1568) and write ROI [1728:2304, 3456:4032, 1152:1728] (576, 576, 576)
Recording block-done for octoCube21248513164Y62316901Z39714640_pred_affs/513 with read ROI [1232:2800, 3536:5104, 1232:2800] (1568, 1568, 1568) and write ROI [1728:2304, 4032:4608, 1728:2304] (576, 576, 576)
Recorded block-done for octoCube21248513164Y62316901Z39714640_pred_affs/513 with read ROI [1232:2800, 3536:5104, 1232:2800] (1568, 1568, 1568) and write ROI [1728:2304, 4032:4608, 1728:2304] (576, 576, 576)
Recording block-done for octoCube21248513164Y62316901Z39714640_pred_affs/618 with read ROI [1232:2800, 3536:5104, 1808:3376] (1568, 1568, 1568) and write ROI [1728:2304, 4032:4608, 2304:2880] (576, 576, 576)
Recorded block-done for octoCube21248513164Y62316901Z39714640_pred_affs/618 with read ROI [1232:2800, 3536:5104, 1808:3376] (1568, 1568, 1568) and write ROI [1728:2304, 4032:4608, 2304:2880] (576, 576, 576)
Recording block-done for octoCube21248513164Y62316901Z39714640_pred_affs/738 with read ROI [1232:2800, 3536:5104, 2384:3952] (1568, 1568, 1568) and write ROI [1728:2304, 4032:4608, 2880:3456] (576, 576, 576)
Recorded block-done for octoCube21248513164Y62316901Z39714640_pred_affs/738 with read ROI [1232:2800, 3536:5104, 2384:3952] (1568, 1568, 1568) and write ROI [1728:2304, 4032:4608, 2880:3456] (576, 576, 576)
Recording block-done for octoCube21248513164Y62316901Z39714640_pred_affs/184 with read ROI [1808:3376, 80:1648, 1808:3376] (1568, 1568, 1568) and write ROI [2304:2880, 576:1152, 2304:2880] (576, 576, 576)
Recorded block-done for octoCube21248513164Y62316901Z39714640_pred_affs/184 with read ROI [1808:3376, 80:1648, 1808:3376] (1568, 1568, 1568) and write ROI [2304:2880, 576:1152, 2304:2880] (576, 576, 576)
Recording block-done for octoCube21248513164Y62316901Z39714640_pred_affs/103 with read ROI [1808:3376, 80:1648, 656:2224] (1568, 1568, 1568) and write ROI [2304:2880, 576:1152, 1152:1728] (576, 576, 576)
Recorded block-done for octoCube21248513164Y62316901Z39714640_pred_affs/103 with read ROI [1808:3376, 80:1648, 656:2224] (1568, 1568, 1568) and write ROI [2304:2880, 576:1152, 1152:1728] (576, 576, 576)
Recording block-done for octoCube21248513164Y62316901Z39714640_pred_affs/109 with read ROI [1808:3376, 656:2224, 80:1648] (1568, 1568, 1568) and write ROI [2304:2880, 1152:1728, 576:1152] (576, 576, 576)
Recorded block-done for octoCube21248513164Y62316901Z39714640_pred_affs/109 with read ROI [1808:3376, 656:2224, 80:1648] (1568, 1568, 1568) and write ROI [2304:2880, 1152:1728, 576:1152] (576, 576, 576)
Recording block-done for octoCube21248513164Y62316901Z39714640_pred_affs/197 with read ROI [1808:3376, 1232:2800, 656:2224] (1568, 1568, 1568) and write ROI [2304:2880, 1728:2304, 1152:1728] (576, 576, 576)
Recorded block-done for octoCube21248513164Y62316901Z39714640_pred_affs/197 with read ROI [1808:3376, 1232:2800, 656:2224] (1568, 1568, 1568) and write ROI [2304:2880, 1728:2304, 1152:1728] (576, 576, 576)
Recording block-done for octoCube21248513164Y62316901Z39714640_pred_affs/389 with read ROI [1808:3376, 656:2224, 2960:4528] (1568, 1568, 1568) and write ROI [2304:2880, 1152:1728, 3456:4032] (576, 576, 576)
Recorded block-done for octoCube21248513164Y62316901Z39714640_pred_affs/389 with read ROI [1808:3376, 656:2224, 2960:4528] (1568, 1568, 1568) and write ROI [2304:2880, 1152:1728, 3456:4032] (576, 576, 576)
Recording block-done for octoCube21248513164Y62316901Z39714640_pred_affs/252 with read ROI [1808:3376, 1232:2800, 1232:2800] (1568, 1568, 1568) and write ROI [2304:2880, 1728:2304, 1728:2304] (576, 576, 576)
Recorded block-done for octoCube21248513164Y62316901Z39714640_pred_affs/252 with read ROI [1808:3376, 1232:2800, 1232:2800] (1568, 1568, 1568) and write ROI [2304:2880, 1728:2304, 1728:2304] (576, 576, 576)
Recording block-done for octoCube21248513164Y62316901Z39714640_pred_affs/600 with read ROI [1808:3376, 1808:3376, 2960:4528] (1568, 1568, 1568) and write ROI [2304:2880, 2304:2880, 3456:4032] (576, 576, 576)
Recorded block-done for octoCube21248513164Y62316901Z39714640_pred_affs/600 with read ROI [1808:3376, 1808:3376, 2960:4528] (1568, 1568, 1568) and write ROI [2304:2880, 2304:2880, 3456:4032] (576, 576, 576)
Recording block-done for octoCube21248513164Y62316901Z39714640_pred_affs/326 with read ROI [1808:3376, 1808:3376, 1232:2800] (1568, 1568, 1568) and write ROI [2304:2880, 2304:2880, 1728:2304] (576, 576, 576)
Recorded block-done for octoCube21248513164Y62316901Z39714640_pred_affs/326 with read ROI [1808:3376, 1808:3376, 1232:2800] (1568, 1568, 1568) and write ROI [2304:2880, 2304:2880, 1728:2304] (576, 576, 576)
Recording block-done for octoCube21248513164Y62316901Z39714640_pred_affs/404 with read ROI [1808:3376, 1808:3376, 1808:3376] (1568, 1568, 1568) and write ROI [2304:2880, 2304:2880, 2304:2880] (576, 576, 576)
Recorded block-done for octoCube21248513164Y62316901Z39714640_pred_affs/404 with read ROI [1808:3376, 1808:3376, 1808:3376] (1568, 1568, 1568) and write ROI [2304:2880, 2304:2880, 2304:2880] (576, 576, 576)
Recording block-done for octoCube21248513164Y62316901Z39714640_pred_affs/609 with read ROI [1808:3376, 2384:3952, 2384:3952] (1568, 1568, 1568) and write ROI [2304:2880, 2880:3456, 2880:3456] (576, 576, 576)
Recorded block-done for octoCube21248513164Y62316901Z39714640_pred_affs/609 with read ROI [1808:3376, 2384:3952, 2384:3952] (1568, 1568, 1568) and write ROI [2304:2880, 2880:3456, 2880:3456] (576, 576, 576)
Recording block-done for octoCube21248513164Y62316901Z39714640_pred_affs/1028 with read ROI [1808:3376, 2960:4528, 3536:5104] (1568, 1568, 1568) and write ROI [2304:2880, 3456:4032, 4032:4608] (576, 576, 576)
Recorded block-done for octoCube21248513164Y62316901Z39714640_pred_affs/1028 with read ROI [1808:3376, 2960:4528, 3536:5104] (1568, 1568, 1568) and write ROI [2304:2880, 3456:4032, 4032:4608] (576, 576, 576)
Recording block-done for octoCube21248513164Y62316901Z39714640_pred_affs/423 with read ROI [1808:3376, 2960:4528, 656:2224] (1568, 1568, 1568) and write ROI [2304:2880, 3456:4032, 1152:1728] (576, 576, 576)
Recorded block-done for octoCube21248513164Y62316901Z39714640_pred_affs/423 with read ROI [1808:3376, 2960:4528, 656:2224] (1568, 1568, 1568) and write ROI [2304:2880, 3456:4032, 1152:1728] (576, 576, 576)
Recording block-done for octoCube21248513164Y62316901Z39714640_pred_affs/619 with read ROI [1808:3376, 2960:4528, 1808:3376] (1568, 1568, 1568) and write ROI [2304:2880, 3456:4032, 2304:2880] (576, 576, 576)
Recorded block-done for octoCube21248513164Y62316901Z39714640_pred_affs/619 with read ROI [1808:3376, 2960:4528, 1808:3376] (1568, 1568, 1568) and write ROI [2304:2880, 3456:4032, 2304:2880] (576, 576, 576)
Recording block-done for octoCube21248513164Y62316901Z39714640_pred_affs/886 with read ROI [1808:3376, 3536:5104, 2384:3952] (1568, 1568, 1568) and write ROI [2304:2880, 4032:4608, 2880:3456] (576, 576, 576)
Recorded block-done for octoCube21248513164Y62316901Z39714640_pred_affs/886 with read ROI [1808:3376, 3536:5104, 2384:3952] (1568, 1568, 1568) and write ROI [2304:2880, 4032:4608, 2880:3456] (576, 576, 576)
Recording block-done for octoCube21248513164Y62316901Z39714640_pred_affs/481 with read ROI [2384:3952, 80:1648, 3536:5104] (1568, 1568, 1568) and write ROI [2880:3456, 576:1152, 4032:4608] (576, 576, 576)
Recorded block-done for octoCube21248513164Y62316901Z39714640_pred_affs/481 with read ROI [2384:3952, 80:1648, 3536:5104] (1568, 1568, 1568) and write ROI [2880:3456, 576:1152, 4032:4608] (576, 576, 576)
Recording block-done for octoCube21248513164Y62316901Z39714640_pred_affs/191 with read ROI [2384:3952, 80:1648, 1232:2800] (1568, 1568, 1568) and write ROI [2880:3456, 576:1152, 1728:2304] (576, 576, 576)
Recorded block-done for octoCube21248513164Y62316901Z39714640_pred_affs/191 with read ROI [2384:3952, 80:1648, 1232:2800] (1568, 1568, 1568) and write ROI [2880:3456, 576:1152, 1728:2304] (576, 576, 576)
Recording block-done for octoCube21248513164Y62316901Z39714640_pred_affs/198 with read ROI [2384:3952, 656:2224, 656:2224] (1568, 1568, 1568) and write ROI [2880:3456, 1152:1728, 1152:1728] (576, 576, 576)
Recorded block-done for octoCube21248513164Y62316901Z39714640_pred_affs/198 with read ROI [2384:3952, 656:2224, 656:2224] (1568, 1568, 1568) and write ROI [2880:3456, 1152:1728, 1152:1728] (576, 576, 576)
Recording block-done for octoCube21248513164Y62316901Z39714640_pred_affs/488 with read ROI [2384:3952, 656:2224, 2960:4528] (1568, 1568, 1568) and write ROI [2880:3456, 1152:1728, 3456:4032] (576, 576, 576)
Recorded block-done for octoCube21248513164Y62316901Z39714640_pred_affs/488 with read ROI [2384:3952, 656:2224, 2960:4528] (1568, 1568, 1568) and write ROI [2880:3456, 1152:1728, 3456:4032] (576, 576, 576)
Recording block-done for octoCube21248513164Y62316901Z39714640_pred_affs/261 with read ROI [2384:3952, 1232:2800, 656:2224] (1568, 1568, 1568) and write ROI [2880:3456, 1728:2304, 1152:1728] (576, 576, 576)
Recorded block-done for octoCube21248513164Y62316901Z39714640_pred_affs/261 with read ROI [2384:3952, 1232:2800, 656:2224] (1568, 1568, 1568) and write ROI [2880:3456, 1728:2304, 1152:1728] (576, 576, 576)
Recording block-done for octoCube21248513164Y62316901Z39714640_pred_affs/405 with read ROI [2384:3952, 1232:2800, 1808:3376] (1568, 1568, 1568) and write ROI [2880:3456, 1728:2304, 2304:2880] (576, 576, 576)
Recorded block-done for octoCube21248513164Y62316901Z39714640_pred_affs/405 with read ROI [2384:3952, 1232:2800, 1808:3376] (1568, 1568, 1568) and write ROI [2880:3456, 1728:2304, 2304:2880] (576, 576, 576)
Recording block-done for octoCube21248513164Y62316901Z39714640_pred_affs/414 with read ROI [2384:3952, 1808:3376, 1232:2800] (1568, 1568, 1568) and write ROI [2880:3456, 2304:2880, 1728:2304] (576, 576, 576)
Recorded block-done for octoCube21248513164Y62316901Z39714640_pred_affs/414 with read ROI [2384:3952, 1808:3376, 1232:2800] (1568, 1568, 1568) and write ROI [2880:3456, 2304:2880, 1728:2304] (576, 576, 576)
Recording block-done for octoCube21248513164Y62316901Z39714640_pred_affs/505 with read ROI [2384:3952, 1808:3376, 1808:3376] (1568, 1568, 1568) and write ROI [2880:3456, 2304:2880, 2304:2880] (576, 576, 576)
Recorded block-done for octoCube21248513164Y62316901Z39714640_pred_affs/505 with read ROI [2384:3952, 1808:3376, 1808:3376] (1568, 1568, 1568) and write ROI [2880:3456, 2304:2880, 2304:2880] (576, 576, 576)
Recording block-done for octoCube21248513164Y62316901Z39714640_pred_affs/424 with read ROI [2384:3952, 2384:3952, 656:2224] (1568, 1568, 1568) and write ROI [2880:3456, 2880:3456, 1152:1728] (576, 576, 576)
Recorded block-done for octoCube21248513164Y62316901Z39714640_pred_affs/424 with read ROI [2384:3952, 2384:3952, 656:2224] (1568, 1568, 1568) and write ROI [2880:3456, 2880:3456, 1152:1728] (576, 576, 576)
Recording block-done for octoCube21248513164Y62316901Z39714640_pred_affs/876 with read ROI [2384:3952, 2384:3952, 2960:4528] (1568, 1568, 1568) and write ROI [2880:3456, 2880:3456, 3456:4032] (576, 576, 576)
Recorded block-done for octoCube21248513164Y62316901Z39714640_pred_affs/876 with read ROI [2384:3952, 2384:3952, 2960:4528] (1568, 1568, 1568) and write ROI [2880:3456, 2880:3456, 3456:4032] (576, 576, 576)
Recording block-done for octoCube21248513164Y62316901Z39714640_pred_affs/1029 with read ROI [2384:3952, 2384:3952, 3536:5104] (1568, 1568, 1568) and write ROI [2880:3456, 2880:3456, 4032:4608] (576, 576, 576)
Recorded block-done for octoCube21248513164Y62316901Z39714640_pred_affs/1029 with read ROI [2384:3952, 2384:3952, 3536:5104] (1568, 1568, 1568) and write ROI [2880:3456, 2880:3456, 4032:4608] (576, 576, 576)
Recording block-done for octoCube21248513164Y62316901Z39714640_pred_affs/538 with read ROI [2384:3952, 3536:5104, 80:1648] (1568, 1568, 1568) and write ROI [2880:3456, 4032:4608, 576:1152] (576, 576, 576)
Recorded block-done for octoCube21248513164Y62316901Z39714640_pred_affs/538 with read ROI [2384:3952, 3536:5104, 80:1648] (1568, 1568, 1568) and write ROI [2880:3456, 4032:4608, 576:1152] (576, 576, 576)
Recording block-done for octoCube21248513164Y62316901Z39714640_pred_affs/1040 with read ROI [2384:3952, 2960:4528, 2960:4528] (1568, 1568, 1568) and write ROI [2880:3456, 3456:4032, 3456:4032] (576, 576, 576)
Recorded block-done for octoCube21248513164Y62316901Z39714640_pred_affs/1040 with read ROI [2384:3952, 2960:4528, 2960:4528] (1568, 1568, 1568) and write ROI [2880:3456, 3456:4032, 3456:4032] (576, 576, 576)
Recording block-done for octoCube21248513164Y62316901Z39714640_pred_affs/643 with read ROI [2384:3952, 3536:5104, 656:2224] (1568, 1568, 1568) and write ROI [2880:3456, 4032:4608, 1152:1728] (576, 576, 576)
Recorded block-done for octoCube21248513164Y62316901Z39714640_pred_affs/643 with read ROI [2384:3952, 3536:5104, 656:2224] (1568, 1568, 1568) and write ROI [2880:3456, 4032:4608, 1152:1728] (576, 576, 576)
Recording block-done for octoCube21248513164Y62316901Z39714640_pred_affs/1052 with read ROI [2384:3952, 3536:5104, 2384:3952] (1568, 1568, 1568) and write ROI [2880:3456, 4032:4608, 2880:3456] (576, 576, 576)
Recorded block-done for octoCube21248513164Y62316901Z39714640_pred_affs/1052 with read ROI [2384:3952, 3536:5104, 2384:3952] (1568, 1568, 1568) and write ROI [2880:3456, 4032:4608, 2880:3456] (576, 576, 576)
Recording block-done for octoCube21248513164Y62316901Z39714640_pred_affs/154 with read ROI [2960:4528, 80:1648, 80:1648] (1568, 1568, 1568) and write ROI [3456:4032, 576:1152, 576:1152] (576, 576, 576)
Recorded block-done for octoCube21248513164Y62316901Z39714640_pred_affs/154 with read ROI [2960:4528, 80:1648, 80:1648] (1568, 1568, 1568) and write ROI [3456:4032, 576:1152, 576:1152] (576, 576, 576)
Recording block-done for octoCube21248513164Y62316901Z39714640_pred_affs/594 with read ROI [2960:4528, 80:1648, 3536:5104] (1568, 1568, 1568) and write ROI [3456:4032, 576:1152, 4032:4608] (576, 576, 576)
Recorded block-done for octoCube21248513164Y62316901Z39714640_pred_affs/594 with read ROI [2960:4528, 80:1648, 3536:5104] (1568, 1568, 1568) and write ROI [3456:4032, 576:1152, 4032:4608] (576, 576, 576)
Recording block-done for octoCube21248513164Y62316901Z39714640_pred_affs/207 with read ROI [2960:4528, 656:2224, 80:1648] (1568, 1568, 1568) and write ROI [3456:4032, 1152:1728, 576:1152] (576, 576, 576)
Recorded block-done for octoCube21248513164Y62316901Z39714640_pred_affs/207 with read ROI [2960:4528, 656:2224, 80:1648] (1568, 1568, 1568) and write ROI [3456:4032, 1152:1728, 576:1152] (576, 576, 576)
Recording block-done for octoCube21248513164Y62316901Z39714640_pred_affs/328 with read ROI [2960:4528, 656:2224, 1232:2800] (1568, 1568, 1568) and write ROI [3456:4032, 1152:1728, 1728:2304] (576, 576, 576)
Recorded block-done for octoCube21248513164Y62316901Z39714640_pred_affs/328 with read ROI [2960:4528, 656:2224, 1232:2800] (1568, 1568, 1568) and write ROI [3456:4032, 1152:1728, 1728:2304] (576, 576, 576)
Recording block-done for octoCube21248513164Y62316901Z39714640_pred_affs/722 with read ROI [2960:4528, 656:2224, 3536:5104] (1568, 1568, 1568) and write ROI [3456:4032, 1152:1728, 4032:4608] (576, 576, 576)
Recorded block-done for octoCube21248513164Y62316901Z39714640_pred_affs/722 with read ROI [2960:4528, 656:2224, 3536:5104] (1568, 1568, 1568) and write ROI [3456:4032, 1152:1728, 4032:4608] (576, 576, 576)
Recording block-done for octoCube21248513164Y62316901Z39714640_pred_affs/415 with read ROI [2960:4528, 1232:2800, 1232:2800] (1568, 1568, 1568) and write ROI [3456:4032, 1728:2304, 1728:2304] (576, 576, 576)
Recorded block-done for octoCube21248513164Y62316901Z39714640_pred_affs/415 with read ROI [2960:4528, 1232:2800, 1232:2800] (1568, 1568, 1568) and write ROI [3456:4032, 1728:2304, 1728:2304] (576, 576, 576)
Recording block-done for octoCube21248513164Y62316901Z39714640_pred_affs/867 with read ROI [2960:4528, 1232:2800, 3536:5104] (1568, 1568, 1568) and write ROI [3456:4032, 1728:2304, 4032:4608] (576, 576, 576)
Recorded block-done for octoCube21248513164Y62316901Z39714640_pred_affs/867 with read ROI [2960:4528, 1232:2800, 3536:5104] (1568, 1568, 1568) and write ROI [3456:4032, 1728:2304, 4032:4608] (576, 576, 576)
Recording block-done for octoCube21248513164Y62316901Z39714640_pred_affs/741 with read ROI [2960:4528, 1808:3376, 2384:3952] (1568, 1568, 1568) and write ROI [3456:4032, 2304:2880, 2880:3456] (576, 576, 576)
Recorded block-done for octoCube21248513164Y62316901Z39714640_pred_affs/741 with read ROI [2960:4528, 1808:3376, 2384:3952] (1568, 1568, 1568) and write ROI [3456:4032, 2304:2880, 2880:3456] (576, 576, 576)
Recording block-done for octoCube21248513164Y62316901Z39714640_pred_affs/425 with read ROI [2960:4528, 1808:3376, 656:2224] (1568, 1568, 1568) and write ROI [3456:4032, 2304:2880, 1152:1728] (576, 576, 576)
Recorded block-done for octoCube21248513164Y62316901Z39714640_pred_affs/425 with read ROI [2960:4528, 1808:3376, 656:2224] (1568, 1568, 1568) and write ROI [3456:4032, 2304:2880, 1152:1728] (576, 576, 576)
Recording block-done for octoCube21248513164Y62316901Z39714640_pred_affs/632 with read ROI [2960:4528, 2384:3952, 1232:2800] (1568, 1568, 1568) and write ROI [3456:4032, 2880:3456, 1728:2304] (576, 576, 576)
Recorded block-done for octoCube21248513164Y62316901Z39714640_pred_affs/632 with read ROI [2960:4528, 2384:3952, 1232:2800] (1568, 1568, 1568) and write ROI [3456:4032, 2880:3456, 1728:2304] (576, 576, 576)
Recording block-done for octoCube21248513164Y62316901Z39714640_pred_affs/752 with read ROI [2960:4528, 2384:3952, 1808:3376] (1568, 1568, 1568) and write ROI [3456:4032, 2880:3456, 2304:2880] (576, 576, 576)
Recorded block-done for octoCube21248513164Y62316901Z39714640_pred_affs/752 with read ROI [2960:4528, 2384:3952, 1808:3376] (1568, 1568, 1568) and write ROI [3456:4032, 2880:3456, 2304:2880] (576, 576, 576)
Recording block-done for octoCube21248513164Y62316901Z39714640_pred_affs/1212 with read ROI [2960:4528, 2384:3952, 3536:5104] (1568, 1568, 1568) and write ROI [3456:4032, 2880:3456, 4032:4608] (576, 576, 576)
Recorded block-done for octoCube21248513164Y62316901Z39714640_pred_affs/1212 with read ROI [2960:4528, 2384:3952, 3536:5104] (1568, 1568, 1568) and write ROI [3456:4032, 2880:3456, 4032:4608] (576, 576, 576)
Recording block-done for octoCube21248513164Y62316901Z39714640_pred_affs/1053 with read ROI [2960:4528, 2960:4528, 2384:3952] (1568, 1568, 1568) and write ROI [3456:4032, 3456:4032, 2880:3456] (576, 576, 576)
Recorded block-done for octoCube21248513164Y62316901Z39714640_pred_affs/1053 with read ROI [2960:4528, 2960:4528, 2384:3952] (1568, 1568, 1568) and write ROI [3456:4032, 3456:4032, 2880:3456] (576, 576, 576)
Recording block-done for octoCube21248513164Y62316901Z39714640_pred_affs/1414 with read ROI [2960:4528, 2960:4528, 3536:5104] (1568, 1568, 1568) and write ROI [3456:4032, 3456:4032, 4032:4608] (576, 576, 576)
Recorded block-done for octoCube21248513164Y62316901Z39714640_pred_affs/1414 with read ROI [2960:4528, 2960:4528, 3536:5104] (1568, 1568, 1568) and write ROI [3456:4032, 3456:4032, 4032:4608] (576, 576, 576)
Recording block-done for octoCube21248513164Y62316901Z39714640_pred_affs/777 with read ROI [2960:4528, 3536:5104, 656:2224] (1568, 1568, 1568) and write ROI [3456:4032, 4032:4608, 1152:1728] (576, 576, 576)
Recorded block-done for octoCube21248513164Y62316901Z39714640_pred_affs/777 with read ROI [2960:4528, 3536:5104, 656:2224] (1568, 1568, 1568) and write ROI [3456:4032, 4032:4608, 1152:1728] (576, 576, 576)
Recording block-done for octoCube21248513164Y62316901Z39714640_pred_affs/913 with read ROI [2960:4528, 3536:5104, 1232:2800] (1568, 1568, 1568) and write ROI [3456:4032, 4032:4608, 1728:2304] (576, 576, 576)
Recorded block-done for octoCube21248513164Y62316901Z39714640_pred_affs/913 with read ROI [2960:4528, 3536:5104, 1232:2800] (1568, 1568, 1568) and write ROI [3456:4032, 4032:4608, 1728:2304] (576, 576, 576)
Recording block-done for octoCube21248513164Y62316901Z39714640_pred_affs/1637 with read ROI [2960:4528, 3536:5104, 3536:5104] (1568, 1568, 1568) and write ROI [3456:4032, 4032:4608, 4032:4608] (576, 576, 576)
Recorded block-done for octoCube21248513164Y62316901Z39714640_pred_affs/1637 with read ROI [2960:4528, 3536:5104, 3536:5104] (1568, 1568, 1568) and write ROI [3456:4032, 4032:4608, 4032:4608] (576, 576, 576)
Recording block-done for octoCube21248513164Y62316901Z39714640_pred_affs/208 with read ROI [3536:5104, 80:1648, 80:1648] (1568, 1568, 1568) and write ROI [4032:4608, 576:1152, 576:1152] (576, 576, 576)
Recorded block-done for octoCube21248513164Y62316901Z39714640_pred_affs/208 with read ROI [3536:5104, 80:1648, 80:1648] (1568, 1568, 1568) and write ROI [4032:4608, 576:1152, 576:1152] (576, 576, 576)
Recording block-done for octoCube21248513164Y62316901Z39714640_pred_affs/498 with read ROI [3536:5104, 80:1648, 2384:3952] (1568, 1568, 1568) and write ROI [4032:4608, 576:1152, 2880:3456] (576, 576, 576)
Recorded block-done for octoCube21248513164Y62316901Z39714640_pred_affs/498 with read ROI [3536:5104, 80:1648, 2384:3952] (1568, 1568, 1568) and write ROI [4032:4608, 576:1152, 2880:3456] (576, 576, 576)
Recording block-done for octoCube21248513164Y62316901Z39714640_pred_affs/603 with read ROI [3536:5104, 80:1648, 2960:4528] (1568, 1568, 1568) and write ROI [4032:4608, 576:1152, 3456:4032] (576, 576, 576)
Recorded block-done for octoCube21248513164Y62316901Z39714640_pred_affs/603 with read ROI [3536:5104, 80:1648, 2960:4528] (1568, 1568, 1568) and write ROI [4032:4608, 576:1152, 3456:4032] (576, 576, 576)
Recording block-done for octoCube21248513164Y62316901Z39714640_pred_affs/507 with read ROI [3536:5104, 656:2224, 1808:3376] (1568, 1568, 1568) and write ROI [4032:4608, 1152:1728, 2304:2880] (576, 576, 576)
Recorded block-done for octoCube21248513164Y62316901Z39714640_pred_affs/507 with read ROI [3536:5104, 656:2224, 1808:3376] (1568, 1568, 1568) and write ROI [4032:4608, 1152:1728, 2304:2880] (576, 576, 576)
Recording block-done for octoCube21248513164Y62316901Z39714640_pred_affs/416 with read ROI [3536:5104, 656:2224, 1232:2800] (1568, 1568, 1568) and write ROI [4032:4608, 1152:1728, 1728:2304] (576, 576, 576)
Recorded block-done for octoCube21248513164Y62316901Z39714640_pred_affs/416 with read ROI [3536:5104, 656:2224, 1232:2800] (1568, 1568, 1568) and write ROI [4032:4608, 1152:1728, 1728:2304] (576, 576, 576)
Recording block-done for octoCube21248513164Y62316901Z39714640_pred_affs/732 with read ROI [3536:5104, 656:2224, 2960:4528] (1568, 1568, 1568) and write ROI [4032:4608, 1152:1728, 3456:4032] (576, 576, 576)
Recorded block-done for octoCube21248513164Y62316901Z39714640_pred_affs/732 with read ROI [3536:5104, 656:2224, 2960:4528] (1568, 1568, 1568) and write ROI [4032:4608, 1152:1728, 3456:4032] (576, 576, 576)
Recording block-done for octoCube21248513164Y62316901Z39714640_pred_affs/437 with read ROI [3536:5104, 1808:3376, 80:1648] (1568, 1568, 1568) and write ROI [4032:4608, 2304:2880, 576:1152] (576, 576, 576)
Recorded block-done for octoCube21248513164Y62316901Z39714640_pred_affs/437 with read ROI [3536:5104, 1808:3376, 80:1648] (1568, 1568, 1568) and write ROI [4032:4608, 2304:2880, 576:1152] (576, 576, 576)
Recording block-done for octoCube21248513164Y62316901Z39714640_pred_affs/1031 with read ROI [3536:5104, 1232:2800, 3536:5104] (1568, 1568, 1568) and write ROI [4032:4608, 1728:2304, 4032:4608] (576, 576, 576)
Recorded block-done for octoCube21248513164Y62316901Z39714640_pred_affs/1031 with read ROI [3536:5104, 1232:2800, 3536:5104] (1568, 1568, 1568) and write ROI [4032:4608, 1728:2304, 4032:4608] (576, 576, 576)
Recording block-done for octoCube21248513164Y62316901Z39714640_pred_affs/540 with read ROI [3536:5104, 2384:3952, 80:1648] (1568, 1568, 1568) and write ROI [4032:4608, 2880:3456, 576:1152] (576, 576, 576)
Recorded block-done for octoCube21248513164Y62316901Z39714640_pred_affs/540 with read ROI [3536:5104, 2384:3952, 80:1648] (1568, 1568, 1568) and write ROI [4032:4608, 2880:3456, 576:1152] (576, 576, 576)
Recording block-done for octoCube21248513164Y62316901Z39714640_pred_affs/528 with read ROI [3536:5104, 1808:3376, 656:2224] (1568, 1568, 1568) and write ROI [4032:4608, 2304:2880, 1152:1728] (576, 576, 576)
Recorded block-done for octoCube21248513164Y62316901Z39714640_pred_affs/528 with read ROI [3536:5104, 1808:3376, 656:2224] (1568, 1568, 1568) and write ROI [4032:4608, 2304:2880, 1152:1728] (576, 576, 576)
Recording block-done for octoCube21248513164Y62316901Z39714640_pred_affs/765 with read ROI [3536:5104, 2384:3952, 1232:2800] (1568, 1568, 1568) and write ROI [4032:4608, 2880:3456, 1728:2304] (576, 576, 576)
Recorded block-done for octoCube21248513164Y62316901Z39714640_pred_affs/765 with read ROI [3536:5104, 2384:3952, 1232:2800] (1568, 1568, 1568) and write ROI [4032:4608, 2880:3456, 1728:2304] (576, 576, 576)
Recording block-done for octoCube21248513164Y62316901Z39714640_pred_affs/1225 with read ROI [3536:5104, 2384:3952, 2960:4528] (1568, 1568, 1568) and write ROI [4032:4608, 2880:3456, 3456:4032] (576, 576, 576)
Recorded block-done for octoCube21248513164Y62316901Z39714640_pred_affs/1225 with read ROI [3536:5104, 2384:3952, 2960:4528] (1568, 1568, 1568) and write ROI [4032:4608, 2880:3456, 3456:4032] (576, 576, 576)
Recording block-done for octoCube21248513164Y62316901Z39714640_pred_affs/1238 with read ROI [3536:5104, 2960:4528, 2384:3952] (1568, 1568, 1568) and write ROI [4032:4608, 3456:4032, 2880:3456] (576, 576, 576)
Recorded block-done for octoCube21248513164Y62316901Z39714640_pred_affs/1238 with read ROI [3536:5104, 2960:4528, 2384:3952] (1568, 1568, 1568) and write ROI [4032:4608, 3456:4032, 2880:3456] (576, 576, 576)
Recording block-done for octoCube21248513164Y62316901Z39714640_pred_affs/914 with read ROI [3536:5104, 2960:4528, 1232:2800] (1568, 1568, 1568) and write ROI [4032:4608, 3456:4032, 1728:2304] (576, 576, 576)
Recorded block-done for octoCube21248513164Y62316901Z39714640_pred_affs/914 with read ROI [3536:5104, 2960:4528, 1232:2800] (1568, 1568, 1568) and write ROI [4032:4608, 3456:4032, 1728:2304] (576, 576, 576)
Recording block-done for octoCube21248513164Y62316901Z39714640_pred_affs/792 with read ROI [3536:5104, 3536:5104, 80:1648] (1568, 1568, 1568) and write ROI [4032:4608, 4032:4608, 576:1152] (576, 576, 576)
Recorded block-done for octoCube21248513164Y62316901Z39714640_pred_affs/792 with read ROI [3536:5104, 3536:5104, 80:1648] (1568, 1568, 1568) and write ROI [4032:4608, 4032:4608, 576:1152] (576, 576, 576)
Recording block-done for octoCube21248513164Y62316901Z39714640_pred_affs/1252 with read ROI [3536:5104, 3536:5104, 1808:3376] (1568, 1568, 1568) and write ROI [4032:4608, 4032:4608, 2304:2880] (576, 576, 576)
Recorded block-done for octoCube21248513164Y62316901Z39714640_pred_affs/1252 with read ROI [3536:5104, 3536:5104, 1808:3376] (1568, 1568, 1568) and write ROI [4032:4608, 4032:4608, 2304:2880] (576, 576, 576)
