MtlsdModel(
  (unet): UNet(
    (l_conv): ModuleList(
      (0): ConvPass(
        (conv_pass): Sequential(
          (0): Conv3d(1, 12, kernel_size=(3, 3, 3), stride=(1, 1, 1))
          (1): ReLU()
          (2): Conv3d(12, 12, kernel_size=(3, 3, 3), stride=(1, 1, 1))
          (3): ReLU()
        )
      )
      (1): ConvPass(
        (conv_pass): Sequential(
          (0): Conv3d(12, 60, kernel_size=(3, 3, 3), stride=(1, 1, 1))
          (1): ReLU()
          (2): Conv3d(60, 60, kernel_size=(3, 3, 3), stride=(1, 1, 1))
          (3): ReLU()
        )
      )
      (2): ConvPass(
        (conv_pass): Sequential(
          (0): Conv3d(60, 300, kernel_size=(3, 3, 3), stride=(1, 1, 1))
          (1): ReLU()
          (2): Conv3d(300, 300, kernel_size=(3, 3, 3), stride=(1, 1, 1))
          (3): ReLU()
        )
      )
      (3): ConvPass(
        (conv_pass): Sequential(
          (0): Conv3d(300, 1500, kernel_size=(3, 3, 3), stride=(1, 1, 1))
          (1): ReLU()
          (2): Conv3d(1500, 1500, kernel_size=(3, 3, 3), stride=(1, 1, 1))
          (3): ReLU()
        )
      )
    )
    (l_down): ModuleList(
      (0): Downsample(
        (down): MaxPool3d(kernel_size=[2, 2, 2], stride=[2, 2, 2], padding=0, dilation=1, ceil_mode=False)
      )
      (1): Downsample(
        (down): MaxPool3d(kernel_size=[2, 2, 2], stride=[2, 2, 2], padding=0, dilation=1, ceil_mode=False)
      )
      (2): Downsample(
        (down): MaxPool3d(kernel_size=[3, 3, 3], stride=[3, 3, 3], padding=0, dilation=1, ceil_mode=False)
      )
    )
    (r_up): ModuleList(
      (0): ModuleList(
        (0): Upsample(
          (up): ConvTranspose3d(60, 60, kernel_size=(2, 2, 2), stride=(2, 2, 2))
        )
        (1): Upsample(
          (up): ConvTranspose3d(300, 300, kernel_size=(2, 2, 2), stride=(2, 2, 2))
        )
        (2): Upsample(
          (up): ConvTranspose3d(1500, 1500, kernel_size=(3, 3, 3), stride=(3, 3, 3))
        )
      )
    )
    (r_conv): ModuleList(
      (0): ModuleList(
        (0): ConvPass(
          (conv_pass): Sequential(
            (0): Conv3d(72, 12, kernel_size=(3, 3, 3), stride=(1, 1, 1))
            (1): ReLU()
            (2): Conv3d(12, 12, kernel_size=(3, 3, 3), stride=(1, 1, 1))
            (3): ReLU()
          )
        )
        (1): ConvPass(
          (conv_pass): Sequential(
            (0): Conv3d(360, 60, kernel_size=(3, 3, 3), stride=(1, 1, 1))
            (1): ReLU()
            (2): Conv3d(60, 60, kernel_size=(3, 3, 3), stride=(1, 1, 1))
            (3): ReLU()
          )
        )
        (2): ConvPass(
          (conv_pass): Sequential(
            (0): Conv3d(1800, 300, kernel_size=(3, 3, 3), stride=(1, 1, 1))
            (1): ReLU()
            (2): Conv3d(300, 300, kernel_size=(3, 3, 3), stride=(1, 1, 1))
            (3): ReLU()
          )
        )
      )
    )
  )
  (lsd_head): ConvPass(
    (conv_pass): Sequential(
      (0): Conv3d(12, 10, kernel_size=(1, 1, 1), stride=(1, 1, 1))
      (1): Sigmoid()
    )
  )
  (aff_head): ConvPass(
    (conv_pass): Sequential(
      (0): Conv3d(12, 3, kernel_size=(1, 1, 1), stride=(1, 1, 1))
      (1): Sigmoid()
    )
  )
)
Model Parameters: 155.160M
Saving outputs to /media/samia/DATA/mounts/zstore1/lsd_outputs/OCTO_3CUBES_ZYX/MTLSD/3d/clahed_hemi_mito_unproof/model_checkpoint_300000/octo_cube2_12485_13164_y6231_6901_z3971_4640.zarr
local variable 'mask' referenced before assignment
Recording block-done for octoCube21248513164Y62316901Z39714640_pred_affs/24 with read ROI [80:1648, 80:1648, 656:2224] (1568, 1568, 1568) and write ROI [576:1152, 576:1152, 1152:1728] (576, 576, 576)
Recorded block-done for octoCube21248513164Y62316901Z39714640_pred_affs/24 with read ROI [80:1648, 80:1648, 656:2224] (1568, 1568, 1568) and write ROI [576:1152, 576:1152, 1152:1728] (576, 576, 576)
Recording block-done for octoCube21248513164Y62316901Z39714640_pred_affs/39 with read ROI [80:1648, 80:1648, 1232:2800] (1568, 1568, 1568) and write ROI [576:1152, 576:1152, 1728:2304] (576, 576, 576)
Recorded block-done for octoCube21248513164Y62316901Z39714640_pred_affs/39 with read ROI [80:1648, 80:1648, 1232:2800] (1568, 1568, 1568) and write ROI [576:1152, 576:1152, 1728:2304] (576, 576, 576)
Recording block-done for octoCube21248513164Y62316901Z39714640_pred_affs/42 with read ROI [80:1648, 656:2224, 656:2224] (1568, 1568, 1568) and write ROI [576:1152, 1152:1728, 1152:1728] (576, 576, 576)
Recorded block-done for octoCube21248513164Y62316901Z39714640_pred_affs/42 with read ROI [80:1648, 656:2224, 656:2224] (1568, 1568, 1568) and write ROI [576:1152, 1152:1728, 1152:1728] (576, 576, 576)
Recording block-done for octoCube21248513164Y62316901Z39714640_pred_affs/127 with read ROI [80:1648, 656:2224, 2384:3952] (1568, 1568, 1568) and write ROI [576:1152, 1152:1728, 2880:3456] (576, 576, 576)
Recorded block-done for octoCube21248513164Y62316901Z39714640_pred_affs/127 with read ROI [80:1648, 656:2224, 2384:3952] (1568, 1568, 1568) and write ROI [576:1152, 1152:1728, 2880:3456] (576, 576, 576)
Recording block-done for octoCube21248513164Y62316901Z39714640_pred_affs/227 with read ROI [80:1648, 656:2224, 3536:5104] (1568, 1568, 1568) and write ROI [576:1152, 1152:1728, 4032:4608] (576, 576, 576)
Recorded block-done for octoCube21248513164Y62316901Z39714640_pred_affs/227 with read ROI [80:1648, 656:2224, 3536:5104] (1568, 1568, 1568) and write ROI [576:1152, 1152:1728, 4032:4608] (576, 576, 576)
Recording block-done for octoCube21248513164Y62316901Z39714640_pred_affs/131 with read ROI [80:1648, 1232:2800, 1808:3376] (1568, 1568, 1568) and write ROI [576:1152, 1728:2304, 2304:2880] (576, 576, 576)
Recorded block-done for octoCube21248513164Y62316901Z39714640_pred_affs/131 with read ROI [80:1648, 1232:2800, 1808:3376] (1568, 1568, 1568) and write ROI [576:1152, 1728:2304, 2304:2880] (576, 576, 576)
Recording block-done for octoCube21248513164Y62316901Z39714640_pred_affs/176 with read ROI [80:1648, 1232:2800, 2384:3952] (1568, 1568, 1568) and write ROI [576:1152, 1728:2304, 2880:3456] (576, 576, 576)
Recorded block-done for octoCube21248513164Y62316901Z39714640_pred_affs/176 with read ROI [80:1648, 1232:2800, 2384:3952] (1568, 1568, 1568) and write ROI [576:1152, 1728:2304, 2880:3456] (576, 576, 576)
Recording block-done for octoCube21248513164Y62316901Z39714640_pred_affs/380 with read ROI [80:1648, 1808:3376, 3536:5104] (1568, 1568, 1568) and write ROI [576:1152, 2304:2880, 4032:4608] (576, 576, 576)
Recorded block-done for octoCube21248513164Y62316901Z39714640_pred_affs/380 with read ROI [80:1648, 1808:3376, 3536:5104] (1568, 1568, 1568) and write ROI [576:1152, 2304:2880, 4032:4608] (576, 576, 576)
Recording block-done for octoCube21248513164Y62316901Z39714640_pred_affs/302 with read ROI [80:1648, 1808:3376, 2960:4528] (1568, 1568, 1568) and write ROI [576:1152, 2304:2880, 3456:4032] (576, 576, 576)
Recorded block-done for octoCube21248513164Y62316901Z39714640_pred_affs/302 with read ROI [80:1648, 1808:3376, 2960:4528] (1568, 1568, 1568) and write ROI [576:1152, 2304:2880, 3456:4032] (576, 576, 576)
Recording block-done for octoCube21248513164Y62316901Z39714640_pred_affs/100 with read ROI [80:1648, 1808:3376, 656:2224] (1568, 1568, 1568) and write ROI [576:1152, 2304:2880, 1152:1728] (576, 576, 576)
Recorded block-done for octoCube21248513164Y62316901Z39714640_pred_affs/100 with read ROI [80:1648, 1808:3376, 656:2224] (1568, 1568, 1568) and write ROI [576:1152, 2304:2880, 1152:1728] (576, 576, 576)
Recording block-done for octoCube21248513164Y62316901Z39714640_pred_affs/308 with read ROI [80:1648, 2384:3952, 2384:3952] (1568, 1568, 1568) and write ROI [576:1152, 2880:3456, 2880:3456] (576, 576, 576)
Recorded block-done for octoCube21248513164Y62316901Z39714640_pred_affs/308 with read ROI [80:1648, 2384:3952, 2384:3952] (1568, 1568, 1568) and write ROI [576:1152, 2880:3456, 2880:3456] (576, 576, 576)
Recording block-done for octoCube21248513164Y62316901Z39714640_pred_affs/149 with read ROI [80:1648, 2960:4528, 80:1648] (1568, 1568, 1568) and write ROI [576:1152, 3456:4032, 576:1152] (576, 576, 576)
Recorded block-done for octoCube21248513164Y62316901Z39714640_pred_affs/149 with read ROI [80:1648, 2960:4528, 80:1648] (1568, 1568, 1568) and write ROI [576:1152, 3456:4032, 576:1152] (576, 576, 576)
Recording block-done for octoCube21248513164Y62316901Z39714640_pred_affs/249 with read ROI [80:1648, 2960:4528, 1232:2800] (1568, 1568, 1568) and write ROI [576:1152, 3456:4032, 1728:2304] (576, 576, 576)
Recorded block-done for octoCube21248513164Y62316901Z39714640_pred_affs/249 with read ROI [80:1648, 2960:4528, 1232:2800] (1568, 1568, 1568) and write ROI [576:1152, 3456:4032, 1728:2304] (576, 576, 576)
Recording block-done for octoCube21248513164Y62316901Z39714640_pred_affs/484 with read ROI [80:1648, 2960:4528, 2960:4528] (1568, 1568, 1568) and write ROI [576:1152, 3456:4032, 3456:4032] (576, 576, 576)
Recorded block-done for octoCube21248513164Y62316901Z39714640_pred_affs/484 with read ROI [80:1648, 2960:4528, 2960:4528] (1568, 1568, 1568) and write ROI [576:1152, 3456:4032, 3456:4032] (576, 576, 576)
Recording block-done for octoCube21248513164Y62316901Z39714640_pred_affs/323 with read ROI [80:1648, 3536:5104, 1232:2800] (1568, 1568, 1568) and write ROI [576:1152, 4032:4608, 1728:2304] (576, 576, 576)
Recorded block-done for octoCube21248513164Y62316901Z39714640_pred_affs/323 with read ROI [80:1648, 3536:5104, 1232:2800] (1568, 1568, 1568) and write ROI [576:1152, 4032:4608, 1728:2304] (576, 576, 576)
Recording block-done for octoCube21248513164Y62316901Z39714640_pred_affs/597 with read ROI [80:1648, 3536:5104, 2960:4528] (1568, 1568, 1568) and write ROI [576:1152, 4032:4608, 3456:4032] (576, 576, 576)
Recorded block-done for octoCube21248513164Y62316901Z39714640_pred_affs/597 with read ROI [80:1648, 3536:5104, 2960:4528] (1568, 1568, 1568) and write ROI [576:1152, 4032:4608, 3456:4032] (576, 576, 576)
Recording block-done for octoCube21248513164Y62316901Z39714640_pred_affs/28 with read ROI [656:2224, 80:1648, 80:1648] (1568, 1568, 1568) and write ROI [1152:1728, 576:1152, 576:1152] (576, 576, 576)
Recorded block-done for octoCube21248513164Y62316901Z39714640_pred_affs/28 with read ROI [656:2224, 80:1648, 80:1648] (1568, 1568, 1568) and write ROI [1152:1728, 576:1152, 576:1152] (576, 576, 576)
Recording block-done for octoCube21248513164Y62316901Z39714640_pred_affs/128 with read ROI [656:2224, 80:1648, 2384:3952] (1568, 1568, 1568) and write ROI [1152:1728, 576:1152, 2880:3456] (576, 576, 576)
Recorded block-done for octoCube21248513164Y62316901Z39714640_pred_affs/128 with read ROI [656:2224, 80:1648, 2384:3952] (1568, 1568, 1568) and write ROI [1152:1728, 576:1152, 2880:3456] (576, 576, 576)
Recording block-done for octoCube21248513164Y62316901Z39714640_pred_affs/43 with read ROI [656:2224, 80:1648, 656:2224] (1568, 1568, 1568) and write ROI [1152:1728, 576:1152, 1152:1728] (576, 576, 576)
Recorded block-done for octoCube21248513164Y62316901Z39714640_pred_affs/43 with read ROI [656:2224, 80:1648, 656:2224] (1568, 1568, 1568) and write ROI [1152:1728, 576:1152, 1152:1728] (576, 576, 576)
Recording block-done for octoCube21248513164Y62316901Z39714640_pred_affs/177 with read ROI [656:2224, 656:2224, 2384:3952] (1568, 1568, 1568) and write ROI [1152:1728, 1152:1728, 2880:3456] (576, 576, 576)
Recorded block-done for octoCube21248513164Y62316901Z39714640_pred_affs/177 with read ROI [656:2224, 656:2224, 2384:3952] (1568, 1568, 1568) and write ROI [1152:1728, 1152:1728, 2880:3456] (576, 576, 576)
Recording block-done for octoCube21248513164Y62316901Z39714640_pred_affs/96 with read ROI [656:2224, 656:2224, 1232:2800] (1568, 1568, 1568) and write ROI [1152:1728, 1152:1728, 1728:2304] (576, 576, 576)
Recorded block-done for octoCube21248513164Y62316901Z39714640_pred_affs/96 with read ROI [656:2224, 656:2224, 1232:2800] (1568, 1568, 1568) and write ROI [1152:1728, 1152:1728, 1728:2304] (576, 576, 576)
Recording block-done for octoCube21248513164Y62316901Z39714640_pred_affs/132 with read ROI [656:2224, 656:2224, 1808:3376] (1568, 1568, 1568) and write ROI [1152:1728, 1152:1728, 2304:2880] (576, 576, 576)
Recorded block-done for octoCube21248513164Y62316901Z39714640_pred_affs/132 with read ROI [656:2224, 656:2224, 1808:3376] (1568, 1568, 1568) and write ROI [1152:1728, 1152:1728, 2304:2880] (576, 576, 576)
Recording block-done for octoCube21248513164Y62316901Z39714640_pred_affs/381 with read ROI [656:2224, 1232:2800, 3536:5104] (1568, 1568, 1568) and write ROI [1152:1728, 1728:2304, 4032:4608] (576, 576, 576)
Recorded block-done for octoCube21248513164Y62316901Z39714640_pred_affs/381 with read ROI [656:2224, 1232:2800, 3536:5104] (1568, 1568, 1568) and write ROI [1152:1728, 1728:2304, 4032:4608] (576, 576, 576)
Recording block-done for octoCube21248513164Y62316901Z39714640_pred_affs/107 with read ROI [656:2224, 1808:3376, 80:1648] (1568, 1568, 1568) and write ROI [1152:1728, 2304:2880, 576:1152] (576, 576, 576)
Recorded block-done for octoCube21248513164Y62316901Z39714640_pred_affs/107 with read ROI [656:2224, 1808:3376, 80:1648] (1568, 1568, 1568) and write ROI [1152:1728, 2304:2880, 576:1152] (576, 576, 576)
Recording block-done for octoCube21248513164Y62316901Z39714640_pred_affs/182 with read ROI [656:2224, 1232:2800, 1808:3376] (1568, 1568, 1568) and write ROI [1152:1728, 1728:2304, 2304:2880] (576, 576, 576)
Recorded block-done for octoCube21248513164Y62316901Z39714640_pred_affs/182 with read ROI [656:2224, 1232:2800, 1808:3376] (1568, 1568, 1568) and write ROI [1152:1728, 1728:2304, 2304:2880] (576, 576, 576)
Recording block-done for octoCube21248513164Y62316901Z39714640_pred_affs/150 with read ROI [656:2224, 2384:3952, 80:1648] (1568, 1568, 1568) and write ROI [1152:1728, 2880:3456, 576:1152] (576, 576, 576)
Recorded block-done for octoCube21248513164Y62316901Z39714640_pred_affs/150 with read ROI [656:2224, 2384:3952, 80:1648] (1568, 1568, 1568) and write ROI [1152:1728, 2880:3456, 576:1152] (576, 576, 576)
Recording block-done for octoCube21248513164Y62316901Z39714640_pred_affs/250 with read ROI [656:2224, 2384:3952, 1232:2800] (1568, 1568, 1568) and write ROI [1152:1728, 2880:3456, 1728:2304] (576, 576, 576)
Recorded block-done for octoCube21248513164Y62316901Z39714640_pred_affs/250 with read ROI [656:2224, 2384:3952, 1232:2800] (1568, 1568, 1568) and write ROI [1152:1728, 2880:3456, 1728:2304] (576, 576, 576)
Recording block-done for octoCube21248513164Y62316901Z39714640_pred_affs/316 with read ROI [656:2224, 2384:3952, 1808:3376] (1568, 1568, 1568) and write ROI [1152:1728, 2880:3456, 2304:2880] (576, 576, 576)
Recorded block-done for octoCube21248513164Y62316901Z39714640_pred_affs/316 with read ROI [656:2224, 2384:3952, 1808:3376] (1568, 1568, 1568) and write ROI [1152:1728, 2880:3456, 2304:2880] (576, 576, 576)
Recording block-done for octoCube21248513164Y62316901Z39714640_pred_affs/590 with read ROI [656:2224, 2384:3952, 3536:5104] (1568, 1568, 1568) and write ROI [1152:1728, 2880:3456, 4032:4608] (576, 576, 576)
Recorded block-done for octoCube21248513164Y62316901Z39714640_pred_affs/590 with read ROI [656:2224, 2384:3952, 3536:5104] (1568, 1568, 1568) and write ROI [1152:1728, 2880:3456, 4032:4608] (576, 576, 576)
Recording block-done for octoCube21248513164Y62316901Z39714640_pred_affs/402 with read ROI [656:2224, 2960:4528, 1808:3376] (1568, 1568, 1568) and write ROI [1152:1728, 3456:4032, 2304:2880] (576, 576, 576)
Recorded block-done for octoCube21248513164Y62316901Z39714640_pred_affs/402 with read ROI [656:2224, 2960:4528, 1808:3376] (1568, 1568, 1568) and write ROI [1152:1728, 3456:4032, 2304:2880] (576, 576, 576)
Recording block-done for octoCube21248513164Y62316901Z39714640_pred_affs/718 with read ROI [656:2224, 2960:4528, 3536:5104] (1568, 1568, 1568) and write ROI [1152:1728, 3456:4032, 4032:4608] (576, 576, 576)
Recorded block-done for octoCube21248513164Y62316901Z39714640_pred_affs/718 with read ROI [656:2224, 2960:4528, 3536:5104] (1568, 1568, 1568) and write ROI [1152:1728, 3456:4032, 4032:4608] (576, 576, 576)
Recording block-done for octoCube21248513164Y62316901Z39714640_pred_affs/411 with read ROI [656:2224, 3536:5104, 1232:2800] (1568, 1568, 1568) and write ROI [1152:1728, 4032:4608, 1728:2304] (576, 576, 576)
Recorded block-done for octoCube21248513164Y62316901Z39714640_pred_affs/411 with read ROI [656:2224, 3536:5104, 1232:2800] (1568, 1568, 1568) and write ROI [1152:1728, 4032:4608, 1728:2304] (576, 576, 576)
Recording block-done for octoCube21248513164Y62316901Z39714640_pred_affs/727 with read ROI [656:2224, 3536:5104, 2960:4528] (1568, 1568, 1568) and write ROI [1152:1728, 4032:4608, 3456:4032] (576, 576, 576)
Recorded block-done for octoCube21248513164Y62316901Z39714640_pred_affs/727 with read ROI [656:2224, 3536:5104, 2960:4528] (1568, 1568, 1568) and write ROI [1152:1728, 4032:4608, 3456:4032] (576, 576, 576)
Recording block-done for octoCube21248513164Y62316901Z39714640_pred_affs/299 with read ROI [1232:2800, 80:1648, 3536:5104] (1568, 1568, 1568) and write ROI [1728:2304, 576:1152, 4032:4608] (576, 576, 576)
Recorded block-done for octoCube21248513164Y62316901Z39714640_pred_affs/299 with read ROI [1232:2800, 80:1648, 3536:5104] (1568, 1568, 1568) and write ROI [1728:2304, 576:1152, 4032:4608] (576, 576, 576)
Recording block-done for octoCube21248513164Y62316901Z39714640_pred_affs/97 with read ROI [1232:2800, 80:1648, 1232:2800] (1568, 1568, 1568) and write ROI [1728:2304, 576:1152, 1728:2304] (576, 576, 576)
Recorded block-done for octoCube21248513164Y62316901Z39714640_pred_affs/97 with read ROI [1232:2800, 80:1648, 1232:2800] (1568, 1568, 1568) and write ROI [1728:2304, 576:1152, 1728:2304] (576, 576, 576)
Recording block-done for octoCube21248513164Y62316901Z39714640_pred_affs/102 with read ROI [1232:2800, 656:2224, 656:2224] (1568, 1568, 1568) and write ROI [1728:2304, 1152:1728, 1152:1728] (576, 576, 576)
Recorded block-done for octoCube21248513164Y62316901Z39714640_pred_affs/102 with read ROI [1232:2800, 656:2224, 656:2224] (1568, 1568, 1568) and write ROI [1728:2304, 1152:1728, 1152:1728] (576, 576, 576)
Recording block-done for octoCube21248513164Y62316901Z39714640_pred_affs/304 with read ROI [1232:2800, 656:2224, 2960:4528] (1568, 1568, 1568) and write ROI [1728:2304, 1152:1728, 3456:4032] (576, 576, 576)
Recorded block-done for octoCube21248513164Y62316901Z39714640_pred_affs/304 with read ROI [1232:2800, 656:2224, 2960:4528] (1568, 1568, 1568) and write ROI [1728:2304, 1152:1728, 3456:4032] (576, 576, 576)
Recording block-done for octoCube21248513164Y62316901Z39714640_pred_affs/144 with read ROI [1232:2800, 1232:2800, 656:2224] (1568, 1568, 1568) and write ROI [1728:2304, 1728:2304, 1152:1728] (576, 576, 576)
Recorded block-done for octoCube21248513164Y62316901Z39714640_pred_affs/144 with read ROI [1232:2800, 1232:2800, 656:2224] (1568, 1568, 1568) and write ROI [1728:2304, 1728:2304, 1152:1728] (576, 576, 576)
Recording block-done for octoCube21248513164Y62316901Z39714640_pred_affs/388 with read ROI [1232:2800, 1232:2800, 2960:4528] (1568, 1568, 1568) and write ROI [1728:2304, 1728:2304, 3456:4032] (576, 576, 576)
Recorded block-done for octoCube21248513164Y62316901Z39714640_pred_affs/388 with read ROI [1232:2800, 1232:2800, 2960:4528] (1568, 1568, 1568) and write ROI [1728:2304, 1728:2304, 3456:4032] (576, 576, 576)
Recording block-done for octoCube21248513164Y62316901Z39714640_pred_affs/395 with read ROI [1232:2800, 1808:3376, 2384:3952] (1568, 1568, 1568) and write ROI [1728:2304, 2304:2880, 2880:3456] (576, 576, 576)
Recorded block-done for octoCube21248513164Y62316901Z39714640_pred_affs/395 with read ROI [1232:2800, 1808:3376, 2384:3952] (1568, 1568, 1568) and write ROI [1728:2304, 2304:2880, 2880:3456] (576, 576, 576)
Recording block-done for octoCube21248513164Y62316901Z39714640_pred_affs/196 with read ROI [1232:2800, 1808:3376, 656:2224] (1568, 1568, 1568) and write ROI [1728:2304, 2304:2880, 1152:1728] (576, 576, 576)
Recorded block-done for octoCube21248513164Y62316901Z39714640_pred_affs/196 with read ROI [1232:2800, 1808:3376, 656:2224] (1568, 1568, 1568) and write ROI [1728:2304, 2304:2880, 1152:1728] (576, 576, 576)
Recording block-done for octoCube21248513164Y62316901Z39714640_pred_affs/259 with read ROI [1232:2800, 2384:3952, 656:2224] (1568, 1568, 1568) and write ROI [1728:2304, 2880:3456, 1152:1728] (576, 576, 576)
Recorded block-done for octoCube21248513164Y62316901Z39714640_pred_affs/259 with read ROI [1232:2800, 2384:3952, 656:2224] (1568, 1568, 1568) and write ROI [1728:2304, 2880:3456, 1152:1728] (576, 576, 576)
Recording block-done for octoCube21248513164Y62316901Z39714640_pred_affs/403 with read ROI [1232:2800, 2384:3952, 1808:3376] (1568, 1568, 1568) and write ROI [1728:2304, 2880:3456, 2304:2880] (576, 576, 576)
Recorded block-done for octoCube21248513164Y62316901Z39714640_pred_affs/403 with read ROI [1232:2800, 2384:3952, 1808:3376] (1568, 1568, 1568) and write ROI [1728:2304, 2880:3456, 2304:2880] (576, 576, 576)
Recording block-done for octoCube21248513164Y62316901Z39714640_pred_affs/719 with read ROI [1232:2800, 2384:3952, 3536:5104] (1568, 1568, 1568) and write ROI [1728:2304, 2880:3456, 4032:4608] (576, 576, 576)
Recorded block-done for octoCube21248513164Y62316901Z39714640_pred_affs/719 with read ROI [1232:2800, 2384:3952, 3536:5104] (1568, 1568, 1568) and write ROI [1728:2304, 2880:3456, 4032:4608] (576, 576, 576)
Recording block-done for octoCube21248513164Y62316901Z39714640_pred_affs/412 with read ROI [1232:2800, 2960:4528, 1232:2800] (1568, 1568, 1568) and write ROI [1728:2304, 3456:4032, 1728:2304] (576, 576, 576)
Recorded block-done for octoCube21248513164Y62316901Z39714640_pred_affs/412 with read ROI [1232:2800, 2960:4528, 1232:2800] (1568, 1568, 1568) and write ROI [1728:2304, 3456:4032, 1728:2304] (576, 576, 576)
Recording block-done for octoCube21248513164Y62316901Z39714640_pred_affs/728 with read ROI [1232:2800, 2960:4528, 2960:4528] (1568, 1568, 1568) and write ROI [1728:2304, 3456:4032, 3456:4032] (576, 576, 576)
Recorded block-done for octoCube21248513164Y62316901Z39714640_pred_affs/728 with read ROI [1232:2800, 2960:4528, 2960:4528] (1568, 1568, 1568) and write ROI [1728:2304, 3456:4032, 3456:4032] (576, 576, 576)
Recording block-done for octoCube21248513164Y62316901Z39714640_pred_affs/344 with read ROI [1232:2800, 3536:5104, 80:1648] (1568, 1568, 1568) and write ROI [1728:2304, 4032:4608, 576:1152] (576, 576, 576)
Recorded block-done for octoCube21248513164Y62316901Z39714640_pred_affs/344 with read ROI [1232:2800, 3536:5104, 80:1648] (1568, 1568, 1568) and write ROI [1728:2304, 4032:4608, 576:1152] (576, 576, 576)
Recording block-done for octoCube21248513164Y62316901Z39714640_pred_affs/1027 with read ROI [1232:2800, 3536:5104, 3536:5104] (1568, 1568, 1568) and write ROI [1728:2304, 4032:4608, 4032:4608] (576, 576, 576)
Recorded block-done for octoCube21248513164Y62316901Z39714640_pred_affs/1027 with read ROI [1232:2800, 3536:5104, 3536:5104] (1568, 1568, 1568) and write ROI [1728:2304, 4032:4608, 4032:4608] (576, 576, 576)
Recording block-done for octoCube21248513164Y62316901Z39714640_pred_affs/239 with read ROI [1808:3376, 80:1648, 2384:3952] (1568, 1568, 1568) and write ROI [2304:2880, 576:1152, 2880:3456] (576, 576, 576)
Recorded block-done for octoCube21248513164Y62316901Z39714640_pred_affs/239 with read ROI [1808:3376, 80:1648, 2384:3952] (1568, 1568, 1568) and write ROI [2304:2880, 576:1152, 2880:3456] (576, 576, 576)
Recording block-done for octoCube21248513164Y62316901Z39714640_pred_affs/139 with read ROI [1808:3376, 80:1648, 1232:2800] (1568, 1568, 1568) and write ROI [2304:2880, 576:1152, 1728:2304] (576, 576, 576)
Recorded block-done for octoCube21248513164Y62316901Z39714640_pred_affs/139 with read ROI [1808:3376, 80:1648, 1232:2800] (1568, 1568, 1568) and write ROI [2304:2880, 576:1152, 1728:2304] (576, 576, 576)
Recording block-done for octoCube21248513164Y62316901Z39714640_pred_affs/145 with read ROI [1808:3376, 656:2224, 656:2224] (1568, 1568, 1568) and write ROI [2304:2880, 1152:1728, 1152:1728] (576, 576, 576)
Recorded block-done for octoCube21248513164Y62316901Z39714640_pred_affs/145 with read ROI [1808:3376, 656:2224, 656:2224] (1568, 1568, 1568) and write ROI [2304:2880, 1152:1728, 1152:1728] (576, 576, 576)
Recording block-done for octoCube21248513164Y62316901Z39714640_pred_affs/245 with read ROI [1808:3376, 656:2224, 1808:3376] (1568, 1568, 1568) and write ROI [2304:2880, 1152:1728, 2304:2880] (576, 576, 576)
Recorded block-done for octoCube21248513164Y62316901Z39714640_pred_affs/245 with read ROI [1808:3376, 656:2224, 1808:3376] (1568, 1568, 1568) and write ROI [2304:2880, 1152:1728, 2304:2880] (576, 576, 576)
Recording block-done for octoCube21248513164Y62316901Z39714640_pred_affs/480 with read ROI [1808:3376, 656:2224, 3536:5104] (1568, 1568, 1568) and write ROI [2304:2880, 1152:1728, 4032:4608] (576, 576, 576)
Recorded block-done for octoCube21248513164Y62316901Z39714640_pred_affs/480 with read ROI [1808:3376, 656:2224, 3536:5104] (1568, 1568, 1568) and write ROI [2304:2880, 1152:1728, 4032:4608] (576, 576, 576)
Recording block-done for octoCube21248513164Y62316901Z39714640_pred_affs/318 with read ROI [1808:3376, 1232:2800, 1808:3376] (1568, 1568, 1568) and write ROI [2304:2880, 1728:2304, 2304:2880] (576, 576, 576)
Recorded block-done for octoCube21248513164Y62316901Z39714640_pred_affs/318 with read ROI [1808:3376, 1232:2800, 1808:3376] (1568, 1568, 1568) and write ROI [2304:2880, 1728:2304, 2304:2880] (576, 576, 576)
Recording block-done for octoCube21248513164Y62316901Z39714640_pred_affs/205 with read ROI [1808:3376, 1808:3376, 80:1648] (1568, 1568, 1568) and write ROI [2304:2880, 2304:2880, 576:1152] (576, 576, 576)
Recorded block-done for octoCube21248513164Y62316901Z39714640_pred_affs/205 with read ROI [1808:3376, 1808:3376, 80:1648] (1568, 1568, 1568) and write ROI [2304:2880, 2304:2880, 576:1152] (576, 576, 576)
Recording block-done for octoCube21248513164Y62316901Z39714640_pred_affs/269 with read ROI [1808:3376, 2384:3952, 80:1648] (1568, 1568, 1568) and write ROI [2304:2880, 2880:3456, 576:1152] (576, 576, 576)
Recorded block-done for octoCube21248513164Y62316901Z39714640_pred_affs/269 with read ROI [1808:3376, 2384:3952, 80:1648] (1568, 1568, 1568) and write ROI [2304:2880, 2880:3456, 576:1152] (576, 576, 576)
Recording block-done for octoCube21248513164Y62316901Z39714640_pred_affs/720 with read ROI [1808:3376, 1808:3376, 3536:5104] (1568, 1568, 1568) and write ROI [2304:2880, 2304:2880, 4032:4608] (576, 576, 576)
Recorded block-done for octoCube21248513164Y62316901Z39714640_pred_affs/720 with read ROI [1808:3376, 1808:3376, 3536:5104] (1568, 1568, 1568) and write ROI [2304:2880, 2304:2880, 4032:4608] (576, 576, 576)
Recording block-done for octoCube21248513164Y62316901Z39714640_pred_affs/260 with read ROI [1808:3376, 1808:3376, 656:2224] (1568, 1568, 1568) and write ROI [2304:2880, 2304:2880, 1152:1728] (576, 576, 576)
Recorded block-done for octoCube21248513164Y62316901Z39714640_pred_affs/260 with read ROI [1808:3376, 1808:3376, 656:2224] (1568, 1568, 1568) and write ROI [2304:2880, 2304:2880, 1152:1728] (576, 576, 576)
Recording block-done for octoCube21248513164Y62316901Z39714640_pred_affs/729 with read ROI [1808:3376, 2384:3952, 2960:4528] (1568, 1568, 1568) and write ROI [2304:2880, 2880:3456, 3456:4032] (576, 576, 576)
Recorded block-done for octoCube21248513164Y62316901Z39714640_pred_affs/729 with read ROI [1808:3376, 2384:3952, 2960:4528] (1568, 1568, 1568) and write ROI [2304:2880, 2880:3456, 3456:4032] (576, 576, 576)
Recording block-done for octoCube21248513164Y62316901Z39714640_pred_affs/865 with read ROI [1808:3376, 2384:3952, 3536:5104] (1568, 1568, 1568) and write ROI [2304:2880, 2880:3456, 4032:4608] (576, 576, 576)
Recorded block-done for octoCube21248513164Y62316901Z39714640_pred_affs/865 with read ROI [1808:3376, 2384:3952, 3536:5104] (1568, 1568, 1568) and write ROI [2304:2880, 2880:3456, 4032:4608] (576, 576, 576)
Recording block-done for octoCube21248513164Y62316901Z39714640_pred_affs/345 with read ROI [1808:3376, 2960:4528, 80:1648] (1568, 1568, 1568) and write ROI [2304:2880, 3456:4032, 576:1152] (576, 576, 576)
Recorded block-done for octoCube21248513164Y62316901Z39714640_pred_affs/345 with read ROI [1808:3376, 2960:4528, 80:1648] (1568, 1568, 1568) and write ROI [2304:2880, 3456:4032, 576:1152] (576, 576, 576)
Recording block-done for octoCube21248513164Y62316901Z39714640_pred_affs/434 with read ROI [1808:3376, 3536:5104, 80:1648] (1568, 1568, 1568) and write ROI [2304:2880, 4032:4608, 576:1152] (576, 576, 576)
Recorded block-done for octoCube21248513164Y62316901Z39714640_pred_affs/434 with read ROI [1808:3376, 3536:5104, 80:1648] (1568, 1568, 1568) and write ROI [2304:2880, 4032:4608, 576:1152] (576, 576, 576)
Recording block-done for octoCube21248513164Y62316901Z39714640_pred_affs/525 with read ROI [1808:3376, 3536:5104, 656:2224] (1568, 1568, 1568) and write ROI [2304:2880, 4032:4608, 1152:1728] (576, 576, 576)
Recorded block-done for octoCube21248513164Y62316901Z39714640_pred_affs/525 with read ROI [1808:3376, 3536:5104, 656:2224] (1568, 1568, 1568) and write ROI [2304:2880, 4032:4608, 1152:1728] (576, 576, 576)
Recording block-done for octoCube21248513164Y62316901Z39714640_pred_affs/630 with read ROI [1808:3376, 3536:5104, 1232:2800] (1568, 1568, 1568) and write ROI [2304:2880, 4032:4608, 1728:2304] (576, 576, 576)
Recorded block-done for octoCube21248513164Y62316901Z39714640_pred_affs/630 with read ROI [1808:3376, 3536:5104, 1232:2800] (1568, 1568, 1568) and write ROI [2304:2880, 4032:4608, 1728:2304] (576, 576, 576)
Recording block-done for octoCube21248513164Y62316901Z39714640_pred_affs/312 with read ROI [2384:3952, 80:1648, 2384:3952] (1568, 1568, 1568) and write ROI [2880:3456, 576:1152, 2880:3456] (576, 576, 576)
Recorded block-done for octoCube21248513164Y62316901Z39714640_pred_affs/312 with read ROI [2384:3952, 80:1648, 2384:3952] (1568, 1568, 1568) and write ROI [2880:3456, 576:1152, 2880:3456] (576, 576, 576)
Recording block-done for octoCube21248513164Y62316901Z39714640_pred_affs/146 with read ROI [2384:3952, 80:1648, 656:2224] (1568, 1568, 1568) and write ROI [2880:3456, 576:1152, 1152:1728] (576, 576, 576)
Recorded block-done for octoCube21248513164Y62316901Z39714640_pred_affs/146 with read ROI [2384:3952, 80:1648, 656:2224] (1568, 1568, 1568) and write ROI [2880:3456, 576:1152, 1152:1728] (576, 576, 576)
Recording block-done for octoCube21248513164Y62316901Z39714640_pred_affs/246 with read ROI [2384:3952, 80:1648, 1808:3376] (1568, 1568, 1568) and write ROI [2880:3456, 576:1152, 2304:2880] (576, 576, 576)
Recorded block-done for octoCube21248513164Y62316901Z39714640_pred_affs/246 with read ROI [2384:3952, 80:1648, 1808:3376] (1568, 1568, 1568) and write ROI [2880:3456, 576:1152, 2304:2880] (576, 576, 576)
Recording block-done for octoCube21248513164Y62316901Z39714640_pred_affs/397 with read ROI [2384:3952, 656:2224, 2384:3952] (1568, 1568, 1568) and write ROI [2880:3456, 1152:1728, 2880:3456] (576, 576, 576)
Recorded block-done for octoCube21248513164Y62316901Z39714640_pred_affs/397 with read ROI [2384:3952, 656:2224, 2384:3952] (1568, 1568, 1568) and write ROI [2880:3456, 1152:1728, 2880:3456] (576, 576, 576)
Recording block-done for octoCube21248513164Y62316901Z39714640_pred_affs/319 with read ROI [2384:3952, 656:2224, 1808:3376] (1568, 1568, 1568) and write ROI [2880:3456, 1152:1728, 2304:2880] (576, 576, 576)
Recorded block-done for octoCube21248513164Y62316901Z39714640_pred_affs/319 with read ROI [2384:3952, 656:2224, 1808:3376] (1568, 1568, 1568) and write ROI [2880:3456, 1152:1728, 2304:2880] (576, 576, 576)
Recording block-done for octoCube21248513164Y62316901Z39714640_pred_affs/593 with read ROI [2384:3952, 656:2224, 3536:5104] (1568, 1568, 1568) and write ROI [2880:3456, 1152:1728, 4032:4608] (576, 576, 576)
Recorded block-done for octoCube21248513164Y62316901Z39714640_pred_affs/593 with read ROI [2384:3952, 656:2224, 3536:5104] (1568, 1568, 1568) and write ROI [2880:3456, 1152:1728, 4032:4608] (576, 576, 576)
Recording block-done for octoCube21248513164Y62316901Z39714640_pred_affs/496 with read ROI [2384:3952, 1232:2800, 2384:3952] (1568, 1568, 1568) and write ROI [2880:3456, 1728:2304, 2880:3456] (576, 576, 576)
Recorded block-done for octoCube21248513164Y62316901Z39714640_pred_affs/496 with read ROI [2384:3952, 1232:2800, 2384:3952] (1568, 1568, 1568) and write ROI [2880:3456, 1728:2304, 2880:3456] (576, 576, 576)
Recording block-done for octoCube21248513164Y62316901Z39714640_pred_affs/721 with read ROI [2384:3952, 1232:2800, 3536:5104] (1568, 1568, 1568) and write ROI [2880:3456, 1728:2304, 4032:4608] (576, 576, 576)
Recorded block-done for octoCube21248513164Y62316901Z39714640_pred_affs/721 with read ROI [2384:3952, 1232:2800, 3536:5104] (1568, 1568, 1568) and write ROI [2880:3456, 1728:2304, 4032:4608] (576, 576, 576)
Recording block-done for octoCube21248513164Y62316901Z39714640_pred_affs/336 with read ROI [2384:3952, 1808:3376, 656:2224] (1568, 1568, 1568) and write ROI [2880:3456, 2304:2880, 1152:1728] (576, 576, 576)
Recorded block-done for octoCube21248513164Y62316901Z39714640_pred_affs/336 with read ROI [2384:3952, 1808:3376, 656:2224] (1568, 1568, 1568) and write ROI [2880:3456, 2304:2880, 1152:1728] (576, 576, 576)
Recording block-done for octoCube21248513164Y62316901Z39714640_pred_affs/730 with read ROI [2384:3952, 1808:3376, 2960:4528] (1568, 1568, 1568) and write ROI [2880:3456, 2304:2880, 3456:4032] (576, 576, 576)
Recorded block-done for octoCube21248513164Y62316901Z39714640_pred_affs/730 with read ROI [2384:3952, 1808:3376, 2960:4528] (1568, 1568, 1568) and write ROI [2880:3456, 2304:2880, 3456:4032] (576, 576, 576)
Recording block-done for octoCube21248513164Y62316901Z39714640_pred_affs/515 with read ROI [2384:3952, 2384:3952, 1232:2800] (1568, 1568, 1568) and write ROI [2880:3456, 2880:3456, 1728:2304] (576, 576, 576)
Recorded block-done for octoCube21248513164Y62316901Z39714640_pred_affs/515 with read ROI [2384:3952, 2384:3952, 1232:2800] (1568, 1568, 1568) and write ROI [2880:3456, 2880:3456, 1728:2304] (576, 576, 576)
Recording block-done for octoCube21248513164Y62316901Z39714640_pred_affs/740 with read ROI [2384:3952, 2384:3952, 2384:3952] (1568, 1568, 1568) and write ROI [2880:3456, 2880:3456, 2880:3456] (576, 576, 576)
Recorded block-done for octoCube21248513164Y62316901Z39714640_pred_affs/740 with read ROI [2384:3952, 2384:3952, 2384:3952] (1568, 1568, 1568) and write ROI [2880:3456, 2880:3456, 2880:3456] (576, 576, 576)
Recording block-done for octoCube21248513164Y62316901Z39714640_pred_affs/1211 with read ROI [2384:3952, 2960:4528, 3536:5104] (1568, 1568, 1568) and write ROI [2880:3456, 3456:4032, 4032:4608] (576, 576, 576)
Recorded block-done for octoCube21248513164Y62316901Z39714640_pred_affs/1211 with read ROI [2384:3952, 2960:4528, 3536:5104] (1568, 1568, 1568) and write ROI [2880:3456, 3456:4032, 4032:4608] (576, 576, 576)
Recording block-done for octoCube21248513164Y62316901Z39714640_pred_affs/751 with read ROI [2384:3952, 2960:4528, 1808:3376] (1568, 1568, 1568) and write ROI [2880:3456, 3456:4032, 2304:2880] (576, 576, 576)
Recorded block-done for octoCube21248513164Y62316901Z39714640_pred_affs/751 with read ROI [2384:3952, 2960:4528, 1808:3376] (1568, 1568, 1568) and write ROI [2880:3456, 3456:4032, 2304:2880] (576, 576, 576)
Recording block-done for octoCube21248513164Y62316901Z39714640_pred_affs/526 with read ROI [2384:3952, 2960:4528, 656:2224] (1568, 1568, 1568) and write ROI [2880:3456, 3456:4032, 1152:1728] (576, 576, 576)
Recorded block-done for octoCube21248513164Y62316901Z39714640_pred_affs/526 with read ROI [2384:3952, 2960:4528, 656:2224] (1568, 1568, 1568) and write ROI [2880:3456, 3456:4032, 1152:1728] (576, 576, 576)
Recording block-done for octoCube21248513164Y62316901Z39714640_pred_affs/1413 with read ROI [2384:3952, 3536:5104, 3536:5104] (1568, 1568, 1568) and write ROI [2880:3456, 4032:4608, 4032:4608] (576, 576, 576)
Recorded block-done for octoCube21248513164Y62316901Z39714640_pred_affs/1413 with read ROI [2384:3952, 3536:5104, 3536:5104] (1568, 1568, 1568) and write ROI [2880:3456, 4032:4608, 4032:4608] (576, 576, 576)
Recording block-done for octoCube21248513164Y62316901Z39714640_pred_affs/254 with read ROI [2960:4528, 80:1648, 1232:2800] (1568, 1568, 1568) and write ROI [3456:4032, 576:1152, 1728:2304] (576, 576, 576)
Recorded block-done for octoCube21248513164Y62316901Z39714640_pred_affs/254 with read ROI [2960:4528, 80:1648, 1232:2800] (1568, 1568, 1568) and write ROI [3456:4032, 576:1152, 1728:2304] (576, 576, 576)
Recording block-done for octoCube21248513164Y62316901Z39714640_pred_affs/320 with read ROI [2960:4528, 80:1648, 1808:3376] (1568, 1568, 1568) and write ROI [3456:4032, 576:1152, 2304:2880] (576, 576, 576)
Recorded block-done for octoCube21248513164Y62316901Z39714640_pred_affs/320 with read ROI [2960:4528, 80:1648, 1808:3376] (1568, 1568, 1568) and write ROI [3456:4032, 576:1152, 2304:2880] (576, 576, 576)
Recording block-done for octoCube21248513164Y62316901Z39714640_pred_affs/262 with read ROI [2960:4528, 656:2224, 656:2224] (1568, 1568, 1568) and write ROI [3456:4032, 1152:1728, 1152:1728] (576, 576, 576)
Recorded block-done for octoCube21248513164Y62316901Z39714640_pred_affs/262 with read ROI [2960:4528, 656:2224, 656:2224] (1568, 1568, 1568) and write ROI [3456:4032, 1152:1728, 1152:1728] (576, 576, 576)
Recording block-done for octoCube21248513164Y62316901Z39714640_pred_affs/497 with read ROI [2960:4528, 656:2224, 2384:3952] (1568, 1568, 1568) and write ROI [3456:4032, 1152:1728, 2880:3456] (576, 576, 576)
Recorded block-done for octoCube21248513164Y62316901Z39714640_pred_affs/497 with read ROI [2960:4528, 656:2224, 2384:3952] (1568, 1568, 1568) and write ROI [3456:4032, 1152:1728, 2880:3456] (576, 576, 576)
Recording block-done for octoCube21248513164Y62316901Z39714640_pred_affs/611 with read ROI [2960:4528, 1232:2800, 2384:3952] (1568, 1568, 1568) and write ROI [3456:4032, 1728:2304, 2880:3456] (576, 576, 576)
Recorded block-done for octoCube21248513164Y62316901Z39714640_pred_affs/611 with read ROI [2960:4528, 1232:2800, 2384:3952] (1568, 1568, 1568) and write ROI [3456:4032, 1728:2304, 2880:3456] (576, 576, 576)
Recording block-done for octoCube21248513164Y62316901Z39714640_pred_affs/337 with read ROI [2960:4528, 1232:2800, 656:2224] (1568, 1568, 1568) and write ROI [3456:4032, 1728:2304, 1152:1728] (576, 576, 576)
Recorded block-done for octoCube21248513164Y62316901Z39714640_pred_affs/337 with read ROI [2960:4528, 1232:2800, 656:2224] (1568, 1568, 1568) and write ROI [3456:4032, 1728:2304, 1152:1728] (576, 576, 576)
Recording block-done for octoCube21248513164Y62316901Z39714640_pred_affs/506 with read ROI [2960:4528, 1232:2800, 1808:3376] (1568, 1568, 1568) and write ROI [3456:4032, 1728:2304, 2304:2880] (576, 576, 576)
Recorded block-done for octoCube21248513164Y62316901Z39714640_pred_affs/506 with read ROI [2960:4528, 1232:2800, 1808:3376] (1568, 1568, 1568) and write ROI [3456:4032, 1728:2304, 2304:2880] (576, 576, 576)
Recording block-done for octoCube21248513164Y62316901Z39714640_pred_affs/621 with read ROI [2960:4528, 1808:3376, 1808:3376] (1568, 1568, 1568) and write ROI [3456:4032, 2304:2880, 2304:2880] (576, 576, 576)
Recorded block-done for octoCube21248513164Y62316901Z39714640_pred_affs/621 with read ROI [2960:4528, 1808:3376, 1808:3376] (1568, 1568, 1568) and write ROI [3456:4032, 2304:2880, 2304:2880] (576, 576, 576)
Recording block-done for octoCube21248513164Y62316901Z39714640_pred_affs/1030 with read ROI [2960:4528, 1808:3376, 3536:5104] (1568, 1568, 1568) and write ROI [3456:4032, 2304:2880, 4032:4608] (576, 576, 576)
Recorded block-done for octoCube21248513164Y62316901Z39714640_pred_affs/1030 with read ROI [2960:4528, 1808:3376, 3536:5104] (1568, 1568, 1568) and write ROI [3456:4032, 2304:2880, 4032:4608] (576, 576, 576)
Recording block-done for octoCube21248513164Y62316901Z39714640_pred_affs/877 with read ROI [2960:4528, 1808:3376, 2960:4528] (1568, 1568, 1568) and write ROI [3456:4032, 2304:2880, 3456:4032] (576, 576, 576)
Recorded block-done for octoCube21248513164Y62316901Z39714640_pred_affs/877 with read ROI [2960:4528, 1808:3376, 2960:4528] (1568, 1568, 1568) and write ROI [3456:4032, 2304:2880, 3456:4032] (576, 576, 576)
Recording block-done for octoCube21248513164Y62316901Z39714640_pred_affs/900 with read ROI [2960:4528, 2960:4528, 1808:3376] (1568, 1568, 1568) and write ROI [3456:4032, 3456:4032, 2304:2880] (576, 576, 576)
Recorded block-done for octoCube21248513164Y62316901Z39714640_pred_affs/900 with read ROI [2960:4528, 2960:4528, 1808:3376] (1568, 1568, 1568) and write ROI [3456:4032, 3456:4032, 2304:2880] (576, 576, 576)
Recording block-done for octoCube21248513164Y62316901Z39714640_pred_affs/764 with read ROI [2960:4528, 2960:4528, 1232:2800] (1568, 1568, 1568) and write ROI [3456:4032, 3456:4032, 1728:2304] (576, 576, 576)
Recorded block-done for octoCube21248513164Y62316901Z39714640_pred_affs/764 with read ROI [2960:4528, 2960:4528, 1232:2800] (1568, 1568, 1568) and write ROI [3456:4032, 3456:4032, 1728:2304] (576, 576, 576)
Recording block-done for octoCube21248513164Y62316901Z39714640_pred_affs/644 with read ROI [2960:4528, 2960:4528, 656:2224] (1568, 1568, 1568) and write ROI [3456:4032, 3456:4032, 1152:1728] (576, 576, 576)
Recorded block-done for octoCube21248513164Y62316901Z39714640_pred_affs/644 with read ROI [2960:4528, 2960:4528, 656:2224] (1568, 1568, 1568) and write ROI [3456:4032, 3456:4032, 1152:1728] (576, 576, 576)
Recording block-done for octoCube21248513164Y62316901Z39714640_pred_affs/1427 with read ROI [2960:4528, 3536:5104, 2960:4528] (1568, 1568, 1568) and write ROI [3456:4032, 4032:4608, 3456:4032] (576, 576, 576)
Recorded block-done for octoCube21248513164Y62316901Z39714640_pred_affs/1427 with read ROI [2960:4528, 3536:5104, 2960:4528] (1568, 1568, 1568) and write ROI [3456:4032, 4032:4608, 3456:4032] (576, 576, 576)
Recording block-done for octoCube21248513164Y62316901Z39714640_pred_affs/329 with read ROI [3536:5104, 80:1648, 1232:2800] (1568, 1568, 1568) and write ROI [4032:4608, 576:1152, 1728:2304] (576, 576, 576)
Recorded block-done for octoCube21248513164Y62316901Z39714640_pred_affs/329 with read ROI [3536:5104, 80:1648, 1232:2800] (1568, 1568, 1568) and write ROI [4032:4608, 576:1152, 1728:2304] (576, 576, 576)
Recording block-done for octoCube21248513164Y62316901Z39714640_pred_affs/272 with read ROI [3536:5104, 656:2224, 80:1648] (1568, 1568, 1568) and write ROI [4032:4608, 1152:1728, 576:1152] (576, 576, 576)
Recorded block-done for octoCube21248513164Y62316901Z39714640_pred_affs/272 with read ROI [3536:5104, 656:2224, 80:1648] (1568, 1568, 1568) and write ROI [4032:4608, 1152:1728, 576:1152] (576, 576, 576)
Recording block-done for octoCube21248513164Y62316901Z39714640_pred_affs/338 with read ROI [3536:5104, 656:2224, 656:2224] (1568, 1568, 1568) and write ROI [4032:4608, 1152:1728, 1152:1728] (576, 576, 576)
Recorded block-done for octoCube21248513164Y62316901Z39714640_pred_affs/338 with read ROI [3536:5104, 656:2224, 656:2224] (1568, 1568, 1568) and write ROI [4032:4608, 1152:1728, 1152:1728] (576, 576, 576)
Recording block-done for octoCube21248513164Y62316901Z39714640_pred_affs/868 with read ROI [3536:5104, 656:2224, 3536:5104] (1568, 1568, 1568) and write ROI [4032:4608, 1152:1728, 4032:4608] (576, 576, 576)
Recorded block-done for octoCube21248513164Y62316901Z39714640_pred_affs/868 with read ROI [3536:5104, 656:2224, 3536:5104] (1568, 1568, 1568) and write ROI [4032:4608, 1152:1728, 4032:4608] (576, 576, 576)
Recording block-done for octoCube21248513164Y62316901Z39714640_pred_affs/426 with read ROI [3536:5104, 1232:2800, 656:2224] (1568, 1568, 1568) and write ROI [4032:4608, 1728:2304, 1152:1728] (576, 576, 576)
Recorded block-done for octoCube21248513164Y62316901Z39714640_pred_affs/426 with read ROI [3536:5104, 1232:2800, 656:2224] (1568, 1568, 1568) and write ROI [4032:4608, 1728:2304, 1152:1728] (576, 576, 576)
Recording block-done for octoCube21248513164Y62316901Z39714640_pred_affs/622 with read ROI [3536:5104, 1232:2800, 1808:3376] (1568, 1568, 1568) and write ROI [4032:4608, 1728:2304, 2304:2880] (576, 576, 576)
Recorded block-done for octoCube21248513164Y62316901Z39714640_pred_affs/622 with read ROI [3536:5104, 1232:2800, 1808:3376] (1568, 1568, 1568) and write ROI [4032:4608, 1728:2304, 2304:2880] (576, 576, 576)
Recording block-done for octoCube21248513164Y62316901Z39714640_pred_affs/633 with read ROI [3536:5104, 1808:3376, 1232:2800] (1568, 1568, 1568) and write ROI [4032:4608, 2304:2880, 1728:2304] (576, 576, 576)
Recorded block-done for octoCube21248513164Y62316901Z39714640_pred_affs/633 with read ROI [3536:5104, 1808:3376, 1232:2800] (1568, 1568, 1568) and write ROI [4032:4608, 2304:2880, 1728:2304] (576, 576, 576)
Recording block-done for octoCube21248513164Y62316901Z39714640_pred_affs/753 with read ROI [3536:5104, 1808:3376, 1808:3376] (1568, 1568, 1568) and write ROI [4032:4608, 2304:2880, 2304:2880] (576, 576, 576)
Recorded block-done for octoCube21248513164Y62316901Z39714640_pred_affs/753 with read ROI [3536:5104, 1808:3376, 1808:3376] (1568, 1568, 1568) and write ROI [4032:4608, 2304:2880, 2304:2880] (576, 576, 576)
Recording block-done for octoCube21248513164Y62316901Z39714640_pred_affs/645 with read ROI [3536:5104, 2384:3952, 656:2224] (1568, 1568, 1568) and write ROI [4032:4608, 2880:3456, 1152:1728] (576, 576, 576)
Recorded block-done for octoCube21248513164Y62316901Z39714640_pred_affs/645 with read ROI [3536:5104, 2384:3952, 656:2224] (1568, 1568, 1568) and write ROI [4032:4608, 2880:3456, 1152:1728] (576, 576, 576)
Recording block-done for octoCube21248513164Y62316901Z39714640_pred_affs/1415 with read ROI [3536:5104, 2384:3952, 3536:5104] (1568, 1568, 1568) and write ROI [4032:4608, 2880:3456, 4032:4608] (576, 576, 576)
Recorded block-done for octoCube21248513164Y62316901Z39714640_pred_affs/1415 with read ROI [3536:5104, 2384:3952, 3536:5104] (1568, 1568, 1568) and write ROI [4032:4608, 2880:3456, 4032:4608] (576, 576, 576)
Recording block-done for octoCube21248513164Y62316901Z39714640_pred_affs/658 with read ROI [3536:5104, 2960:4528, 80:1648] (1568, 1568, 1568) and write ROI [4032:4608, 3456:4032, 576:1152] (576, 576, 576)
Recorded block-done for octoCube21248513164Y62316901Z39714640_pred_affs/658 with read ROI [3536:5104, 2960:4528, 80:1648] (1568, 1568, 1568) and write ROI [4032:4608, 3456:4032, 576:1152] (576, 576, 576)
Recording block-done for octoCube21248513164Y62316901Z39714640_pred_affs/1067 with read ROI [3536:5104, 2960:4528, 1808:3376] (1568, 1568, 1568) and write ROI [4032:4608, 3456:4032, 2304:2880] (576, 576, 576)
Recorded block-done for octoCube21248513164Y62316901Z39714640_pred_affs/1067 with read ROI [3536:5104, 2960:4528, 1808:3376] (1568, 1568, 1568) and write ROI [4032:4608, 3456:4032, 2304:2880] (576, 576, 576)
Recording block-done for octoCube21248513164Y62316901Z39714640_pred_affs/928 with read ROI [3536:5104, 3536:5104, 656:2224] (1568, 1568, 1568) and write ROI [4032:4608, 4032:4608, 1152:1728] (576, 576, 576)
Recorded block-done for octoCube21248513164Y62316901Z39714640_pred_affs/928 with read ROI [3536:5104, 3536:5104, 656:2224] (1568, 1568, 1568) and write ROI [4032:4608, 4032:4608, 1152:1728] (576, 576, 576)
Recording block-done for octoCube21248513164Y62316901Z39714640_pred_affs/1081 with read ROI [3536:5104, 3536:5104, 1232:2800] (1568, 1568, 1568) and write ROI [4032:4608, 4032:4608, 1728:2304] (576, 576, 576)
Recorded block-done for octoCube21248513164Y62316901Z39714640_pred_affs/1081 with read ROI [3536:5104, 3536:5104, 1232:2800] (1568, 1568, 1568) and write ROI [4032:4608, 4032:4608, 1728:2304] (576, 576, 576)
