MtlsdModel(
  (unet): UNet(
    (l_conv): ModuleList(
      (0): ConvPass(
        (conv_pass): Sequential(
          (0): Conv3d(1, 12, kernel_size=(3, 3, 3), stride=(1, 1, 1))
          (1): ReLU()
          (2): Conv3d(12, 12, kernel_size=(3, 3, 3), stride=(1, 1, 1))
          (3): ReLU()
        )
      )
      (1): ConvPass(
        (conv_pass): Sequential(
          (0): Conv3d(12, 60, kernel_size=(3, 3, 3), stride=(1, 1, 1))
          (1): ReLU()
          (2): Conv3d(60, 60, kernel_size=(3, 3, 3), stride=(1, 1, 1))
          (3): ReLU()
        )
      )
      (2): ConvPass(
        (conv_pass): Sequential(
          (0): Conv3d(60, 300, kernel_size=(3, 3, 3), stride=(1, 1, 1))
          (1): ReLU()
          (2): Conv3d(300, 300, kernel_size=(3, 3, 3), stride=(1, 1, 1))
          (3): ReLU()
        )
      )
      (3): ConvPass(
        (conv_pass): Sequential(
          (0): Conv3d(300, 1500, kernel_size=(3, 3, 3), stride=(1, 1, 1))
          (1): ReLU()
          (2): Conv3d(1500, 1500, kernel_size=(3, 3, 3), stride=(1, 1, 1))
          (3): ReLU()
        )
      )
    )
    (l_down): ModuleList(
      (0): Downsample(
        (down): MaxPool3d(kernel_size=[2, 2, 2], stride=[2, 2, 2], padding=0, dilation=1, ceil_mode=False)
      )
      (1): Downsample(
        (down): MaxPool3d(kernel_size=[2, 2, 2], stride=[2, 2, 2], padding=0, dilation=1, ceil_mode=False)
      )
      (2): Downsample(
        (down): MaxPool3d(kernel_size=[3, 3, 3], stride=[3, 3, 3], padding=0, dilation=1, ceil_mode=False)
      )
    )
    (r_up): ModuleList(
      (0): ModuleList(
        (0): Upsample(
          (up): ConvTranspose3d(60, 60, kernel_size=(2, 2, 2), stride=(2, 2, 2))
        )
        (1): Upsample(
          (up): ConvTranspose3d(300, 300, kernel_size=(2, 2, 2), stride=(2, 2, 2))
        )
        (2): Upsample(
          (up): ConvTranspose3d(1500, 1500, kernel_size=(3, 3, 3), stride=(3, 3, 3))
        )
      )
    )
    (r_conv): ModuleList(
      (0): ModuleList(
        (0): ConvPass(
          (conv_pass): Sequential(
            (0): Conv3d(72, 12, kernel_size=(3, 3, 3), stride=(1, 1, 1))
            (1): ReLU()
            (2): Conv3d(12, 12, kernel_size=(3, 3, 3), stride=(1, 1, 1))
            (3): ReLU()
          )
        )
        (1): ConvPass(
          (conv_pass): Sequential(
            (0): Conv3d(360, 60, kernel_size=(3, 3, 3), stride=(1, 1, 1))
            (1): ReLU()
            (2): Conv3d(60, 60, kernel_size=(3, 3, 3), stride=(1, 1, 1))
            (3): ReLU()
          )
        )
        (2): ConvPass(
          (conv_pass): Sequential(
            (0): Conv3d(1800, 300, kernel_size=(3, 3, 3), stride=(1, 1, 1))
            (1): ReLU()
            (2): Conv3d(300, 300, kernel_size=(3, 3, 3), stride=(1, 1, 1))
            (3): ReLU()
          )
        )
      )
    )
  )
  (lsd_head): ConvPass(
    (conv_pass): Sequential(
      (0): Conv3d(12, 10, kernel_size=(1, 1, 1), stride=(1, 1, 1))
      (1): Sigmoid()
    )
  )
  (aff_head): ConvPass(
    (conv_pass): Sequential(
      (0): Conv3d(12, 3, kernel_size=(1, 1, 1), stride=(1, 1, 1))
      (1): Sigmoid()
    )
  )
)
Model Parameters: 155.160M
Saving outputs to /media/samia/DATA/ark/lsd_outputs/MTLSD/3d/run-aclsd-together/model_checkpoint_300000/octo-AL-crop-Albrt.zarr
Recording block-done for octo-AL-crop-Albrt_pred_affs/459 with read ROI [80:1648, 80:1648, 5840:7408] (1568, 1568, 1568) and write ROI [576:1152, 576:1152, 6336:6912] (576, 576, 576)
Recorded block-done for octo-AL-crop-Albrt_pred_affs/459 with read ROI [80:1648, 80:1648, 5840:7408] (1568, 1568, 1568) and write ROI [576:1152, 576:1152, 6336:6912] (576, 576, 576)
Recording block-done for octo-AL-crop-Albrt_pred_affs/564 with read ROI [80:1648, 80:1648, 6416:7984] (1568, 1568, 1568) and write ROI [576:1152, 576:1152, 6912:7488] (576, 576, 576)
Recorded block-done for octo-AL-crop-Albrt_pred_affs/564 with read ROI [80:1648, 80:1648, 6416:7984] (1568, 1568, 1568) and write ROI [576:1152, 576:1152, 6912:7488] (576, 576, 576)
Recording block-done for octo-AL-crop-Albrt_pred_affs/687 with read ROI [80:1648, 656:2224, 6416:7984] (1568, 1568, 1568) and write ROI [576:1152, 1152:1728, 6912:7488] (576, 576, 576)
Recorded block-done for octo-AL-crop-Albrt_pred_affs/687 with read ROI [80:1648, 656:2224, 6416:7984] (1568, 1568, 1568) and write ROI [576:1152, 1152:1728, 6912:7488] (576, 576, 576)
Recording block-done for octo-AL-crop-Albrt_pred_affs/1775 with read ROI [80:1648, 80:1648, 10448:12016] (1568, 1568, 1568) and write ROI [576:1152, 576:1152, 10944:11520] (576, 576, 576)
Recorded block-done for octo-AL-crop-Albrt_pred_affs/1775 with read ROI [80:1648, 80:1648, 10448:12016] (1568, 1568, 1568) and write ROI [576:1152, 576:1152, 10944:11520] (576, 576, 576)
