INFO:BatchTask:WORKER: Running with context hostname=10.31.32.156:port=40293:task_id=HDF2ZarrTask_68b10192:worker_id=1
INFO:BatchTask:Received block HDF2ZarrTask_68b10192/1 with read ROI [1000:1640, 1000:1512, 1512:2024] (640, 512, 512) and write ROI [1000:1640, 1000:1512, 1512:2024] (640, 512, 512)
INFO:BatchTask:Received block HDF2ZarrTask_68b10192/20 with read ROI [1000:1640, 1000:1512, 3048:3560] (640, 512, 512) and write ROI [1000:1640, 1000:1512, 3048:3560] (640, 512, 512)
INFO:BatchTask:Received block HDF2ZarrTask_68b10192/56 with read ROI [1000:1640, 1000:1512, 4072:4584] (640, 512, 512) and write ROI [1000:1640, 1000:1512, 4072:4584] (640, 512, 512)
INFO:BatchTask:Received block HDF2ZarrTask_68b10192/120 with read ROI [1000:1640, 1000:1512, 5096:5608] (640, 512, 512) and write ROI [1000:1640, 1000:1512, 5096:5608] (640, 512, 512)
INFO:BatchTask:Received block HDF2ZarrTask_68b10192/11 with read ROI [1000:1640, 1512:2024, 2024:2536] (640, 512, 512) and write ROI [1000:1640, 1512:2024, 2024:2536] (640, 512, 512)
INFO:BatchTask:Received block HDF2ZarrTask_68b10192/36 with read ROI [1000:1640, 1512:2024, 3048:3560] (640, 512, 512) and write ROI [1000:1640, 1512:2024, 3048:3560] (640, 512, 512)
INFO:BatchTask:Received block HDF2ZarrTask_68b10192/85 with read ROI [1000:1640, 1512:2024, 4072:4584] (640, 512, 512) and write ROI [1000:1640, 1512:2024, 4072:4584] (640, 512, 512)
INFO:BatchTask:Received block HDF2ZarrTask_68b10192/166 with read ROI [1000:1640, 1512:2024, 5096:5608] (640, 512, 512) and write ROI [1000:1640, 1512:2024, 5096:5608] (640, 512, 512)
INFO:BatchTask:Received block HDF2ZarrTask_68b10192/7 with read ROI [1000:1640, 2024:2536, 1000:1512] (640, 512, 512) and write ROI [1000:1640, 2024:2536, 1000:1512] (640, 512, 512)
INFO:BatchTask:Received block HDF2ZarrTask_68b10192/23 with read ROI [1000:1640, 2024:2536, 2024:2536] (640, 512, 512) and write ROI [1000:1640, 2024:2536, 2024:2536] (640, 512, 512)
INFO:BatchTask:Received block HDF2ZarrTask_68b10192/59 with read ROI [1000:1640, 2024:2536, 3048:3560] (640, 512, 512) and write ROI [1000:1640, 2024:2536, 3048:3560] (640, 512, 512)
INFO:BatchTask:Received block HDF2ZarrTask_68b10192/123 with read ROI [1000:1640, 2024:2536, 4072:4584] (640, 512, 512) and write ROI [1000:1640, 2024:2536, 4072:4584] (640, 512, 512)
INFO:BatchTask:Received block HDF2ZarrTask_68b10192/223 with read ROI [1000:1640, 2024:2536, 5096:5608] (640, 512, 512) and write ROI [1000:1640, 2024:2536, 5096:5608] (640, 512, 512)
INFO:BatchTask:Received block HDF2ZarrTask_68b10192/26 with read ROI [1000:1640, 2536:3048, 1512:2024] (640, 512, 512) and write ROI [1000:1640, 2536:3048, 1512:2024] (640, 512, 512)
INFO:BatchTask:Received block HDF2ZarrTask_68b10192/62 with read ROI [1000:1640, 2536:3048, 2536:3048] (640, 512, 512) and write ROI [1000:1640, 2536:3048, 2536:3048] (640, 512, 512)
INFO:BatchTask:Received block HDF2ZarrTask_68b10192/126 with read ROI [1000:1640, 2536:3048, 3560:4072] (640, 512, 512) and write ROI [1000:1640, 2536:3048, 3560:4072] (640, 512, 512)
INFO:BatchTask:Received block HDF2ZarrTask_68b10192/226 with read ROI [1000:1640, 2536:3048, 4584:5096] (640, 512, 512) and write ROI [1000:1640, 2536:3048, 4584:5096] (640, 512, 512)
INFO:BatchTask:Received block HDF2ZarrTask_68b10192/370 with read ROI [1000:1640, 2536:3048, 5608:6004] (640, 512, 396) and write ROI [1000:1640, 2536:3048, 5608:6004] (640, 512, 396)
INFO:BatchTask:Received block HDF2ZarrTask_68b10192/45 with read ROI [1000:1640, 3048:3560, 1512:2024] (640, 512, 512) and write ROI [1000:1640, 3048:3560, 1512:2024] (640, 512, 512)
INFO:BatchTask:Received block HDF2ZarrTask_68b10192/94 with read ROI [1000:1640, 3048:3560, 2536:3048] (640, 512, 512) and write ROI [1000:1640, 3048:3560, 2536:3048] (640, 512, 512)
INFO:BatchTask:Received block HDF2ZarrTask_68b10192/175 with read ROI [1000:1640, 3048:3560, 3560:4072] (640, 512, 512) and write ROI [1000:1640, 3048:3560, 3560:4072] (640, 512, 512)
INFO:BatchTask:Received block HDF2ZarrTask_68b10192/296 with read ROI [1000:1640, 3048:3560, 4584:5096] (640, 512, 512) and write ROI [1000:1640, 3048:3560, 4584:5096] (640, 512, 512)
INFO:BatchTask:Received block HDF2ZarrTask_68b10192/465 with read ROI [1000:1640, 3048:3560, 5608:6004] (640, 512, 396) and write ROI [1000:1640, 3048:3560, 5608:6004] (640, 512, 396)
INFO:BatchTask:Received block HDF2ZarrTask_68b10192/71 with read ROI [1000:1640, 3560:4072, 1512:2024] (640, 512, 512) and write ROI [1000:1640, 3560:4072, 1512:2024] (640, 512, 512)
INFO:BatchTask:Received block HDF2ZarrTask_68b10192/135 with read ROI [1000:1640, 3560:4072, 2536:3048] (640, 512, 512) and write ROI [1000:1640, 3560:4072, 2536:3048] (640, 512, 512)
INFO:BatchTask:Received block HDF2ZarrTask_68b10192/301 with read ROI [1000:1640, 3560:4072, 4072:4584] (640, 512, 512) and write ROI [1000:1640, 3560:4072, 4072:4584] (640, 512, 512)
INFO:BatchTask:Received block HDF2ZarrTask_68b10192/470 with read ROI [1000:1640, 3560:4072, 5096:5608] (640, 512, 512) and write ROI [1000:1640, 3560:4072, 5096:5608] (640, 512, 512)
INFO:BatchTask:Received block HDF2ZarrTask_68b10192/77 with read ROI [1000:1640, 4072:4584, 1000:1512] (640, 512, 512) and write ROI [1000:1640, 4072:4584, 1000:1512] (640, 512, 512)
INFO:BatchTask:Received block HDF2ZarrTask_68b10192/141 with read ROI [1000:1640, 4072:4584, 2024:2536] (640, 512, 512) and write ROI [1000:1640, 4072:4584, 2024:2536] (640, 512, 512)
INFO:BatchTask:Received block HDF2ZarrTask_68b10192/385 with read ROI [1000:1640, 4072:4584, 4072:4584] (640, 512, 512) and write ROI [1000:1640, 4072:4584, 4072:4584] (640, 512, 512)
INFO:BatchTask:Received block HDF2ZarrTask_68b10192/112 with read ROI [1000:1640, 4584:5096, 1000:1512] (640, 512, 512) and write ROI [1000:1640, 4584:5096, 1000:1512] (640, 512, 512)
INFO:BatchTask:Received block HDF2ZarrTask_68b10192/248 with read ROI [1000:1640, 4584:5096, 2536:3048] (640, 512, 512) and write ROI [1000:1640, 4584:5096, 2536:3048] (640, 512, 512)
INFO:BatchTask:Received block HDF2ZarrTask_68b10192/392 with read ROI [1000:1640, 4584:5096, 3560:4072] (640, 512, 512) and write ROI [1000:1640, 4584:5096, 3560:4072] (640, 512, 512)
INFO:BatchTask:Received block HDF2ZarrTask_68b10192/708 with read ROI [1000:1640, 4584:5096, 5096:5608] (640, 512, 512) and write ROI [1000:1640, 4584:5096, 5096:5608] (640, 512, 512)
INFO:BatchTask:Received block HDF2ZarrTask_68b10192/156 with read ROI [1000:1640, 5096:5608, 1000:1512] (640, 512, 512) and write ROI [1000:1640, 5096:5608, 1000:1512] (640, 512, 512)
INFO:BatchTask:Received block HDF2ZarrTask_68b10192/256 with read ROI [1000:1640, 5096:5608, 2024:2536] (640, 512, 512) and write ROI [1000:1640, 5096:5608, 2024:2536] (640, 512, 512)
INFO:BatchTask:Received block HDF2ZarrTask_68b10192/491 with read ROI [1000:1640, 5096:5608, 3560:4072] (640, 512, 512) and write ROI [1000:1640, 5096:5608, 3560:4072] (640, 512, 512)
INFO:BatchTask:Received block HDF2ZarrTask_68b10192/716 with read ROI [1000:1640, 5096:5608, 4584:5096] (640, 512, 512) and write ROI [1000:1640, 5096:5608, 4584:5096] (640, 512, 512)
INFO:BatchTask:Received block HDF2ZarrTask_68b10192/265 with read ROI [1000:1640, 5608:6004, 1512:2024] (640, 396, 512) and write ROI [1000:1640, 5608:6004, 1512:2024] (640, 396, 512)
INFO:BatchTask:Received block HDF2ZarrTask_68b10192/500 with read ROI [1000:1640, 5608:6004, 3048:3560] (640, 396, 512) and write ROI [1000:1640, 5608:6004, 3048:3560] (640, 396, 512)
INFO:BatchTask:Received block HDF2ZarrTask_68b10192/861 with read ROI [1000:1640, 5608:6004, 4584:5096] (640, 396, 512) and write ROI [1000:1640, 5608:6004, 4584:5096] (640, 396, 512)
INFO:BatchTask:Received block HDF2ZarrTask_68b10192/24 with read ROI [1640:2280, 1512:2024, 2024:2536] (640, 512, 512) and write ROI [1640:2280, 1512:2024, 2024:2536] (640, 512, 512)
INFO:BatchTask:Received block HDF2ZarrTask_68b10192/60 with read ROI [1640:2280, 1512:2024, 3048:3560] (640, 512, 512) and write ROI [1640:2280, 1512:2024, 3048:3560] (640, 512, 512)
INFO:BatchTask:Received block HDF2ZarrTask_68b10192/124 with read ROI [1640:2280, 1512:2024, 4072:4584] (640, 512, 512) and write ROI [1640:2280, 1512:2024, 4072:4584] (640, 512, 512)
INFO:BatchTask:Received block HDF2ZarrTask_68b10192/224 with read ROI [1640:2280, 1512:2024, 5096:5608] (640, 512, 512) and write ROI [1640:2280, 1512:2024, 5096:5608] (640, 512, 512)
INFO:BatchTask:Received block HDF2ZarrTask_68b10192/27 with read ROI [1640:2280, 2024:2536, 1512:2024] (640, 512, 512) and write ROI [1640:2280, 2024:2536, 1512:2024] (640, 512, 512)
INFO:BatchTask:Received block HDF2ZarrTask_68b10192/91 with read ROI [1640:2280, 2024:2536, 3048:3560] (640, 512, 512) and write ROI [1640:2280, 2024:2536, 3048:3560] (640, 512, 512)
INFO:BatchTask:Received block HDF2ZarrTask_68b10192/172 with read ROI [1640:2280, 2024:2536, 4072:4584] (640, 512, 512) and write ROI [1640:2280, 2024:2536, 4072:4584] (640, 512, 512)
INFO:BatchTask:Received block HDF2ZarrTask_68b10192/293 with read ROI [1640:2280, 2024:2536, 5096:5608] (640, 512, 512) and write ROI [1640:2280, 2024:2536, 5096:5608] (640, 512, 512)
INFO:BatchTask:Received block HDF2ZarrTask_68b10192/31 with read ROI [1640:2280, 2536:3048, 1000:1512] (640, 512, 512) and write ROI [1640:2280, 2536:3048, 1000:1512] (640, 512, 512)
INFO:BatchTask:Received block HDF2ZarrTask_68b10192/67 with read ROI [1640:2280, 2536:3048, 2024:2536] (640, 512, 512) and write ROI [1640:2280, 2536:3048, 2024:2536] (640, 512, 512)
INFO:BatchTask:Received block HDF2ZarrTask_68b10192/176 with read ROI [1640:2280, 2536:3048, 3560:4072] (640, 512, 512) and write ROI [1640:2280, 2536:3048, 3560:4072] (640, 512, 512)
INFO:BatchTask:Received block HDF2ZarrTask_68b10192/149 with read ROI [1640:2280, 4072:4584, 1512:2024] (640, 512, 512) and write ROI [1640:2280, 4072:4584, 1512:2024] (640, 512, 512)
INFO:BatchTask:Received block HDF2ZarrTask_68b10192/315 with read ROI [1640:2280, 4072:4584, 3048:3560] (640, 512, 512) and write ROI [1640:2280, 4072:4584, 3048:3560] (640, 512, 512)
INFO:BatchTask:Received block HDF2ZarrTask_68b10192/845 with read ROI [1640:2280, 4072:4584, 5608:6004] (640, 512, 396) and write ROI [1640:2280, 4072:4584, 5608:6004] (640, 512, 396)
INFO:BatchTask:Received block HDF2ZarrTask_68b10192/202 with read ROI [1640:2280, 4584:5096, 1512:2024] (640, 512, 512) and write ROI [1640:2280, 4584:5096, 1512:2024] (640, 512, 512)
INFO:BatchTask:Received block HDF2ZarrTask_68b10192/323 with read ROI [1640:2280, 4584:5096, 2536:3048] (640, 512, 512) and write ROI [1640:2280, 4584:5096, 2536:3048] (640, 512, 512)
INFO:BatchTask:Received block HDF2ZarrTask_68b10192/492 with read ROI [1640:2280, 4584:5096, 3560:4072] (640, 512, 512) and write ROI [1640:2280, 4584:5096, 3560:4072] (640, 512, 512)
INFO:BatchTask:Received block HDF2ZarrTask_68b10192/717 with read ROI [1640:2280, 4584:5096, 4584:5096] (640, 512, 512) and write ROI [1640:2280, 4584:5096, 4584:5096] (640, 512, 512)
INFO:BatchTask:Received block HDF2ZarrTask_68b10192/276 with read ROI [1640:2280, 5608:6004, 1000:1512] (640, 396, 512) and write ROI [1640:2280, 5608:6004, 1000:1512] (640, 396, 512)
INFO:BatchTask:Received block HDF2ZarrTask_68b10192/420 with read ROI [1640:2280, 5608:6004, 2024:2536] (640, 396, 512) and write ROI [1640:2280, 5608:6004, 2024:2536] (640, 396, 512)
INFO:BatchTask:Received block HDF2ZarrTask_68b10192/616 with read ROI [1640:2280, 5608:6004, 3048:3560] (640, 396, 512) and write ROI [1640:2280, 5608:6004, 3048:3560] (640, 396, 512)
INFO:BatchTask:Received block HDF2ZarrTask_68b10192/872 with read ROI [1640:2280, 5608:6004, 4072:4584] (640, 396, 512) and write ROI [1640:2280, 5608:6004, 4072:4584] (640, 396, 512)
INFO:BatchTask:Received block HDF2ZarrTask_68b10192/1196 with read ROI [1640:2280, 5608:6004, 5096:5608] (640, 396, 512) and write ROI [1640:2280, 5608:6004, 5096:5608] (640, 396, 512)
INFO:BatchTask:Received block HDF2ZarrTask_68b10192/9 with read ROI [2280:2920, 1000:1512, 1000:1512] (640, 512, 512) and write ROI [2280:2920, 1000:1512, 1000:1512] (640, 512, 512)
INFO:BatchTask:Received block HDF2ZarrTask_68b10192/25 with read ROI [2280:2920, 1000:1512, 2024:2536] (640, 512, 512) and write ROI [2280:2920, 1000:1512, 2024:2536] (640, 512, 512)
INFO:BatchTask:Received block HDF2ZarrTask_68b10192/61 with read ROI [2280:2920, 1000:1512, 3048:3560] (640, 512, 512) and write ROI [2280:2920, 1000:1512, 3048:3560] (640, 512, 512)
INFO:BatchTask:Received block HDF2ZarrTask_68b10192/125 with read ROI [2280:2920, 1000:1512, 4072:4584] (640, 512, 512) and write ROI [2280:2920, 1000:1512, 4072:4584] (640, 512, 512)
INFO:BatchTask:Received block HDF2ZarrTask_68b10192/225 with read ROI [2280:2920, 1000:1512, 5096:5608] (640, 512, 512) and write ROI [2280:2920, 1000:1512, 5096:5608] (640, 512, 512)
INFO:BatchTask:Received block HDF2ZarrTask_68b10192/18 with read ROI [2280:2920, 1512:2024, 1000:1512] (640, 512, 512) and write ROI [2280:2920, 1512:2024, 1000:1512] (640, 512, 512)
INFO:BatchTask:Received block HDF2ZarrTask_68b10192/43 with read ROI [2280:2920, 1512:2024, 2024:2536] (640, 512, 512) and write ROI [2280:2920, 1512:2024, 2024:2536] (640, 512, 512)
INFO:BatchTask:Received block HDF2ZarrTask_68b10192/92 with read ROI [2280:2920, 1512:2024, 3048:3560] (640, 512, 512) and write ROI [2280:2920, 1512:2024, 3048:3560] (640, 512, 512)
INFO:BatchTask:Received block HDF2ZarrTask_68b10192/173 with read ROI [2280:2920, 1512:2024, 4072:4584] (640, 512, 512) and write ROI [2280:2920, 1512:2024, 4072:4584] (640, 512, 512)
INFO:BatchTask:Received block HDF2ZarrTask_68b10192/294 with read ROI [2280:2920, 1512:2024, 5096:5608] (640, 512, 512) and write ROI [2280:2920, 1512:2024, 5096:5608] (640, 512, 512)
INFO:BatchTask:Received block HDF2ZarrTask_68b10192/32 with read ROI [2280:2920, 2024:2536, 1000:1512] (640, 512, 512) and write ROI [2280:2920, 2024:2536, 1000:1512] (640, 512, 512)
INFO:BatchTask:Received block HDF2ZarrTask_68b10192/96 with read ROI [2280:2920, 2024:2536, 2536:3048] (640, 512, 512) and write ROI [2280:2920, 2024:2536, 2536:3048] (640, 512, 512)
INFO:BatchTask:Received block HDF2ZarrTask_68b10192/177 with read ROI [2280:2920, 2024:2536, 3560:4072] (640, 512, 512) and write ROI [2280:2920, 2024:2536, 3560:4072] (640, 512, 512)
INFO:BatchTask:Received block HDF2ZarrTask_68b10192/298 with read ROI [2280:2920, 2024:2536, 4584:5096] (640, 512, 512) and write ROI [2280:2920, 2024:2536, 4584:5096] (640, 512, 512)
INFO:BatchTask:Received block HDF2ZarrTask_68b10192/467 with read ROI [2280:2920, 2024:2536, 5608:6004] (640, 512, 396) and write ROI [2280:2920, 2024:2536, 5608:6004] (640, 512, 396)
INFO:BatchTask:Received block HDF2ZarrTask_68b10192/73 with read ROI [2280:2920, 2536:3048, 1512:2024] (640, 512, 512) and write ROI [2280:2920, 2536:3048, 1512:2024] (640, 512, 512)
INFO:BatchTask:Received block HDF2ZarrTask_68b10192/137 with read ROI [2280:2920, 2536:3048, 2536:3048] (640, 512, 512) and write ROI [2280:2920, 2536:3048, 2536:3048] (640, 512, 512)
INFO:BatchTask:Received block HDF2ZarrTask_68b10192/237 with read ROI [2280:2920, 2536:3048, 3560:4072] (640, 512, 512) and write ROI [2280:2920, 2536:3048, 3560:4072] (640, 512, 512)
INFO:BatchTask:Received block HDF2ZarrTask_68b10192/381 with read ROI [2280:2920, 2536:3048, 4584:5096] (640, 512, 512) and write ROI [2280:2920, 2536:3048, 4584:5096] (640, 512, 512)
INFO:BatchTask:Received block HDF2ZarrTask_68b10192/577 with read ROI [2280:2920, 2536:3048, 5608:6004] (640, 512, 396) and write ROI [2280:2920, 2536:3048, 5608:6004] (640, 512, 396)
INFO:BatchTask:Received block HDF2ZarrTask_68b10192/703 with read ROI [2280:2920, 3048:3560, 5608:6004] (640, 512, 396) and write ROI [2280:2920, 3048:3560, 5608:6004] (640, 512, 396)
INFO:BatchTask:Received block HDF2ZarrTask_68b10192/150 with read ROI [2280:2920, 3560:4072, 1512:2024] (640, 512, 512) and write ROI [2280:2920, 3560:4072, 1512:2024] (640, 512, 512)
INFO:BatchTask:Received block HDF2ZarrTask_68b10192/250 with read ROI [2280:2920, 3560:4072, 2536:3048] (640, 512, 512) and write ROI [2280:2920, 3560:4072, 2536:3048] (640, 512, 512)
INFO:BatchTask:Received block HDF2ZarrTask_68b10192/394 with read ROI [2280:2920, 3560:4072, 3560:4072] (640, 512, 512) and write ROI [2280:2920, 3560:4072, 3560:4072] (640, 512, 512)
INFO:BatchTask:Received block HDF2ZarrTask_68b10192/258 with read ROI [2280:2920, 4072:4584, 2024:2536] (640, 512, 512) and write ROI [2280:2920, 4072:4584, 2024:2536] (640, 512, 512)
INFO:BatchTask:Received block HDF2ZarrTask_68b10192/402 with read ROI [2280:2920, 4072:4584, 3048:3560] (640, 512, 512) and write ROI [2280:2920, 4072:4584, 3048:3560] (640, 512, 512)
INFO:BatchTask:Received block HDF2ZarrTask_68b10192/598 with read ROI [2280:2920, 4072:4584, 4072:4584] (640, 512, 512) and write ROI [2280:2920, 4072:4584, 4072:4584] (640, 512, 512)
INFO:BatchTask:Received block HDF2ZarrTask_68b10192/1187 with read ROI [2280:2920, 4584:5096, 5608:6004] (640, 512, 396) and write ROI [2280:2920, 4584:5096, 5608:6004] (640, 512, 396)
INFO:BatchTask:Received block HDF2ZarrTask_68b10192/343 with read ROI [2280:2920, 5096:5608, 1512:2024] (640, 512, 512) and write ROI [2280:2920, 5096:5608, 1512:2024] (640, 512, 512)
INFO:BatchTask:Received block HDF2ZarrTask_68b10192/1197 with read ROI [2280:2920, 5096:5608, 5096:5608] (640, 512, 512) and write ROI [2280:2920, 5096:5608, 5096:5608] (640, 512, 512)
INFO:BatchTask:Received block HDF2ZarrTask_68b10192/354 with read ROI [2280:2920, 5608:6004, 1000:1512] (640, 396, 512) and write ROI [2280:2920, 5608:6004, 1000:1512] (640, 396, 512)
INFO:BatchTask:Received block HDF2ZarrTask_68b10192/628 with read ROI [2280:2920, 5608:6004, 2536:3048] (640, 396, 512) and write ROI [2280:2920, 5608:6004, 2536:3048] (640, 396, 512)
INFO:BatchTask:Received block HDF2ZarrTask_68b10192/884 with read ROI [2280:2920, 5608:6004, 3560:4072] (640, 396, 512) and write ROI [2280:2920, 5608:6004, 3560:4072] (640, 396, 512)
INFO:BatchTask:Received block HDF2ZarrTask_68b10192/1208 with read ROI [2280:2920, 5608:6004, 4584:5096] (640, 396, 512) and write ROI [2280:2920, 5608:6004, 4584:5096] (640, 396, 512)
INFO:BatchTask:Received block HDF2ZarrTask_68b10192/1608 with read ROI [2280:2920, 5608:6004, 5608:6004] (640, 396, 396) and write ROI [2280:2920, 5608:6004, 5608:6004] (640, 396, 396)
INFO:BatchTask:Received block HDF2ZarrTask_68b10192/29 with read ROI [2920:3560, 1000:1512, 1512:2024] (640, 512, 512) and write ROI [2920:3560, 1000:1512, 1512:2024] (640, 512, 512)
INFO:BatchTask:Received block HDF2ZarrTask_68b10192/53 with read ROI [2920:3560, 2024:2536, 1000:1512] (640, 512, 512) and write ROI [2920:3560, 2024:2536, 1000:1512] (640, 512, 512)
INFO:BatchTask:Received block HDF2ZarrTask_68b10192/102 with read ROI [2920:3560, 2024:2536, 2024:2536] (640, 512, 512) and write ROI [2920:3560, 2024:2536, 2024:2536] (640, 512, 512)
INFO:BatchTask:Received block HDF2ZarrTask_68b10192/183 with read ROI [2920:3560, 2024:2536, 3048:3560] (640, 512, 512) and write ROI [2920:3560, 2024:2536, 3048:3560] (640, 512, 512)
INFO:BatchTask:Received block HDF2ZarrTask_68b10192/304 with read ROI [2920:3560, 2024:2536, 4072:4584] (640, 512, 512) and write ROI [2920:3560, 2024:2536, 4072:4584] (640, 512, 512)
INFO:BatchTask:Received block HDF2ZarrTask_68b10192/473 with read ROI [2920:3560, 2024:2536, 5096:5608] (640, 512, 512) and write ROI [2920:3560, 2024:2536, 5096:5608] (640, 512, 512)
INFO:BatchTask:Received block HDF2ZarrTask_68b10192/80 with read ROI [2920:3560, 2536:3048, 1000:1512] (640, 512, 512) and write ROI [2920:3560, 2536:3048, 1000:1512] (640, 512, 512)
INFO:BatchTask:Received block HDF2ZarrTask_68b10192/144 with read ROI [2920:3560, 2536:3048, 2024:2536] (640, 512, 512) and write ROI [2920:3560, 2536:3048, 2024:2536] (640, 512, 512)
INFO:BatchTask:Received block HDF2ZarrTask_68b10192/244 with read ROI [2920:3560, 2536:3048, 3048:3560] (640, 512, 512) and write ROI [2920:3560, 2536:3048, 3048:3560] (640, 512, 512)
INFO:BatchTask:Received block HDF2ZarrTask_68b10192/388 with read ROI [2920:3560, 2536:3048, 4072:4584] (640, 512, 512) and write ROI [2920:3560, 2536:3048, 4072:4584] (640, 512, 512)
ERROR:daisy.client:Block HDF2ZarrTask_68b10192/388 with read ROI [2920:3560, 2536:3048, 4072:4584] (640, 512, 512) and write ROI [2920:3560, 2536:3048, 4072:4584] (640, 512, 512) failed in worker 1
Traceback (most recent call last):
  File "/home/samia/anaconda3/envs/funkelsd/lib/python3.8/site-packages/daisy/client.py", line 85, in acquire_block
    yield block
  File "/media/samia/DATA/PhD/codebases/restructured_packages/local_shape_descriptors/data_utils/download_data/batch_task_daisy.py", line 366, in run_worker
    database.add_finished(block.block_id)
  File "/media/samia/DATA/PhD/codebases/restructured_packages/local_shape_descriptors/data_utils/download_data/batch_task_daisy.py", line 82, in add_finished
    self.cur.execute(f"INSERT INTO {self.table_name} VALUES ('{block_id}')")
sqlite3.OperationalError: database is locked
INFO:BatchTask:Received block HDF2ZarrTask_68b10192/761 with read ROI [2920:3560, 5608:6004, 2536:3048] (640, 396, 512) and write ROI [2920:3560, 5608:6004, 2536:3048] (640, 396, 512)
INFO:BatchTask:Received block HDF2ZarrTask_68b10192/49 with read ROI [3560:4200, 1000:1512, 1512:2024] (640, 512, 512) and write ROI [3560:4200, 1000:1512, 1512:2024] (640, 512, 512)
INFO:BatchTask:Received block HDF2ZarrTask_68b10192/98 with read ROI [3560:4200, 1000:1512, 2536:3048] (640, 512, 512) and write ROI [3560:4200, 1000:1512, 2536:3048] (640, 512, 512)
INFO:BatchTask:Received block HDF2ZarrTask_68b10192/190 with read ROI [3560:4200, 2024:2536, 2536:3048] (640, 512, 512) and write ROI [3560:4200, 2024:2536, 2536:3048] (640, 512, 512)
INFO:BatchTask:Received block HDF2ZarrTask_68b10192/389 with read ROI [3560:4200, 2024:2536, 4072:4584] (640, 512, 512) and write ROI [3560:4200, 2024:2536, 4072:4584] (640, 512, 512)
INFO:BatchTask:Received block HDF2ZarrTask_68b10192/585 with read ROI [3560:4200, 2024:2536, 5096:5608] (640, 512, 512) and write ROI [3560:4200, 2024:2536, 5096:5608] (640, 512, 512)
INFO:BatchTask:Received block HDF2ZarrTask_68b10192/116 with read ROI [3560:4200, 2536:3048, 1000:1512] (640, 512, 512) and write ROI [3560:4200, 2536:3048, 1000:1512] (640, 512, 512)
INFO:BatchTask:Received block HDF2ZarrTask_68b10192/197 with read ROI [3560:4200, 2536:3048, 2024:2536] (640, 512, 512) and write ROI [3560:4200, 2536:3048, 2024:2536] (640, 512, 512)
INFO:BatchTask:Received block HDF2ZarrTask_68b10192/318 with read ROI [3560:4200, 2536:3048, 3048:3560] (640, 512, 512) and write ROI [3560:4200, 2536:3048, 3048:3560] (640, 512, 512)
INFO:BatchTask:Received block HDF2ZarrTask_68b10192/487 with read ROI [3560:4200, 2536:3048, 4072:4584] (640, 512, 512) and write ROI [3560:4200, 2536:3048, 4072:4584] (640, 512, 512)
INFO:BatchTask:Received block HDF2ZarrTask_68b10192/712 with read ROI [3560:4200, 2536:3048, 5096:5608] (640, 512, 512) and write ROI [3560:4200, 2536:3048, 5096:5608] (640, 512, 512)
INFO:BatchTask:Received block HDF2ZarrTask_68b10192/269 with read ROI [3560:4200, 3560:4072, 1512:2024] (640, 512, 512) and write ROI [3560:4200, 3560:4072, 1512:2024] (640, 512, 512)
INFO:BatchTask:Received block HDF2ZarrTask_68b10192/504 with read ROI [3560:4200, 3560:4072, 3048:3560] (640, 512, 512) and write ROI [3560:4200, 3560:4072, 3048:3560] (640, 512, 512)
INFO:BatchTask:Received block HDF2ZarrTask_68b10192/729 with read ROI [3560:4200, 3560:4072, 4072:4584] (640, 512, 512) and write ROI [3560:4200, 3560:4072, 4072:4584] (640, 512, 512)
INFO:BatchTask:Received block HDF2ZarrTask_68b10192/1018 with read ROI [3560:4200, 3560:4072, 5096:5608] (640, 512, 512) and write ROI [3560:4200, 3560:4072, 5096:5608] (640, 512, 512)
INFO:BatchTask:Received block HDF2ZarrTask_68b10192/279 with read ROI [3560:4200, 4072:4584, 1000:1512] (640, 512, 512) and write ROI [3560:4200, 4072:4584, 1000:1512] (640, 512, 512)
INFO:BatchTask:Received block HDF2ZarrTask_68b10192/423 with read ROI [3560:4200, 4072:4584, 2024:2536] (640, 512, 512) and write ROI [3560:4200, 4072:4584, 2024:2536] (640, 512, 512)
INFO:BatchTask:Received block HDF2ZarrTask_68b10192/619 with read ROI [3560:4200, 4072:4584, 3048:3560] (640, 512, 512) and write ROI [3560:4200, 4072:4584, 3048:3560] (640, 512, 512)
INFO:BatchTask:Received block HDF2ZarrTask_68b10192/875 with read ROI [3560:4200, 4072:4584, 4072:4584] (640, 512, 512) and write ROI [3560:4200, 4072:4584, 4072:4584] (640, 512, 512)
INFO:BatchTask:Received block HDF2ZarrTask_68b10192/1199 with read ROI [3560:4200, 4072:4584, 5096:5608] (640, 512, 512) and write ROI [3560:4200, 4072:4584, 5096:5608] (640, 512, 512)
INFO:BatchTask:Received block HDF2ZarrTask_68b10192/356 with read ROI [3560:4200, 4584:5096, 1000:1512] (640, 512, 512) and write ROI [3560:4200, 4584:5096, 1000:1512] (640, 512, 512)
INFO:BatchTask:Received block HDF2ZarrTask_68b10192/525 with read ROI [3560:4200, 4584:5096, 2024:2536] (640, 512, 512) and write ROI [3560:4200, 4584:5096, 2024:2536] (640, 512, 512)
INFO:BatchTask:Received block HDF2ZarrTask_68b10192/750 with read ROI [3560:4200, 4584:5096, 3048:3560] (640, 512, 512) and write ROI [3560:4200, 4584:5096, 3048:3560] (640, 512, 512)
INFO:BatchTask:Received block HDF2ZarrTask_68b10192/1039 with read ROI [3560:4200, 4584:5096, 4072:4584] (640, 512, 512) and write ROI [3560:4200, 4584:5096, 4072:4584] (640, 512, 512)
INFO:BatchTask:Received block HDF2ZarrTask_68b10192/1610 with read ROI [3560:4200, 4584:5096, 5608:6004] (640, 512, 396) and write ROI [3560:4200, 4584:5096, 5608:6004] (640, 512, 396)
INFO:BatchTask:Received block HDF2ZarrTask_68b10192/762 with read ROI [3560:4200, 5096:5608, 2536:3048] (640, 512, 512) and write ROI [3560:4200, 5096:5608, 2536:3048] (640, 512, 512)
INFO:BatchTask:Received block HDF2ZarrTask_68b10192/1051 with read ROI [3560:4200, 5096:5608, 3560:4072] (640, 512, 512) and write ROI [3560:4200, 5096:5608, 3560:4072] (640, 512, 512)
INFO:BatchTask:Received block HDF2ZarrTask_68b10192/1412 with read ROI [3560:4200, 5096:5608, 4584:5096] (640, 512, 512) and write ROI [3560:4200, 5096:5608, 4584:5096] (640, 512, 512)
INFO:BatchTask:Received block HDF2ZarrTask_68b10192/1853 with read ROI [3560:4200, 5096:5608, 5608:6004] (640, 512, 396) and write ROI [3560:4200, 5096:5608, 5608:6004] (640, 512, 396)
INFO:BatchTask:Received block HDF2ZarrTask_68b10192/655 with read ROI [3560:4200, 5608:6004, 1512:2024] (640, 396, 512) and write ROI [3560:4200, 5608:6004, 1512:2024] (640, 396, 512)
INFO:BatchTask:Received block HDF2ZarrTask_68b10192/911 with read ROI [3560:4200, 5608:6004, 2536:3048] (640, 396, 512) and write ROI [3560:4200, 5608:6004, 2536:3048] (640, 396, 512)
INFO:BatchTask:Received block HDF2ZarrTask_68b10192/1235 with read ROI [3560:4200, 5608:6004, 3560:4072] (640, 396, 512) and write ROI [3560:4200, 5608:6004, 3560:4072] (640, 396, 512)
INFO:BatchTask:Received block HDF2ZarrTask_68b10192/1635 with read ROI [3560:4200, 5608:6004, 4584:5096] (640, 396, 512) and write ROI [3560:4200, 5608:6004, 4584:5096] (640, 396, 512)
INFO:BatchTask:Received block HDF2ZarrTask_68b10192/2119 with read ROI [3560:4200, 5608:6004, 5608:6004] (640, 396, 396) and write ROI [3560:4200, 5608:6004, 5608:6004] (640, 396, 396)
INFO:BatchTask:Received block HDF2ZarrTask_68b10192/76 with read ROI [4200:4840, 1000:1512, 1512:2024] (640, 512, 512) and write ROI [4200:4840, 1000:1512, 1512:2024] (640, 512, 512)
INFO:BatchTask:Received block HDF2ZarrTask_68b10192/140 with read ROI [4200:4840, 1000:1512, 2536:3048] (640, 512, 512) and write ROI [4200:4840, 1000:1512, 2536:3048] (640, 512, 512)
INFO:BatchTask:Received block HDF2ZarrTask_68b10192/82 with read ROI [4200:4840, 1512:2024, 1000:1512] (640, 512, 512) and write ROI [4200:4840, 1512:2024, 1000:1512] (640, 512, 512)
INFO:BatchTask:Received block HDF2ZarrTask_68b10192/261 with read ROI [4200:4840, 2536:3048, 2024:2536] (640, 512, 512) and write ROI [4200:4840, 2536:3048, 2024:2536] (640, 512, 512)
INFO:BatchTask:Received block HDF2ZarrTask_68b10192/280 with read ROI [4200:4840, 3560:4072, 1000:1512] (640, 512, 512) and write ROI [4200:4840, 3560:4072, 1000:1512] (640, 512, 512)
INFO:BatchTask:Received block HDF2ZarrTask_68b10192/424 with read ROI [4200:4840, 3560:4072, 2024:2536] (640, 512, 512) and write ROI [4200:4840, 3560:4072, 2024:2536] (640, 512, 512)
INFO:BatchTask:Received block HDF2ZarrTask_68b10192/740 with read ROI [4200:4840, 3560:4072, 3560:4072] (640, 512, 512) and write ROI [4200:4840, 3560:4072, 3560:4072] (640, 512, 512)
INFO:BatchTask:Received block HDF2ZarrTask_68b10192/247 with read ROI [4840:5480, 1000:1512, 3048:3560] (640, 512, 512) and write ROI [4840:5480, 1000:1512, 3048:3560] (640, 512, 512)
INFO:BatchTask:Received block HDF2ZarrTask_68b10192/391 with read ROI [4840:5480, 1000:1512, 4072:4584] (640, 512, 512) and write ROI [4840:5480, 1000:1512, 4072:4584] (640, 512, 512)
INFO:BatchTask:Received block HDF2ZarrTask_68b10192/587 with read ROI [4840:5480, 1000:1512, 5096:5608] (640, 512, 512) and write ROI [4840:5480, 1000:1512, 5096:5608] (640, 512, 512)
INFO:BatchTask:Received block HDF2ZarrTask_68b10192/118 with read ROI [4840:5480, 1512:2024, 1000:1512] (640, 512, 512) and write ROI [4840:5480, 1512:2024, 1000:1512] (640, 512, 512)
INFO:BatchTask:Received block HDF2ZarrTask_68b10192/254 with read ROI [4840:5480, 1512:2024, 2536:3048] (640, 512, 512) and write ROI [4840:5480, 1512:2024, 2536:3048] (640, 512, 512)
INFO:BatchTask:Received block HDF2ZarrTask_68b10192/398 with read ROI [4840:5480, 1512:2024, 3560:4072] (640, 512, 512) and write ROI [4840:5480, 1512:2024, 3560:4072] (640, 512, 512)
INFO:BatchTask:Received block HDF2ZarrTask_68b10192/594 with read ROI [4840:5480, 1512:2024, 4584:5096] (640, 512, 512) and write ROI [4840:5480, 1512:2024, 4584:5096] (640, 512, 512)
INFO:BatchTask:Received block HDF2ZarrTask_68b10192/602 with read ROI [4840:5480, 2024:2536, 4072:4584] (640, 512, 512) and write ROI [4840:5480, 2024:2536, 4072:4584] (640, 512, 512)
INFO:BatchTask:Received block HDF2ZarrTask_68b10192/858 with read ROI [4840:5480, 2024:2536, 5096:5608] (640, 512, 512) and write ROI [4840:5480, 2024:2536, 5096:5608] (640, 512, 512)
INFO:BatchTask:Received block HDF2ZarrTask_68b10192/216 with read ROI [4840:5480, 2536:3048, 1000:1512] (640, 512, 512) and write ROI [4840:5480, 2536:3048, 1000:1512] (640, 512, 512)
INFO:BatchTask:Received block HDF2ZarrTask_68b10192/337 with read ROI [4840:5480, 2536:3048, 2024:2536] (640, 512, 512) and write ROI [4840:5480, 2536:3048, 2024:2536] (640, 512, 512)
INFO:BatchTask:Received block HDF2ZarrTask_68b10192/506 with read ROI [4840:5480, 2536:3048, 3048:3560] (640, 512, 512) and write ROI [4840:5480, 2536:3048, 3048:3560] (640, 512, 512)
INFO:BatchTask:Received block HDF2ZarrTask_68b10192/877 with read ROI [4840:5480, 3048:3560, 4072:4584] (640, 512, 512) and write ROI [4840:5480, 3048:3560, 4072:4584] (640, 512, 512)
INFO:BatchTask:Received block HDF2ZarrTask_68b10192/1201 with read ROI [4840:5480, 3048:3560, 5096:5608] (640, 512, 512) and write ROI [4840:5480, 3048:3560, 5096:5608] (640, 512, 512)
INFO:BatchTask:Received block HDF2ZarrTask_68b10192/358 with read ROI [4840:5480, 3560:4072, 1000:1512] (640, 512, 512) and write ROI [4840:5480, 3560:4072, 1000:1512] (640, 512, 512)
INFO:BatchTask:Received block HDF2ZarrTask_68b10192/527 with read ROI [4840:5480, 3560:4072, 2024:2536] (640, 512, 512) and write ROI [4840:5480, 3560:4072, 2024:2536] (640, 512, 512)
INFO:BatchTask:Received block HDF2ZarrTask_68b10192/752 with read ROI [4840:5480, 3560:4072, 3048:3560] (640, 512, 512) and write ROI [4840:5480, 3560:4072, 3048:3560] (640, 512, 512)
INFO:BatchTask:Received block HDF2ZarrTask_68b10192/1041 with read ROI [4840:5480, 3560:4072, 4072:4584] (640, 512, 512) and write ROI [4840:5480, 3560:4072, 4072:4584] (640, 512, 512)
INFO:BatchTask:Received block HDF2ZarrTask_68b10192/1402 with read ROI [4840:5480, 3560:4072, 5096:5608] (640, 512, 512) and write ROI [4840:5480, 3560:4072, 5096:5608] (640, 512, 512)
INFO:BatchTask:Received block HDF2ZarrTask_68b10192/448 with read ROI [4840:5480, 4072:4584, 1000:1512] (640, 512, 512) and write ROI [4840:5480, 4072:4584, 1000:1512] (640, 512, 512)
INFO:BatchTask:Received block HDF2ZarrTask_68b10192/644 with read ROI [4840:5480, 4072:4584, 2024:2536] (640, 512, 512) and write ROI [4840:5480, 4072:4584, 2024:2536] (640, 512, 512)
INFO:BatchTask:Received block HDF2ZarrTask_68b10192/900 with read ROI [4840:5480, 4072:4584, 3048:3560] (640, 512, 512) and write ROI [4840:5480, 4072:4584, 3048:3560] (640, 512, 512)
INFO:BatchTask:Received block HDF2ZarrTask_68b10192/1224 with read ROI [4840:5480, 4072:4584, 4072:4584] (640, 512, 512) and write ROI [4840:5480, 4072:4584, 4072:4584] (640, 512, 512)
INFO:BatchTask:Received block HDF2ZarrTask_68b10192/1624 with read ROI [4840:5480, 4072:4584, 5096:5608] (640, 512, 512) and write ROI [4840:5480, 4072:4584, 5096:5608] (640, 512, 512)
INFO:BatchTask:Received block HDF2ZarrTask_68b10192/321 with read ROI [5480:6040, 1000:1512, 3048:3560] (560, 512, 512) and write ROI [5480:6040, 1000:1512, 3048:3560] (560, 512, 512)
INFO:BatchTask:Received block HDF2ZarrTask_68b10192/163 with read ROI [5480:6040, 1512:2024, 1000:1512] (560, 512, 512) and write ROI [5480:6040, 1512:2024, 1000:1512] (560, 512, 512)
INFO:BatchTask:Received block HDF2ZarrTask_68b10192/263 with read ROI [5480:6040, 1512:2024, 2024:2536] (560, 512, 512) and write ROI [5480:6040, 1512:2024, 2024:2536] (560, 512, 512)
INFO:BatchTask:Received block HDF2ZarrTask_68b10192/407 with read ROI [5480:6040, 1512:2024, 3048:3560] (560, 512, 512) and write ROI [5480:6040, 1512:2024, 3048:3560] (560, 512, 512)
INFO:BatchTask:Received block HDF2ZarrTask_68b10192/603 with read ROI [5480:6040, 1512:2024, 4072:4584] (560, 512, 512) and write ROI [5480:6040, 1512:2024, 4072:4584] (560, 512, 512)
INFO:BatchTask:Received block HDF2ZarrTask_68b10192/859 with read ROI [5480:6040, 1512:2024, 5096:5608] (560, 512, 512) and write ROI [5480:6040, 1512:2024, 5096:5608] (560, 512, 512)
INFO:BatchTask:Received block HDF2ZarrTask_68b10192/217 with read ROI [5480:6040, 2024:2536, 1000:1512] (560, 512, 512) and write ROI [5480:6040, 2024:2536, 1000:1512] (560, 512, 512)
INFO:BatchTask:Received block HDF2ZarrTask_68b10192/338 with read ROI [5480:6040, 2024:2536, 2024:2536] (560, 512, 512) and write ROI [5480:6040, 2024:2536, 2024:2536] (560, 512, 512)
INFO:BatchTask:Received block HDF2ZarrTask_68b10192/507 with read ROI [5480:6040, 2024:2536, 3048:3560] (560, 512, 512) and write ROI [5480:6040, 2024:2536, 3048:3560] (560, 512, 512)
INFO:BatchTask:Received block HDF2ZarrTask_68b10192/732 with read ROI [5480:6040, 2024:2536, 4072:4584] (560, 512, 512) and write ROI [5480:6040, 2024:2536, 4072:4584] (560, 512, 512)
INFO:BatchTask:Received block HDF2ZarrTask_68b10192/1021 with read ROI [5480:6040, 2024:2536, 5096:5608] (560, 512, 512) and write ROI [5480:6040, 2024:2536, 5096:5608] (560, 512, 512)
INFO:BatchTask:Received block HDF2ZarrTask_68b10192/282 with read ROI [5480:6040, 2536:3048, 1000:1512] (560, 512, 512) and write ROI [5480:6040, 2536:3048, 1000:1512] (560, 512, 512)
INFO:BatchTask:Received block HDF2ZarrTask_68b10192/426 with read ROI [5480:6040, 2536:3048, 2024:2536] (560, 512, 512) and write ROI [5480:6040, 2536:3048, 2024:2536] (560, 512, 512)
INFO:BatchTask:Received block HDF2ZarrTask_68b10192/622 with read ROI [5480:6040, 2536:3048, 3048:3560] (560, 512, 512) and write ROI [5480:6040, 2536:3048, 3048:3560] (560, 512, 512)
INFO:BatchTask:Received block HDF2ZarrTask_68b10192/878 with read ROI [5480:6040, 2536:3048, 4072:4584] (560, 512, 512) and write ROI [5480:6040, 2536:3048, 4072:4584] (560, 512, 512)
INFO:BatchTask:Received block HDF2ZarrTask_68b10192/1202 with read ROI [5480:6040, 2536:3048, 5096:5608] (560, 512, 512) and write ROI [5480:6040, 2536:3048, 5096:5608] (560, 512, 512)
INFO:BatchTask:Received block HDF2ZarrTask_68b10192/1869 with read ROI [5480:6040, 4072:4584, 5096:5608] (560, 512, 512) and write ROI [5480:6040, 4072:4584, 5096:5608] (560, 512, 512)
INFO:BatchTask:Received block HDF2ZarrTask_68b10192/672 with read ROI [5480:6040, 4584:5096, 1000:1512] (560, 512, 512) and write ROI [5480:6040, 4584:5096, 1000:1512] (560, 512, 512)
INFO:BatchTask:Received block HDF2ZarrTask_68b10192/928 with read ROI [5480:6040, 4584:5096, 2024:2536] (560, 512, 512) and write ROI [5480:6040, 4584:5096, 2024:2536] (560, 512, 512)
INFO:BatchTask:Received block HDF2ZarrTask_68b10192/1883 with read ROI [5480:6040, 4584:5096, 4584:5096] (560, 512, 512) and write ROI [5480:6040, 4584:5096, 4584:5096] (560, 512, 512)
INFO:BatchTask:Received block HDF2ZarrTask_68b10192/2412 with read ROI [5480:6040, 4584:5096, 5608:6004] (560, 512, 396) and write ROI [5480:6040, 4584:5096, 5608:6004] (560, 512, 396)
INFO:BatchTask:Received block HDF2ZarrTask_68b10192/943 with read ROI [5480:6040, 5096:5608, 1512:2024] (560, 512, 512) and write ROI [5480:6040, 5096:5608, 1512:2024] (560, 512, 512)
INFO:BatchTask:Received block HDF2ZarrTask_68b10192/1267 with read ROI [5480:6040, 5096:5608, 2536:3048] (560, 512, 512) and write ROI [5480:6040, 5096:5608, 2536:3048] (560, 512, 512)
INFO:BatchTask:Received block HDF2ZarrTask_68b10192/1667 with read ROI [5480:6040, 5096:5608, 3560:4072] (560, 512, 512) and write ROI [5480:6040, 5096:5608, 3560:4072] (560, 512, 512)
INFO:BatchTask:Received block HDF2ZarrTask_68b10192/2151 with read ROI [5480:6040, 5096:5608, 4584:5096] (560, 512, 512) and write ROI [5480:6040, 5096:5608, 4584:5096] (560, 512, 512)
INFO:BatchTask:Received block HDF2ZarrTask_68b10192/2727 with read ROI [5480:6040, 5096:5608, 5608:6004] (560, 512, 396) and write ROI [5480:6040, 5096:5608, 5608:6004] (560, 512, 396)
INFO:BatchTask:Received block HDF2ZarrTask_68b10192/1112 with read ROI [5480:6040, 5608:6004, 1512:2024] (560, 396, 512) and write ROI [5480:6040, 5608:6004, 1512:2024] (560, 396, 512)
INFO:BatchTask:Received block HDF2ZarrTask_68b10192/1473 with read ROI [5480:6040, 5608:6004, 2536:3048] (560, 396, 512) and write ROI [5480:6040, 5608:6004, 2536:3048] (560, 396, 512)
INFO:BatchTask:Received block HDF2ZarrTask_68b10192/1914 with read ROI [5480:6040, 5608:6004, 3560:4072] (560, 396, 512) and write ROI [5480:6040, 5608:6004, 3560:4072] (560, 396, 512)
INFO:BatchTask:Received block HDF2ZarrTask_68b10192/2443 with read ROI [5480:6040, 5608:6004, 4584:5096] (560, 396, 512) and write ROI [5480:6040, 5608:6004, 4584:5096] (560, 396, 512)
INFO:BatchTask:Received block HDF2ZarrTask_68b10192/3068 with read ROI [5480:6040, 5608:6004, 5608:6004] (560, 396, 396) and write ROI [5480:6040, 5608:6004, 5608:6004] (560, 396, 396)
