MtlsdModel(
  (unet): UNet(
    (l_conv): ModuleList(
      (0): ConvPass(
        (conv_pass): Sequential(
          (0): Conv3d(1, 12, kernel_size=(3, 3, 3), stride=(1, 1, 1))
          (1): ReLU()
          (2): Conv3d(12, 12, kernel_size=(3, 3, 3), stride=(1, 1, 1))
          (3): ReLU()
        )
      )
      (1): ConvPass(
        (conv_pass): Sequential(
          (0): Conv3d(12, 60, kernel_size=(3, 3, 3), stride=(1, 1, 1))
          (1): ReLU()
          (2): Conv3d(60, 60, kernel_size=(3, 3, 3), stride=(1, 1, 1))
          (3): ReLU()
        )
      )
      (2): ConvPass(
        (conv_pass): Sequential(
          (0): Conv3d(60, 300, kernel_size=(3, 3, 3), stride=(1, 1, 1))
          (1): ReLU()
          (2): Conv3d(300, 300, kernel_size=(3, 3, 3), stride=(1, 1, 1))
          (3): ReLU()
        )
      )
      (3): ConvPass(
        (conv_pass): Sequential(
          (0): Conv3d(300, 1500, kernel_size=(3, 3, 3), stride=(1, 1, 1))
          (1): ReLU()
          (2): Conv3d(1500, 1500, kernel_size=(3, 3, 3), stride=(1, 1, 1))
          (3): ReLU()
        )
      )
    )
    (l_down): ModuleList(
      (0): Downsample(
        (down): MaxPool3d(kernel_size=[2, 2, 2], stride=[2, 2, 2], padding=0, dilation=1, ceil_mode=False)
      )
      (1): Downsample(
        (down): MaxPool3d(kernel_size=[2, 2, 2], stride=[2, 2, 2], padding=0, dilation=1, ceil_mode=False)
      )
      (2): Downsample(
        (down): MaxPool3d(kernel_size=[3, 3, 3], stride=[3, 3, 3], padding=0, dilation=1, ceil_mode=False)
      )
    )
    (r_up): ModuleList(
      (0): ModuleList(
        (0): Upsample(
          (up): ConvTranspose3d(60, 60, kernel_size=(2, 2, 2), stride=(2, 2, 2))
        )
        (1): Upsample(
          (up): ConvTranspose3d(300, 300, kernel_size=(2, 2, 2), stride=(2, 2, 2))
        )
        (2): Upsample(
          (up): ConvTranspose3d(1500, 1500, kernel_size=(3, 3, 3), stride=(3, 3, 3))
        )
      )
    )
    (r_conv): ModuleList(
      (0): ModuleList(
        (0): ConvPass(
          (conv_pass): Sequential(
            (0): Conv3d(72, 12, kernel_size=(3, 3, 3), stride=(1, 1, 1))
            (1): ReLU()
            (2): Conv3d(12, 12, kernel_size=(3, 3, 3), stride=(1, 1, 1))
            (3): ReLU()
          )
        )
        (1): ConvPass(
          (conv_pass): Sequential(
            (0): Conv3d(360, 60, kernel_size=(3, 3, 3), stride=(1, 1, 1))
            (1): ReLU()
            (2): Conv3d(60, 60, kernel_size=(3, 3, 3), stride=(1, 1, 1))
            (3): ReLU()
          )
        )
        (2): ConvPass(
          (conv_pass): Sequential(
            (0): Conv3d(1800, 300, kernel_size=(3, 3, 3), stride=(1, 1, 1))
            (1): ReLU()
            (2): Conv3d(300, 300, kernel_size=(3, 3, 3), stride=(1, 1, 1))
            (3): ReLU()
          )
        )
      )
    )
  )
  (lsd_head): ConvPass(
    (conv_pass): Sequential(
      (0): Conv3d(12, 10, kernel_size=(1, 1, 1), stride=(1, 1, 1))
      (1): Sigmoid()
    )
  )
  (aff_head): ConvPass(
    (conv_pass): Sequential(
      (0): Conv3d(12, 3, kernel_size=(1, 1, 1), stride=(1, 1, 1))
      (1): Sigmoid()
    )
  )
)
Model Parameters: 155.160M
Saving outputs to /media/samia/DATA/mounts/zstore1/lsd_outputs/OCTO_3CUBES_ZYX/MTLSD/3d/clahed_hemi_mito_unproof/model_checkpoint_300000/octo_cube1_8083_8765_y5878_6542_z4697_5319.zarr
local variable 'mask' referenced before assignment
Recording block-done for octoCube180838765Y58786542Z46975319_pred_affs/24 with read ROI [80:1648, 80:1648, 656:2224] (1568, 1568, 1568) and write ROI [576:1152, 576:1152, 1152:1728] (576, 576, 576)
Recorded block-done for octoCube180838765Y58786542Z46975319_pred_affs/24 with read ROI [80:1648, 80:1648, 656:2224] (1568, 1568, 1568) and write ROI [576:1152, 576:1152, 1152:1728] (576, 576, 576)
Recording block-done for octoCube180838765Y58786542Z46975319_pred_affs/124 with read ROI [80:1648, 80:1648, 2960:4528] (1568, 1568, 1568) and write ROI [576:1152, 576:1152, 3456:4032] (576, 576, 576)
Recorded block-done for octoCube180838765Y58786542Z46975319_pred_affs/124 with read ROI [80:1648, 80:1648, 2960:4528] (1568, 1568, 1568) and write ROI [576:1152, 576:1152, 3456:4032] (576, 576, 576)
Recording block-done for octoCube180838765Y58786542Z46975319_pred_affs/42 with read ROI [80:1648, 656:2224, 656:2224] (1568, 1568, 1568) and write ROI [576:1152, 1152:1728, 1152:1728] (576, 576, 576)
Recorded block-done for octoCube180838765Y58786542Z46975319_pred_affs/42 with read ROI [80:1648, 656:2224, 656:2224] (1568, 1568, 1568) and write ROI [576:1152, 1152:1728, 1152:1728] (576, 576, 576)
Recording block-done for octoCube180838765Y58786542Z46975319_pred_affs/91 with read ROI [80:1648, 656:2224, 1808:3376] (1568, 1568, 1568) and write ROI [576:1152, 1152:1728, 2304:2880] (576, 576, 576)
Recorded block-done for octoCube180838765Y58786542Z46975319_pred_affs/91 with read ROI [80:1648, 656:2224, 1808:3376] (1568, 1568, 1568) and write ROI [576:1152, 1152:1728, 2304:2880] (576, 576, 576)
Recording block-done for octoCube180838765Y58786542Z46975319_pred_affs/131 with read ROI [80:1648, 1232:2800, 1808:3376] (1568, 1568, 1568) and write ROI [576:1152, 1728:2304, 2304:2880] (576, 576, 576)
Recorded block-done for octoCube180838765Y58786542Z46975319_pred_affs/131 with read ROI [80:1648, 1232:2800, 1808:3376] (1568, 1568, 1568) and write ROI [576:1152, 1728:2304, 2304:2880] (576, 576, 576)
Recording block-done for octoCube180838765Y58786542Z46975319_pred_affs/95 with read ROI [80:1648, 1232:2800, 1232:2800] (1568, 1568, 1568) and write ROI [576:1152, 1728:2304, 1728:2304] (576, 576, 576)
Recorded block-done for octoCube180838765Y58786542Z46975319_pred_affs/95 with read ROI [80:1648, 1232:2800, 1232:2800] (1568, 1568, 1568) and write ROI [576:1152, 1728:2304, 1728:2304] (576, 576, 576)
Recording block-done for octoCube180838765Y58786542Z46975319_pred_affs/302 with read ROI [80:1648, 1808:3376, 2960:4528] (1568, 1568, 1568) and write ROI [576:1152, 2304:2880, 3456:4032] (576, 576, 576)
Recorded block-done for octoCube180838765Y58786542Z46975319_pred_affs/302 with read ROI [80:1648, 1808:3376, 2960:4528] (1568, 1568, 1568) and write ROI [576:1152, 2304:2880, 3456:4032] (576, 576, 576)
Recording block-done for octoCube180838765Y58786542Z46975319_pred_affs/136 with read ROI [80:1648, 1808:3376, 1232:2800] (1568, 1568, 1568) and write ROI [576:1152, 2304:2880, 1728:2304] (576, 576, 576)
Recorded block-done for octoCube180838765Y58786542Z46975319_pred_affs/136 with read ROI [80:1648, 1808:3376, 1232:2800] (1568, 1568, 1568) and write ROI [576:1152, 2304:2880, 1728:2304] (576, 576, 576)
Recording block-done for octoCube180838765Y58786542Z46975319_pred_affs/181 with read ROI [80:1648, 1808:3376, 1808:3376] (1568, 1568, 1568) and write ROI [576:1152, 2304:2880, 2304:2880] (576, 576, 576)
Recorded block-done for octoCube180838765Y58786542Z46975319_pred_affs/181 with read ROI [80:1648, 1808:3376, 1808:3376] (1568, 1568, 1568) and write ROI [576:1152, 2304:2880, 2304:2880] (576, 576, 576)
Recording block-done for octoCube180838765Y58786542Z46975319_pred_affs/308 with read ROI [80:1648, 2384:3952, 2384:3952] (1568, 1568, 1568) and write ROI [576:1152, 2880:3456, 2880:3456] (576, 576, 576)
Recorded block-done for octoCube180838765Y58786542Z46975319_pred_affs/308 with read ROI [80:1648, 2384:3952, 2384:3952] (1568, 1568, 1568) and write ROI [576:1152, 2880:3456, 2880:3456] (576, 576, 576)
Recording block-done for octoCube180838765Y58786542Z46975319_pred_affs/149 with read ROI [80:1648, 2960:4528, 80:1648] (1568, 1568, 1568) and write ROI [576:1152, 3456:4032, 576:1152] (576, 576, 576)
Recorded block-done for octoCube180838765Y58786542Z46975319_pred_affs/149 with read ROI [80:1648, 2960:4528, 80:1648] (1568, 1568, 1568) and write ROI [576:1152, 3456:4032, 576:1152] (576, 576, 576)
Recording block-done for octoCube180838765Y58786542Z46975319_pred_affs/194 with read ROI [80:1648, 2960:4528, 656:2224] (1568, 1568, 1568) and write ROI [576:1152, 3456:4032, 1152:1728] (576, 576, 576)
Recorded block-done for octoCube180838765Y58786542Z46975319_pred_affs/194 with read ROI [80:1648, 2960:4528, 656:2224] (1568, 1568, 1568) and write ROI [576:1152, 3456:4032, 1152:1728] (576, 576, 576)
Recording block-done for octoCube180838765Y58786542Z46975319_pred_affs/315 with read ROI [80:1648, 2960:4528, 1808:3376] (1568, 1568, 1568) and write ROI [576:1152, 3456:4032, 2304:2880] (576, 576, 576)
Recorded block-done for octoCube180838765Y58786542Z46975319_pred_affs/315 with read ROI [80:1648, 2960:4528, 1808:3376] (1568, 1568, 1568) and write ROI [576:1152, 3456:4032, 2304:2880] (576, 576, 576)
Recording block-done for octoCube180838765Y58786542Z46975319_pred_affs/323 with read ROI [80:1648, 3536:5104, 1232:2800] (1568, 1568, 1568) and write ROI [576:1152, 4032:4608, 1728:2304] (576, 576, 576)
Recorded block-done for octoCube180838765Y58786542Z46975319_pred_affs/323 with read ROI [80:1648, 3536:5104, 1232:2800] (1568, 1568, 1568) and write ROI [576:1152, 4032:4608, 1728:2304] (576, 576, 576)
Recording block-done for octoCube180838765Y58786542Z46975319_pred_affs/597 with read ROI [80:1648, 3536:5104, 2960:4528] (1568, 1568, 1568) and write ROI [576:1152, 4032:4608, 3456:4032] (576, 576, 576)
Recorded block-done for octoCube180838765Y58786542Z46975319_pred_affs/597 with read ROI [80:1648, 3536:5104, 2960:4528] (1568, 1568, 1568) and write ROI [576:1152, 4032:4608, 3456:4032] (576, 576, 576)
Recording block-done for octoCube180838765Y58786542Z46975319_pred_affs/717 with read ROI [80:1648, 3536:5104, 3536:5104] (1568, 1568, 1568) and write ROI [576:1152, 4032:4608, 4032:4608] (576, 576, 576)
Recorded block-done for octoCube180838765Y58786542Z46975319_pred_affs/717 with read ROI [80:1648, 3536:5104, 3536:5104] (1568, 1568, 1568) and write ROI [576:1152, 4032:4608, 4032:4608] (576, 576, 576)
Recording block-done for octoCube180838765Y58786542Z46975319_pred_affs/43 with read ROI [656:2224, 80:1648, 656:2224] (1568, 1568, 1568) and write ROI [1152:1728, 576:1152, 1152:1728] (576, 576, 576)
Recorded block-done for octoCube180838765Y58786542Z46975319_pred_affs/43 with read ROI [656:2224, 80:1648, 656:2224] (1568, 1568, 1568) and write ROI [1152:1728, 576:1152, 1152:1728] (576, 576, 576)
Recording block-done for octoCube180838765Y58786542Z46975319_pred_affs/92 with read ROI [656:2224, 80:1648, 1808:3376] (1568, 1568, 1568) and write ROI [1152:1728, 576:1152, 2304:2880] (576, 576, 576)
Recorded block-done for octoCube180838765Y58786542Z46975319_pred_affs/92 with read ROI [656:2224, 80:1648, 1808:3376] (1568, 1568, 1568) and write ROI [1152:1728, 576:1152, 2304:2880] (576, 576, 576)
Recording block-done for octoCube180838765Y58786542Z46975319_pred_affs/173 with read ROI [656:2224, 80:1648, 2960:4528] (1568, 1568, 1568) and write ROI [1152:1728, 576:1152, 3456:4032] (576, 576, 576)
Recorded block-done for octoCube180838765Y58786542Z46975319_pred_affs/173 with read ROI [656:2224, 80:1648, 2960:4528] (1568, 1568, 1568) and write ROI [1152:1728, 576:1152, 3456:4032] (576, 576, 576)
Recording block-done for octoCube180838765Y58786542Z46975319_pred_affs/177 with read ROI [656:2224, 656:2224, 2384:3952] (1568, 1568, 1568) and write ROI [1152:1728, 1152:1728, 2880:3456] (576, 576, 576)
Recorded block-done for octoCube180838765Y58786542Z46975319_pred_affs/177 with read ROI [656:2224, 656:2224, 2384:3952] (1568, 1568, 1568) and write ROI [1152:1728, 1152:1728, 2880:3456] (576, 576, 576)
Recording block-done for octoCube180838765Y58786542Z46975319_pred_affs/73 with read ROI [656:2224, 1232:2800, 80:1648] (1568, 1568, 1568) and write ROI [1152:1728, 1728:2304, 576:1152] (576, 576, 576)
Recorded block-done for octoCube180838765Y58786542Z46975319_pred_affs/73 with read ROI [656:2224, 1232:2800, 80:1648] (1568, 1568, 1568) and write ROI [1152:1728, 1728:2304, 576:1152] (576, 576, 576)
Recording block-done for octoCube180838765Y58786542Z46975319_pred_affs/237 with read ROI [656:2224, 1232:2800, 2384:3952] (1568, 1568, 1568) and write ROI [1152:1728, 1728:2304, 2880:3456] (576, 576, 576)
Recorded block-done for octoCube180838765Y58786542Z46975319_pred_affs/237 with read ROI [656:2224, 1232:2800, 2384:3952] (1568, 1568, 1568) and write ROI [1152:1728, 1728:2304, 2880:3456] (576, 576, 576)
Recording block-done for octoCube180838765Y58786542Z46975319_pred_affs/137 with read ROI [656:2224, 1232:2800, 1232:2800] (1568, 1568, 1568) and write ROI [1152:1728, 1728:2304, 1728:2304] (576, 576, 576)
Recorded block-done for octoCube180838765Y58786542Z46975319_pred_affs/137 with read ROI [656:2224, 1232:2800, 1232:2800] (1568, 1568, 1568) and write ROI [1152:1728, 1728:2304, 1728:2304] (576, 576, 576)
Recording block-done for octoCube180838765Y58786542Z46975319_pred_affs/381 with read ROI [656:2224, 1232:2800, 3536:5104] (1568, 1568, 1568) and write ROI [1152:1728, 1728:2304, 4032:4608] (576, 576, 576)
Recorded block-done for octoCube180838765Y58786542Z46975319_pred_affs/381 with read ROI [656:2224, 1232:2800, 3536:5104] (1568, 1568, 1568) and write ROI [1152:1728, 1728:2304, 4032:4608] (576, 576, 576)
Recording block-done for octoCube180838765Y58786542Z46975319_pred_affs/387 with read ROI [656:2224, 1808:3376, 2960:4528] (1568, 1568, 1568) and write ROI [1152:1728, 2304:2880, 3456:4032] (576, 576, 576)
Recorded block-done for octoCube180838765Y58786542Z46975319_pred_affs/387 with read ROI [656:2224, 1808:3376, 2960:4528] (1568, 1568, 1568) and write ROI [1152:1728, 2304:2880, 3456:4032] (576, 576, 576)
Recording block-done for octoCube180838765Y58786542Z46975319_pred_affs/150 with read ROI [656:2224, 2384:3952, 80:1648] (1568, 1568, 1568) and write ROI [1152:1728, 2880:3456, 576:1152] (576, 576, 576)
Recorded block-done for octoCube180838765Y58786542Z46975319_pred_affs/150 with read ROI [656:2224, 2384:3952, 80:1648] (1568, 1568, 1568) and write ROI [1152:1728, 2880:3456, 576:1152] (576, 576, 576)
Recording block-done for octoCube180838765Y58786542Z46975319_pred_affs/243 with read ROI [656:2224, 1808:3376, 1808:3376] (1568, 1568, 1568) and write ROI [1152:1728, 2304:2880, 2304:2880] (576, 576, 576)
Recorded block-done for octoCube180838765Y58786542Z46975319_pred_affs/243 with read ROI [656:2224, 1808:3376, 1808:3376] (1568, 1568, 1568) and write ROI [1152:1728, 2304:2880, 2304:2880] (576, 576, 576)
Recording block-done for octoCube180838765Y58786542Z46975319_pred_affs/485 with read ROI [656:2224, 2384:3952, 2960:4528] (1568, 1568, 1568) and write ROI [1152:1728, 2880:3456, 3456:4032] (576, 576, 576)
Recorded block-done for octoCube180838765Y58786542Z46975319_pred_affs/485 with read ROI [656:2224, 2384:3952, 2960:4528] (1568, 1568, 1568) and write ROI [1152:1728, 2880:3456, 3456:4032] (576, 576, 576)
Recording block-done for octoCube180838765Y58786542Z46975319_pred_affs/590 with read ROI [656:2224, 2384:3952, 3536:5104] (1568, 1568, 1568) and write ROI [1152:1728, 2880:3456, 4032:4608] (576, 576, 576)
Recorded block-done for octoCube180838765Y58786542Z46975319_pred_affs/590 with read ROI [656:2224, 2384:3952, 3536:5104] (1568, 1568, 1568) and write ROI [1152:1728, 2880:3456, 4032:4608] (576, 576, 576)
Recording block-done for octoCube180838765Y58786542Z46975319_pred_affs/267 with read ROI [656:2224, 3536:5104, 80:1648] (1568, 1568, 1568) and write ROI [1152:1728, 4032:4608, 576:1152] (576, 576, 576)
Recorded block-done for octoCube180838765Y58786542Z46975319_pred_affs/267 with read ROI [656:2224, 3536:5104, 80:1648] (1568, 1568, 1568) and write ROI [1152:1728, 4032:4608, 576:1152] (576, 576, 576)
Recording block-done for octoCube180838765Y58786542Z46975319_pred_affs/258 with read ROI [656:2224, 2960:4528, 656:2224] (1568, 1568, 1568) and write ROI [1152:1728, 3456:4032, 1152:1728] (576, 576, 576)
Recorded block-done for octoCube180838765Y58786542Z46975319_pred_affs/258 with read ROI [656:2224, 2960:4528, 656:2224] (1568, 1568, 1568) and write ROI [1152:1728, 3456:4032, 1152:1728] (576, 576, 576)
Recording block-done for octoCube180838765Y58786542Z46975319_pred_affs/333 with read ROI [656:2224, 3536:5104, 656:2224] (1568, 1568, 1568) and write ROI [1152:1728, 4032:4608, 1152:1728] (576, 576, 576)
Recorded block-done for octoCube180838765Y58786542Z46975319_pred_affs/333 with read ROI [656:2224, 3536:5104, 656:2224] (1568, 1568, 1568) and write ROI [1152:1728, 4032:4608, 1152:1728] (576, 576, 576)
Recording block-done for octoCube180838765Y58786542Z46975319_pred_affs/607 with read ROI [656:2224, 3536:5104, 2384:3952] (1568, 1568, 1568) and write ROI [1152:1728, 4032:4608, 2880:3456] (576, 576, 576)
Recorded block-done for octoCube180838765Y58786542Z46975319_pred_affs/607 with read ROI [656:2224, 3536:5104, 2384:3952] (1568, 1568, 1568) and write ROI [1152:1728, 4032:4608, 2880:3456] (576, 576, 576)
Recording block-done for octoCube180838765Y58786542Z46975319_pred_affs/727 with read ROI [656:2224, 3536:5104, 2960:4528] (1568, 1568, 1568) and write ROI [1152:1728, 4032:4608, 3456:4032] (576, 576, 576)
Recorded block-done for octoCube180838765Y58786542Z46975319_pred_affs/727 with read ROI [656:2224, 3536:5104, 2960:4528] (1568, 1568, 1568) and write ROI [1152:1728, 4032:4608, 3456:4032] (576, 576, 576)
Recording block-done for octoCube180838765Y58786542Z46975319_pred_affs/48 with read ROI [1232:2800, 80:1648, 80:1648] (1568, 1568, 1568) and write ROI [1728:2304, 576:1152, 576:1152] (576, 576, 576)
Recorded block-done for octoCube180838765Y58786542Z46975319_pred_affs/48 with read ROI [1232:2800, 80:1648, 80:1648] (1568, 1568, 1568) and write ROI [1728:2304, 576:1152, 576:1152] (576, 576, 576)
Recording block-done for octoCube180838765Y58786542Z46975319_pred_affs/178 with read ROI [1232:2800, 80:1648, 2384:3952] (1568, 1568, 1568) and write ROI [1728:2304, 576:1152, 2880:3456] (576, 576, 576)
Recorded block-done for octoCube180838765Y58786542Z46975319_pred_affs/178 with read ROI [1232:2800, 80:1648, 2384:3952] (1568, 1568, 1568) and write ROI [1728:2304, 576:1152, 2880:3456] (576, 576, 576)
Recording block-done for octoCube180838765Y58786542Z46975319_pred_affs/97 with read ROI [1232:2800, 80:1648, 1232:2800] (1568, 1568, 1568) and write ROI [1728:2304, 576:1152, 1728:2304] (576, 576, 576)
Recorded block-done for octoCube180838765Y58786542Z46975319_pred_affs/97 with read ROI [1232:2800, 80:1648, 1232:2800] (1568, 1568, 1568) and write ROI [1728:2304, 576:1152, 1728:2304] (576, 576, 576)
Recording block-done for octoCube180838765Y58786542Z46975319_pred_affs/238 with read ROI [1232:2800, 656:2224, 2384:3952] (1568, 1568, 1568) and write ROI [1728:2304, 1152:1728, 2880:3456] (576, 576, 576)
Recorded block-done for octoCube180838765Y58786542Z46975319_pred_affs/238 with read ROI [1232:2800, 656:2224, 2384:3952] (1568, 1568, 1568) and write ROI [1728:2304, 1152:1728, 2880:3456] (576, 576, 576)
Recording block-done for octoCube180838765Y58786542Z46975319_pred_affs/138 with read ROI [1232:2800, 656:2224, 1232:2800] (1568, 1568, 1568) and write ROI [1728:2304, 1152:1728, 1728:2304] (576, 576, 576)
Recorded block-done for octoCube180838765Y58786542Z46975319_pred_affs/138 with read ROI [1232:2800, 656:2224, 1232:2800] (1568, 1568, 1568) and write ROI [1728:2304, 1152:1728, 1728:2304] (576, 576, 576)
Recording block-done for octoCube180838765Y58786542Z46975319_pred_affs/183 with read ROI [1232:2800, 656:2224, 1808:3376] (1568, 1568, 1568) and write ROI [1728:2304, 1152:1728, 2304:2880] (576, 576, 576)
Recorded block-done for octoCube180838765Y58786542Z46975319_pred_affs/183 with read ROI [1232:2800, 656:2224, 1808:3376] (1568, 1568, 1568) and write ROI [1728:2304, 1152:1728, 2304:2880] (576, 576, 576)
Recording block-done for octoCube180838765Y58786542Z46975319_pred_affs/310 with read ROI [1232:2800, 1232:2800, 2384:3952] (1568, 1568, 1568) and write ROI [1728:2304, 1728:2304, 2880:3456] (576, 576, 576)
Recorded block-done for octoCube180838765Y58786542Z46975319_pred_affs/310 with read ROI [1232:2800, 1232:2800, 2384:3952] (1568, 1568, 1568) and write ROI [1728:2304, 1728:2304, 2880:3456] (576, 576, 576)
Recording block-done for octoCube180838765Y58786542Z46975319_pred_affs/151 with read ROI [1232:2800, 1808:3376, 80:1648] (1568, 1568, 1568) and write ROI [1728:2304, 2304:2880, 576:1152] (576, 576, 576)
Recorded block-done for octoCube180838765Y58786542Z46975319_pred_affs/151 with read ROI [1232:2800, 1808:3376, 80:1648] (1568, 1568, 1568) and write ROI [1728:2304, 2304:2880, 576:1152] (576, 576, 576)
Recording block-done for octoCube180838765Y58786542Z46975319_pred_affs/479 with read ROI [1232:2800, 1232:2800, 3536:5104] (1568, 1568, 1568) and write ROI [1728:2304, 1728:2304, 4032:4608] (576, 576, 576)
Recorded block-done for octoCube180838765Y58786542Z46975319_pred_affs/479 with read ROI [1232:2800, 1232:2800, 3536:5104] (1568, 1568, 1568) and write ROI [1728:2304, 1728:2304, 4032:4608] (576, 576, 576)
Recording block-done for octoCube180838765Y58786542Z46975319_pred_affs/486 with read ROI [1232:2800, 1808:3376, 2960:4528] (1568, 1568, 1568) and write ROI [1728:2304, 2304:2880, 3456:4032] (576, 576, 576)
Recorded block-done for octoCube180838765Y58786542Z46975319_pred_affs/486 with read ROI [1232:2800, 1808:3376, 2960:4528] (1568, 1568, 1568) and write ROI [1728:2304, 2304:2880, 3456:4032] (576, 576, 576)
Recording block-done for octoCube180838765Y58786542Z46975319_pred_affs/204 with read ROI [1232:2800, 2384:3952, 80:1648] (1568, 1568, 1568) and write ROI [1728:2304, 2880:3456, 576:1152] (576, 576, 576)
Recorded block-done for octoCube180838765Y58786542Z46975319_pred_affs/204 with read ROI [1232:2800, 2384:3952, 80:1648] (1568, 1568, 1568) and write ROI [1728:2304, 2880:3456, 576:1152] (576, 576, 576)
Recording block-done for octoCube180838765Y58786542Z46975319_pred_affs/325 with read ROI [1232:2800, 2384:3952, 1232:2800] (1568, 1568, 1568) and write ROI [1728:2304, 2880:3456, 1728:2304] (576, 576, 576)
Recorded block-done for octoCube180838765Y58786542Z46975319_pred_affs/325 with read ROI [1232:2800, 2384:3952, 1232:2800] (1568, 1568, 1568) and write ROI [1728:2304, 2880:3456, 1728:2304] (576, 576, 576)
Recording block-done for octoCube180838765Y58786542Z46975319_pred_affs/494 with read ROI [1232:2800, 2384:3952, 2384:3952] (1568, 1568, 1568) and write ROI [1728:2304, 2880:3456, 2880:3456] (576, 576, 576)
Recorded block-done for octoCube180838765Y58786542Z46975319_pred_affs/494 with read ROI [1232:2800, 2384:3952, 2384:3952] (1568, 1568, 1568) and write ROI [1728:2304, 2880:3456, 2880:3456] (576, 576, 576)
Recording block-done for octoCube180838765Y58786542Z46975319_pred_affs/599 with read ROI [1232:2800, 2384:3952, 2960:4528] (1568, 1568, 1568) and write ROI [1728:2304, 2880:3456, 3456:4032] (576, 576, 576)
Recorded block-done for octoCube180838765Y58786542Z46975319_pred_affs/599 with read ROI [1232:2800, 2384:3952, 2960:4528] (1568, 1568, 1568) and write ROI [1728:2304, 2880:3456, 3456:4032] (576, 576, 576)
Recording block-done for octoCube180838765Y58786542Z46975319_pred_affs/608 with read ROI [1232:2800, 2960:4528, 2384:3952] (1568, 1568, 1568) and write ROI [1728:2304, 3456:4032, 2880:3456] (576, 576, 576)
Recorded block-done for octoCube180838765Y58786542Z46975319_pred_affs/608 with read ROI [1232:2800, 2960:4528, 2384:3952] (1568, 1568, 1568) and write ROI [1728:2304, 3456:4032, 2880:3456] (576, 576, 576)
Recording block-done for octoCube180838765Y58786542Z46975319_pred_affs/728 with read ROI [1232:2800, 2960:4528, 2960:4528] (1568, 1568, 1568) and write ROI [1728:2304, 3456:4032, 3456:4032] (576, 576, 576)
Recorded block-done for octoCube180838765Y58786542Z46975319_pred_affs/728 with read ROI [1232:2800, 2960:4528, 2960:4528] (1568, 1568, 1568) and write ROI [1728:2304, 3456:4032, 3456:4032] (576, 576, 576)
Recording block-done for octoCube180838765Y58786542Z46975319_pred_affs/422 with read ROI [1232:2800, 3536:5104, 656:2224] (1568, 1568, 1568) and write ROI [1728:2304, 4032:4608, 1152:1728] (576, 576, 576)
Recorded block-done for octoCube180838765Y58786542Z46975319_pred_affs/422 with read ROI [1232:2800, 3536:5104, 656:2224] (1568, 1568, 1568) and write ROI [1728:2304, 4032:4608, 1152:1728] (576, 576, 576)
Recording block-done for octoCube180838765Y58786542Z46975319_pred_affs/618 with read ROI [1232:2800, 3536:5104, 1808:3376] (1568, 1568, 1568) and write ROI [1728:2304, 4032:4608, 2304:2880] (576, 576, 576)
Recorded block-done for octoCube180838765Y58786542Z46975319_pred_affs/618 with read ROI [1232:2800, 3536:5104, 1808:3376] (1568, 1568, 1568) and write ROI [1728:2304, 4032:4608, 2304:2880] (576, 576, 576)
Recording block-done for octoCube180838765Y58786542Z46975319_pred_affs/75 with read ROI [1808:3376, 80:1648, 80:1648] (1568, 1568, 1568) and write ROI [2304:2880, 576:1152, 576:1152] (576, 576, 576)
Recorded block-done for octoCube180838765Y58786542Z46975319_pred_affs/75 with read ROI [1808:3376, 80:1648, 80:1648] (1568, 1568, 1568) and write ROI [2304:2880, 576:1152, 576:1152] (576, 576, 576)
Recording block-done for octoCube180838765Y58786542Z46975319_pred_affs/239 with read ROI [1808:3376, 80:1648, 2384:3952] (1568, 1568, 1568) and write ROI [2304:2880, 576:1152, 2880:3456] (576, 576, 576)
Recorded block-done for octoCube180838765Y58786542Z46975319_pred_affs/239 with read ROI [1808:3376, 80:1648, 2384:3952] (1568, 1568, 1568) and write ROI [2304:2880, 576:1152, 2880:3456] (576, 576, 576)
Recording block-done for octoCube180838765Y58786542Z46975319_pred_affs/103 with read ROI [1808:3376, 80:1648, 656:2224] (1568, 1568, 1568) and write ROI [2304:2880, 576:1152, 1152:1728] (576, 576, 576)
Recorded block-done for octoCube180838765Y58786542Z46975319_pred_affs/103 with read ROI [1808:3376, 80:1648, 656:2224] (1568, 1568, 1568) and write ROI [2304:2880, 576:1152, 1152:1728] (576, 576, 576)
Recording block-done for octoCube180838765Y58786542Z46975319_pred_affs/311 with read ROI [1808:3376, 656:2224, 2384:3952] (1568, 1568, 1568) and write ROI [2304:2880, 1152:1728, 2880:3456] (576, 576, 576)
Recorded block-done for octoCube180838765Y58786542Z46975319_pred_affs/311 with read ROI [1808:3376, 656:2224, 2384:3952] (1568, 1568, 1568) and write ROI [2304:2880, 1152:1728, 2880:3456] (576, 576, 576)
Recording block-done for octoCube180838765Y58786542Z46975319_pred_affs/245 with read ROI [1808:3376, 656:2224, 1808:3376] (1568, 1568, 1568) and write ROI [2304:2880, 1152:1728, 2304:2880] (576, 576, 576)
Recorded block-done for octoCube180838765Y58786542Z46975319_pred_affs/245 with read ROI [1808:3376, 656:2224, 1808:3376] (1568, 1568, 1568) and write ROI [2304:2880, 1152:1728, 2304:2880] (576, 576, 576)
Recording block-done for octoCube180838765Y58786542Z46975319_pred_affs/190 with read ROI [1808:3376, 656:2224, 1232:2800] (1568, 1568, 1568) and write ROI [2304:2880, 1152:1728, 1728:2304] (576, 576, 576)
Recorded block-done for octoCube180838765Y58786542Z46975319_pred_affs/190 with read ROI [1808:3376, 656:2224, 1232:2800] (1568, 1568, 1568) and write ROI [2304:2880, 1152:1728, 1728:2304] (576, 576, 576)
Recording block-done for octoCube180838765Y58786542Z46975319_pred_affs/396 with read ROI [1808:3376, 1232:2800, 2384:3952] (1568, 1568, 1568) and write ROI [2304:2880, 1728:2304, 2880:3456] (576, 576, 576)
Recorded block-done for octoCube180838765Y58786542Z46975319_pred_affs/396 with read ROI [1808:3376, 1232:2800, 2384:3952] (1568, 1568, 1568) and write ROI [2304:2880, 1728:2304, 2880:3456] (576, 576, 576)
Recording block-done for octoCube180838765Y58786542Z46975319_pred_affs/592 with read ROI [1808:3376, 1232:2800, 3536:5104] (1568, 1568, 1568) and write ROI [2304:2880, 1728:2304, 4032:4608] (576, 576, 576)
Recorded block-done for octoCube180838765Y58786542Z46975319_pred_affs/592 with read ROI [1808:3376, 1232:2800, 3536:5104] (1568, 1568, 1568) and write ROI [2304:2880, 1728:2304, 4032:4608] (576, 576, 576)
Recording block-done for octoCube180838765Y58786542Z46975319_pred_affs/260 with read ROI [1808:3376, 1808:3376, 656:2224] (1568, 1568, 1568) and write ROI [2304:2880, 2304:2880, 1152:1728] (576, 576, 576)
Recorded block-done for octoCube180838765Y58786542Z46975319_pred_affs/260 with read ROI [1808:3376, 1808:3376, 656:2224] (1568, 1568, 1568) and write ROI [2304:2880, 2304:2880, 1152:1728] (576, 576, 576)
Recording block-done for octoCube180838765Y58786542Z46975319_pred_affs/269 with read ROI [1808:3376, 2384:3952, 80:1648] (1568, 1568, 1568) and write ROI [2304:2880, 2880:3456, 576:1152] (576, 576, 576)
Recorded block-done for octoCube180838765Y58786542Z46975319_pred_affs/269 with read ROI [1808:3376, 2384:3952, 80:1648] (1568, 1568, 1568) and write ROI [2304:2880, 2880:3456, 576:1152] (576, 576, 576)
Recording block-done for octoCube180838765Y58786542Z46975319_pred_affs/404 with read ROI [1808:3376, 1808:3376, 1808:3376] (1568, 1568, 1568) and write ROI [2304:2880, 2304:2880, 2304:2880] (576, 576, 576)
Recorded block-done for octoCube180838765Y58786542Z46975319_pred_affs/404 with read ROI [1808:3376, 1808:3376, 1808:3376] (1568, 1568, 1568) and write ROI [2304:2880, 2304:2880, 2304:2880] (576, 576, 576)
Recording block-done for octoCube180838765Y58786542Z46975319_pred_affs/609 with read ROI [1808:3376, 2384:3952, 2384:3952] (1568, 1568, 1568) and write ROI [2304:2880, 2880:3456, 2880:3456] (576, 576, 576)
Recorded block-done for octoCube180838765Y58786542Z46975319_pred_affs/609 with read ROI [1808:3376, 2384:3952, 2384:3952] (1568, 1568, 1568) and write ROI [2304:2880, 2880:3456, 2880:3456] (576, 576, 576)
Recording block-done for octoCube180838765Y58786542Z46975319_pred_affs/865 with read ROI [1808:3376, 2384:3952, 3536:5104] (1568, 1568, 1568) and write ROI [2304:2880, 2880:3456, 4032:4608] (576, 576, 576)
Recorded block-done for octoCube180838765Y58786542Z46975319_pred_affs/865 with read ROI [1808:3376, 2384:3952, 3536:5104] (1568, 1568, 1568) and write ROI [2304:2880, 2880:3456, 4032:4608] (576, 576, 576)
Recording block-done for octoCube180838765Y58786542Z46975319_pred_affs/1028 with read ROI [1808:3376, 2960:4528, 3536:5104] (1568, 1568, 1568) and write ROI [2304:2880, 3456:4032, 4032:4608] (576, 576, 576)
Recorded block-done for octoCube180838765Y58786542Z46975319_pred_affs/1028 with read ROI [1808:3376, 2960:4528, 3536:5104] (1568, 1568, 1568) and write ROI [2304:2880, 3456:4032, 4032:4608] (576, 576, 576)
Recording block-done for octoCube180838765Y58786542Z46975319_pred_affs/434 with read ROI [1808:3376, 3536:5104, 80:1648] (1568, 1568, 1568) and write ROI [2304:2880, 4032:4608, 576:1152] (576, 576, 576)
Recorded block-done for octoCube180838765Y58786542Z46975319_pred_affs/434 with read ROI [1808:3376, 3536:5104, 80:1648] (1568, 1568, 1568) and write ROI [2304:2880, 4032:4608, 576:1152] (576, 576, 576)
Recording block-done for octoCube180838765Y58786542Z46975319_pred_affs/423 with read ROI [1808:3376, 2960:4528, 656:2224] (1568, 1568, 1568) and write ROI [2304:2880, 3456:4032, 1152:1728] (576, 576, 576)
Recorded block-done for octoCube180838765Y58786542Z46975319_pred_affs/423 with read ROI [1808:3376, 2960:4528, 656:2224] (1568, 1568, 1568) and write ROI [2304:2880, 3456:4032, 1152:1728] (576, 576, 576)
Recording block-done for octoCube180838765Y58786542Z46975319_pred_affs/1039 with read ROI [1808:3376, 3536:5104, 2960:4528] (1568, 1568, 1568) and write ROI [2304:2880, 4032:4608, 3456:4032] (576, 576, 576)
Recorded block-done for octoCube180838765Y58786542Z46975319_pred_affs/1039 with read ROI [1808:3376, 3536:5104, 2960:4528] (1568, 1568, 1568) and write ROI [2304:2880, 4032:4608, 3456:4032] (576, 576, 576)
Recording block-done for octoCube180838765Y58786542Z46975319_pred_affs/1210 with read ROI [1808:3376, 3536:5104, 3536:5104] (1568, 1568, 1568) and write ROI [2304:2880, 4032:4608, 4032:4608] (576, 576, 576)
Recorded block-done for octoCube180838765Y58786542Z46975319_pred_affs/1210 with read ROI [1808:3376, 3536:5104, 3536:5104] (1568, 1568, 1568) and write ROI [2304:2880, 4032:4608, 4032:4608] (576, 576, 576)
Recording block-done for octoCube180838765Y58786542Z46975319_pred_affs/110 with read ROI [2384:3952, 80:1648, 80:1648] (1568, 1568, 1568) and write ROI [2880:3456, 576:1152, 576:1152] (576, 576, 576)
Recorded block-done for octoCube180838765Y58786542Z46975319_pred_affs/110 with read ROI [2384:3952, 80:1648, 80:1648] (1568, 1568, 1568) and write ROI [2880:3456, 576:1152, 576:1152] (576, 576, 576)
Recording block-done for octoCube180838765Y58786542Z46975319_pred_affs/481 with read ROI [2384:3952, 80:1648, 3536:5104] (1568, 1568, 1568) and write ROI [2880:3456, 576:1152, 4032:4608] (576, 576, 576)
Recorded block-done for octoCube180838765Y58786542Z46975319_pred_affs/481 with read ROI [2384:3952, 80:1648, 3536:5104] (1568, 1568, 1568) and write ROI [2880:3456, 576:1152, 4032:4608] (576, 576, 576)
Recording block-done for octoCube180838765Y58786542Z46975319_pred_affs/390 with read ROI [2384:3952, 80:1648, 2960:4528] (1568, 1568, 1568) and write ROI [2880:3456, 576:1152, 3456:4032] (576, 576, 576)
Recorded block-done for octoCube180838765Y58786542Z46975319_pred_affs/390 with read ROI [2384:3952, 80:1648, 2960:4528] (1568, 1568, 1568) and write ROI [2880:3456, 576:1152, 3456:4032] (576, 576, 576)
Recording block-done for octoCube180838765Y58786542Z46975319_pred_affs/253 with read ROI [2384:3952, 656:2224, 1232:2800] (1568, 1568, 1568) and write ROI [2880:3456, 1152:1728, 1728:2304] (576, 576, 576)
Recorded block-done for octoCube180838765Y58786542Z46975319_pred_affs/253 with read ROI [2384:3952, 656:2224, 1232:2800] (1568, 1568, 1568) and write ROI [2880:3456, 1152:1728, 1728:2304] (576, 576, 576)
Recording block-done for octoCube180838765Y58786542Z46975319_pred_affs/593 with read ROI [2384:3952, 656:2224, 3536:5104] (1568, 1568, 1568) and write ROI [2880:3456, 1152:1728, 4032:4608] (576, 576, 576)
Recorded block-done for octoCube180838765Y58786542Z46975319_pred_affs/593 with read ROI [2384:3952, 656:2224, 3536:5104] (1568, 1568, 1568) and write ROI [2880:3456, 1152:1728, 4032:4608] (576, 576, 576)
Recording block-done for octoCube180838765Y58786542Z46975319_pred_affs/261 with read ROI [2384:3952, 1232:2800, 656:2224] (1568, 1568, 1568) and write ROI [2880:3456, 1728:2304, 1152:1728] (576, 576, 576)
Recorded block-done for octoCube180838765Y58786542Z46975319_pred_affs/261 with read ROI [2384:3952, 1232:2800, 656:2224] (1568, 1568, 1568) and write ROI [2880:3456, 1728:2304, 1152:1728] (576, 576, 576)
Recording block-done for octoCube180838765Y58786542Z46975319_pred_affs/601 with read ROI [2384:3952, 1232:2800, 2960:4528] (1568, 1568, 1568) and write ROI [2880:3456, 1728:2304, 3456:4032] (576, 576, 576)
Recorded block-done for octoCube180838765Y58786542Z46975319_pred_affs/601 with read ROI [2384:3952, 1232:2800, 2960:4528] (1568, 1568, 1568) and write ROI [2880:3456, 1728:2304, 3456:4032] (576, 576, 576)
Recording block-done for octoCube180838765Y58786542Z46975319_pred_affs/414 with read ROI [2384:3952, 1808:3376, 1232:2800] (1568, 1568, 1568) and write ROI [2880:3456, 2304:2880, 1728:2304] (576, 576, 576)
Recorded block-done for octoCube180838765Y58786542Z46975319_pred_affs/414 with read ROI [2384:3952, 1808:3376, 1232:2800] (1568, 1568, 1568) and write ROI [2880:3456, 2304:2880, 1728:2304] (576, 576, 576)
Recording block-done for octoCube180838765Y58786542Z46975319_pred_affs/336 with read ROI [2384:3952, 1808:3376, 656:2224] (1568, 1568, 1568) and write ROI [2880:3456, 2304:2880, 1152:1728] (576, 576, 576)
Recorded block-done for octoCube180838765Y58786542Z46975319_pred_affs/336 with read ROI [2384:3952, 1808:3376, 656:2224] (1568, 1568, 1568) and write ROI [2880:3456, 2304:2880, 1152:1728] (576, 576, 576)
Recording block-done for octoCube180838765Y58786542Z46975319_pred_affs/740 with read ROI [2384:3952, 2384:3952, 2384:3952] (1568, 1568, 1568) and write ROI [2880:3456, 2880:3456, 2880:3456] (576, 576, 576)
Recorded block-done for octoCube180838765Y58786542Z46975319_pred_affs/740 with read ROI [2384:3952, 2384:3952, 2384:3952] (1568, 1568, 1568) and write ROI [2880:3456, 2880:3456, 2880:3456] (576, 576, 576)
Recording block-done for octoCube180838765Y58786542Z46975319_pred_affs/515 with read ROI [2384:3952, 2384:3952, 1232:2800] (1568, 1568, 1568) and write ROI [2880:3456, 2880:3456, 1728:2304] (576, 576, 576)
Recorded block-done for octoCube180838765Y58786542Z46975319_pred_affs/515 with read ROI [2384:3952, 2384:3952, 1232:2800] (1568, 1568, 1568) and write ROI [2880:3456, 2880:3456, 1728:2304] (576, 576, 576)
Recording block-done for octoCube180838765Y58786542Z46975319_pred_affs/876 with read ROI [2384:3952, 2384:3952, 2960:4528] (1568, 1568, 1568) and write ROI [2880:3456, 2880:3456, 3456:4032] (576, 576, 576)
Recorded block-done for octoCube180838765Y58786542Z46975319_pred_affs/876 with read ROI [2384:3952, 2384:3952, 2960:4528] (1568, 1568, 1568) and write ROI [2880:3456, 2880:3456, 3456:4032] (576, 576, 576)
Recording block-done for octoCube180838765Y58786542Z46975319_pred_affs/435 with read ROI [2384:3952, 2960:4528, 80:1648] (1568, 1568, 1568) and write ROI [2880:3456, 3456:4032, 576:1152] (576, 576, 576)
Recorded block-done for octoCube180838765Y58786542Z46975319_pred_affs/435 with read ROI [2384:3952, 2960:4528, 80:1648] (1568, 1568, 1568) and write ROI [2880:3456, 3456:4032, 576:1152] (576, 576, 576)
Recording block-done for octoCube180838765Y58786542Z46975319_pred_affs/1211 with read ROI [2384:3952, 2960:4528, 3536:5104] (1568, 1568, 1568) and write ROI [2880:3456, 3456:4032, 4032:4608] (576, 576, 576)
Recorded block-done for octoCube180838765Y58786542Z46975319_pred_affs/1211 with read ROI [2384:3952, 2960:4528, 3536:5104] (1568, 1568, 1568) and write ROI [2880:3456, 3456:4032, 4032:4608] (576, 576, 576)
Recording block-done for octoCube180838765Y58786542Z46975319_pred_affs/643 with read ROI [2384:3952, 3536:5104, 656:2224] (1568, 1568, 1568) and write ROI [2880:3456, 4032:4608, 1152:1728] (576, 576, 576)
Recorded block-done for octoCube180838765Y58786542Z46975319_pred_affs/643 with read ROI [2384:3952, 3536:5104, 656:2224] (1568, 1568, 1568) and write ROI [2880:3456, 4032:4608, 1152:1728] (576, 576, 576)
Recording block-done for octoCube180838765Y58786542Z46975319_pred_affs/763 with read ROI [2384:3952, 3536:5104, 1232:2800] (1568, 1568, 1568) and write ROI [2880:3456, 4032:4608, 1728:2304] (576, 576, 576)
Recorded block-done for octoCube180838765Y58786542Z46975319_pred_affs/763 with read ROI [2384:3952, 3536:5104, 1232:2800] (1568, 1568, 1568) and write ROI [2880:3456, 4032:4608, 1728:2304] (576, 576, 576)
Recording block-done for octoCube180838765Y58786542Z46975319_pred_affs/1413 with read ROI [2384:3952, 3536:5104, 3536:5104] (1568, 1568, 1568) and write ROI [2880:3456, 4032:4608, 4032:4608] (576, 576, 576)
Recorded block-done for octoCube180838765Y58786542Z46975319_pred_affs/1413 with read ROI [2384:3952, 3536:5104, 3536:5104] (1568, 1568, 1568) and write ROI [2880:3456, 4032:4608, 4032:4608] (576, 576, 576)
Recording block-done for octoCube180838765Y58786542Z46975319_pred_affs/398 with read ROI [2960:4528, 80:1648, 2384:3952] (1568, 1568, 1568) and write ROI [3456:4032, 576:1152, 2880:3456] (576, 576, 576)
Recorded block-done for octoCube180838765Y58786542Z46975319_pred_affs/398 with read ROI [2960:4528, 80:1648, 2384:3952] (1568, 1568, 1568) and write ROI [3456:4032, 576:1152, 2880:3456] (576, 576, 576)
Recording block-done for octoCube180838765Y58786542Z46975319_pred_affs/199 with read ROI [2960:4528, 80:1648, 656:2224] (1568, 1568, 1568) and write ROI [3456:4032, 576:1152, 1152:1728] (576, 576, 576)
Recorded block-done for octoCube180838765Y58786542Z46975319_pred_affs/199 with read ROI [2960:4528, 80:1648, 656:2224] (1568, 1568, 1568) and write ROI [3456:4032, 576:1152, 1152:1728] (576, 576, 576)
Recording block-done for octoCube180838765Y58786542Z46975319_pred_affs/320 with read ROI [2960:4528, 80:1648, 1808:3376] (1568, 1568, 1568) and write ROI [3456:4032, 576:1152, 2304:2880] (576, 576, 576)
Recorded block-done for octoCube180838765Y58786542Z46975319_pred_affs/320 with read ROI [2960:4528, 80:1648, 1808:3376] (1568, 1568, 1568) and write ROI [3456:4032, 576:1152, 2304:2880] (576, 576, 576)
Recording block-done for octoCube180838765Y58786542Z46975319_pred_affs/406 with read ROI [2960:4528, 656:2224, 1808:3376] (1568, 1568, 1568) and write ROI [3456:4032, 1152:1728, 2304:2880] (576, 576, 576)
Recorded block-done for octoCube180838765Y58786542Z46975319_pred_affs/406 with read ROI [2960:4528, 656:2224, 1808:3376] (1568, 1568, 1568) and write ROI [3456:4032, 1152:1728, 2304:2880] (576, 576, 576)
Recording block-done for octoCube180838765Y58786542Z46975319_pred_affs/602 with read ROI [2960:4528, 656:2224, 2960:4528] (1568, 1568, 1568) and write ROI [3456:4032, 1152:1728, 3456:4032] (576, 576, 576)
Recorded block-done for octoCube180838765Y58786542Z46975319_pred_affs/602 with read ROI [2960:4528, 656:2224, 2960:4528] (1568, 1568, 1568) and write ROI [3456:4032, 1152:1728, 3456:4032] (576, 576, 576)
Recording block-done for octoCube180838765Y58786542Z46975319_pred_affs/337 with read ROI [2960:4528, 1232:2800, 656:2224] (1568, 1568, 1568) and write ROI [3456:4032, 1728:2304, 1152:1728] (576, 576, 576)
Recorded block-done for octoCube180838765Y58786542Z46975319_pred_affs/337 with read ROI [2960:4528, 1232:2800, 656:2224] (1568, 1568, 1568) and write ROI [3456:4032, 1728:2304, 1152:1728] (576, 576, 576)
Recording block-done for octoCube180838765Y58786542Z46975319_pred_affs/347 with read ROI [2960:4528, 1808:3376, 80:1648] (1568, 1568, 1568) and write ROI [3456:4032, 2304:2880, 576:1152] (576, 576, 576)
Recorded block-done for octoCube180838765Y58786542Z46975319_pred_affs/347 with read ROI [2960:4528, 1808:3376, 80:1648] (1568, 1568, 1568) and write ROI [3456:4032, 2304:2880, 576:1152] (576, 576, 576)
Recording block-done for octoCube180838765Y58786542Z46975319_pred_affs/425 with read ROI [2960:4528, 1808:3376, 656:2224] (1568, 1568, 1568) and write ROI [3456:4032, 2304:2880, 1152:1728] (576, 576, 576)
Recorded block-done for octoCube180838765Y58786542Z46975319_pred_affs/425 with read ROI [2960:4528, 1808:3376, 656:2224] (1568, 1568, 1568) and write ROI [3456:4032, 2304:2880, 1152:1728] (576, 576, 576)
Recording block-done for octoCube180838765Y58786542Z46975319_pred_affs/621 with read ROI [2960:4528, 1808:3376, 1808:3376] (1568, 1568, 1568) and write ROI [3456:4032, 2304:2880, 2304:2880] (576, 576, 576)
Recorded block-done for octoCube180838765Y58786542Z46975319_pred_affs/621 with read ROI [2960:4528, 1808:3376, 1808:3376] (1568, 1568, 1568) and write ROI [3456:4032, 2304:2880, 2304:2880] (576, 576, 576)
Recording block-done for octoCube180838765Y58786542Z46975319_pred_affs/752 with read ROI [2960:4528, 2384:3952, 1808:3376] (1568, 1568, 1568) and write ROI [3456:4032, 2880:3456, 2304:2880] (576, 576, 576)
Recorded block-done for octoCube180838765Y58786542Z46975319_pred_affs/752 with read ROI [2960:4528, 2384:3952, 1808:3376] (1568, 1568, 1568) and write ROI [3456:4032, 2880:3456, 2304:2880] (576, 576, 576)
Recording block-done for octoCube180838765Y58786542Z46975319_pred_affs/1041 with read ROI [2960:4528, 2384:3952, 2960:4528] (1568, 1568, 1568) and write ROI [3456:4032, 2880:3456, 3456:4032] (576, 576, 576)
Recorded block-done for octoCube180838765Y58786542Z46975319_pred_affs/1041 with read ROI [2960:4528, 2384:3952, 2960:4528] (1568, 1568, 1568) and write ROI [3456:4032, 2880:3456, 3456:4032] (576, 576, 576)
Recording block-done for octoCube180838765Y58786542Z46975319_pred_affs/644 with read ROI [2960:4528, 2960:4528, 656:2224] (1568, 1568, 1568) and write ROI [3456:4032, 3456:4032, 1152:1728] (576, 576, 576)
Recorded block-done for octoCube180838765Y58786542Z46975319_pred_affs/644 with read ROI [2960:4528, 2960:4528, 656:2224] (1568, 1568, 1568) and write ROI [3456:4032, 3456:4032, 1152:1728] (576, 576, 576)
Recording block-done for octoCube180838765Y58786542Z46975319_pred_affs/1224 with read ROI [2960:4528, 2960:4528, 2960:4528] (1568, 1568, 1568) and write ROI [3456:4032, 3456:4032, 3456:4032] (576, 576, 576)
Recorded block-done for octoCube180838765Y58786542Z46975319_pred_affs/1224 with read ROI [2960:4528, 2960:4528, 2960:4528] (1568, 1568, 1568) and write ROI [3456:4032, 3456:4032, 3456:4032] (576, 576, 576)
Recording block-done for octoCube180838765Y58786542Z46975319_pred_affs/913 with read ROI [2960:4528, 3536:5104, 1232:2800] (1568, 1568, 1568) and write ROI [3456:4032, 4032:4608, 1728:2304] (576, 576, 576)
Recorded block-done for octoCube180838765Y58786542Z46975319_pred_affs/913 with read ROI [2960:4528, 3536:5104, 1232:2800] (1568, 1568, 1568) and write ROI [3456:4032, 4032:4608, 1728:2304] (576, 576, 576)
Recording block-done for octoCube180838765Y58786542Z46975319_pred_affs/1637 with read ROI [2960:4528, 3536:5104, 3536:5104] (1568, 1568, 1568) and write ROI [3456:4032, 4032:4608, 4032:4608] (576, 576, 576)
Recorded block-done for octoCube180838765Y58786542Z46975319_pred_affs/1637 with read ROI [2960:4528, 3536:5104, 3536:5104] (1568, 1568, 1568) and write ROI [3456:4032, 4032:4608, 4032:4608] (576, 576, 576)
