MtlsdModel(
  (unet): UNet(
    (l_conv): ModuleList(
      (0): ConvPass(
        (conv_pass): Sequential(
          (0): Conv3d(1, 12, kernel_size=(3, 3, 3), stride=(1, 1, 1))
          (1): ReLU()
          (2): Conv3d(12, 12, kernel_size=(3, 3, 3), stride=(1, 1, 1))
          (3): ReLU()
        )
      )
      (1): ConvPass(
        (conv_pass): Sequential(
          (0): Conv3d(12, 60, kernel_size=(3, 3, 3), stride=(1, 1, 1))
          (1): ReLU()
          (2): Conv3d(60, 60, kernel_size=(3, 3, 3), stride=(1, 1, 1))
          (3): ReLU()
        )
      )
      (2): ConvPass(
        (conv_pass): Sequential(
          (0): Conv3d(60, 300, kernel_size=(3, 3, 3), stride=(1, 1, 1))
          (1): ReLU()
          (2): Conv3d(300, 300, kernel_size=(3, 3, 3), stride=(1, 1, 1))
          (3): ReLU()
        )
      )
      (3): ConvPass(
        (conv_pass): Sequential(
          (0): Conv3d(300, 1500, kernel_size=(3, 3, 3), stride=(1, 1, 1))
          (1): ReLU()
          (2): Conv3d(1500, 1500, kernel_size=(3, 3, 3), stride=(1, 1, 1))
          (3): ReLU()
        )
      )
    )
    (l_down): ModuleList(
      (0): Downsample(
        (down): MaxPool3d(kernel_size=[2, 2, 2], stride=[2, 2, 2], padding=0, dilation=1, ceil_mode=False)
      )
      (1): Downsample(
        (down): MaxPool3d(kernel_size=[2, 2, 2], stride=[2, 2, 2], padding=0, dilation=1, ceil_mode=False)
      )
      (2): Downsample(
        (down): MaxPool3d(kernel_size=[3, 3, 3], stride=[3, 3, 3], padding=0, dilation=1, ceil_mode=False)
      )
    )
    (r_up): ModuleList(
      (0): ModuleList(
        (0): Upsample(
          (up): ConvTranspose3d(60, 60, kernel_size=(2, 2, 2), stride=(2, 2, 2))
        )
        (1): Upsample(
          (up): ConvTranspose3d(300, 300, kernel_size=(2, 2, 2), stride=(2, 2, 2))
        )
        (2): Upsample(
          (up): ConvTranspose3d(1500, 1500, kernel_size=(3, 3, 3), stride=(3, 3, 3))
        )
      )
    )
    (r_conv): ModuleList(
      (0): ModuleList(
        (0): ConvPass(
          (conv_pass): Sequential(
            (0): Conv3d(72, 12, kernel_size=(3, 3, 3), stride=(1, 1, 1))
            (1): ReLU()
            (2): Conv3d(12, 12, kernel_size=(3, 3, 3), stride=(1, 1, 1))
            (3): ReLU()
          )
        )
        (1): ConvPass(
          (conv_pass): Sequential(
            (0): Conv3d(360, 60, kernel_size=(3, 3, 3), stride=(1, 1, 1))
            (1): ReLU()
            (2): Conv3d(60, 60, kernel_size=(3, 3, 3), stride=(1, 1, 1))
            (3): ReLU()
          )
        )
        (2): ConvPass(
          (conv_pass): Sequential(
            (0): Conv3d(1800, 300, kernel_size=(3, 3, 3), stride=(1, 1, 1))
            (1): ReLU()
            (2): Conv3d(300, 300, kernel_size=(3, 3, 3), stride=(1, 1, 1))
            (3): ReLU()
          )
        )
      )
    )
  )
  (lsd_head): ConvPass(
    (conv_pass): Sequential(
      (0): Conv3d(12, 10, kernel_size=(1, 1, 1), stride=(1, 1, 1))
      (1): Sigmoid()
    )
  )
  (aff_head): ConvPass(
    (conv_pass): Sequential(
      (0): Conv3d(12, 3, kernel_size=(1, 1, 1), stride=(1, 1, 1))
      (1): Sigmoid()
    )
  )
)
Model Parameters: 155.160M
Saving outputs to /media/samia/DATA/mounts/zstore1/lsd_outputs/OCTO_3CUBES_ZYX/MTLSD/3d/clahed_hemi_mito_unproof/model_checkpoint_300000/octo_cube1_8083_8765_y5878_6542_z4697_5319.zarr
local variable 'mask' referenced before assignment
Recording block-done for octoCube180838765Y58786542Z46975319_pred_affs/88 with read ROI [80:1648, 80:1648, 2384:3952] (1568, 1568, 1568) and write ROI [576:1152, 576:1152, 2880:3456] (576, 576, 576)
Recorded block-done for octoCube180838765Y58786542Z46975319_pred_affs/88 with read ROI [80:1648, 80:1648, 2384:3952] (1568, 1568, 1568) and write ROI [576:1152, 576:1152, 2880:3456] (576, 576, 576)
Recording block-done for octoCube180838765Y58786542Z46975319_pred_affs/39 with read ROI [80:1648, 80:1648, 1232:2800] (1568, 1568, 1568) and write ROI [576:1152, 576:1152, 1728:2304] (576, 576, 576)
Recorded block-done for octoCube180838765Y58786542Z46975319_pred_affs/39 with read ROI [80:1648, 80:1648, 1232:2800] (1568, 1568, 1568) and write ROI [576:1152, 576:1152, 1728:2304] (576, 576, 576)
Recording block-done for octoCube180838765Y58786542Z46975319_pred_affs/60 with read ROI [80:1648, 80:1648, 1808:3376] (1568, 1568, 1568) and write ROI [576:1152, 576:1152, 2304:2880] (576, 576, 576)
Recorded block-done for octoCube180838765Y58786542Z46975319_pred_affs/60 with read ROI [80:1648, 80:1648, 1808:3376] (1568, 1568, 1568) and write ROI [576:1152, 576:1152, 2304:2880] (576, 576, 576)
Recording block-done for octoCube180838765Y58786542Z46975319_pred_affs/172 with read ROI [80:1648, 656:2224, 2960:4528] (1568, 1568, 1568) and write ROI [576:1152, 1152:1728, 3456:4032] (576, 576, 576)
Recorded block-done for octoCube180838765Y58786542Z46975319_pred_affs/172 with read ROI [80:1648, 656:2224, 2960:4528] (1568, 1568, 1568) and write ROI [576:1152, 1152:1728, 3456:4032] (576, 576, 576)
Recording block-done for octoCube180838765Y58786542Z46975319_pred_affs/63 with read ROI [80:1648, 656:2224, 1232:2800] (1568, 1568, 1568) and write ROI [576:1152, 1152:1728, 1728:2304] (576, 576, 576)
Recorded block-done for octoCube180838765Y58786542Z46975319_pred_affs/63 with read ROI [80:1648, 656:2224, 1232:2800] (1568, 1568, 1568) and write ROI [576:1152, 1152:1728, 1728:2304] (576, 576, 576)
Recording block-done for octoCube180838765Y58786542Z46975319_pred_affs/67 with read ROI [80:1648, 1232:2800, 656:2224] (1568, 1568, 1568) and write ROI [576:1152, 1728:2304, 1152:1728] (576, 576, 576)
Recorded block-done for octoCube180838765Y58786542Z46975319_pred_affs/67 with read ROI [80:1648, 1232:2800, 656:2224] (1568, 1568, 1568) and write ROI [576:1152, 1728:2304, 1152:1728] (576, 576, 576)
Recording block-done for octoCube180838765Y58786542Z46975319_pred_affs/72 with read ROI [80:1648, 1808:3376, 80:1648] (1568, 1568, 1568) and write ROI [576:1152, 2304:2880, 576:1152] (576, 576, 576)
Recorded block-done for octoCube180838765Y58786542Z46975319_pred_affs/72 with read ROI [80:1648, 1808:3376, 80:1648] (1568, 1568, 1568) and write ROI [576:1152, 2304:2880, 576:1152] (576, 576, 576)
Recording block-done for octoCube180838765Y58786542Z46975319_pred_affs/297 with read ROI [80:1648, 1232:2800, 3536:5104] (1568, 1568, 1568) and write ROI [576:1152, 1728:2304, 4032:4608] (576, 576, 576)
Recorded block-done for octoCube180838765Y58786542Z46975319_pred_affs/297 with read ROI [80:1648, 1232:2800, 3536:5104] (1568, 1568, 1568) and write ROI [576:1152, 1728:2304, 4032:4608] (576, 576, 576)
Recording block-done for octoCube180838765Y58786542Z46975319_pred_affs/100 with read ROI [80:1648, 1808:3376, 656:2224] (1568, 1568, 1568) and write ROI [576:1152, 2304:2880, 1152:1728] (576, 576, 576)
Recorded block-done for octoCube180838765Y58786542Z46975319_pred_affs/100 with read ROI [80:1648, 1808:3376, 656:2224] (1568, 1568, 1568) and write ROI [576:1152, 2304:2880, 1152:1728] (576, 576, 576)
Recording block-done for octoCube180838765Y58786542Z46975319_pred_affs/242 with read ROI [80:1648, 2384:3952, 1808:3376] (1568, 1568, 1568) and write ROI [576:1152, 2880:3456, 2304:2880] (576, 576, 576)
Recorded block-done for octoCube180838765Y58786542Z46975319_pred_affs/242 with read ROI [80:1648, 2384:3952, 1808:3376] (1568, 1568, 1568) and write ROI [576:1152, 2880:3456, 2304:2880] (576, 576, 576)
Recording block-done for octoCube180838765Y58786542Z46975319_pred_affs/142 with read ROI [80:1648, 2384:3952, 656:2224] (1568, 1568, 1568) and write ROI [576:1152, 2880:3456, 1152:1728] (576, 576, 576)
Recorded block-done for octoCube180838765Y58786542Z46975319_pred_affs/142 with read ROI [80:1648, 2384:3952, 656:2224] (1568, 1568, 1568) and write ROI [576:1152, 2880:3456, 1152:1728] (576, 576, 576)
Recording block-done for octoCube180838765Y58786542Z46975319_pred_affs/477 with read ROI [80:1648, 2384:3952, 3536:5104] (1568, 1568, 1568) and write ROI [576:1152, 2880:3456, 4032:4608] (576, 576, 576)
Recorded block-done for octoCube180838765Y58786542Z46975319_pred_affs/477 with read ROI [80:1648, 2384:3952, 3536:5104] (1568, 1568, 1568) and write ROI [576:1152, 2880:3456, 4032:4608] (576, 576, 576)
Recording block-done for octoCube180838765Y58786542Z46975319_pred_affs/484 with read ROI [80:1648, 2960:4528, 2960:4528] (1568, 1568, 1568) and write ROI [576:1152, 3456:4032, 3456:4032] (576, 576, 576)
Recorded block-done for octoCube180838765Y58786542Z46975319_pred_affs/484 with read ROI [80:1648, 2960:4528, 2960:4528] (1568, 1568, 1568) and write ROI [576:1152, 3456:4032, 3456:4032] (576, 576, 576)
Recording block-done for octoCube180838765Y58786542Z46975319_pred_affs/202 with read ROI [80:1648, 3536:5104, 80:1648] (1568, 1568, 1568) and write ROI [576:1152, 4032:4608, 576:1152] (576, 576, 576)
Recorded block-done for octoCube180838765Y58786542Z46975319_pred_affs/202 with read ROI [80:1648, 3536:5104, 80:1648] (1568, 1568, 1568) and write ROI [576:1152, 4032:4608, 576:1152] (576, 576, 576)
Recording block-done for octoCube180838765Y58786542Z46975319_pred_affs/257 with read ROI [80:1648, 3536:5104, 656:2224] (1568, 1568, 1568) and write ROI [576:1152, 4032:4608, 1152:1728] (576, 576, 576)
Recorded block-done for octoCube180838765Y58786542Z46975319_pred_affs/257 with read ROI [80:1648, 3536:5104, 656:2224] (1568, 1568, 1568) and write ROI [576:1152, 4032:4608, 1152:1728] (576, 576, 576)
Recording block-done for octoCube180838765Y58786542Z46975319_pred_affs/228 with read ROI [656:2224, 80:1648, 3536:5104] (1568, 1568, 1568) and write ROI [1152:1728, 576:1152, 4032:4608] (576, 576, 576)
Recorded block-done for octoCube180838765Y58786542Z46975319_pred_affs/228 with read ROI [656:2224, 80:1648, 3536:5104] (1568, 1568, 1568) and write ROI [1152:1728, 576:1152, 4032:4608] (576, 576, 576)
Recording block-done for octoCube180838765Y58786542Z46975319_pred_affs/47 with read ROI [656:2224, 656:2224, 80:1648] (1568, 1568, 1568) and write ROI [1152:1728, 1152:1728, 576:1152] (576, 576, 576)
Recorded block-done for octoCube180838765Y58786542Z46975319_pred_affs/47 with read ROI [656:2224, 656:2224, 80:1648] (1568, 1568, 1568) and write ROI [1152:1728, 1152:1728, 576:1152] (576, 576, 576)
Recording block-done for octoCube180838765Y58786542Z46975319_pred_affs/68 with read ROI [656:2224, 656:2224, 656:2224] (1568, 1568, 1568) and write ROI [1152:1728, 1152:1728, 1152:1728] (576, 576, 576)
Recorded block-done for octoCube180838765Y58786542Z46975319_pred_affs/68 with read ROI [656:2224, 656:2224, 656:2224] (1568, 1568, 1568) and write ROI [1152:1728, 1152:1728, 1152:1728] (576, 576, 576)
Recording block-done for octoCube180838765Y58786542Z46975319_pred_affs/298 with read ROI [656:2224, 656:2224, 3536:5104] (1568, 1568, 1568) and write ROI [1152:1728, 1152:1728, 4032:4608] (576, 576, 576)
Recorded block-done for octoCube180838765Y58786542Z46975319_pred_affs/298 with read ROI [656:2224, 656:2224, 3536:5104] (1568, 1568, 1568) and write ROI [1152:1728, 1152:1728, 4032:4608] (576, 576, 576)
Recording block-done for octoCube180838765Y58786542Z46975319_pred_affs/101 with read ROI [656:2224, 1232:2800, 656:2224] (1568, 1568, 1568) and write ROI [1152:1728, 1728:2304, 1152:1728] (576, 576, 576)
Recorded block-done for octoCube180838765Y58786542Z46975319_pred_affs/101 with read ROI [656:2224, 1232:2800, 656:2224] (1568, 1568, 1568) and write ROI [1152:1728, 1728:2304, 1152:1728] (576, 576, 576)
Recording block-done for octoCube180838765Y58786542Z46975319_pred_affs/182 with read ROI [656:2224, 1232:2800, 1808:3376] (1568, 1568, 1568) and write ROI [1152:1728, 1728:2304, 2304:2880] (576, 576, 576)
Recorded block-done for octoCube180838765Y58786542Z46975319_pred_affs/182 with read ROI [656:2224, 1232:2800, 1808:3376] (1568, 1568, 1568) and write ROI [1152:1728, 1728:2304, 2304:2880] (576, 576, 576)
Recording block-done for octoCube180838765Y58786542Z46975319_pred_affs/309 with read ROI [656:2224, 1808:3376, 2384:3952] (1568, 1568, 1568) and write ROI [1152:1728, 2304:2880, 2880:3456] (576, 576, 576)
Recorded block-done for octoCube180838765Y58786542Z46975319_pred_affs/309 with read ROI [656:2224, 1808:3376, 2384:3952] (1568, 1568, 1568) and write ROI [1152:1728, 2304:2880, 2880:3456] (576, 576, 576)
Recording block-done for octoCube180838765Y58786542Z46975319_pred_affs/143 with read ROI [656:2224, 1808:3376, 656:2224] (1568, 1568, 1568) and write ROI [1152:1728, 2304:2880, 1152:1728] (576, 576, 576)
Recorded block-done for octoCube180838765Y58786542Z46975319_pred_affs/143 with read ROI [656:2224, 1808:3376, 656:2224] (1568, 1568, 1568) and write ROI [1152:1728, 2304:2880, 1152:1728] (576, 576, 576)
Recording block-done for octoCube180838765Y58786542Z46975319_pred_affs/478 with read ROI [656:2224, 1808:3376, 3536:5104] (1568, 1568, 1568) and write ROI [1152:1728, 2304:2880, 4032:4608] (576, 576, 576)
Recorded block-done for octoCube180838765Y58786542Z46975319_pred_affs/478 with read ROI [656:2224, 1808:3376, 3536:5104] (1568, 1568, 1568) and write ROI [1152:1728, 2304:2880, 4032:4608] (576, 576, 576)
Recording block-done for octoCube180838765Y58786542Z46975319_pred_affs/250 with read ROI [656:2224, 2384:3952, 1232:2800] (1568, 1568, 1568) and write ROI [1152:1728, 2880:3456, 1728:2304] (576, 576, 576)
Recorded block-done for octoCube180838765Y58786542Z46975319_pred_affs/250 with read ROI [656:2224, 2384:3952, 1232:2800] (1568, 1568, 1568) and write ROI [1152:1728, 2880:3456, 1728:2304] (576, 576, 576)
Recording block-done for octoCube180838765Y58786542Z46975319_pred_affs/394 with read ROI [656:2224, 2384:3952, 2384:3952] (1568, 1568, 1568) and write ROI [1152:1728, 2880:3456, 2880:3456] (576, 576, 576)
Recorded block-done for octoCube180838765Y58786542Z46975319_pred_affs/394 with read ROI [656:2224, 2384:3952, 2384:3952] (1568, 1568, 1568) and write ROI [1152:1728, 2880:3456, 2880:3456] (576, 576, 576)
Recording block-done for octoCube180838765Y58786542Z46975319_pred_affs/203 with read ROI [656:2224, 2960:4528, 80:1648] (1568, 1568, 1568) and write ROI [1152:1728, 3456:4032, 576:1152] (576, 576, 576)
Recorded block-done for octoCube180838765Y58786542Z46975319_pred_affs/203 with read ROI [656:2224, 2960:4528, 80:1648] (1568, 1568, 1568) and write ROI [1152:1728, 3456:4032, 576:1152] (576, 576, 576)
Recording block-done for octoCube180838765Y58786542Z46975319_pred_affs/402 with read ROI [656:2224, 2960:4528, 1808:3376] (1568, 1568, 1568) and write ROI [1152:1728, 3456:4032, 2304:2880] (576, 576, 576)
Recorded block-done for octoCube180838765Y58786542Z46975319_pred_affs/402 with read ROI [656:2224, 2960:4528, 1808:3376] (1568, 1568, 1568) and write ROI [1152:1728, 3456:4032, 2304:2880] (576, 576, 576)
Recording block-done for octoCube180838765Y58786542Z46975319_pred_affs/598 with read ROI [656:2224, 2960:4528, 2960:4528] (1568, 1568, 1568) and write ROI [1152:1728, 3456:4032, 3456:4032] (576, 576, 576)
Recorded block-done for octoCube180838765Y58786542Z46975319_pred_affs/598 with read ROI [656:2224, 2960:4528, 2960:4528] (1568, 1568, 1568) and write ROI [1152:1728, 3456:4032, 3456:4032] (576, 576, 576)
Recording block-done for octoCube180838765Y58786542Z46975319_pred_affs/411 with read ROI [656:2224, 3536:5104, 1232:2800] (1568, 1568, 1568) and write ROI [1152:1728, 4032:4608, 1728:2304] (576, 576, 576)
Recorded block-done for octoCube180838765Y58786542Z46975319_pred_affs/411 with read ROI [656:2224, 3536:5104, 1232:2800] (1568, 1568, 1568) and write ROI [1152:1728, 4032:4608, 1728:2304] (576, 576, 576)
Recording block-done for octoCube180838765Y58786542Z46975319_pred_affs/69 with read ROI [1232:2800, 80:1648, 656:2224] (1568, 1568, 1568) and write ROI [1728:2304, 576:1152, 1152:1728] (576, 576, 576)
Recorded block-done for octoCube180838765Y58786542Z46975319_pred_affs/69 with read ROI [1232:2800, 80:1648, 656:2224] (1568, 1568, 1568) and write ROI [1728:2304, 576:1152, 1152:1728] (576, 576, 576)
Recording block-done for octoCube180838765Y58786542Z46975319_pred_affs/299 with read ROI [1232:2800, 80:1648, 3536:5104] (1568, 1568, 1568) and write ROI [1728:2304, 576:1152, 4032:4608] (576, 576, 576)
Recorded block-done for octoCube180838765Y58786542Z46975319_pred_affs/299 with read ROI [1232:2800, 80:1648, 3536:5104] (1568, 1568, 1568) and write ROI [1728:2304, 576:1152, 4032:4608] (576, 576, 576)
Recording block-done for octoCube180838765Y58786542Z46975319_pred_affs/102 with read ROI [1232:2800, 656:2224, 656:2224] (1568, 1568, 1568) and write ROI [1728:2304, 1152:1728, 1152:1728] (576, 576, 576)
Recorded block-done for octoCube180838765Y58786542Z46975319_pred_affs/102 with read ROI [1232:2800, 656:2224, 656:2224] (1568, 1568, 1568) and write ROI [1728:2304, 1152:1728, 1152:1728] (576, 576, 576)
Recording block-done for octoCube180838765Y58786542Z46975319_pred_affs/382 with read ROI [1232:2800, 656:2224, 3536:5104] (1568, 1568, 1568) and write ROI [1728:2304, 1152:1728, 4032:4608] (576, 576, 576)
Recorded block-done for octoCube180838765Y58786542Z46975319_pred_affs/382 with read ROI [1232:2800, 656:2224, 3536:5104] (1568, 1568, 1568) and write ROI [1728:2304, 1152:1728, 4032:4608] (576, 576, 576)
Recording block-done for octoCube180838765Y58786542Z46975319_pred_affs/144 with read ROI [1232:2800, 1232:2800, 656:2224] (1568, 1568, 1568) and write ROI [1728:2304, 1728:2304, 1152:1728] (576, 576, 576)
Recorded block-done for octoCube180838765Y58786542Z46975319_pred_affs/144 with read ROI [1232:2800, 1232:2800, 656:2224] (1568, 1568, 1568) and write ROI [1728:2304, 1728:2304, 1152:1728] (576, 576, 576)
Recording block-done for octoCube180838765Y58786542Z46975319_pred_affs/244 with read ROI [1232:2800, 1232:2800, 1808:3376] (1568, 1568, 1568) and write ROI [1728:2304, 1728:2304, 2304:2880] (576, 576, 576)
Recorded block-done for octoCube180838765Y58786542Z46975319_pred_affs/244 with read ROI [1232:2800, 1232:2800, 1808:3376] (1568, 1568, 1568) and write ROI [1728:2304, 1728:2304, 2304:2880] (576, 576, 576)
Recording block-done for octoCube180838765Y58786542Z46975319_pred_affs/395 with read ROI [1232:2800, 1808:3376, 2384:3952] (1568, 1568, 1568) and write ROI [1728:2304, 2304:2880, 2880:3456] (576, 576, 576)
Recorded block-done for octoCube180838765Y58786542Z46975319_pred_affs/395 with read ROI [1232:2800, 1808:3376, 2384:3952] (1568, 1568, 1568) and write ROI [1728:2304, 2304:2880, 2880:3456] (576, 576, 576)
Recording block-done for octoCube180838765Y58786542Z46975319_pred_affs/251 with read ROI [1232:2800, 1808:3376, 1232:2800] (1568, 1568, 1568) and write ROI [1728:2304, 2304:2880, 1728:2304] (576, 576, 576)
Recorded block-done for octoCube180838765Y58786542Z46975319_pred_affs/251 with read ROI [1232:2800, 1808:3376, 1232:2800] (1568, 1568, 1568) and write ROI [1728:2304, 2304:2880, 1728:2304] (576, 576, 576)
Recording block-done for octoCube180838765Y58786542Z46975319_pred_affs/591 with read ROI [1232:2800, 1808:3376, 3536:5104] (1568, 1568, 1568) and write ROI [1728:2304, 2304:2880, 4032:4608] (576, 576, 576)
Recorded block-done for octoCube180838765Y58786542Z46975319_pred_affs/591 with read ROI [1232:2800, 1808:3376, 3536:5104] (1568, 1568, 1568) and write ROI [1728:2304, 2304:2880, 4032:4608] (576, 576, 576)
Recording block-done for octoCube180838765Y58786542Z46975319_pred_affs/403 with read ROI [1232:2800, 2384:3952, 1808:3376] (1568, 1568, 1568) and write ROI [1728:2304, 2880:3456, 2304:2880] (576, 576, 576)
Recorded block-done for octoCube180838765Y58786542Z46975319_pred_affs/403 with read ROI [1232:2800, 2384:3952, 1808:3376] (1568, 1568, 1568) and write ROI [1728:2304, 2880:3456, 2304:2880] (576, 576, 576)
Recording block-done for octoCube180838765Y58786542Z46975319_pred_affs/719 with read ROI [1232:2800, 2384:3952, 3536:5104] (1568, 1568, 1568) and write ROI [1728:2304, 2880:3456, 4032:4608] (576, 576, 576)
Recorded block-done for octoCube180838765Y58786542Z46975319_pred_affs/719 with read ROI [1232:2800, 2384:3952, 3536:5104] (1568, 1568, 1568) and write ROI [1728:2304, 2880:3456, 4032:4608] (576, 576, 576)
Recording block-done for octoCube180838765Y58786542Z46975319_pred_affs/344 with read ROI [1232:2800, 3536:5104, 80:1648] (1568, 1568, 1568) and write ROI [1728:2304, 4032:4608, 576:1152] (576, 576, 576)
Recorded block-done for octoCube180838765Y58786542Z46975319_pred_affs/344 with read ROI [1232:2800, 3536:5104, 80:1648] (1568, 1568, 1568) and write ROI [1728:2304, 4032:4608, 576:1152] (576, 576, 576)
Recording block-done for octoCube180838765Y58786542Z46975319_pred_affs/503 with read ROI [1232:2800, 2960:4528, 1808:3376] (1568, 1568, 1568) and write ROI [1728:2304, 3456:4032, 2304:2880] (576, 576, 576)
Recorded block-done for octoCube180838765Y58786542Z46975319_pred_affs/503 with read ROI [1232:2800, 2960:4528, 1808:3376] (1568, 1568, 1568) and write ROI [1728:2304, 3456:4032, 2304:2880] (576, 576, 576)
Recording block-done for octoCube180838765Y58786542Z46975319_pred_affs/864 with read ROI [1232:2800, 2960:4528, 3536:5104] (1568, 1568, 1568) and write ROI [1728:2304, 3456:4032, 4032:4608] (576, 576, 576)
Recorded block-done for octoCube180838765Y58786542Z46975319_pred_affs/864 with read ROI [1232:2800, 2960:4528, 3536:5104] (1568, 1568, 1568) and write ROI [1728:2304, 3456:4032, 4032:4608] (576, 576, 576)
Recording block-done for octoCube180838765Y58786542Z46975319_pred_affs/738 with read ROI [1232:2800, 3536:5104, 2384:3952] (1568, 1568, 1568) and write ROI [1728:2304, 4032:4608, 2880:3456] (576, 576, 576)
Recorded block-done for octoCube180838765Y58786542Z46975319_pred_affs/738 with read ROI [1232:2800, 3536:5104, 2384:3952] (1568, 1568, 1568) and write ROI [1728:2304, 4032:4608, 2880:3456] (576, 576, 576)
Recording block-done for octoCube180838765Y58786542Z46975319_pred_affs/1027 with read ROI [1232:2800, 3536:5104, 3536:5104] (1568, 1568, 1568) and write ROI [1728:2304, 4032:4608, 4032:4608] (576, 576, 576)
Recorded block-done for octoCube180838765Y58786542Z46975319_pred_affs/1027 with read ROI [1232:2800, 3536:5104, 3536:5104] (1568, 1568, 1568) and write ROI [1728:2304, 4032:4608, 4032:4608] (576, 576, 576)
Recording block-done for octoCube180838765Y58786542Z46975319_pred_affs/139 with read ROI [1808:3376, 80:1648, 1232:2800] (1568, 1568, 1568) and write ROI [2304:2880, 576:1152, 1728:2304] (576, 576, 576)
Recorded block-done for octoCube180838765Y58786542Z46975319_pred_affs/139 with read ROI [1808:3376, 80:1648, 1232:2800] (1568, 1568, 1568) and write ROI [2304:2880, 576:1152, 1728:2304] (576, 576, 576)
Recording block-done for octoCube180838765Y58786542Z46975319_pred_affs/109 with read ROI [1808:3376, 656:2224, 80:1648] (1568, 1568, 1568) and write ROI [2304:2880, 1152:1728, 576:1152] (576, 576, 576)
Recorded block-done for octoCube180838765Y58786542Z46975319_pred_affs/109 with read ROI [1808:3376, 656:2224, 80:1648] (1568, 1568, 1568) and write ROI [2304:2880, 1152:1728, 576:1152] (576, 576, 576)
Recording block-done for octoCube180838765Y58786542Z46975319_pred_affs/145 with read ROI [1808:3376, 656:2224, 656:2224] (1568, 1568, 1568) and write ROI [2304:2880, 1152:1728, 1152:1728] (576, 576, 576)
Recorded block-done for octoCube180838765Y58786542Z46975319_pred_affs/145 with read ROI [1808:3376, 656:2224, 656:2224] (1568, 1568, 1568) and write ROI [2304:2880, 1152:1728, 1152:1728] (576, 576, 576)
Recording block-done for octoCube180838765Y58786542Z46975319_pred_affs/152 with read ROI [1808:3376, 1232:2800, 80:1648] (1568, 1568, 1568) and write ROI [2304:2880, 1728:2304, 576:1152] (576, 576, 576)
Recorded block-done for octoCube180838765Y58786542Z46975319_pred_affs/152 with read ROI [1808:3376, 1232:2800, 80:1648] (1568, 1568, 1568) and write ROI [2304:2880, 1728:2304, 576:1152] (576, 576, 576)
Recording block-done for octoCube180838765Y58786542Z46975319_pred_affs/252 with read ROI [1808:3376, 1232:2800, 1232:2800] (1568, 1568, 1568) and write ROI [2304:2880, 1728:2304, 1728:2304] (576, 576, 576)
Recorded block-done for octoCube180838765Y58786542Z46975319_pred_affs/252 with read ROI [1808:3376, 1232:2800, 1232:2800] (1568, 1568, 1568) and write ROI [2304:2880, 1728:2304, 1728:2304] (576, 576, 576)
Recording block-done for octoCube180838765Y58786542Z46975319_pred_affs/318 with read ROI [1808:3376, 1232:2800, 1808:3376] (1568, 1568, 1568) and write ROI [2304:2880, 1728:2304, 2304:2880] (576, 576, 576)
Recorded block-done for octoCube180838765Y58786542Z46975319_pred_affs/318 with read ROI [1808:3376, 1232:2800, 1808:3376] (1568, 1568, 1568) and write ROI [2304:2880, 1728:2304, 2304:2880] (576, 576, 576)
Recording block-done for octoCube180838765Y58786542Z46975319_pred_affs/487 with read ROI [1808:3376, 1232:2800, 2960:4528] (1568, 1568, 1568) and write ROI [2304:2880, 1728:2304, 3456:4032] (576, 576, 576)
Recorded block-done for octoCube180838765Y58786542Z46975319_pred_affs/487 with read ROI [1808:3376, 1232:2800, 2960:4528] (1568, 1568, 1568) and write ROI [2304:2880, 1728:2304, 3456:4032] (576, 576, 576)
Recording block-done for octoCube180838765Y58786542Z46975319_pred_affs/600 with read ROI [1808:3376, 1808:3376, 2960:4528] (1568, 1568, 1568) and write ROI [2304:2880, 2304:2880, 3456:4032] (576, 576, 576)
Recorded block-done for octoCube180838765Y58786542Z46975319_pred_affs/600 with read ROI [1808:3376, 1808:3376, 2960:4528] (1568, 1568, 1568) and write ROI [2304:2880, 2304:2880, 3456:4032] (576, 576, 576)
Recording block-done for octoCube180838765Y58786542Z46975319_pred_affs/720 with read ROI [1808:3376, 1808:3376, 3536:5104] (1568, 1568, 1568) and write ROI [2304:2880, 2304:2880, 4032:4608] (576, 576, 576)
Recorded block-done for octoCube180838765Y58786542Z46975319_pred_affs/720 with read ROI [1808:3376, 1808:3376, 3536:5104] (1568, 1568, 1568) and write ROI [2304:2880, 2304:2880, 4032:4608] (576, 576, 576)
Recording block-done for octoCube180838765Y58786542Z46975319_pred_affs/413 with read ROI [1808:3376, 2384:3952, 1232:2800] (1568, 1568, 1568) and write ROI [2304:2880, 2880:3456, 1728:2304] (576, 576, 576)
Recorded block-done for octoCube180838765Y58786542Z46975319_pred_affs/413 with read ROI [1808:3376, 2384:3952, 1232:2800] (1568, 1568, 1568) and write ROI [2304:2880, 2880:3456, 1728:2304] (576, 576, 576)
Recording block-done for octoCube180838765Y58786542Z46975319_pred_affs/729 with read ROI [1808:3376, 2384:3952, 2960:4528] (1568, 1568, 1568) and write ROI [2304:2880, 2880:3456, 3456:4032] (576, 576, 576)
Recorded block-done for octoCube180838765Y58786542Z46975319_pred_affs/729 with read ROI [1808:3376, 2384:3952, 2960:4528] (1568, 1568, 1568) and write ROI [2304:2880, 2880:3456, 3456:4032] (576, 576, 576)
Recording block-done for octoCube180838765Y58786542Z46975319_pred_affs/739 with read ROI [1808:3376, 2960:4528, 2384:3952] (1568, 1568, 1568) and write ROI [2304:2880, 3456:4032, 2880:3456] (576, 576, 576)
Recorded block-done for octoCube180838765Y58786542Z46975319_pred_affs/739 with read ROI [1808:3376, 2960:4528, 2384:3952] (1568, 1568, 1568) and write ROI [2304:2880, 3456:4032, 2880:3456] (576, 576, 576)
Recording block-done for octoCube180838765Y58786542Z46975319_pred_affs/514 with read ROI [1808:3376, 2960:4528, 1232:2800] (1568, 1568, 1568) and write ROI [2304:2880, 3456:4032, 1728:2304] (576, 576, 576)
Recorded block-done for octoCube180838765Y58786542Z46975319_pred_affs/514 with read ROI [1808:3376, 2960:4528, 1232:2800] (1568, 1568, 1568) and write ROI [2304:2880, 3456:4032, 1728:2304] (576, 576, 576)
Recording block-done for octoCube180838765Y58786542Z46975319_pred_affs/525 with read ROI [1808:3376, 3536:5104, 656:2224] (1568, 1568, 1568) and write ROI [2304:2880, 4032:4608, 1152:1728] (576, 576, 576)
Recorded block-done for octoCube180838765Y58786542Z46975319_pred_affs/525 with read ROI [1808:3376, 3536:5104, 656:2224] (1568, 1568, 1568) and write ROI [2304:2880, 4032:4608, 1152:1728] (576, 576, 576)
Recording block-done for octoCube180838765Y58786542Z46975319_pred_affs/750 with read ROI [1808:3376, 3536:5104, 1808:3376] (1568, 1568, 1568) and write ROI [2304:2880, 4032:4608, 2304:2880] (576, 576, 576)
Recorded block-done for octoCube180838765Y58786542Z46975319_pred_affs/750 with read ROI [1808:3376, 3536:5104, 1808:3376] (1568, 1568, 1568) and write ROI [2304:2880, 4032:4608, 2304:2880] (576, 576, 576)
Recording block-done for octoCube180838765Y58786542Z46975319_pred_affs/146 with read ROI [2384:3952, 80:1648, 656:2224] (1568, 1568, 1568) and write ROI [2880:3456, 576:1152, 1152:1728] (576, 576, 576)
Recorded block-done for octoCube180838765Y58786542Z46975319_pred_affs/146 with read ROI [2384:3952, 80:1648, 656:2224] (1568, 1568, 1568) and write ROI [2880:3456, 576:1152, 1152:1728] (576, 576, 576)
Recording block-done for octoCube180838765Y58786542Z46975319_pred_affs/246 with read ROI [2384:3952, 80:1648, 1808:3376] (1568, 1568, 1568) and write ROI [2880:3456, 576:1152, 2304:2880] (576, 576, 576)
Recorded block-done for octoCube180838765Y58786542Z46975319_pred_affs/246 with read ROI [2384:3952, 80:1648, 1808:3376] (1568, 1568, 1568) and write ROI [2880:3456, 576:1152, 2304:2880] (576, 576, 576)
Recording block-done for octoCube180838765Y58786542Z46975319_pred_affs/153 with read ROI [2384:3952, 656:2224, 80:1648] (1568, 1568, 1568) and write ROI [2880:3456, 1152:1728, 576:1152] (576, 576, 576)
Recorded block-done for octoCube180838765Y58786542Z46975319_pred_affs/153 with read ROI [2384:3952, 656:2224, 80:1648] (1568, 1568, 1568) and write ROI [2880:3456, 1152:1728, 576:1152] (576, 576, 576)
Recording block-done for octoCube180838765Y58786542Z46975319_pred_affs/397 with read ROI [2384:3952, 656:2224, 2384:3952] (1568, 1568, 1568) and write ROI [2880:3456, 1152:1728, 2880:3456] (576, 576, 576)
Recorded block-done for octoCube180838765Y58786542Z46975319_pred_affs/397 with read ROI [2384:3952, 656:2224, 2384:3952] (1568, 1568, 1568) and write ROI [2880:3456, 1152:1728, 2880:3456] (576, 576, 576)
Recording block-done for octoCube180838765Y58786542Z46975319_pred_affs/206 with read ROI [2384:3952, 1232:2800, 80:1648] (1568, 1568, 1568) and write ROI [2880:3456, 1728:2304, 576:1152] (576, 576, 576)
Recorded block-done for octoCube180838765Y58786542Z46975319_pred_affs/206 with read ROI [2384:3952, 1232:2800, 80:1648] (1568, 1568, 1568) and write ROI [2880:3456, 1728:2304, 576:1152] (576, 576, 576)
Recording block-done for octoCube180838765Y58786542Z46975319_pred_affs/327 with read ROI [2384:3952, 1232:2800, 1232:2800] (1568, 1568, 1568) and write ROI [2880:3456, 1728:2304, 1728:2304] (576, 576, 576)
Recorded block-done for octoCube180838765Y58786542Z46975319_pred_affs/327 with read ROI [2384:3952, 1232:2800, 1232:2800] (1568, 1568, 1568) and write ROI [2880:3456, 1728:2304, 1728:2304] (576, 576, 576)
Recording block-done for octoCube180838765Y58786542Z46975319_pred_affs/496 with read ROI [2384:3952, 1232:2800, 2384:3952] (1568, 1568, 1568) and write ROI [2880:3456, 1728:2304, 2880:3456] (576, 576, 576)
Recorded block-done for octoCube180838765Y58786542Z46975319_pred_affs/496 with read ROI [2384:3952, 1232:2800, 2384:3952] (1568, 1568, 1568) and write ROI [2880:3456, 1728:2304, 2880:3456] (576, 576, 576)
Recording block-done for octoCube180838765Y58786542Z46975319_pred_affs/721 with read ROI [2384:3952, 1232:2800, 3536:5104] (1568, 1568, 1568) and write ROI [2880:3456, 1728:2304, 4032:4608] (576, 576, 576)
Recorded block-done for octoCube180838765Y58786542Z46975319_pred_affs/721 with read ROI [2384:3952, 1232:2800, 3536:5104] (1568, 1568, 1568) and write ROI [2880:3456, 1728:2304, 4032:4608] (576, 576, 576)
Recording block-done for octoCube180838765Y58786542Z46975319_pred_affs/505 with read ROI [2384:3952, 1808:3376, 1808:3376] (1568, 1568, 1568) and write ROI [2880:3456, 2304:2880, 2304:2880] (576, 576, 576)
Recorded block-done for octoCube180838765Y58786542Z46975319_pred_affs/505 with read ROI [2384:3952, 1808:3376, 1808:3376] (1568, 1568, 1568) and write ROI [2880:3456, 2304:2880, 2304:2880] (576, 576, 576)
Recording block-done for octoCube180838765Y58786542Z46975319_pred_affs/730 with read ROI [2384:3952, 1808:3376, 2960:4528] (1568, 1568, 1568) and write ROI [2880:3456, 2304:2880, 3456:4032] (576, 576, 576)
Recorded block-done for octoCube180838765Y58786542Z46975319_pred_affs/730 with read ROI [2384:3952, 1808:3376, 2960:4528] (1568, 1568, 1568) and write ROI [2880:3456, 2304:2880, 3456:4032] (576, 576, 576)
Recording block-done for octoCube180838765Y58786542Z46975319_pred_affs/424 with read ROI [2384:3952, 2384:3952, 656:2224] (1568, 1568, 1568) and write ROI [2880:3456, 2880:3456, 1152:1728] (576, 576, 576)
Recorded block-done for octoCube180838765Y58786542Z46975319_pred_affs/424 with read ROI [2384:3952, 2384:3952, 656:2224] (1568, 1568, 1568) and write ROI [2880:3456, 2880:3456, 1152:1728] (576, 576, 576)
Recording block-done for octoCube180838765Y58786542Z46975319_pred_affs/620 with read ROI [2384:3952, 2384:3952, 1808:3376] (1568, 1568, 1568) and write ROI [2880:3456, 2880:3456, 2304:2880] (576, 576, 576)
Recorded block-done for octoCube180838765Y58786542Z46975319_pred_affs/620 with read ROI [2384:3952, 2384:3952, 1808:3376] (1568, 1568, 1568) and write ROI [2880:3456, 2880:3456, 2304:2880] (576, 576, 576)
Recording block-done for octoCube180838765Y58786542Z46975319_pred_affs/751 with read ROI [2384:3952, 2960:4528, 1808:3376] (1568, 1568, 1568) and write ROI [2880:3456, 3456:4032, 2304:2880] (576, 576, 576)
Recorded block-done for octoCube180838765Y58786542Z46975319_pred_affs/751 with read ROI [2384:3952, 2960:4528, 1808:3376] (1568, 1568, 1568) and write ROI [2880:3456, 3456:4032, 2304:2880] (576, 576, 576)
Recording block-done for octoCube180838765Y58786542Z46975319_pred_affs/631 with read ROI [2384:3952, 2960:4528, 1232:2800] (1568, 1568, 1568) and write ROI [2880:3456, 3456:4032, 1728:2304] (576, 576, 576)
Recorded block-done for octoCube180838765Y58786542Z46975319_pred_affs/631 with read ROI [2384:3952, 2960:4528, 1232:2800] (1568, 1568, 1568) and write ROI [2880:3456, 3456:4032, 1728:2304] (576, 576, 576)
Recording block-done for octoCube180838765Y58786542Z46975319_pred_affs/1040 with read ROI [2384:3952, 2960:4528, 2960:4528] (1568, 1568, 1568) and write ROI [2880:3456, 3456:4032, 3456:4032] (576, 576, 576)
Recorded block-done for octoCube180838765Y58786542Z46975319_pred_affs/1040 with read ROI [2384:3952, 2960:4528, 2960:4528] (1568, 1568, 1568) and write ROI [2880:3456, 3456:4032, 3456:4032] (576, 576, 576)
Recording block-done for octoCube180838765Y58786542Z46975319_pred_affs/1223 with read ROI [2384:3952, 3536:5104, 2960:4528] (1568, 1568, 1568) and write ROI [2880:3456, 4032:4608, 3456:4032] (576, 576, 576)
Recorded block-done for octoCube180838765Y58786542Z46975319_pred_affs/1223 with read ROI [2384:3952, 3536:5104, 2960:4528] (1568, 1568, 1568) and write ROI [2880:3456, 4032:4608, 3456:4032] (576, 576, 576)
Recording block-done for octoCube180838765Y58786542Z46975319_pred_affs/154 with read ROI [2960:4528, 80:1648, 80:1648] (1568, 1568, 1568) and write ROI [3456:4032, 576:1152, 576:1152] (576, 576, 576)
Recorded block-done for octoCube180838765Y58786542Z46975319_pred_affs/154 with read ROI [2960:4528, 80:1648, 80:1648] (1568, 1568, 1568) and write ROI [3456:4032, 576:1152, 576:1152] (576, 576, 576)
Recording block-done for octoCube180838765Y58786542Z46975319_pred_affs/489 with read ROI [2960:4528, 80:1648, 2960:4528] (1568, 1568, 1568) and write ROI [3456:4032, 576:1152, 3456:4032] (576, 576, 576)
Recorded block-done for octoCube180838765Y58786542Z46975319_pred_affs/489 with read ROI [2960:4528, 80:1648, 2960:4528] (1568, 1568, 1568) and write ROI [3456:4032, 576:1152, 3456:4032] (576, 576, 576)
Recording block-done for octoCube180838765Y58786542Z46975319_pred_affs/207 with read ROI [2960:4528, 656:2224, 80:1648] (1568, 1568, 1568) and write ROI [3456:4032, 1152:1728, 576:1152] (576, 576, 576)
Recorded block-done for octoCube180838765Y58786542Z46975319_pred_affs/207 with read ROI [2960:4528, 656:2224, 80:1648] (1568, 1568, 1568) and write ROI [3456:4032, 1152:1728, 576:1152] (576, 576, 576)
Recording block-done for octoCube180838765Y58786542Z46975319_pred_affs/328 with read ROI [2960:4528, 656:2224, 1232:2800] (1568, 1568, 1568) and write ROI [3456:4032, 1152:1728, 1728:2304] (576, 576, 576)
Recorded block-done for octoCube180838765Y58786542Z46975319_pred_affs/328 with read ROI [2960:4528, 656:2224, 1232:2800] (1568, 1568, 1568) and write ROI [3456:4032, 1152:1728, 1728:2304] (576, 576, 576)
Recording block-done for octoCube180838765Y58786542Z46975319_pred_affs/722 with read ROI [2960:4528, 656:2224, 3536:5104] (1568, 1568, 1568) and write ROI [3456:4032, 1152:1728, 4032:4608] (576, 576, 576)
Recorded block-done for octoCube180838765Y58786542Z46975319_pred_affs/722 with read ROI [2960:4528, 656:2224, 3536:5104] (1568, 1568, 1568) and write ROI [3456:4032, 1152:1728, 4032:4608] (576, 576, 576)
Recording block-done for octoCube180838765Y58786542Z46975319_pred_affs/415 with read ROI [2960:4528, 1232:2800, 1232:2800] (1568, 1568, 1568) and write ROI [3456:4032, 1728:2304, 1728:2304] (576, 576, 576)
Recorded block-done for octoCube180838765Y58786542Z46975319_pred_affs/415 with read ROI [2960:4528, 1232:2800, 1232:2800] (1568, 1568, 1568) and write ROI [3456:4032, 1728:2304, 1728:2304] (576, 576, 576)
Recording block-done for octoCube180838765Y58786542Z46975319_pred_affs/867 with read ROI [2960:4528, 1232:2800, 3536:5104] (1568, 1568, 1568) and write ROI [3456:4032, 1728:2304, 4032:4608] (576, 576, 576)
Recorded block-done for octoCube180838765Y58786542Z46975319_pred_affs/867 with read ROI [2960:4528, 1232:2800, 3536:5104] (1568, 1568, 1568) and write ROI [3456:4032, 1728:2304, 4032:4608] (576, 576, 576)
Recording block-done for octoCube180838765Y58786542Z46975319_pred_affs/741 with read ROI [2960:4528, 1808:3376, 2384:3952] (1568, 1568, 1568) and write ROI [3456:4032, 2304:2880, 2880:3456] (576, 576, 576)
Recorded block-done for octoCube180838765Y58786542Z46975319_pred_affs/741 with read ROI [2960:4528, 1808:3376, 2384:3952] (1568, 1568, 1568) and write ROI [3456:4032, 2304:2880, 2880:3456] (576, 576, 576)
Recording block-done for octoCube180838765Y58786542Z46975319_pred_affs/516 with read ROI [2960:4528, 1808:3376, 1232:2800] (1568, 1568, 1568) and write ROI [3456:4032, 2304:2880, 1728:2304] (576, 576, 576)
Recorded block-done for octoCube180838765Y58786542Z46975319_pred_affs/516 with read ROI [2960:4528, 1808:3376, 1232:2800] (1568, 1568, 1568) and write ROI [3456:4032, 2304:2880, 1728:2304] (576, 576, 576)
Recording block-done for octoCube180838765Y58786542Z46975319_pred_affs/436 with read ROI [2960:4528, 2384:3952, 80:1648] (1568, 1568, 1568) and write ROI [3456:4032, 2880:3456, 576:1152] (576, 576, 576)
Recorded block-done for octoCube180838765Y58786542Z46975319_pred_affs/436 with read ROI [2960:4528, 2384:3952, 80:1648] (1568, 1568, 1568) and write ROI [3456:4032, 2880:3456, 576:1152] (576, 576, 576)
Recording block-done for octoCube180838765Y58786542Z46975319_pred_affs/527 with read ROI [2960:4528, 2384:3952, 656:2224] (1568, 1568, 1568) and write ROI [3456:4032, 2880:3456, 1152:1728] (576, 576, 576)
Recorded block-done for octoCube180838765Y58786542Z46975319_pred_affs/527 with read ROI [2960:4528, 2384:3952, 656:2224] (1568, 1568, 1568) and write ROI [3456:4032, 2880:3456, 1152:1728] (576, 576, 576)
Recording block-done for octoCube180838765Y58786542Z46975319_pred_affs/1212 with read ROI [2960:4528, 2384:3952, 3536:5104] (1568, 1568, 1568) and write ROI [3456:4032, 2880:3456, 4032:4608] (576, 576, 576)
Recorded block-done for octoCube180838765Y58786542Z46975319_pred_affs/1212 with read ROI [2960:4528, 2384:3952, 3536:5104] (1568, 1568, 1568) and write ROI [3456:4032, 2880:3456, 4032:4608] (576, 576, 576)
Recording block-done for octoCube180838765Y58786542Z46975319_pred_affs/539 with read ROI [2960:4528, 2960:4528, 80:1648] (1568, 1568, 1568) and write ROI [3456:4032, 3456:4032, 576:1152] (576, 576, 576)
Recorded block-done for octoCube180838765Y58786542Z46975319_pred_affs/539 with read ROI [2960:4528, 2960:4528, 80:1648] (1568, 1568, 1568) and write ROI [3456:4032, 3456:4032, 576:1152] (576, 576, 576)
Recording block-done for octoCube180838765Y58786542Z46975319_pred_affs/657 with read ROI [2960:4528, 3536:5104, 80:1648] (1568, 1568, 1568) and write ROI [3456:4032, 4032:4608, 576:1152] (576, 576, 576)
Recorded block-done for octoCube180838765Y58786542Z46975319_pred_affs/657 with read ROI [2960:4528, 3536:5104, 80:1648] (1568, 1568, 1568) and write ROI [3456:4032, 4032:4608, 576:1152] (576, 576, 576)
Recording block-done for octoCube180838765Y58786542Z46975319_pred_affs/764 with read ROI [2960:4528, 2960:4528, 1232:2800] (1568, 1568, 1568) and write ROI [3456:4032, 3456:4032, 1728:2304] (576, 576, 576)
Recorded block-done for octoCube180838765Y58786542Z46975319_pred_affs/764 with read ROI [2960:4528, 2960:4528, 1232:2800] (1568, 1568, 1568) and write ROI [3456:4032, 3456:4032, 1728:2304] (576, 576, 576)
Recording block-done for octoCube180838765Y58786542Z46975319_pred_affs/777 with read ROI [2960:4528, 3536:5104, 656:2224] (1568, 1568, 1568) and write ROI [3456:4032, 4032:4608, 1152:1728] (576, 576, 576)
Recorded block-done for octoCube180838765Y58786542Z46975319_pred_affs/777 with read ROI [2960:4528, 3536:5104, 656:2224] (1568, 1568, 1568) and write ROI [3456:4032, 4032:4608, 1152:1728] (576, 576, 576)
Recording block-done for octoCube180838765Y58786542Z46975319_pred_affs/1237 with read ROI [2960:4528, 3536:5104, 2384:3952] (1568, 1568, 1568) and write ROI [3456:4032, 4032:4608, 2880:3456] (576, 576, 576)
Recorded block-done for octoCube180838765Y58786542Z46975319_pred_affs/1237 with read ROI [2960:4528, 3536:5104, 2384:3952] (1568, 1568, 1568) and write ROI [3456:4032, 4032:4608, 2880:3456] (576, 576, 576)
