MtlsdModel(
  (unet): UNet(
    (l_conv): ModuleList(
      (0): ConvPass(
        (conv_pass): Sequential(
          (0): Conv3d(1, 12, kernel_size=(3, 3, 3), stride=(1, 1, 1))
          (1): ReLU()
          (2): Conv3d(12, 12, kernel_size=(3, 3, 3), stride=(1, 1, 1))
          (3): ReLU()
        )
      )
      (1): ConvPass(
        (conv_pass): Sequential(
          (0): Conv3d(12, 60, kernel_size=(3, 3, 3), stride=(1, 1, 1))
          (1): ReLU()
          (2): Conv3d(60, 60, kernel_size=(3, 3, 3), stride=(1, 1, 1))
          (3): ReLU()
        )
      )
      (2): ConvPass(
        (conv_pass): Sequential(
          (0): Conv3d(60, 300, kernel_size=(3, 3, 3), stride=(1, 1, 1))
          (1): ReLU()
          (2): Conv3d(300, 300, kernel_size=(3, 3, 3), stride=(1, 1, 1))
          (3): ReLU()
        )
      )
      (3): ConvPass(
        (conv_pass): Sequential(
          (0): Conv3d(300, 1500, kernel_size=(3, 3, 3), stride=(1, 1, 1))
          (1): ReLU()
          (2): Conv3d(1500, 1500, kernel_size=(3, 3, 3), stride=(1, 1, 1))
          (3): ReLU()
        )
      )
    )
    (l_down): ModuleList(
      (0): Downsample(
        (down): MaxPool3d(kernel_size=[2, 2, 2], stride=[2, 2, 2], padding=0, dilation=1, ceil_mode=False)
      )
      (1): Downsample(
        (down): MaxPool3d(kernel_size=[2, 2, 2], stride=[2, 2, 2], padding=0, dilation=1, ceil_mode=False)
      )
      (2): Downsample(
        (down): MaxPool3d(kernel_size=[3, 3, 3], stride=[3, 3, 3], padding=0, dilation=1, ceil_mode=False)
      )
    )
    (r_up): ModuleList(
      (0): ModuleList(
        (0): Upsample(
          (up): ConvTranspose3d(60, 60, kernel_size=(2, 2, 2), stride=(2, 2, 2))
        )
        (1): Upsample(
          (up): ConvTranspose3d(300, 300, kernel_size=(2, 2, 2), stride=(2, 2, 2))
        )
        (2): Upsample(
          (up): ConvTranspose3d(1500, 1500, kernel_size=(3, 3, 3), stride=(3, 3, 3))
        )
      )
    )
    (r_conv): ModuleList(
      (0): ModuleList(
        (0): ConvPass(
          (conv_pass): Sequential(
            (0): Conv3d(72, 12, kernel_size=(3, 3, 3), stride=(1, 1, 1))
            (1): ReLU()
            (2): Conv3d(12, 12, kernel_size=(3, 3, 3), stride=(1, 1, 1))
            (3): ReLU()
          )
        )
        (1): ConvPass(
          (conv_pass): Sequential(
            (0): Conv3d(360, 60, kernel_size=(3, 3, 3), stride=(1, 1, 1))
            (1): ReLU()
            (2): Conv3d(60, 60, kernel_size=(3, 3, 3), stride=(1, 1, 1))
            (3): ReLU()
          )
        )
        (2): ConvPass(
          (conv_pass): Sequential(
            (0): Conv3d(1800, 300, kernel_size=(3, 3, 3), stride=(1, 1, 1))
            (1): ReLU()
            (2): Conv3d(300, 300, kernel_size=(3, 3, 3), stride=(1, 1, 1))
            (3): ReLU()
          )
        )
      )
    )
  )
  (lsd_head): ConvPass(
    (conv_pass): Sequential(
      (0): Conv3d(12, 10, kernel_size=(1, 1, 1), stride=(1, 1, 1))
      (1): Sigmoid()
    )
  )
  (aff_head): ConvPass(
    (conv_pass): Sequential(
      (0): Conv3d(12, 3, kernel_size=(1, 1, 1), stride=(1, 1, 1))
      (1): Sigmoid()
    )
  )
)
Model Parameters: 155.160M
Saving outputs to /media/samia/DATA/mounts/zstore1/lsd_outputs/OCTO_3CUBES_ZYX/MTLSD/3d/clahed_hemi_mito_unproof/model_checkpoint_300000/octo_cube1_8083_8765_y5878_6542_z4697_5319.zarr
local variable 'mask' referenced before assignment
Recording block-done for octoCube180838765Y58786542Z46975319_pred_affs/14 with read ROI [80:1648, 80:1648, 80:1648] (1568, 1568, 1568) and write ROI [576:1152, 576:1152, 576:1152] (576, 576, 576)
Recorded block-done for octoCube180838765Y58786542Z46975319_pred_affs/14 with read ROI [80:1648, 80:1648, 80:1648] (1568, 1568, 1568) and write ROI [576:1152, 576:1152, 576:1152] (576, 576, 576)
Recording block-done for octoCube180838765Y58786542Z46975319_pred_affs/169 with read ROI [80:1648, 80:1648, 3536:5104] (1568, 1568, 1568) and write ROI [576:1152, 576:1152, 4032:4608] (576, 576, 576)
Recorded block-done for octoCube180838765Y58786542Z46975319_pred_affs/169 with read ROI [80:1648, 80:1648, 3536:5104] (1568, 1568, 1568) and write ROI [576:1152, 576:1152, 4032:4608] (576, 576, 576)
Recording block-done for octoCube180838765Y58786542Z46975319_pred_affs/27 with read ROI [80:1648, 656:2224, 80:1648] (1568, 1568, 1568) and write ROI [576:1152, 1152:1728, 576:1152] (576, 576, 576)
Recorded block-done for octoCube180838765Y58786542Z46975319_pred_affs/27 with read ROI [80:1648, 656:2224, 80:1648] (1568, 1568, 1568) and write ROI [576:1152, 1152:1728, 576:1152] (576, 576, 576)
Recording block-done for octoCube180838765Y58786542Z46975319_pred_affs/127 with read ROI [80:1648, 656:2224, 2384:3952] (1568, 1568, 1568) and write ROI [576:1152, 1152:1728, 2880:3456] (576, 576, 576)
Recorded block-done for octoCube180838765Y58786542Z46975319_pred_affs/127 with read ROI [80:1648, 656:2224, 2384:3952] (1568, 1568, 1568) and write ROI [576:1152, 1152:1728, 2880:3456] (576, 576, 576)
Recording block-done for octoCube180838765Y58786542Z46975319_pred_affs/46 with read ROI [80:1648, 1232:2800, 80:1648] (1568, 1568, 1568) and write ROI [576:1152, 1728:2304, 576:1152] (576, 576, 576)
Recorded block-done for octoCube180838765Y58786542Z46975319_pred_affs/46 with read ROI [80:1648, 1232:2800, 80:1648] (1568, 1568, 1568) and write ROI [576:1152, 1728:2304, 576:1152] (576, 576, 576)
Recording block-done for octoCube180838765Y58786542Z46975319_pred_affs/227 with read ROI [80:1648, 656:2224, 3536:5104] (1568, 1568, 1568) and write ROI [576:1152, 1152:1728, 4032:4608] (576, 576, 576)
Recorded block-done for octoCube180838765Y58786542Z46975319_pred_affs/227 with read ROI [80:1648, 656:2224, 3536:5104] (1568, 1568, 1568) and write ROI [576:1152, 1152:1728, 4032:4608] (576, 576, 576)
Recording block-done for octoCube180838765Y58786542Z46975319_pred_affs/176 with read ROI [80:1648, 1232:2800, 2384:3952] (1568, 1568, 1568) and write ROI [576:1152, 1728:2304, 2880:3456] (576, 576, 576)
Recorded block-done for octoCube180838765Y58786542Z46975319_pred_affs/176 with read ROI [80:1648, 1232:2800, 2384:3952] (1568, 1568, 1568) and write ROI [576:1152, 1728:2304, 2880:3456] (576, 576, 576)
Recording block-done for octoCube180838765Y58786542Z46975319_pred_affs/236 with read ROI [80:1648, 1808:3376, 2384:3952] (1568, 1568, 1568) and write ROI [576:1152, 2304:2880, 2880:3456] (576, 576, 576)
Recorded block-done for octoCube180838765Y58786542Z46975319_pred_affs/236 with read ROI [80:1648, 1808:3376, 2384:3952] (1568, 1568, 1568) and write ROI [576:1152, 2304:2880, 2880:3456] (576, 576, 576)
Recording block-done for octoCube180838765Y58786542Z46975319_pred_affs/231 with read ROI [80:1648, 1232:2800, 2960:4528] (1568, 1568, 1568) and write ROI [576:1152, 1728:2304, 3456:4032] (576, 576, 576)
Recorded block-done for octoCube180838765Y58786542Z46975319_pred_affs/231 with read ROI [80:1648, 1232:2800, 2960:4528] (1568, 1568, 1568) and write ROI [576:1152, 1728:2304, 3456:4032] (576, 576, 576)
Recording block-done for octoCube180838765Y58786542Z46975319_pred_affs/380 with read ROI [80:1648, 1808:3376, 3536:5104] (1568, 1568, 1568) and write ROI [576:1152, 2304:2880, 4032:4608] (576, 576, 576)
Recorded block-done for octoCube180838765Y58786542Z46975319_pred_affs/380 with read ROI [80:1648, 1808:3376, 3536:5104] (1568, 1568, 1568) and write ROI [576:1152, 2304:2880, 4032:4608] (576, 576, 576)
Recording block-done for octoCube180838765Y58786542Z46975319_pred_affs/106 with read ROI [80:1648, 2384:3952, 80:1648] (1568, 1568, 1568) and write ROI [576:1152, 2880:3456, 576:1152] (576, 576, 576)
Recorded block-done for octoCube180838765Y58786542Z46975319_pred_affs/106 with read ROI [80:1648, 2384:3952, 80:1648] (1568, 1568, 1568) and write ROI [576:1152, 2880:3456, 576:1152] (576, 576, 576)
Recording block-done for octoCube180838765Y58786542Z46975319_pred_affs/386 with read ROI [80:1648, 2384:3952, 2960:4528] (1568, 1568, 1568) and write ROI [576:1152, 2880:3456, 3456:4032] (576, 576, 576)
Recorded block-done for octoCube180838765Y58786542Z46975319_pred_affs/386 with read ROI [80:1648, 2384:3952, 2960:4528] (1568, 1568, 1568) and write ROI [576:1152, 2880:3456, 3456:4032] (576, 576, 576)
Recording block-done for octoCube180838765Y58786542Z46975319_pred_affs/187 with read ROI [80:1648, 2384:3952, 1232:2800] (1568, 1568, 1568) and write ROI [576:1152, 2880:3456, 1728:2304] (576, 576, 576)
Recorded block-done for octoCube180838765Y58786542Z46975319_pred_affs/187 with read ROI [80:1648, 2384:3952, 1232:2800] (1568, 1568, 1568) and write ROI [576:1152, 2880:3456, 1728:2304] (576, 576, 576)
Recording block-done for octoCube180838765Y58786542Z46975319_pred_affs/393 with read ROI [80:1648, 2960:4528, 2384:3952] (1568, 1568, 1568) and write ROI [576:1152, 3456:4032, 2880:3456] (576, 576, 576)
Recorded block-done for octoCube180838765Y58786542Z46975319_pred_affs/393 with read ROI [80:1648, 2960:4528, 2384:3952] (1568, 1568, 1568) and write ROI [576:1152, 3456:4032, 2880:3456] (576, 576, 576)
Recording block-done for octoCube180838765Y58786542Z46975319_pred_affs/249 with read ROI [80:1648, 2960:4528, 1232:2800] (1568, 1568, 1568) and write ROI [576:1152, 3456:4032, 1728:2304] (576, 576, 576)
Recorded block-done for octoCube180838765Y58786542Z46975319_pred_affs/249 with read ROI [80:1648, 2960:4528, 1232:2800] (1568, 1568, 1568) and write ROI [576:1152, 3456:4032, 1728:2304] (576, 576, 576)
Recording block-done for octoCube180838765Y58786542Z46975319_pred_affs/589 with read ROI [80:1648, 2960:4528, 3536:5104] (1568, 1568, 1568) and write ROI [576:1152, 3456:4032, 4032:4608] (576, 576, 576)
Recorded block-done for octoCube180838765Y58786542Z46975319_pred_affs/589 with read ROI [80:1648, 2960:4528, 3536:5104] (1568, 1568, 1568) and write ROI [576:1152, 3456:4032, 4032:4608] (576, 576, 576)
Recording block-done for octoCube180838765Y58786542Z46975319_pred_affs/492 with read ROI [80:1648, 3536:5104, 2384:3952] (1568, 1568, 1568) and write ROI [576:1152, 4032:4608, 2880:3456] (576, 576, 576)
Recorded block-done for octoCube180838765Y58786542Z46975319_pred_affs/492 with read ROI [80:1648, 3536:5104, 2384:3952] (1568, 1568, 1568) and write ROI [576:1152, 4032:4608, 2880:3456] (576, 576, 576)
Recording block-done for octoCube180838765Y58786542Z46975319_pred_affs/401 with read ROI [80:1648, 3536:5104, 1808:3376] (1568, 1568, 1568) and write ROI [576:1152, 4032:4608, 2304:2880] (576, 576, 576)
Recorded block-done for octoCube180838765Y58786542Z46975319_pred_affs/401 with read ROI [80:1648, 3536:5104, 1808:3376] (1568, 1568, 1568) and write ROI [576:1152, 4032:4608, 2304:2880] (576, 576, 576)
Recording block-done for octoCube180838765Y58786542Z46975319_pred_affs/28 with read ROI [656:2224, 80:1648, 80:1648] (1568, 1568, 1568) and write ROI [1152:1728, 576:1152, 576:1152] (576, 576, 576)
Recorded block-done for octoCube180838765Y58786542Z46975319_pred_affs/28 with read ROI [656:2224, 80:1648, 80:1648] (1568, 1568, 1568) and write ROI [1152:1728, 576:1152, 576:1152] (576, 576, 576)
Recording block-done for octoCube180838765Y58786542Z46975319_pred_affs/128 with read ROI [656:2224, 80:1648, 2384:3952] (1568, 1568, 1568) and write ROI [1152:1728, 576:1152, 2880:3456] (576, 576, 576)
Recorded block-done for octoCube180838765Y58786542Z46975319_pred_affs/128 with read ROI [656:2224, 80:1648, 2384:3952] (1568, 1568, 1568) and write ROI [1152:1728, 576:1152, 2880:3456] (576, 576, 576)
Recording block-done for octoCube180838765Y58786542Z46975319_pred_affs/64 with read ROI [656:2224, 80:1648, 1232:2800] (1568, 1568, 1568) and write ROI [1152:1728, 576:1152, 1728:2304] (576, 576, 576)
Recorded block-done for octoCube180838765Y58786542Z46975319_pred_affs/64 with read ROI [656:2224, 80:1648, 1232:2800] (1568, 1568, 1568) and write ROI [1152:1728, 576:1152, 1728:2304] (576, 576, 576)
Recording block-done for octoCube180838765Y58786542Z46975319_pred_affs/96 with read ROI [656:2224, 656:2224, 1232:2800] (1568, 1568, 1568) and write ROI [1152:1728, 1152:1728, 1728:2304] (576, 576, 576)
Recorded block-done for octoCube180838765Y58786542Z46975319_pred_affs/96 with read ROI [656:2224, 656:2224, 1232:2800] (1568, 1568, 1568) and write ROI [1152:1728, 1152:1728, 1728:2304] (576, 576, 576)
Recording block-done for octoCube180838765Y58786542Z46975319_pred_affs/132 with read ROI [656:2224, 656:2224, 1808:3376] (1568, 1568, 1568) and write ROI [1152:1728, 1152:1728, 2304:2880] (576, 576, 576)
Recorded block-done for octoCube180838765Y58786542Z46975319_pred_affs/132 with read ROI [656:2224, 656:2224, 1808:3376] (1568, 1568, 1568) and write ROI [1152:1728, 1152:1728, 2304:2880] (576, 576, 576)
Recording block-done for octoCube180838765Y58786542Z46975319_pred_affs/232 with read ROI [656:2224, 656:2224, 2960:4528] (1568, 1568, 1568) and write ROI [1152:1728, 1152:1728, 3456:4032] (576, 576, 576)
Recorded block-done for octoCube180838765Y58786542Z46975319_pred_affs/232 with read ROI [656:2224, 656:2224, 2960:4528] (1568, 1568, 1568) and write ROI [1152:1728, 1152:1728, 3456:4032] (576, 576, 576)
Recording block-done for octoCube180838765Y58786542Z46975319_pred_affs/303 with read ROI [656:2224, 1232:2800, 2960:4528] (1568, 1568, 1568) and write ROI [1152:1728, 1728:2304, 3456:4032] (576, 576, 576)
Recorded block-done for octoCube180838765Y58786542Z46975319_pred_affs/303 with read ROI [656:2224, 1232:2800, 2960:4528] (1568, 1568, 1568) and write ROI [1152:1728, 1728:2304, 3456:4032] (576, 576, 576)
Recording block-done for octoCube180838765Y58786542Z46975319_pred_affs/107 with read ROI [656:2224, 1808:3376, 80:1648] (1568, 1568, 1568) and write ROI [1152:1728, 2304:2880, 576:1152] (576, 576, 576)
Recorded block-done for octoCube180838765Y58786542Z46975319_pred_affs/107 with read ROI [656:2224, 1808:3376, 80:1648] (1568, 1568, 1568) and write ROI [1152:1728, 2304:2880, 576:1152] (576, 576, 576)
Recording block-done for octoCube180838765Y58786542Z46975319_pred_affs/188 with read ROI [656:2224, 1808:3376, 1232:2800] (1568, 1568, 1568) and write ROI [1152:1728, 2304:2880, 1728:2304] (576, 576, 576)
Recorded block-done for octoCube180838765Y58786542Z46975319_pred_affs/188 with read ROI [656:2224, 1808:3376, 1232:2800] (1568, 1568, 1568) and write ROI [1152:1728, 2304:2880, 1728:2304] (576, 576, 576)
Recording block-done for octoCube180838765Y58786542Z46975319_pred_affs/316 with read ROI [656:2224, 2384:3952, 1808:3376] (1568, 1568, 1568) and write ROI [1152:1728, 2880:3456, 2304:2880] (576, 576, 576)
Recorded block-done for octoCube180838765Y58786542Z46975319_pred_affs/316 with read ROI [656:2224, 2384:3952, 1808:3376] (1568, 1568, 1568) and write ROI [1152:1728, 2880:3456, 2304:2880] (576, 576, 576)
Recording block-done for octoCube180838765Y58786542Z46975319_pred_affs/195 with read ROI [656:2224, 2384:3952, 656:2224] (1568, 1568, 1568) and write ROI [1152:1728, 2880:3456, 1152:1728] (576, 576, 576)
Recorded block-done for octoCube180838765Y58786542Z46975319_pred_affs/195 with read ROI [656:2224, 2384:3952, 656:2224] (1568, 1568, 1568) and write ROI [1152:1728, 2880:3456, 1152:1728] (576, 576, 576)
Recording block-done for octoCube180838765Y58786542Z46975319_pred_affs/493 with read ROI [656:2224, 2960:4528, 2384:3952] (1568, 1568, 1568) and write ROI [1152:1728, 3456:4032, 2880:3456] (576, 576, 576)
Recorded block-done for octoCube180838765Y58786542Z46975319_pred_affs/493 with read ROI [656:2224, 2960:4528, 2384:3952] (1568, 1568, 1568) and write ROI [1152:1728, 3456:4032, 2880:3456] (576, 576, 576)
Recording block-done for octoCube180838765Y58786542Z46975319_pred_affs/324 with read ROI [656:2224, 2960:4528, 1232:2800] (1568, 1568, 1568) and write ROI [1152:1728, 3456:4032, 1728:2304] (576, 576, 576)
Recorded block-done for octoCube180838765Y58786542Z46975319_pred_affs/324 with read ROI [656:2224, 2960:4528, 1232:2800] (1568, 1568, 1568) and write ROI [1152:1728, 3456:4032, 1728:2304] (576, 576, 576)
Recording block-done for octoCube180838765Y58786542Z46975319_pred_affs/718 with read ROI [656:2224, 2960:4528, 3536:5104] (1568, 1568, 1568) and write ROI [1152:1728, 3456:4032, 4032:4608] (576, 576, 576)
Recorded block-done for octoCube180838765Y58786542Z46975319_pred_affs/718 with read ROI [656:2224, 2960:4528, 3536:5104] (1568, 1568, 1568) and write ROI [1152:1728, 3456:4032, 4032:4608] (576, 576, 576)
Recording block-done for octoCube180838765Y58786542Z46975319_pred_affs/502 with read ROI [656:2224, 3536:5104, 1808:3376] (1568, 1568, 1568) and write ROI [1152:1728, 4032:4608, 2304:2880] (576, 576, 576)
Recorded block-done for octoCube180838765Y58786542Z46975319_pred_affs/502 with read ROI [656:2224, 3536:5104, 1808:3376] (1568, 1568, 1568) and write ROI [1152:1728, 4032:4608, 2304:2880] (576, 576, 576)
Recording block-done for octoCube180838765Y58786542Z46975319_pred_affs/863 with read ROI [656:2224, 3536:5104, 3536:5104] (1568, 1568, 1568) and write ROI [1152:1728, 4032:4608, 4032:4608] (576, 576, 576)
Recorded block-done for octoCube180838765Y58786542Z46975319_pred_affs/863 with read ROI [656:2224, 3536:5104, 3536:5104] (1568, 1568, 1568) and write ROI [1152:1728, 4032:4608, 4032:4608] (576, 576, 576)
Recording block-done for octoCube180838765Y58786542Z46975319_pred_affs/133 with read ROI [1232:2800, 80:1648, 1808:3376] (1568, 1568, 1568) and write ROI [1728:2304, 576:1152, 2304:2880] (576, 576, 576)
Recorded block-done for octoCube180838765Y58786542Z46975319_pred_affs/133 with read ROI [1232:2800, 80:1648, 1808:3376] (1568, 1568, 1568) and write ROI [1728:2304, 576:1152, 2304:2880] (576, 576, 576)
Recording block-done for octoCube180838765Y58786542Z46975319_pred_affs/233 with read ROI [1232:2800, 80:1648, 2960:4528] (1568, 1568, 1568) and write ROI [1728:2304, 576:1152, 3456:4032] (576, 576, 576)
Recorded block-done for octoCube180838765Y58786542Z46975319_pred_affs/233 with read ROI [1232:2800, 80:1648, 2960:4528] (1568, 1568, 1568) and write ROI [1728:2304, 576:1152, 3456:4032] (576, 576, 576)
Recording block-done for octoCube180838765Y58786542Z46975319_pred_affs/74 with read ROI [1232:2800, 656:2224, 80:1648] (1568, 1568, 1568) and write ROI [1728:2304, 1152:1728, 576:1152] (576, 576, 576)
Recorded block-done for octoCube180838765Y58786542Z46975319_pred_affs/74 with read ROI [1232:2800, 656:2224, 80:1648] (1568, 1568, 1568) and write ROI [1728:2304, 1152:1728, 576:1152] (576, 576, 576)
Recording block-done for octoCube180838765Y58786542Z46975319_pred_affs/108 with read ROI [1232:2800, 1232:2800, 80:1648] (1568, 1568, 1568) and write ROI [1728:2304, 1728:2304, 576:1152] (576, 576, 576)
Recorded block-done for octoCube180838765Y58786542Z46975319_pred_affs/108 with read ROI [1232:2800, 1232:2800, 80:1648] (1568, 1568, 1568) and write ROI [1728:2304, 1728:2304, 576:1152] (576, 576, 576)
Recording block-done for octoCube180838765Y58786542Z46975319_pred_affs/304 with read ROI [1232:2800, 656:2224, 2960:4528] (1568, 1568, 1568) and write ROI [1728:2304, 1152:1728, 3456:4032] (576, 576, 576)
Recorded block-done for octoCube180838765Y58786542Z46975319_pred_affs/304 with read ROI [1232:2800, 656:2224, 2960:4528] (1568, 1568, 1568) and write ROI [1728:2304, 1152:1728, 3456:4032] (576, 576, 576)
Recording block-done for octoCube180838765Y58786542Z46975319_pred_affs/189 with read ROI [1232:2800, 1232:2800, 1232:2800] (1568, 1568, 1568) and write ROI [1728:2304, 1728:2304, 1728:2304] (576, 576, 576)
Recorded block-done for octoCube180838765Y58786542Z46975319_pred_affs/189 with read ROI [1232:2800, 1232:2800, 1232:2800] (1568, 1568, 1568) and write ROI [1728:2304, 1728:2304, 1728:2304] (576, 576, 576)
Recording block-done for octoCube180838765Y58786542Z46975319_pred_affs/388 with read ROI [1232:2800, 1232:2800, 2960:4528] (1568, 1568, 1568) and write ROI [1728:2304, 1728:2304, 3456:4032] (576, 576, 576)
Recorded block-done for octoCube180838765Y58786542Z46975319_pred_affs/388 with read ROI [1232:2800, 1232:2800, 2960:4528] (1568, 1568, 1568) and write ROI [1728:2304, 1728:2304, 3456:4032] (576, 576, 576)
Recording block-done for octoCube180838765Y58786542Z46975319_pred_affs/317 with read ROI [1232:2800, 1808:3376, 1808:3376] (1568, 1568, 1568) and write ROI [1728:2304, 2304:2880, 2304:2880] (576, 576, 576)
Recorded block-done for octoCube180838765Y58786542Z46975319_pred_affs/317 with read ROI [1232:2800, 1808:3376, 1808:3376] (1568, 1568, 1568) and write ROI [1728:2304, 2304:2880, 2304:2880] (576, 576, 576)
Recording block-done for octoCube180838765Y58786542Z46975319_pred_affs/196 with read ROI [1232:2800, 1808:3376, 656:2224] (1568, 1568, 1568) and write ROI [1728:2304, 2304:2880, 1152:1728] (576, 576, 576)
Recorded block-done for octoCube180838765Y58786542Z46975319_pred_affs/196 with read ROI [1232:2800, 1808:3376, 656:2224] (1568, 1568, 1568) and write ROI [1728:2304, 2304:2880, 1152:1728] (576, 576, 576)
Recording block-done for octoCube180838765Y58786542Z46975319_pred_affs/259 with read ROI [1232:2800, 2384:3952, 656:2224] (1568, 1568, 1568) and write ROI [1728:2304, 2880:3456, 1152:1728] (576, 576, 576)
Recorded block-done for octoCube180838765Y58786542Z46975319_pred_affs/259 with read ROI [1232:2800, 2384:3952, 656:2224] (1568, 1568, 1568) and write ROI [1728:2304, 2880:3456, 1152:1728] (576, 576, 576)
Recording block-done for octoCube180838765Y58786542Z46975319_pred_affs/268 with read ROI [1232:2800, 2960:4528, 80:1648] (1568, 1568, 1568) and write ROI [1728:2304, 3456:4032, 576:1152] (576, 576, 576)
Recorded block-done for octoCube180838765Y58786542Z46975319_pred_affs/268 with read ROI [1232:2800, 2960:4528, 80:1648] (1568, 1568, 1568) and write ROI [1728:2304, 3456:4032, 576:1152] (576, 576, 576)
Recording block-done for octoCube180838765Y58786542Z46975319_pred_affs/412 with read ROI [1232:2800, 2960:4528, 1232:2800] (1568, 1568, 1568) and write ROI [1728:2304, 3456:4032, 1728:2304] (576, 576, 576)
Recorded block-done for octoCube180838765Y58786542Z46975319_pred_affs/412 with read ROI [1232:2800, 2960:4528, 1232:2800] (1568, 1568, 1568) and write ROI [1728:2304, 3456:4032, 1728:2304] (576, 576, 576)
Recording block-done for octoCube180838765Y58786542Z46975319_pred_affs/334 with read ROI [1232:2800, 2960:4528, 656:2224] (1568, 1568, 1568) and write ROI [1728:2304, 3456:4032, 1152:1728] (576, 576, 576)
Recorded block-done for octoCube180838765Y58786542Z46975319_pred_affs/334 with read ROI [1232:2800, 2960:4528, 656:2224] (1568, 1568, 1568) and write ROI [1728:2304, 3456:4032, 1152:1728] (576, 576, 576)
Recording block-done for octoCube180838765Y58786542Z46975319_pred_affs/513 with read ROI [1232:2800, 3536:5104, 1232:2800] (1568, 1568, 1568) and write ROI [1728:2304, 4032:4608, 1728:2304] (576, 576, 576)
Recorded block-done for octoCube180838765Y58786542Z46975319_pred_affs/513 with read ROI [1232:2800, 3536:5104, 1232:2800] (1568, 1568, 1568) and write ROI [1728:2304, 4032:4608, 1728:2304] (576, 576, 576)
Recording block-done for octoCube180838765Y58786542Z46975319_pred_affs/874 with read ROI [1232:2800, 3536:5104, 2960:4528] (1568, 1568, 1568) and write ROI [1728:2304, 4032:4608, 3456:4032] (576, 576, 576)
Recorded block-done for octoCube180838765Y58786542Z46975319_pred_affs/874 with read ROI [1232:2800, 3536:5104, 2960:4528] (1568, 1568, 1568) and write ROI [1728:2304, 4032:4608, 3456:4032] (576, 576, 576)
Recording block-done for octoCube180838765Y58786542Z46975319_pred_affs/383 with read ROI [1808:3376, 80:1648, 3536:5104] (1568, 1568, 1568) and write ROI [2304:2880, 576:1152, 4032:4608] (576, 576, 576)
Recorded block-done for octoCube180838765Y58786542Z46975319_pred_affs/383 with read ROI [1808:3376, 80:1648, 3536:5104] (1568, 1568, 1568) and write ROI [2304:2880, 576:1152, 4032:4608] (576, 576, 576)
Recording block-done for octoCube180838765Y58786542Z46975319_pred_affs/305 with read ROI [1808:3376, 80:1648, 2960:4528] (1568, 1568, 1568) and write ROI [2304:2880, 576:1152, 3456:4032] (576, 576, 576)
Recorded block-done for octoCube180838765Y58786542Z46975319_pred_affs/305 with read ROI [1808:3376, 80:1648, 2960:4528] (1568, 1568, 1568) and write ROI [2304:2880, 576:1152, 3456:4032] (576, 576, 576)
Recording block-done for octoCube180838765Y58786542Z46975319_pred_affs/184 with read ROI [1808:3376, 80:1648, 1808:3376] (1568, 1568, 1568) and write ROI [2304:2880, 576:1152, 2304:2880] (576, 576, 576)
Recorded block-done for octoCube180838765Y58786542Z46975319_pred_affs/184 with read ROI [1808:3376, 80:1648, 1808:3376] (1568, 1568, 1568) and write ROI [2304:2880, 576:1152, 2304:2880] (576, 576, 576)
Recording block-done for octoCube180838765Y58786542Z46975319_pred_affs/197 with read ROI [1808:3376, 1232:2800, 656:2224] (1568, 1568, 1568) and write ROI [2304:2880, 1728:2304, 1152:1728] (576, 576, 576)
Recorded block-done for octoCube180838765Y58786542Z46975319_pred_affs/197 with read ROI [1808:3376, 1232:2800, 656:2224] (1568, 1568, 1568) and write ROI [2304:2880, 1728:2304, 1152:1728] (576, 576, 576)
Recording block-done for octoCube180838765Y58786542Z46975319_pred_affs/389 with read ROI [1808:3376, 656:2224, 2960:4528] (1568, 1568, 1568) and write ROI [2304:2880, 1152:1728, 3456:4032] (576, 576, 576)
Recorded block-done for octoCube180838765Y58786542Z46975319_pred_affs/389 with read ROI [1808:3376, 656:2224, 2960:4528] (1568, 1568, 1568) and write ROI [2304:2880, 1152:1728, 3456:4032] (576, 576, 576)
Recording block-done for octoCube180838765Y58786542Z46975319_pred_affs/480 with read ROI [1808:3376, 656:2224, 3536:5104] (1568, 1568, 1568) and write ROI [2304:2880, 1152:1728, 4032:4608] (576, 576, 576)
Recorded block-done for octoCube180838765Y58786542Z46975319_pred_affs/480 with read ROI [1808:3376, 656:2224, 3536:5104] (1568, 1568, 1568) and write ROI [2304:2880, 1152:1728, 4032:4608] (576, 576, 576)
Recording block-done for octoCube180838765Y58786542Z46975319_pred_affs/205 with read ROI [1808:3376, 1808:3376, 80:1648] (1568, 1568, 1568) and write ROI [2304:2880, 2304:2880, 576:1152] (576, 576, 576)
Recorded block-done for octoCube180838765Y58786542Z46975319_pred_affs/205 with read ROI [1808:3376, 1808:3376, 80:1648] (1568, 1568, 1568) and write ROI [2304:2880, 2304:2880, 576:1152] (576, 576, 576)
Recording block-done for octoCube180838765Y58786542Z46975319_pred_affs/495 with read ROI [1808:3376, 1808:3376, 2384:3952] (1568, 1568, 1568) and write ROI [2304:2880, 2304:2880, 2880:3456] (576, 576, 576)
Recorded block-done for octoCube180838765Y58786542Z46975319_pred_affs/495 with read ROI [1808:3376, 1808:3376, 2384:3952] (1568, 1568, 1568) and write ROI [2304:2880, 2304:2880, 2880:3456] (576, 576, 576)
Recording block-done for octoCube180838765Y58786542Z46975319_pred_affs/326 with read ROI [1808:3376, 1808:3376, 1232:2800] (1568, 1568, 1568) and write ROI [2304:2880, 2304:2880, 1728:2304] (576, 576, 576)
Recorded block-done for octoCube180838765Y58786542Z46975319_pred_affs/326 with read ROI [1808:3376, 1808:3376, 1232:2800] (1568, 1568, 1568) and write ROI [2304:2880, 2304:2880, 1728:2304] (576, 576, 576)
Recording block-done for octoCube180838765Y58786542Z46975319_pred_affs/335 with read ROI [1808:3376, 2384:3952, 656:2224] (1568, 1568, 1568) and write ROI [2304:2880, 2880:3456, 1152:1728] (576, 576, 576)
Recorded block-done for octoCube180838765Y58786542Z46975319_pred_affs/335 with read ROI [1808:3376, 2384:3952, 656:2224] (1568, 1568, 1568) and write ROI [2304:2880, 2880:3456, 1152:1728] (576, 576, 576)
Recording block-done for octoCube180838765Y58786542Z46975319_pred_affs/504 with read ROI [1808:3376, 2384:3952, 1808:3376] (1568, 1568, 1568) and write ROI [2304:2880, 2880:3456, 2304:2880] (576, 576, 576)
Recorded block-done for octoCube180838765Y58786542Z46975319_pred_affs/504 with read ROI [1808:3376, 2384:3952, 1808:3376] (1568, 1568, 1568) and write ROI [2304:2880, 2880:3456, 2304:2880] (576, 576, 576)
Recording block-done for octoCube180838765Y58786542Z46975319_pred_affs/345 with read ROI [1808:3376, 2960:4528, 80:1648] (1568, 1568, 1568) and write ROI [2304:2880, 3456:4032, 576:1152] (576, 576, 576)
Recorded block-done for octoCube180838765Y58786542Z46975319_pred_affs/345 with read ROI [1808:3376, 2960:4528, 80:1648] (1568, 1568, 1568) and write ROI [2304:2880, 3456:4032, 576:1152] (576, 576, 576)
Recording block-done for octoCube180838765Y58786542Z46975319_pred_affs/875 with read ROI [1808:3376, 2960:4528, 2960:4528] (1568, 1568, 1568) and write ROI [2304:2880, 3456:4032, 3456:4032] (576, 576, 576)
Recorded block-done for octoCube180838765Y58786542Z46975319_pred_affs/875 with read ROI [1808:3376, 2960:4528, 2960:4528] (1568, 1568, 1568) and write ROI [2304:2880, 3456:4032, 3456:4032] (576, 576, 576)
Recording block-done for octoCube180838765Y58786542Z46975319_pred_affs/619 with read ROI [1808:3376, 2960:4528, 1808:3376] (1568, 1568, 1568) and write ROI [2304:2880, 3456:4032, 2304:2880] (576, 576, 576)
Recorded block-done for octoCube180838765Y58786542Z46975319_pred_affs/619 with read ROI [1808:3376, 2960:4528, 1808:3376] (1568, 1568, 1568) and write ROI [2304:2880, 3456:4032, 2304:2880] (576, 576, 576)
Recording block-done for octoCube180838765Y58786542Z46975319_pred_affs/630 with read ROI [1808:3376, 3536:5104, 1232:2800] (1568, 1568, 1568) and write ROI [2304:2880, 4032:4608, 1728:2304] (576, 576, 576)
Recorded block-done for octoCube180838765Y58786542Z46975319_pred_affs/630 with read ROI [1808:3376, 3536:5104, 1232:2800] (1568, 1568, 1568) and write ROI [2304:2880, 4032:4608, 1728:2304] (576, 576, 576)
Recording block-done for octoCube180838765Y58786542Z46975319_pred_affs/886 with read ROI [1808:3376, 3536:5104, 2384:3952] (1568, 1568, 1568) and write ROI [2304:2880, 4032:4608, 2880:3456] (576, 576, 576)
Recorded block-done for octoCube180838765Y58786542Z46975319_pred_affs/886 with read ROI [1808:3376, 3536:5104, 2384:3952] (1568, 1568, 1568) and write ROI [2304:2880, 4032:4608, 2880:3456] (576, 576, 576)
Recording block-done for octoCube180838765Y58786542Z46975319_pred_affs/312 with read ROI [2384:3952, 80:1648, 2384:3952] (1568, 1568, 1568) and write ROI [2880:3456, 576:1152, 2880:3456] (576, 576, 576)
Recorded block-done for octoCube180838765Y58786542Z46975319_pred_affs/312 with read ROI [2384:3952, 80:1648, 2384:3952] (1568, 1568, 1568) and write ROI [2880:3456, 576:1152, 2880:3456] (576, 576, 576)
Recording block-done for octoCube180838765Y58786542Z46975319_pred_affs/191 with read ROI [2384:3952, 80:1648, 1232:2800] (1568, 1568, 1568) and write ROI [2880:3456, 576:1152, 1728:2304] (576, 576, 576)
Recorded block-done for octoCube180838765Y58786542Z46975319_pred_affs/191 with read ROI [2384:3952, 80:1648, 1232:2800] (1568, 1568, 1568) and write ROI [2880:3456, 576:1152, 1728:2304] (576, 576, 576)
Recording block-done for octoCube180838765Y58786542Z46975319_pred_affs/198 with read ROI [2384:3952, 656:2224, 656:2224] (1568, 1568, 1568) and write ROI [2880:3456, 1152:1728, 1152:1728] (576, 576, 576)
Recorded block-done for octoCube180838765Y58786542Z46975319_pred_affs/198 with read ROI [2384:3952, 656:2224, 656:2224] (1568, 1568, 1568) and write ROI [2880:3456, 1152:1728, 1152:1728] (576, 576, 576)
Recording block-done for octoCube180838765Y58786542Z46975319_pred_affs/319 with read ROI [2384:3952, 656:2224, 1808:3376] (1568, 1568, 1568) and write ROI [2880:3456, 1152:1728, 2304:2880] (576, 576, 576)
Recorded block-done for octoCube180838765Y58786542Z46975319_pred_affs/319 with read ROI [2384:3952, 656:2224, 1808:3376] (1568, 1568, 1568) and write ROI [2880:3456, 1152:1728, 2304:2880] (576, 576, 576)
Recording block-done for octoCube180838765Y58786542Z46975319_pred_affs/488 with read ROI [2384:3952, 656:2224, 2960:4528] (1568, 1568, 1568) and write ROI [2880:3456, 1152:1728, 3456:4032] (576, 576, 576)
Recorded block-done for octoCube180838765Y58786542Z46975319_pred_affs/488 with read ROI [2384:3952, 656:2224, 2960:4528] (1568, 1568, 1568) and write ROI [2880:3456, 1152:1728, 3456:4032] (576, 576, 576)
Recording block-done for octoCube180838765Y58786542Z46975319_pred_affs/610 with read ROI [2384:3952, 1808:3376, 2384:3952] (1568, 1568, 1568) and write ROI [2880:3456, 2304:2880, 2880:3456] (576, 576, 576)
Recorded block-done for octoCube180838765Y58786542Z46975319_pred_affs/610 with read ROI [2384:3952, 1808:3376, 2384:3952] (1568, 1568, 1568) and write ROI [2880:3456, 2304:2880, 2880:3456] (576, 576, 576)
Recording block-done for octoCube180838765Y58786542Z46975319_pred_affs/270 with read ROI [2384:3952, 1808:3376, 80:1648] (1568, 1568, 1568) and write ROI [2880:3456, 2304:2880, 576:1152] (576, 576, 576)
Recorded block-done for octoCube180838765Y58786542Z46975319_pred_affs/270 with read ROI [2384:3952, 1808:3376, 80:1648] (1568, 1568, 1568) and write ROI [2880:3456, 2304:2880, 576:1152] (576, 576, 576)
Recording block-done for octoCube180838765Y58786542Z46975319_pred_affs/405 with read ROI [2384:3952, 1232:2800, 1808:3376] (1568, 1568, 1568) and write ROI [2880:3456, 1728:2304, 2304:2880] (576, 576, 576)
Recorded block-done for octoCube180838765Y58786542Z46975319_pred_affs/405 with read ROI [2384:3952, 1232:2800, 1808:3376] (1568, 1568, 1568) and write ROI [2880:3456, 1728:2304, 2304:2880] (576, 576, 576)
Recording block-done for octoCube180838765Y58786542Z46975319_pred_affs/346 with read ROI [2384:3952, 2384:3952, 80:1648] (1568, 1568, 1568) and write ROI [2880:3456, 2880:3456, 576:1152] (576, 576, 576)
Recorded block-done for octoCube180838765Y58786542Z46975319_pred_affs/346 with read ROI [2384:3952, 2384:3952, 80:1648] (1568, 1568, 1568) and write ROI [2880:3456, 2880:3456, 576:1152] (576, 576, 576)
Recording block-done for octoCube180838765Y58786542Z46975319_pred_affs/1029 with read ROI [2384:3952, 2384:3952, 3536:5104] (1568, 1568, 1568) and write ROI [2880:3456, 2880:3456, 4032:4608] (576, 576, 576)
Recorded block-done for octoCube180838765Y58786542Z46975319_pred_affs/1029 with read ROI [2384:3952, 2384:3952, 3536:5104] (1568, 1568, 1568) and write ROI [2880:3456, 2880:3456, 4032:4608] (576, 576, 576)
Recording block-done for octoCube180838765Y58786542Z46975319_pred_affs/866 with read ROI [2384:3952, 1808:3376, 3536:5104] (1568, 1568, 1568) and write ROI [2880:3456, 2304:2880, 4032:4608] (576, 576, 576)
Recorded block-done for octoCube180838765Y58786542Z46975319_pred_affs/866 with read ROI [2384:3952, 1808:3376, 3536:5104] (1568, 1568, 1568) and write ROI [2880:3456, 2304:2880, 4032:4608] (576, 576, 576)
Recording block-done for octoCube180838765Y58786542Z46975319_pred_affs/887 with read ROI [2384:3952, 2960:4528, 2384:3952] (1568, 1568, 1568) and write ROI [2880:3456, 3456:4032, 2880:3456] (576, 576, 576)
Recorded block-done for octoCube180838765Y58786542Z46975319_pred_affs/887 with read ROI [2384:3952, 2960:4528, 2384:3952] (1568, 1568, 1568) and write ROI [2880:3456, 3456:4032, 2880:3456] (576, 576, 576)
Recording block-done for octoCube180838765Y58786542Z46975319_pred_affs/538 with read ROI [2384:3952, 3536:5104, 80:1648] (1568, 1568, 1568) and write ROI [2880:3456, 4032:4608, 576:1152] (576, 576, 576)
Recorded block-done for octoCube180838765Y58786542Z46975319_pred_affs/538 with read ROI [2384:3952, 3536:5104, 80:1648] (1568, 1568, 1568) and write ROI [2880:3456, 4032:4608, 576:1152] (576, 576, 576)
Recording block-done for octoCube180838765Y58786542Z46975319_pred_affs/526 with read ROI [2384:3952, 2960:4528, 656:2224] (1568, 1568, 1568) and write ROI [2880:3456, 3456:4032, 1152:1728] (576, 576, 576)
Recorded block-done for octoCube180838765Y58786542Z46975319_pred_affs/526 with read ROI [2384:3952, 2960:4528, 656:2224] (1568, 1568, 1568) and write ROI [2880:3456, 3456:4032, 1152:1728] (576, 576, 576)
Recording block-done for octoCube180838765Y58786542Z46975319_pred_affs/899 with read ROI [2384:3952, 3536:5104, 1808:3376] (1568, 1568, 1568) and write ROI [2880:3456, 4032:4608, 2304:2880] (576, 576, 576)
Recorded block-done for octoCube180838765Y58786542Z46975319_pred_affs/899 with read ROI [2384:3952, 3536:5104, 1808:3376] (1568, 1568, 1568) and write ROI [2880:3456, 4032:4608, 2304:2880] (576, 576, 576)
Recording block-done for octoCube180838765Y58786542Z46975319_pred_affs/1052 with read ROI [2384:3952, 3536:5104, 2384:3952] (1568, 1568, 1568) and write ROI [2880:3456, 4032:4608, 2880:3456] (576, 576, 576)
Recorded block-done for octoCube180838765Y58786542Z46975319_pred_affs/1052 with read ROI [2384:3952, 3536:5104, 2384:3952] (1568, 1568, 1568) and write ROI [2880:3456, 4032:4608, 2880:3456] (576, 576, 576)
Recording block-done for octoCube180838765Y58786542Z46975319_pred_affs/254 with read ROI [2960:4528, 80:1648, 1232:2800] (1568, 1568, 1568) and write ROI [3456:4032, 576:1152, 1728:2304] (576, 576, 576)
Recorded block-done for octoCube180838765Y58786542Z46975319_pred_affs/254 with read ROI [2960:4528, 80:1648, 1232:2800] (1568, 1568, 1568) and write ROI [3456:4032, 576:1152, 1728:2304] (576, 576, 576)
Recording block-done for octoCube180838765Y58786542Z46975319_pred_affs/594 with read ROI [2960:4528, 80:1648, 3536:5104] (1568, 1568, 1568) and write ROI [3456:4032, 576:1152, 4032:4608] (576, 576, 576)
Recorded block-done for octoCube180838765Y58786542Z46975319_pred_affs/594 with read ROI [2960:4528, 80:1648, 3536:5104] (1568, 1568, 1568) and write ROI [3456:4032, 576:1152, 4032:4608] (576, 576, 576)
Recording block-done for octoCube180838765Y58786542Z46975319_pred_affs/262 with read ROI [2960:4528, 656:2224, 656:2224] (1568, 1568, 1568) and write ROI [3456:4032, 1152:1728, 1152:1728] (576, 576, 576)
Recorded block-done for octoCube180838765Y58786542Z46975319_pred_affs/262 with read ROI [2960:4528, 656:2224, 656:2224] (1568, 1568, 1568) and write ROI [3456:4032, 1152:1728, 1152:1728] (576, 576, 576)
Recording block-done for octoCube180838765Y58786542Z46975319_pred_affs/497 with read ROI [2960:4528, 656:2224, 2384:3952] (1568, 1568, 1568) and write ROI [3456:4032, 1152:1728, 2880:3456] (576, 576, 576)
Recorded block-done for octoCube180838765Y58786542Z46975319_pred_affs/497 with read ROI [2960:4528, 656:2224, 2384:3952] (1568, 1568, 1568) and write ROI [3456:4032, 1152:1728, 2880:3456] (576, 576, 576)
Recording block-done for octoCube180838765Y58786542Z46975319_pred_affs/271 with read ROI [2960:4528, 1232:2800, 80:1648] (1568, 1568, 1568) and write ROI [3456:4032, 1728:2304, 576:1152] (576, 576, 576)
Recorded block-done for octoCube180838765Y58786542Z46975319_pred_affs/271 with read ROI [2960:4528, 1232:2800, 80:1648] (1568, 1568, 1568) and write ROI [3456:4032, 1728:2304, 576:1152] (576, 576, 576)
Recording block-done for octoCube180838765Y58786542Z46975319_pred_affs/611 with read ROI [2960:4528, 1232:2800, 2384:3952] (1568, 1568, 1568) and write ROI [3456:4032, 1728:2304, 2880:3456] (576, 576, 576)
Recorded block-done for octoCube180838765Y58786542Z46975319_pred_affs/611 with read ROI [2960:4528, 1232:2800, 2384:3952] (1568, 1568, 1568) and write ROI [3456:4032, 1728:2304, 2880:3456] (576, 576, 576)
Recording block-done for octoCube180838765Y58786542Z46975319_pred_affs/506 with read ROI [2960:4528, 1232:2800, 1808:3376] (1568, 1568, 1568) and write ROI [3456:4032, 1728:2304, 2304:2880] (576, 576, 576)
Recorded block-done for octoCube180838765Y58786542Z46975319_pred_affs/506 with read ROI [2960:4528, 1232:2800, 1808:3376] (1568, 1568, 1568) and write ROI [3456:4032, 1728:2304, 2304:2880] (576, 576, 576)
Recording block-done for octoCube180838765Y58786542Z46975319_pred_affs/731 with read ROI [2960:4528, 1232:2800, 2960:4528] (1568, 1568, 1568) and write ROI [3456:4032, 1728:2304, 3456:4032] (576, 576, 576)
Recorded block-done for octoCube180838765Y58786542Z46975319_pred_affs/731 with read ROI [2960:4528, 1232:2800, 2960:4528] (1568, 1568, 1568) and write ROI [3456:4032, 1728:2304, 3456:4032] (576, 576, 576)
Recording block-done for octoCube180838765Y58786542Z46975319_pred_affs/877 with read ROI [2960:4528, 1808:3376, 2960:4528] (1568, 1568, 1568) and write ROI [3456:4032, 2304:2880, 3456:4032] (576, 576, 576)
Recorded block-done for octoCube180838765Y58786542Z46975319_pred_affs/877 with read ROI [2960:4528, 1808:3376, 2960:4528] (1568, 1568, 1568) and write ROI [3456:4032, 2304:2880, 3456:4032] (576, 576, 576)
Recording block-done for octoCube180838765Y58786542Z46975319_pred_affs/1030 with read ROI [2960:4528, 1808:3376, 3536:5104] (1568, 1568, 1568) and write ROI [3456:4032, 2304:2880, 4032:4608] (576, 576, 576)
Recorded block-done for octoCube180838765Y58786542Z46975319_pred_affs/1030 with read ROI [2960:4528, 1808:3376, 3536:5104] (1568, 1568, 1568) and write ROI [3456:4032, 2304:2880, 4032:4608] (576, 576, 576)
Recording block-done for octoCube180838765Y58786542Z46975319_pred_affs/632 with read ROI [2960:4528, 2384:3952, 1232:2800] (1568, 1568, 1568) and write ROI [3456:4032, 2880:3456, 1728:2304] (576, 576, 576)
Recorded block-done for octoCube180838765Y58786542Z46975319_pred_affs/632 with read ROI [2960:4528, 2384:3952, 1232:2800] (1568, 1568, 1568) and write ROI [3456:4032, 2880:3456, 1728:2304] (576, 576, 576)
Recording block-done for octoCube180838765Y58786542Z46975319_pred_affs/888 with read ROI [2960:4528, 2384:3952, 2384:3952] (1568, 1568, 1568) and write ROI [3456:4032, 2880:3456, 2880:3456] (576, 576, 576)
Recorded block-done for octoCube180838765Y58786542Z46975319_pred_affs/888 with read ROI [2960:4528, 2384:3952, 2384:3952] (1568, 1568, 1568) and write ROI [3456:4032, 2880:3456, 2880:3456] (576, 576, 576)
Recording block-done for octoCube180838765Y58786542Z46975319_pred_affs/1053 with read ROI [2960:4528, 2960:4528, 2384:3952] (1568, 1568, 1568) and write ROI [3456:4032, 3456:4032, 2880:3456] (576, 576, 576)
Recorded block-done for octoCube180838765Y58786542Z46975319_pred_affs/1053 with read ROI [2960:4528, 2960:4528, 2384:3952] (1568, 1568, 1568) and write ROI [3456:4032, 3456:4032, 2880:3456] (576, 576, 576)
Recording block-done for octoCube180838765Y58786542Z46975319_pred_affs/900 with read ROI [2960:4528, 2960:4528, 1808:3376] (1568, 1568, 1568) and write ROI [3456:4032, 3456:4032, 2304:2880] (576, 576, 576)
Recorded block-done for octoCube180838765Y58786542Z46975319_pred_affs/900 with read ROI [2960:4528, 2960:4528, 1808:3376] (1568, 1568, 1568) and write ROI [3456:4032, 3456:4032, 2304:2880] (576, 576, 576)
Recording block-done for octoCube180838765Y58786542Z46975319_pred_affs/1414 with read ROI [2960:4528, 2960:4528, 3536:5104] (1568, 1568, 1568) and write ROI [3456:4032, 3456:4032, 4032:4608] (576, 576, 576)
Recorded block-done for octoCube180838765Y58786542Z46975319_pred_affs/1414 with read ROI [2960:4528, 2960:4528, 3536:5104] (1568, 1568, 1568) and write ROI [3456:4032, 3456:4032, 4032:4608] (576, 576, 576)
Recording block-done for octoCube180838765Y58786542Z46975319_pred_affs/1066 with read ROI [2960:4528, 3536:5104, 1808:3376] (1568, 1568, 1568) and write ROI [3456:4032, 4032:4608, 2304:2880] (576, 576, 576)
Recorded block-done for octoCube180838765Y58786542Z46975319_pred_affs/1066 with read ROI [2960:4528, 3536:5104, 1808:3376] (1568, 1568, 1568) and write ROI [3456:4032, 4032:4608, 2304:2880] (576, 576, 576)
Recording block-done for octoCube180838765Y58786542Z46975319_pred_affs/1427 with read ROI [2960:4528, 3536:5104, 2960:4528] (1568, 1568, 1568) and write ROI [3456:4032, 4032:4608, 3456:4032] (576, 576, 576)
Recorded block-done for octoCube180838765Y58786542Z46975319_pred_affs/1427 with read ROI [2960:4528, 3536:5104, 2960:4528] (1568, 1568, 1568) and write ROI [3456:4032, 4032:4608, 3456:4032] (576, 576, 576)
