INFO:root:worker 0 started...
INFO:root:Running block with config daisy_logs/p667Em0476714Esb1Crop_pred_affs/config_0.yaml...
wandb: Currently logged in as: sm2667 (iconnect). Use `wandb login --relogin` to force relogin
Process Process-3:
Traceback (most recent call last):
  File "/home/samia/anaconda3/envs/funkelsd_new/lib/python3.8/site-packages/daisy/client.py", line 85, in acquire_block
    yield block
  File "/home/samia/anaconda3/envs/funkelsd_new/lib/python3.8/site-packages/gunpowder/nodes/daisy_request_blocks.py", line 121, in __get_chunks
    self.get_upstream_provider().request_batch(chunk_request)
  File "/home/samia/anaconda3/envs/funkelsd_new/lib/python3.8/site-packages/gunpowder/nodes/batch_provider.py", line 187, in request_batch
    batch = self.provide(upstream_request)
  File "/home/samia/anaconda3/envs/funkelsd_new/lib/python3.8/site-packages/gunpowder/nodes/batch_filter.py", line 167, in provide
    batch = self.get_upstream_provider().request_batch(upstream_request)
  File "/home/samia/anaconda3/envs/funkelsd_new/lib/python3.8/site-packages/gunpowder/nodes/batch_provider.py", line 187, in request_batch
    batch = self.provide(upstream_request)
  File "/home/samia/anaconda3/envs/funkelsd_new/lib/python3.8/site-packages/gunpowder/nodes/batch_filter.py", line 167, in provide
    batch = self.get_upstream_provider().request_batch(upstream_request)
  File "/home/samia/anaconda3/envs/funkelsd_new/lib/python3.8/site-packages/gunpowder/nodes/batch_provider.py", line 187, in request_batch
    batch = self.provide(upstream_request)
  File "/home/samia/anaconda3/envs/funkelsd_new/lib/python3.8/site-packages/gunpowder/nodes/batch_filter.py", line 167, in provide
    batch = self.get_upstream_provider().request_batch(upstream_request)
  File "/home/samia/anaconda3/envs/funkelsd_new/lib/python3.8/site-packages/gunpowder/nodes/batch_provider.py", line 187, in request_batch
    batch = self.provide(upstream_request)
  File "/home/samia/anaconda3/envs/funkelsd_new/lib/python3.8/site-packages/gunpowder/nodes/batch_filter.py", line 167, in provide
    batch = self.get_upstream_provider().request_batch(upstream_request)
  File "/home/samia/anaconda3/envs/funkelsd_new/lib/python3.8/site-packages/gunpowder/nodes/batch_provider.py", line 187, in request_batch
    batch = self.provide(upstream_request)
  File "/home/samia/anaconda3/envs/funkelsd_new/lib/python3.8/site-packages/gunpowder/nodes/batch_filter.py", line 167, in provide
    batch = self.get_upstream_provider().request_batch(upstream_request)
  File "/home/samia/anaconda3/envs/funkelsd_new/lib/python3.8/site-packages/gunpowder/nodes/batch_provider.py", line 187, in request_batch
    batch = self.provide(upstream_request)
  File "/home/samia/anaconda3/envs/funkelsd_new/lib/python3.8/site-packages/gunpowder/nodes/stack.py", line 39, in provide
    batch = self.get_upstream_provider().request_batch(upstream_request)
  File "/home/samia/anaconda3/envs/funkelsd_new/lib/python3.8/site-packages/gunpowder/nodes/batch_provider.py", line 187, in request_batch
    batch = self.provide(upstream_request)
  File "/home/samia/anaconda3/envs/funkelsd_new/lib/python3.8/site-packages/gunpowder/nodes/batch_filter.py", line 167, in provide
    batch = self.get_upstream_provider().request_batch(upstream_request)
  File "/home/samia/anaconda3/envs/funkelsd_new/lib/python3.8/site-packages/gunpowder/nodes/batch_provider.py", line 187, in request_batch
    batch = self.provide(upstream_request)
  File "/home/samia/anaconda3/envs/funkelsd_new/lib/python3.8/site-packages/gunpowder/nodes/batch_filter.py", line 167, in provide
    batch = self.get_upstream_provider().request_batch(upstream_request)
  File "/home/samia/anaconda3/envs/funkelsd_new/lib/python3.8/site-packages/gunpowder/nodes/batch_provider.py", line 187, in request_batch
    batch = self.provide(upstream_request)
  File "/home/samia/anaconda3/envs/funkelsd_new/lib/python3.8/site-packages/gunpowder/nodes/batch_filter.py", line 167, in provide
    batch = self.get_upstream_provider().request_batch(upstream_request)
  File "/home/samia/anaconda3/envs/funkelsd_new/lib/python3.8/site-packages/gunpowder/nodes/batch_provider.py", line 187, in request_batch
    batch = self.provide(upstream_request)
  File "/home/samia/anaconda3/envs/funkelsd_new/lib/python3.8/site-packages/gunpowder/nodes/batch_filter.py", line 167, in provide
    batch = self.get_upstream_provider().request_batch(upstream_request)
  File "/home/samia/anaconda3/envs/funkelsd_new/lib/python3.8/site-packages/gunpowder/nodes/batch_provider.py", line 187, in request_batch
    batch = self.provide(upstream_request)
  File "/home/samia/anaconda3/envs/funkelsd_new/lib/python3.8/site-packages/gunpowder/nodes/zarr_source.py", line 152, in provide
    self.__read(data_file, self.datasets[array_key], dataset_roi),
  File "/home/samia/anaconda3/envs/funkelsd_new/lib/python3.8/site-packages/gunpowder/nodes/zarr_source.py", line 232, in __read
    array = np.asarray(data_file[ds_name][(slice(None),) * c + roi.to_slices()])
  File "/home/samia/anaconda3/envs/funkelsd_new/lib/python3.8/site-packages/zarr/core.py", line 821, in __getitem__
    result = self.get_basic_selection(pure_selection, fields=fields)
  File "/home/samia/anaconda3/envs/funkelsd_new/lib/python3.8/site-packages/zarr/core.py", line 947, in get_basic_selection
    return self._get_basic_selection_nd(selection=selection, out=out,
  File "/home/samia/anaconda3/envs/funkelsd_new/lib/python3.8/site-packages/zarr/core.py", line 990, in _get_basic_selection_nd
    return self._get_selection(indexer=indexer, out=out, fields=fields)
  File "/home/samia/anaconda3/envs/funkelsd_new/lib/python3.8/site-packages/zarr/core.py", line 1285, in _get_selection
    self._chunk_getitem(chunk_coords, chunk_selection, out, out_selection,
  File "/home/samia/anaconda3/envs/funkelsd_new/lib/python3.8/site-packages/zarr/core.py", line 1994, in _chunk_getitem
    cdata = self.chunk_store[ckey]
  File "/home/samia/anaconda3/envs/funkelsd_new/lib/python3.8/site-packages/zarr/storage.py", line 1085, in __getitem__
    return self._fromfile(filepath)
  File "/home/samia/anaconda3/envs/funkelsd_new/lib/python3.8/site-packages/zarr/storage.py", line 1060, in _fromfile
    return f.read()
KeyboardInterrupt

During handling of the above exception, another exception occurred:

Traceback (most recent call last):
  File "/home/samia/anaconda3/envs/funkelsd_new/lib/python3.8/multiprocessing/process.py", line 315, in _bootstrap
    self.run()
  File "/home/samia/anaconda3/envs/funkelsd_new/lib/python3.8/multiprocessing/process.py", line 108, in run
    self._target(*self._args, **self._kwargs)
  File "/home/samia/anaconda3/envs/funkelsd_new/lib/python3.8/site-packages/gunpowder/nodes/daisy_request_blocks.py", line 125, in __get_chunks
    self.block_done_callback(block, start, end - start)
  File "/home/samia/anaconda3/envs/funkelsd_new/lib/python3.8/contextlib.py", line 131, in __exit__
    self.gen.throw(type, value, traceback)
  File "/home/samia/anaconda3/envs/funkelsd_new/lib/python3.8/site-packages/daisy/client.py", line 104, in acquire_block
    self.release_block(block)
  File "/home/samia/anaconda3/envs/funkelsd_new/lib/python3.8/site-packages/daisy/client.py", line 114, in release_block
    self.tcp_client.send_message(ReleaseBlock(block))
  File "/home/samia/anaconda3/envs/funkelsd_new/lib/python3.8/site-packages/daisy/tcp/tcp_client.py", line 90, in send_message
    self._check_for_errors()
  File "/home/samia/anaconda3/envs/funkelsd_new/lib/python3.8/site-packages/daisy/tcp/tcp_client.py", line 126, in _check_for_errors
    raise exception
  File "/home/samia/anaconda3/envs/funkelsd_new/lib/python3.8/site-packages/daisy/tcp/tcp_client.py", line 151, in _receive
    message = await self.stream._get_message()
  File "/home/samia/anaconda3/envs/funkelsd_new/lib/python3.8/site-packages/daisy/tcp/tcp_stream.py", line 104, in _get_message
    raise StreamClosedError(*self.address)
daisy.tcp.exceptions.StreamClosedError: ('10.31.32.156', 42335)
Process Process-2:
Traceback (most recent call last):
  File "/home/samia/anaconda3/envs/funkelsd_new/lib/python3.8/site-packages/daisy/client.py", line 85, in acquire_block
    yield block
  File "/home/samia/anaconda3/envs/funkelsd_new/lib/python3.8/site-packages/gunpowder/nodes/daisy_request_blocks.py", line 121, in __get_chunks
    self.get_upstream_provider().request_batch(chunk_request)
  File "/home/samia/anaconda3/envs/funkelsd_new/lib/python3.8/site-packages/gunpowder/nodes/batch_provider.py", line 187, in request_batch
    batch = self.provide(upstream_request)
  File "/home/samia/anaconda3/envs/funkelsd_new/lib/python3.8/site-packages/gunpowder/nodes/batch_filter.py", line 167, in provide
    batch = self.get_upstream_provider().request_batch(upstream_request)
  File "/home/samia/anaconda3/envs/funkelsd_new/lib/python3.8/site-packages/gunpowder/nodes/batch_provider.py", line 187, in request_batch
    batch = self.provide(upstream_request)
  File "/home/samia/anaconda3/envs/funkelsd_new/lib/python3.8/site-packages/gunpowder/nodes/batch_filter.py", line 167, in provide
    batch = self.get_upstream_provider().request_batch(upstream_request)
  File "/home/samia/anaconda3/envs/funkelsd_new/lib/python3.8/site-packages/gunpowder/nodes/batch_provider.py", line 187, in request_batch
    batch = self.provide(upstream_request)
  File "/home/samia/anaconda3/envs/funkelsd_new/lib/python3.8/site-packages/gunpowder/nodes/batch_filter.py", line 167, in provide
    batch = self.get_upstream_provider().request_batch(upstream_request)
  File "/home/samia/anaconda3/envs/funkelsd_new/lib/python3.8/site-packages/gunpowder/nodes/batch_provider.py", line 187, in request_batch
    batch = self.provide(upstream_request)
  File "/home/samia/anaconda3/envs/funkelsd_new/lib/python3.8/site-packages/gunpowder/nodes/batch_filter.py", line 167, in provide
    batch = self.get_upstream_provider().request_batch(upstream_request)
  File "/home/samia/anaconda3/envs/funkelsd_new/lib/python3.8/site-packages/gunpowder/nodes/batch_provider.py", line 187, in request_batch
    batch = self.provide(upstream_request)
  File "/home/samia/anaconda3/envs/funkelsd_new/lib/python3.8/site-packages/gunpowder/nodes/batch_filter.py", line 167, in provide
    batch = self.get_upstream_provider().request_batch(upstream_request)
  File "/home/samia/anaconda3/envs/funkelsd_new/lib/python3.8/site-packages/gunpowder/nodes/batch_provider.py", line 187, in request_batch
    batch = self.provide(upstream_request)
  File "/home/samia/anaconda3/envs/funkelsd_new/lib/python3.8/site-packages/gunpowder/nodes/stack.py", line 39, in provide
    batch = self.get_upstream_provider().request_batch(upstream_request)
  File "/home/samia/anaconda3/envs/funkelsd_new/lib/python3.8/site-packages/gunpowder/nodes/batch_provider.py", line 187, in request_batch
    batch = self.provide(upstream_request)
  File "/home/samia/anaconda3/envs/funkelsd_new/lib/python3.8/site-packages/gunpowder/nodes/batch_filter.py", line 167, in provide
    batch = self.get_upstream_provider().request_batch(upstream_request)
  File "/home/samia/anaconda3/envs/funkelsd_new/lib/python3.8/site-packages/gunpowder/nodes/batch_provider.py", line 187, in request_batch
    batch = self.provide(upstream_request)
  File "/home/samia/anaconda3/envs/funkelsd_new/lib/python3.8/site-packages/gunpowder/nodes/batch_filter.py", line 167, in provide
    batch = self.get_upstream_provider().request_batch(upstream_request)
  File "/home/samia/anaconda3/envs/funkelsd_new/lib/python3.8/site-packages/gunpowder/nodes/batch_provider.py", line 187, in request_batch
    batch = self.provide(upstream_request)
  File "/home/samia/anaconda3/envs/funkelsd_new/lib/python3.8/site-packages/gunpowder/nodes/batch_filter.py", line 167, in provide
    batch = self.get_upstream_provider().request_batch(upstream_request)
  File "/home/samia/anaconda3/envs/funkelsd_new/lib/python3.8/site-packages/gunpowder/nodes/batch_provider.py", line 187, in request_batch
    batch = self.provide(upstream_request)
  File "/home/samia/anaconda3/envs/funkelsd_new/lib/python3.8/site-packages/gunpowder/nodes/batch_filter.py", line 167, in provide
    batch = self.get_upstream_provider().request_batch(upstream_request)
  File "/home/samia/anaconda3/envs/funkelsd_new/lib/python3.8/site-packages/gunpowder/nodes/batch_provider.py", line 187, in request_batch
    batch = self.provide(upstream_request)
  File "/home/samia/anaconda3/envs/funkelsd_new/lib/python3.8/site-packages/gunpowder/nodes/zarr_source.py", line 152, in provide
    self.__read(data_file, self.datasets[array_key], dataset_roi),
  File "/home/samia/anaconda3/envs/funkelsd_new/lib/python3.8/site-packages/gunpowder/nodes/zarr_source.py", line 232, in __read
    array = np.asarray(data_file[ds_name][(slice(None),) * c + roi.to_slices()])
  File "/home/samia/anaconda3/envs/funkelsd_new/lib/python3.8/site-packages/zarr/core.py", line 821, in __getitem__
    result = self.get_basic_selection(pure_selection, fields=fields)
  File "/home/samia/anaconda3/envs/funkelsd_new/lib/python3.8/site-packages/zarr/core.py", line 947, in get_basic_selection
    return self._get_basic_selection_nd(selection=selection, out=out,
  File "/home/samia/anaconda3/envs/funkelsd_new/lib/python3.8/site-packages/zarr/core.py", line 990, in _get_basic_selection_nd
    return self._get_selection(indexer=indexer, out=out, fields=fields)
  File "/home/samia/anaconda3/envs/funkelsd_new/lib/python3.8/site-packages/zarr/core.py", line 1285, in _get_selection
    self._chunk_getitem(chunk_coords, chunk_selection, out, out_selection,
  File "/home/samia/anaconda3/envs/funkelsd_new/lib/python3.8/site-packages/zarr/core.py", line 1994, in _chunk_getitem
    cdata = self.chunk_store[ckey]
  File "/home/samia/anaconda3/envs/funkelsd_new/lib/python3.8/site-packages/zarr/storage.py", line 1085, in __getitem__
    return self._fromfile(filepath)
  File "/home/samia/anaconda3/envs/funkelsd_new/lib/python3.8/site-packages/zarr/storage.py", line 1060, in _fromfile
    return f.read()
KeyboardInterrupt

During handling of the above exception, another exception occurred:

Traceback (most recent call last):
  File "/home/samia/anaconda3/envs/funkelsd_new/lib/python3.8/multiprocessing/process.py", line 315, in _bootstrap
    self.run()
  File "/home/samia/anaconda3/envs/funkelsd_new/lib/python3.8/multiprocessing/process.py", line 108, in run
    self._target(*self._args, **self._kwargs)
  File "/home/samia/anaconda3/envs/funkelsd_new/lib/python3.8/site-packages/gunpowder/nodes/daisy_request_blocks.py", line 125, in __get_chunks
    self.block_done_callback(block, start, end - start)
  File "/home/samia/anaconda3/envs/funkelsd_new/lib/python3.8/contextlib.py", line 131, in __exit__
    self.gen.throw(type, value, traceback)
  File "/home/samia/anaconda3/envs/funkelsd_new/lib/python3.8/site-packages/daisy/client.py", line 104, in acquire_block
    self.release_block(block)
  File "/home/samia/anaconda3/envs/funkelsd_new/lib/python3.8/site-packages/daisy/client.py", line 114, in release_block
    self.tcp_client.send_message(ReleaseBlock(block))
  File "/home/samia/anaconda3/envs/funkelsd_new/lib/python3.8/site-packages/daisy/tcp/tcp_client.py", line 90, in send_message
    self._check_for_errors()
  File "/home/samia/anaconda3/envs/funkelsd_new/lib/python3.8/site-packages/daisy/tcp/tcp_client.py", line 126, in _check_for_errors
    raise exception
  File "/home/samia/anaconda3/envs/funkelsd_new/lib/python3.8/site-packages/daisy/tcp/tcp_client.py", line 151, in _receive
    message = await self.stream._get_message()
  File "/home/samia/anaconda3/envs/funkelsd_new/lib/python3.8/site-packages/daisy/tcp/tcp_stream.py", line 104, in _get_message
    raise StreamClosedError(*self.address)
daisy.tcp.exceptions.StreamClosedError: ('10.31.32.156', 42335)
Traceback (most recent call last):
  File "./engine/predict/predict_worker_daisy.py", line 300, in <module>
    predict(cfg)
  File "./engine/predict/predict_worker_daisy.py", line 284, in predict
    b.request_batch(BatchRequest())
  File "/home/samia/anaconda3/envs/funkelsd_new/lib/python3.8/site-packages/gunpowder/pipeline.py", line 125, in request_batch
    return self.output.request_batch(request)
  File "/home/samia/anaconda3/envs/funkelsd_new/lib/python3.8/site-packages/gunpowder/nodes/batch_provider.py", line 187, in request_batch
    batch = self.provide(upstream_request)
  File "/home/samia/anaconda3/envs/funkelsd_new/lib/python3.8/site-packages/gunpowder/nodes/daisy_request_blocks.py", line 79, in provide
    worker.join()
  File "/home/samia/anaconda3/envs/funkelsd_new/lib/python3.8/multiprocessing/process.py", line 149, in join
    res = self._popen.wait(timeout)
  File "/home/samia/anaconda3/envs/funkelsd_new/lib/python3.8/multiprocessing/popen_fork.py", line 47, in wait
    return self.poll(os.WNOHANG if timeout == 0.0 else 0)
  File "/home/samia/anaconda3/envs/funkelsd_new/lib/python3.8/multiprocessing/popen_fork.py", line 27, in poll
    pid, sts = os.waitpid(self.pid, flag)
KeyboardInterrupt
