INFO:root:worker 3 started...
INFO:root:epsilon_agglomerate: 0.25
INFO:root:mask_file: None
INFO:root:mask_dataset: None
INFO:root:filter_fragments: 0.0
INFO:root:cfg.INS_SEGMENT.THRESHOLD 0.5
INFO:root:Running block with config daisy_logs/octoCube3Calyx56036267Y32543890Z74648163_fragments/config_3.yaml...
wandb: Currently logged in as: sm2667 (iconnect). Use `wandb login --relogin` to force relogin
INFO:root:Reading affs from /media/samia/DATA/mounts/zstore1/lsd_outputs/OCTO_3CUBES_ZYX/MTLSD/3d/clahed_hemi_mito_unproof/model_checkpoint_300000/octo_cube3_calyx_5603_6267_y3254_3890_z7464_8163.zarr
INFO:root:Opening RAG DB...
INFO:root:RAG DB opened
INFO:engine.post.parallel_aff_agglomerate:Agglomerating in block [0:2048, 0:2048, 0:2048] (2048, 2048, 2048) with context of [-128:2176, -128:2176, -128:2176] (2304, 2304, 2304)
INFO:engine.post.parallel_aff_agglomerate:merged 7827 edges
INFO:engine.post.parallel_aff_agglomerate:Agglomerating in block [0:2048, 2048:4096, 2048:4096] (2048, 2048, 2048) with context of [-128:2176, 1920:4224, 1920:4224] (2304, 2304, 2304)
INFO:engine.post.parallel_aff_agglomerate:did not merge (16777308, 16777427)
INFO:engine.post.parallel_aff_agglomerate:did not merge (16777388, 16777427)
INFO:engine.post.parallel_aff_agglomerate:did not merge (94, 177)
INFO:engine.post.parallel_aff_agglomerate:did not merge (67108905, 67108918)
INFO:engine.post.parallel_aff_agglomerate:did not merge (67108905, 67108922)
INFO:engine.post.parallel_aff_agglomerate:did not merge (67108905, 67108935)
INFO:engine.post.parallel_aff_agglomerate:did not merge (67108905, 67108936)
INFO:engine.post.parallel_aff_agglomerate:did not merge (67108905, 67108946)
INFO:engine.post.parallel_aff_agglomerate:did not merge (16777516, 16777561)
INFO:engine.post.parallel_aff_agglomerate:did not merge (16777556, 16777561)
INFO:engine.post.parallel_aff_agglomerate:did not merge (16777556, 16777685)
INFO:engine.post.parallel_aff_agglomerate:did not merge (16777575, 16777620)
INFO:engine.post.parallel_aff_agglomerate:did not merge (171, 177)
INFO:engine.post.parallel_aff_agglomerate:did not merge (171, 16777620)
INFO:engine.post.parallel_aff_agglomerate:did not merge (16777594, 16777620)
INFO:engine.post.parallel_aff_agglomerate:did not merge (16777654, 16777699)
INFO:engine.post.parallel_aff_agglomerate:did not merge (16777654, 16777711)
INFO:engine.post.parallel_aff_agglomerate:did not merge (16777533, 16777561)
INFO:engine.post.parallel_aff_agglomerate:did not merge (16777533, 16777685)
INFO:engine.post.parallel_aff_agglomerate:did not merge (16777533, 16777783)
INFO:engine.post.parallel_aff_agglomerate:did not merge (16777595, 16777620)
INFO:engine.post.parallel_aff_agglomerate:did not merge (16777713, 16777722)
INFO:engine.post.parallel_aff_agglomerate:did not merge (67109022, 67109046)
INFO:engine.post.parallel_aff_agglomerate:did not merge (67109022, 184549558)
INFO:engine.post.parallel_aff_agglomerate:did not merge (16777831, 16777869)
INFO:engine.post.parallel_aff_agglomerate:did not merge (16777831, 16777948)
INFO:engine.post.parallel_aff_agglomerate:did not merge (16777831, 16777957)
INFO:engine.post.parallel_aff_agglomerate:did not merge (16777831, 16777987)
INFO:engine.post.parallel_aff_agglomerate:did not merge (16777870, 16777912)
INFO:engine.post.parallel_aff_agglomerate:did not merge (16777870, 16777913)
INFO:engine.post.parallel_aff_agglomerate:did not merge (16777870, 16777941)
INFO:engine.post.parallel_aff_agglomerate:did not merge (16777870, 16777961)
INFO:engine.post.parallel_aff_agglomerate:did not merge (16777870, 16778001)
INFO:engine.post.parallel_aff_agglomerate:did not merge (16777870, 16778053)
INFO:engine.post.parallel_aff_agglomerate:did not merge (16777870, 16778112)
INFO:engine.post.parallel_aff_agglomerate:did not merge (16777870, 16778115)
INFO:engine.post.parallel_aff_agglomerate:did not merge (16777687, 16777988)
INFO:engine.post.parallel_aff_agglomerate:did not merge (16778017, 16778040)
INFO:engine.post.parallel_aff_agglomerate:did not merge (16778017, 16778061)
INFO:engine.post.parallel_aff_agglomerate:did not merge (16778017, 16778144)
INFO:engine.post.parallel_aff_agglomerate:did not merge (16778121, 16778183)
INFO:engine.post.parallel_aff_agglomerate:did not merge (16778121, 16778184)
INFO:engine.post.parallel_aff_agglomerate:did not merge (16778121, 16778192)
INFO:engine.post.parallel_aff_agglomerate:did not merge (16778232, 16778267)
INFO:engine.post.parallel_aff_agglomerate:did not merge (580, 642)
INFO:engine.post.parallel_aff_agglomerate:did not merge (580, 648)
INFO:engine.post.parallel_aff_agglomerate:did not merge (580, 654)
INFO:engine.post.parallel_aff_agglomerate:did not merge (16778371, 16778386)
INFO:engine.post.parallel_aff_agglomerate:did not merge (16778371, 16778512)
INFO:engine.post.parallel_aff_agglomerate:did not merge (16778371, 16778560)
INFO:engine.post.parallel_aff_agglomerate:did not merge (16778414, 16778441)
INFO:engine.post.parallel_aff_agglomerate:did not merge (16778414, 16778466)
INFO:engine.post.parallel_aff_agglomerate:did not merge (16778414, 16778560)
INFO:engine.post.parallel_aff_agglomerate:did not merge (623, 654)
INFO:engine.post.parallel_aff_agglomerate:did not merge (16778563, 16778624)
INFO:engine.post.parallel_aff_agglomerate:did not merge (16778563, 16778625)
INFO:engine.post.parallel_aff_agglomerate:did not merge (16778564, 16778818)
INFO:engine.post.parallel_aff_agglomerate:did not merge (67109274, 201326658)
INFO:engine.post.parallel_aff_agglomerate:did not merge (16778605, 16778646)
INFO:engine.post.parallel_aff_agglomerate:did not merge (16778605, 16778818)
INFO:engine.post.parallel_aff_agglomerate:merged 14415 edges
INFO:engine.post.parallel_aff_agglomerate:Agglomerating in block [2048:4096, 0:2048, 0:2048] (2048, 2048, 2048) with context of [1920:4224, -128:2176, -128:2176] (2304, 2304, 2304)
INFO:engine.post.parallel_aff_agglomerate:did not merge (33555522, 33555524)
INFO:engine.post.parallel_aff_agglomerate:did not merge (717, 754)
INFO:engine.post.parallel_aff_agglomerate:did not merge (717, 767)
INFO:engine.post.parallel_aff_agglomerate:did not merge (717, 33555263)
INFO:engine.post.parallel_aff_agglomerate:did not merge (16778591, 83887278)
INFO:engine.post.parallel_aff_agglomerate:did not merge (786, 16778387)
INFO:engine.post.parallel_aff_agglomerate:did not merge (828, 16778393)
INFO:engine.post.parallel_aff_agglomerate:did not merge (33555532, 33555589)
INFO:engine.post.parallel_aff_agglomerate:did not merge (825, 33555336)
INFO:engine.post.parallel_aff_agglomerate:did not merge (825, 33555388)
INFO:engine.post.parallel_aff_agglomerate:did not merge (16778539, 16778618)
INFO:engine.post.parallel_aff_agglomerate:did not merge (16778539, 16778626)
INFO:engine.post.parallel_aff_agglomerate:did not merge (16778539, 16778634)
INFO:engine.post.parallel_aff_agglomerate:did not merge (16778539, 83887507)
INFO:engine.post.parallel_aff_agglomerate:did not merge (16778539, 83887657)
INFO:engine.post.parallel_aff_agglomerate:did not merge (16778539, 100663487)
INFO:engine.post.parallel_aff_agglomerate:did not merge (844, 16778393)
INFO:engine.post.parallel_aff_agglomerate:did not merge (83887644, 83887781)
INFO:engine.post.parallel_aff_agglomerate:did not merge (83887644, 83887918)
INFO:engine.post.parallel_aff_agglomerate:did not merge (83887644, 234881393)
INFO:engine.post.parallel_aff_agglomerate:did not merge (83887644, 234881532)
INFO:engine.post.parallel_aff_agglomerate:did not merge (33555585, 33555598)
INFO:engine.post.parallel_aff_agglomerate:did not merge (33555594, 33555815)
INFO:engine.post.parallel_aff_agglomerate:did not merge (33555594, 83887474)
INFO:engine.post.parallel_aff_agglomerate:did not merge (33555594, 134218137)
INFO:engine.post.parallel_aff_agglomerate:did not merge (16778631, 83887507)
INFO:engine.post.parallel_aff_agglomerate:did not merge (83887733, 83887792)
INFO:engine.post.parallel_aff_agglomerate:did not merge (33555626, 134217884)
INFO:engine.post.parallel_aff_agglomerate:merged 11594 edges
INFO:engine.post.parallel_aff_agglomerate:Agglomerating in block [2048:4096, 2048:4096, 0:2048] (2048, 2048, 2048) with context of [1920:4224, 1920:4224, -128:2176] (2304, 2304, 2304)
INFO:engine.post.parallel_aff_agglomerate:did not merge (33555473, 83887501)
INFO:engine.post.parallel_aff_agglomerate:did not merge (83887516, 83887552)
INFO:engine.post.parallel_aff_agglomerate:did not merge (83887516, 83887704)
INFO:engine.post.parallel_aff_agglomerate:did not merge (83887516, 83887705)
INFO:engine.post.parallel_aff_agglomerate:did not merge (83887516, 83887792)
INFO:engine.post.parallel_aff_agglomerate:did not merge (83887516, 83887793)
INFO:engine.post.parallel_aff_agglomerate:did not merge (717, 754)
INFO:engine.post.parallel_aff_agglomerate:did not merge (717, 764)
INFO:engine.post.parallel_aff_agglomerate:did not merge (717, 767)
INFO:engine.post.parallel_aff_agglomerate:did not merge (717, 772)
INFO:engine.post.parallel_aff_agglomerate:did not merge (717, 878)
INFO:engine.post.parallel_aff_agglomerate:did not merge (717, 910)
INFO:engine.post.parallel_aff_agglomerate:did not merge (717, 918)
INFO:engine.post.parallel_aff_agglomerate:did not merge (717, 948)
INFO:engine.post.parallel_aff_agglomerate:did not merge (717, 33555263)
INFO:engine.post.parallel_aff_agglomerate:did not merge (717, 50331882)
INFO:engine.post.parallel_aff_agglomerate:did not merge (717, 50331920)
INFO:engine.post.parallel_aff_agglomerate:did not merge (16778591, 83887278)
INFO:engine.post.parallel_aff_agglomerate:did not merge (33555566, 33555600)
INFO:engine.post.parallel_aff_agglomerate:did not merge (825, 919)
INFO:engine.post.parallel_aff_agglomerate:did not merge (825, 980)
INFO:engine.post.parallel_aff_agglomerate:did not merge (825, 33555336)
INFO:engine.post.parallel_aff_agglomerate:did not merge (825, 33555388)
INFO:engine.post.parallel_aff_agglomerate:did not merge (83887682, 83887696)
INFO:engine.post.parallel_aff_agglomerate:did not merge (83887590, 83887670)
INFO:engine.post.parallel_aff_agglomerate:did not merge (83887590, 83887952)
INFO:engine.post.parallel_aff_agglomerate:did not merge (83887743, 83887744)
INFO:engine.post.parallel_aff_agglomerate:did not merge (83887655, 234881268)
INFO:engine.post.parallel_aff_agglomerate:did not merge (83887754, 83887952)
INFO:engine.post.parallel_aff_agglomerate:did not merge (16778631, 83887507)
INFO:engine.post.parallel_aff_agglomerate:did not merge (83887619, 83887670)
INFO:engine.post.parallel_aff_agglomerate:did not merge (83887619, 83887952)
INFO:engine.post.parallel_aff_agglomerate:did not merge (83887733, 83887792)
INFO:engine.post.parallel_aff_agglomerate:did not merge (911, 919)
INFO:engine.post.parallel_aff_agglomerate:did not merge (83887781, 83887793)
INFO:engine.post.parallel_aff_agglomerate:did not merge (50331711, 50331882)
INFO:engine.post.parallel_aff_agglomerate:did not merge (50331711, 50331890)
INFO:engine.post.parallel_aff_agglomerate:did not merge (50331711, 50331919)
INFO:engine.post.parallel_aff_agglomerate:did not merge (50331711, 50331920)
INFO:engine.post.parallel_aff_agglomerate:did not merge (50331711, 50331993)
INFO:engine.post.parallel_aff_agglomerate:did not merge (50331851, 50331951)
INFO:engine.post.parallel_aff_agglomerate:did not merge (50332036, 50332045)
INFO:engine.post.parallel_aff_agglomerate:did not merge (50332036, 50332093)
INFO:engine.post.parallel_aff_agglomerate:did not merge (50332144, 50332255)
INFO:engine.post.parallel_aff_agglomerate:did not merge (50332185, 50332245)
INFO:engine.post.parallel_aff_agglomerate:did not merge (50332185, 50332282)
INFO:engine.post.parallel_aff_agglomerate:did not merge (50332229, 50332245)
INFO:engine.post.parallel_aff_agglomerate:did not merge (50332236, 50332242)
INFO:engine.post.parallel_aff_agglomerate:did not merge (50332235, 50332245)
INFO:engine.post.parallel_aff_agglomerate:did not merge (50332269, 50332382)
INFO:engine.post.parallel_aff_agglomerate:did not merge (50332353, 50332365)
INFO:engine.post.parallel_aff_agglomerate:did not merge (50332397, 50332401)
INFO:engine.post.parallel_aff_agglomerate:did not merge (50332444, 50332447)
INFO:engine.post.parallel_aff_agglomerate:did not merge (50332468, 50332500)
INFO:engine.post.parallel_aff_agglomerate:did not merge (50332468, 50332516)
INFO:engine.post.parallel_aff_agglomerate:did not merge (50332468, 50332519)
INFO:engine.post.parallel_aff_agglomerate:did not merge (50332468, 50332528)
INFO:engine.post.parallel_aff_agglomerate:did not merge (50332468, 50332595)
INFO:engine.post.parallel_aff_agglomerate:did not merge (50332485, 50332516)
INFO:engine.post.parallel_aff_agglomerate:did not merge (50332568, 50332595)
INFO:engine.post.parallel_aff_agglomerate:did not merge (50332568, 50332622)
INFO:engine.post.parallel_aff_agglomerate:did not merge (50332556, 50332718)
INFO:engine.post.parallel_aff_agglomerate:did not merge (50332556, 50332775)
INFO:engine.post.parallel_aff_agglomerate:did not merge (50332667, 50332799)
INFO:engine.post.parallel_aff_agglomerate:did not merge (50332646, 50332649)
INFO:engine.post.parallel_aff_agglomerate:did not merge (50332646, 50332650)
INFO:engine.post.parallel_aff_agglomerate:did not merge (50332647, 50332708)
INFO:engine.post.parallel_aff_agglomerate:did not merge (50332647, 50332710)
INFO:engine.post.parallel_aff_agglomerate:did not merge (50332647, 50332718)
INFO:engine.post.parallel_aff_agglomerate:did not merge (50332651, 50332718)
INFO:engine.post.parallel_aff_agglomerate:did not merge (50332672, 50332703)
INFO:engine.post.parallel_aff_agglomerate:did not merge (50332672, 50332783)
INFO:engine.post.parallel_aff_agglomerate:did not merge (50332672, 50332799)
INFO:engine.post.parallel_aff_agglomerate:did not merge (50332757, 50332775)
INFO:engine.post.parallel_aff_agglomerate:did not merge (50332745, 50332775)
INFO:engine.post.parallel_aff_agglomerate:did not merge (50332771, 50332775)
INFO:engine.post.parallel_aff_agglomerate:did not merge (50332786, 50332869)
INFO:engine.post.parallel_aff_agglomerate:did not merge (50332768, 50332783)
INFO:engine.post.parallel_aff_agglomerate:did not merge (50332768, 50332799)
INFO:engine.post.parallel_aff_agglomerate:did not merge (50332768, 50332817)
INFO:engine.post.parallel_aff_agglomerate:did not merge (50332768, 50332822)
INFO:engine.post.parallel_aff_agglomerate:did not merge (50332768, 50332831)
INFO:engine.post.parallel_aff_agglomerate:did not merge (50332768, 50332837)
INFO:engine.post.parallel_aff_agglomerate:did not merge (50332768, 50332853)
INFO:engine.post.parallel_aff_agglomerate:did not merge (50332768, 50332888)
INFO:engine.post.parallel_aff_agglomerate:did not merge (50332768, 50332910)
INFO:engine.post.parallel_aff_agglomerate:did not merge (50332768, 50333007)
INFO:engine.post.parallel_aff_agglomerate:did not merge (50332768, 50333041)
INFO:engine.post.parallel_aff_agglomerate:did not merge (50332768, 150995171)
INFO:engine.post.parallel_aff_agglomerate:did not merge (50332881, 50332893)
INFO:engine.post.parallel_aff_agglomerate:did not merge (50332943, 50333042)
INFO:engine.post.parallel_aff_agglomerate:did not merge (50332943, 150995172)
INFO:engine.post.parallel_aff_agglomerate:did not merge (50332964, 50333028)
INFO:engine.post.parallel_aff_agglomerate:did not merge (50332964, 100665350)
INFO:engine.post.parallel_aff_agglomerate:did not merge (50332964, 150995158)
INFO:engine.post.parallel_aff_agglomerate:did not merge (50332997, 50333028)
INFO:engine.post.parallel_aff_agglomerate:did not merge (50332997, 100665364)
INFO:engine.post.parallel_aff_agglomerate:did not merge (50332997, 150995158)
INFO:engine.post.parallel_aff_agglomerate:did not merge (50333106, 150995137)
INFO:engine.post.parallel_aff_agglomerate:merged 14804 edges
INFO:engine.post.parallel_aff_agglomerate:Agglomerating in block [2048:4096, 4096:5088, 0:2048] (2048, 992, 2048) with context of [1920:4224, 3968:5216, -128:2176] (2304, 1248, 2304)
INFO:engine.post.parallel_aff_agglomerate:did not merge (33555544, 33555717)
INFO:engine.post.parallel_aff_agglomerate:did not merge (33555593, 33555622)
INFO:engine.post.parallel_aff_agglomerate:did not merge (33555601, 33555622)
INFO:engine.post.parallel_aff_agglomerate:did not merge (33555655, 33555691)
INFO:engine.post.parallel_aff_agglomerate:did not merge (33555655, 134218012)
INFO:engine.post.parallel_aff_agglomerate:did not merge (33555582, 33555717)
INFO:engine.post.parallel_aff_agglomerate:did not merge (134217976, 134218012)
INFO:engine.post.parallel_aff_agglomerate:did not merge (134217952, 134217974)
INFO:engine.post.parallel_aff_agglomerate:did not merge (134217952, 134217984)
INFO:engine.post.parallel_aff_agglomerate:did not merge (134218073, 134218133)
INFO:engine.post.parallel_aff_agglomerate:did not merge (134218073, 134218134)
INFO:engine.post.parallel_aff_agglomerate:did not merge (134218030, 134218038)
INFO:engine.post.parallel_aff_agglomerate:did not merge (134218030, 134218092)
INFO:engine.post.parallel_aff_agglomerate:did not merge (134218127, 134218154)
INFO:engine.post.parallel_aff_agglomerate:did not merge (134218078, 134218133)
INFO:engine.post.parallel_aff_agglomerate:did not merge (134218086, 134218133)
INFO:engine.post.parallel_aff_agglomerate:did not merge (134218086, 134218134)
INFO:engine.post.parallel_aff_agglomerate:did not merge (134218086, 134218144)
INFO:engine.post.parallel_aff_agglomerate:did not merge (134218191, 134218199)
INFO:engine.post.parallel_aff_agglomerate:did not merge (134218239, 134218329)
INFO:engine.post.parallel_aff_agglomerate:did not merge (134218239, 134218330)
INFO:engine.post.parallel_aff_agglomerate:did not merge (134218239, 134218352)
INFO:engine.post.parallel_aff_agglomerate:did not merge (134218367, 134218406)
INFO:engine.post.parallel_aff_agglomerate:did not merge (134219023, 134219067)
INFO:engine.post.parallel_aff_agglomerate:did not merge (134219023, 134219079)
INFO:engine.post.parallel_aff_agglomerate:did not merge (134219023, 134219128)
INFO:engine.post.parallel_aff_agglomerate:did not merge (134219008, 134219021)
INFO:engine.post.parallel_aff_agglomerate:did not merge (134219008, 134219067)
INFO:engine.post.parallel_aff_agglomerate:did not merge (134219008, 134219125)
INFO:engine.post.parallel_aff_agglomerate:did not merge (134219008, 134219128)
INFO:engine.post.parallel_aff_agglomerate:did not merge (134219008, 134219359)
INFO:engine.post.parallel_aff_agglomerate:did not merge (134219040, 134219067)
INFO:engine.post.parallel_aff_agglomerate:did not merge (134219040, 134219079)
INFO:engine.post.parallel_aff_agglomerate:did not merge (134219040, 134219128)
INFO:engine.post.parallel_aff_agglomerate:did not merge (134219040, 134219130)
INFO:engine.post.parallel_aff_agglomerate:did not merge (134219040, 134219150)
INFO:engine.post.parallel_aff_agglomerate:did not merge (134219040, 134219157)
INFO:engine.post.parallel_aff_agglomerate:did not merge (134219040, 134219202)
INFO:engine.post.parallel_aff_agglomerate:did not merge (134219098, 134219128)
INFO:engine.post.parallel_aff_agglomerate:did not merge (134219167, 134219202)
INFO:engine.post.parallel_aff_agglomerate:did not merge (134219203, 134219223)
INFO:engine.post.parallel_aff_agglomerate:did not merge (134219203, 134219298)
INFO:engine.post.parallel_aff_agglomerate:did not merge (134219262, 134219279)
INFO:engine.post.parallel_aff_agglomerate:did not merge (134219262, 134219280)
INFO:engine.post.parallel_aff_agglomerate:did not merge (134219262, 134219359)
INFO:engine.post.parallel_aff_agglomerate:did not merge (134219262, 134219369)
INFO:engine.post.parallel_aff_agglomerate:did not merge (134219262, 134219381)
INFO:engine.post.parallel_aff_agglomerate:merged 836 edges
INFO:engine.post.parallel_aff_agglomerate:Agglomerating in block [2048:4096, 4096:5088, 4096:5312] (2048, 992, 1216) with context of [1920:4224, 3968:5216, 3968:5440] (2304, 1248, 1472)
INFO:engine.post.parallel_aff_agglomerate:did not merge (83887610, 83887984)
INFO:engine.post.parallel_aff_agglomerate:did not merge (83887642, 234881254)
INFO:engine.post.parallel_aff_agglomerate:did not merge (184549828, 184549913)
INFO:engine.post.parallel_aff_agglomerate:did not merge (184549828, 184549914)
INFO:engine.post.parallel_aff_agglomerate:did not merge (83887717, 83887984)
INFO:engine.post.parallel_aff_agglomerate:did not merge (402653433, 402653448)
INFO:engine.post.parallel_aff_agglomerate:did not merge (402653710, 402653714)
INFO:engine.post.parallel_aff_agglomerate:did not merge (402653711, 402653740)
INFO:engine.post.parallel_aff_agglomerate:did not merge (402653744, 402653786)
INFO:engine.post.parallel_aff_agglomerate:did not merge (402653933, 402653961)
INFO:engine.post.parallel_aff_agglomerate:merged 388 edges
INFO:engine.post.parallel_aff_agglomerate:Agglomerating in block [4096:5592, 0:2048, 2048:4096] (1496, 2048, 2048) with context of [3968:5720, -128:2176, 1920:4224] (1752, 2304, 2304)
INFO:engine.post.parallel_aff_agglomerate:did not merge (402654042, 402654043)
INFO:engine.post.parallel_aff_agglomerate:did not merge (234883505, 234883506)
INFO:engine.post.parallel_aff_agglomerate:did not merge (234883651, 234883734)
INFO:engine.post.parallel_aff_agglomerate:did not merge (234883651, 469762429)
INFO:engine.post.parallel_aff_agglomerate:did not merge (234883577, 469762266)
INFO:engine.post.parallel_aff_agglomerate:did not merge (100665197, 234883289)
INFO:engine.post.parallel_aff_agglomerate:did not merge (234883268, 234883280)
INFO:engine.post.parallel_aff_agglomerate:did not merge (234883268, 234883303)
INFO:engine.post.parallel_aff_agglomerate:did not merge (234883268, 234883342)
INFO:engine.post.parallel_aff_agglomerate:did not merge (234883268, 234883355)
INFO:engine.post.parallel_aff_agglomerate:did not merge (234883268, 234883370)
INFO:engine.post.parallel_aff_agglomerate:did not merge (234883268, 234883399)
INFO:engine.post.parallel_aff_agglomerate:did not merge (234883268, 234883456)
INFO:engine.post.parallel_aff_agglomerate:did not merge (234883268, 402653956)
INFO:engine.post.parallel_aff_agglomerate:did not merge (234883268, 402653993)
INFO:engine.post.parallel_aff_agglomerate:did not merge (234883268, 402654017)
INFO:engine.post.parallel_aff_agglomerate:did not merge (50332931, 50332975)
INFO:engine.post.parallel_aff_agglomerate:did not merge (50332931, 50333040)
INFO:engine.post.parallel_aff_agglomerate:did not merge (50332931, 50333096)
INFO:engine.post.parallel_aff_agglomerate:did not merge (50332931, 150995257)
INFO:engine.post.parallel_aff_agglomerate:did not merge (234883627, 469762266)
INFO:engine.post.parallel_aff_agglomerate:did not merge (234883642, 234883848)
INFO:engine.post.parallel_aff_agglomerate:did not merge (234883640, 469762266)
INFO:engine.post.parallel_aff_agglomerate:did not merge (150995061, 150995257)
INFO:engine.post.parallel_aff_agglomerate:did not merge (150995269, 150995320)
INFO:engine.post.parallel_aff_agglomerate:did not merge (150995328, 150995356)
INFO:engine.post.parallel_aff_agglomerate:did not merge (150995328, 150995357)
INFO:engine.post.parallel_aff_agglomerate:did not merge (150995328, 150995362)
INFO:engine.post.parallel_aff_agglomerate:did not merge (150995328, 150995374)
INFO:engine.post.parallel_aff_agglomerate:did not merge (150995328, 150995410)
INFO:engine.post.parallel_aff_agglomerate:did not merge (150995328, 150995427)
INFO:engine.post.parallel_aff_agglomerate:did not merge (150995328, 150995428)
INFO:engine.post.parallel_aff_agglomerate:did not merge (150995328, 150995437)
INFO:engine.post.parallel_aff_agglomerate:did not merge (150995377, 150995381)
INFO:engine.post.parallel_aff_agglomerate:did not merge (150995377, 150995392)
INFO:engine.post.parallel_aff_agglomerate:did not merge (150995377, 150995416)
INFO:engine.post.parallel_aff_agglomerate:merged 5994 edges
INFO:engine.post.parallel_aff_agglomerate:Agglomerating in block [4096:5592, 2048:4096, 4096:5312] (1496, 2048, 1216) with context of [3968:5720, 1920:4224, 3968:5440] (1752, 2304, 1472)
INFO:engine.post.parallel_aff_agglomerate:did not merge (402654042, 402654043)
INFO:engine.post.parallel_aff_agglomerate:did not merge (234883505, 234883506)
INFO:engine.post.parallel_aff_agglomerate:did not merge (234883518, 402654047)
INFO:engine.post.parallel_aff_agglomerate:did not merge (234883519, 234883595)
INFO:engine.post.parallel_aff_agglomerate:did not merge (234883519, 234883692)
INFO:engine.post.parallel_aff_agglomerate:did not merge (234883775, 469762397)
INFO:engine.post.parallel_aff_agglomerate:did not merge (234883574, 402654000)
INFO:engine.post.parallel_aff_agglomerate:did not merge (100665251, 100665261)
INFO:engine.post.parallel_aff_agglomerate:did not merge (100665251, 100665262)
INFO:engine.post.parallel_aff_agglomerate:did not merge (100665251, 100665351)
INFO:engine.post.parallel_aff_agglomerate:did not merge (100665251, 201327108)
INFO:engine.post.parallel_aff_agglomerate:did not merge (100665251, 251658478)
INFO:engine.post.parallel_aff_agglomerate:did not merge (100665251, 251658568)
INFO:engine.post.parallel_aff_agglomerate:did not merge (234883631, 234883652)
INFO:engine.post.parallel_aff_agglomerate:did not merge (234883631, 234883692)
INFO:engine.post.parallel_aff_agglomerate:did not merge (234883642, 234883652)
INFO:engine.post.parallel_aff_agglomerate:did not merge (234883642, 234883658)
INFO:engine.post.parallel_aff_agglomerate:did not merge (234883642, 234883692)
INFO:engine.post.parallel_aff_agglomerate:did not merge (234883688, 234883692)
INFO:engine.post.parallel_aff_agglomerate:did not merge (234883688, 469762365)
INFO:engine.post.parallel_aff_agglomerate:did not merge (251658468, 251658478)
INFO:engine.post.parallel_aff_agglomerate:did not merge (251658468, 251658568)
INFO:engine.post.parallel_aff_agglomerate:did not merge (251658593, 419430478)
INFO:engine.post.parallel_aff_agglomerate:did not merge (251658593, 419430481)
INFO:engine.post.parallel_aff_agglomerate:did not merge (251658593, 419430485)
INFO:engine.post.parallel_aff_agglomerate:did not merge (419430587, 419430597)
INFO:engine.post.parallel_aff_agglomerate:did not merge (419430587, 419430612)
INFO:engine.post.parallel_aff_agglomerate:merged 2398 edges
INFO:engine.post.parallel_aff_agglomerate:Agglomerating in block [4096:5592, 4096:5088, 4096:5312] (1496, 992, 1216) with context of [3968:5720, 3968:5216, 3968:5440] (1752, 1248, 1472)
INFO:engine.post.parallel_aff_agglomerate:merged 47 edges
