INFO:root:worker 4 started...
INFO:root:epsilon_agglomerate: 0.25
INFO:root:mask_file: None
INFO:root:mask_dataset: None
INFO:root:filter_fragments: 0.0
INFO:root:cfg.INS_SEGMENT.THRESHOLD 0.5
INFO:root:Running block with config daisy_logs/octoCube3Calyx56036267Y32543890Z74648163_fragments/config_4.yaml...
wandb: Currently logged in as: sm2667 (iconnect). Use `wandb login --relogin` to force relogin
INFO:root:Reading affs from /media/samia/DATA/mounts/zstore1/lsd_outputs/OCTO_3CUBES_ZYX/MTLSD/3d/clahed_hemi_mito_unproof/model_checkpoint_300000/octo_cube3_calyx_5603_6267_y3254_3890_z7464_8163.zarr
INFO:root:Opening RAG DB...
INFO:root:RAG DB opened
INFO:engine.post.parallel_aff_agglomerate:Agglomerating in block [0:2048, 0:2048, 4096:5312] (2048, 2048, 1216) with context of [-128:2176, -128:2176, 3968:5440] (2304, 2304, 1472)
INFO:engine.post.parallel_aff_agglomerate:merged 2855 edges
INFO:engine.post.parallel_aff_agglomerate:Agglomerating in block [0:2048, 2048:4096, 0:2048] (2048, 2048, 2048) with context of [-128:2176, 1920:4224, -128:2176] (2304, 2304, 2304)
INFO:engine.post.parallel_aff_agglomerate:did not merge (26, 82)
INFO:engine.post.parallel_aff_agglomerate:did not merge (26, 110)
INFO:engine.post.parallel_aff_agglomerate:did not merge (59, 97)
INFO:engine.post.parallel_aff_agglomerate:did not merge (94, 177)
INFO:engine.post.parallel_aff_agglomerate:did not merge (171, 177)
INFO:engine.post.parallel_aff_agglomerate:did not merge (171, 16777620)
INFO:engine.post.parallel_aff_agglomerate:did not merge (160, 286)
INFO:engine.post.parallel_aff_agglomerate:did not merge (217, 248)
INFO:engine.post.parallel_aff_agglomerate:did not merge (220, 234)
INFO:engine.post.parallel_aff_agglomerate:did not merge (220, 323)
INFO:engine.post.parallel_aff_agglomerate:did not merge (169, 288)
INFO:engine.post.parallel_aff_agglomerate:did not merge (169, 289)
INFO:engine.post.parallel_aff_agglomerate:did not merge (169, 293)
INFO:engine.post.parallel_aff_agglomerate:did not merge (169, 348)
INFO:engine.post.parallel_aff_agglomerate:did not merge (169, 374)
INFO:engine.post.parallel_aff_agglomerate:did not merge (242, 248)
INFO:engine.post.parallel_aff_agglomerate:did not merge (397, 558)
INFO:engine.post.parallel_aff_agglomerate:did not merge (438, 443)
INFO:engine.post.parallel_aff_agglomerate:did not merge (508, 545)
INFO:engine.post.parallel_aff_agglomerate:did not merge (537, 544)
INFO:engine.post.parallel_aff_agglomerate:did not merge (537, 553)
INFO:engine.post.parallel_aff_agglomerate:did not merge (537, 558)
INFO:engine.post.parallel_aff_agglomerate:did not merge (537, 612)
INFO:engine.post.parallel_aff_agglomerate:did not merge (537, 615)
INFO:engine.post.parallel_aff_agglomerate:did not merge (634, 733)
INFO:engine.post.parallel_aff_agglomerate:did not merge (580, 642)
INFO:engine.post.parallel_aff_agglomerate:did not merge (580, 648)
INFO:engine.post.parallel_aff_agglomerate:did not merge (580, 654)
INFO:engine.post.parallel_aff_agglomerate:did not merge (585, 733)
INFO:engine.post.parallel_aff_agglomerate:did not merge (586, 611)
INFO:engine.post.parallel_aff_agglomerate:did not merge (586, 662)
INFO:engine.post.parallel_aff_agglomerate:did not merge (586, 689)
INFO:engine.post.parallel_aff_agglomerate:did not merge (586, 700)
INFO:engine.post.parallel_aff_agglomerate:did not merge (586, 764)
INFO:engine.post.parallel_aff_agglomerate:did not merge (586, 772)
INFO:engine.post.parallel_aff_agglomerate:did not merge (623, 654)
INFO:engine.post.parallel_aff_agglomerate:did not merge (721, 948)
INFO:engine.post.parallel_aff_agglomerate:did not merge (717, 764)
INFO:engine.post.parallel_aff_agglomerate:did not merge (717, 772)
INFO:engine.post.parallel_aff_agglomerate:did not merge (717, 878)
INFO:engine.post.parallel_aff_agglomerate:did not merge (717, 910)
INFO:engine.post.parallel_aff_agglomerate:did not merge (717, 918)
INFO:engine.post.parallel_aff_agglomerate:did not merge (717, 948)
INFO:engine.post.parallel_aff_agglomerate:did not merge (717, 50331882)
INFO:engine.post.parallel_aff_agglomerate:did not merge (717, 50331920)
INFO:engine.post.parallel_aff_agglomerate:did not merge (825, 919)
INFO:engine.post.parallel_aff_agglomerate:did not merge (825, 980)
INFO:engine.post.parallel_aff_agglomerate:did not merge (911, 919)
INFO:engine.post.parallel_aff_agglomerate:merged 10857 edges
INFO:engine.post.parallel_aff_agglomerate:Agglomerating in block [0:2048, 4096:5088, 0:2048] (2048, 992, 2048) with context of [-128:2176, 3968:5216, -128:2176] (2304, 1248, 2304)
INFO:engine.post.parallel_aff_agglomerate:did not merge (33554482, 33554526)
INFO:engine.post.parallel_aff_agglomerate:did not merge (33554494, 33554526)
INFO:engine.post.parallel_aff_agglomerate:did not merge (33554494, 33554562)
INFO:engine.post.parallel_aff_agglomerate:did not merge (33554494, 33554580)
INFO:engine.post.parallel_aff_agglomerate:did not merge (33554793, 33554814)
INFO:engine.post.parallel_aff_agglomerate:did not merge (33554815, 33554828)
INFO:engine.post.parallel_aff_agglomerate:did not merge (33554948, 33555021)
INFO:engine.post.parallel_aff_agglomerate:did not merge (33554955, 33555021)
INFO:engine.post.parallel_aff_agglomerate:did not merge (33555117, 33555149)
INFO:engine.post.parallel_aff_agglomerate:did not merge (33555329, 33555390)
INFO:engine.post.parallel_aff_agglomerate:did not merge (33555377, 33555399)
INFO:engine.post.parallel_aff_agglomerate:did not merge (33555377, 33555422)
INFO:engine.post.parallel_aff_agglomerate:did not merge (33555355, 33555390)
INFO:engine.post.parallel_aff_agglomerate:did not merge (33555355, 33555399)
INFO:engine.post.parallel_aff_agglomerate:did not merge (33555355, 33555422)
INFO:engine.post.parallel_aff_agglomerate:did not merge (33555544, 33555717)
INFO:engine.post.parallel_aff_agglomerate:did not merge (33555593, 33555622)
INFO:engine.post.parallel_aff_agglomerate:did not merge (33555601, 33555622)
INFO:engine.post.parallel_aff_agglomerate:did not merge (33555655, 33555691)
INFO:engine.post.parallel_aff_agglomerate:did not merge (33555655, 134218012)
INFO:engine.post.parallel_aff_agglomerate:did not merge (33555582, 33555717)
INFO:engine.post.parallel_aff_agglomerate:merged 695 edges
INFO:engine.post.parallel_aff_agglomerate:Agglomerating in block [0:2048, 4096:5088, 4096:5312] (2048, 992, 1216) with context of [-128:2176, 3968:5216, 3968:5440] (2304, 1248, 1472)
INFO:engine.post.parallel_aff_agglomerate:did not merge (83886360, 83886382)
INFO:engine.post.parallel_aff_agglomerate:did not merge (83886360, 83886627)
INFO:engine.post.parallel_aff_agglomerate:did not merge (184549454, 184549493)
INFO:engine.post.parallel_aff_agglomerate:did not merge (184549556, 184549574)
INFO:engine.post.parallel_aff_agglomerate:did not merge (184549556, 184549579)
INFO:engine.post.parallel_aff_agglomerate:did not merge (83887406, 83887448)
INFO:engine.post.parallel_aff_agglomerate:did not merge (83887406, 83887641)
INFO:engine.post.parallel_aff_agglomerate:did not merge (83887406, 184549772)
INFO:engine.post.parallel_aff_agglomerate:did not merge (184549762, 184549772)
INFO:engine.post.parallel_aff_agglomerate:did not merge (184549768, 184549772)
INFO:engine.post.parallel_aff_agglomerate:did not merge (184549768, 184549773)
INFO:engine.post.parallel_aff_agglomerate:did not merge (83887537, 83887550)
INFO:engine.post.parallel_aff_agglomerate:did not merge (83887610, 83887984)
INFO:engine.post.parallel_aff_agglomerate:did not merge (83887642, 234881254)
INFO:engine.post.parallel_aff_agglomerate:did not merge (184549828, 184549913)
INFO:engine.post.parallel_aff_agglomerate:did not merge (184549828, 184549914)
INFO:engine.post.parallel_aff_agglomerate:did not merge (83887717, 83887984)
INFO:engine.post.parallel_aff_agglomerate:merged 336 edges
INFO:engine.post.parallel_aff_agglomerate:Agglomerating in block [2048:4096, 0:2048, 2048:4096] (2048, 2048, 2048) with context of [1920:4224, -128:2176, 1920:4224] (2304, 2304, 2304)
INFO:engine.post.parallel_aff_agglomerate:did not merge (16778591, 83887278)
INFO:engine.post.parallel_aff_agglomerate:did not merge (786, 787)
INFO:engine.post.parallel_aff_agglomerate:did not merge (786, 815)
INFO:engine.post.parallel_aff_agglomerate:did not merge (786, 865)
INFO:engine.post.parallel_aff_agglomerate:did not merge (786, 871)
INFO:engine.post.parallel_aff_agglomerate:did not merge (786, 905)
INFO:engine.post.parallel_aff_agglomerate:did not merge (786, 16778387)
INFO:engine.post.parallel_aff_agglomerate:did not merge (786, 50331843)
INFO:engine.post.parallel_aff_agglomerate:did not merge (786, 50331858)
INFO:engine.post.parallel_aff_agglomerate:did not merge (786, 50331877)
INFO:engine.post.parallel_aff_agglomerate:did not merge (828, 922)
INFO:engine.post.parallel_aff_agglomerate:did not merge (828, 16778393)
INFO:engine.post.parallel_aff_agglomerate:did not merge (16778831, 83887196)
INFO:engine.post.parallel_aff_agglomerate:did not merge (67109274, 184549377)
INFO:engine.post.parallel_aff_agglomerate:did not merge (67109274, 201326658)
INFO:engine.post.parallel_aff_agglomerate:did not merge (83887627, 83887688)
INFO:engine.post.parallel_aff_agglomerate:did not merge (844, 875)
INFO:engine.post.parallel_aff_agglomerate:did not merge (844, 901)
INFO:engine.post.parallel_aff_agglomerate:did not merge (844, 922)
INFO:engine.post.parallel_aff_agglomerate:did not merge (844, 16778393)
INFO:engine.post.parallel_aff_agglomerate:did not merge (83887644, 83887781)
INFO:engine.post.parallel_aff_agglomerate:did not merge (83887644, 83887918)
INFO:engine.post.parallel_aff_agglomerate:did not merge (83887644, 234881393)
INFO:engine.post.parallel_aff_agglomerate:did not merge (83887644, 234881532)
INFO:engine.post.parallel_aff_agglomerate:did not merge (33555594, 33555604)
INFO:engine.post.parallel_aff_agglomerate:did not merge (33555594, 33555626)
INFO:engine.post.parallel_aff_agglomerate:did not merge (33555594, 33555815)
INFO:engine.post.parallel_aff_agglomerate:did not merge (33555594, 83887474)
INFO:engine.post.parallel_aff_agglomerate:did not merge (33555594, 134218137)
INFO:engine.post.parallel_aff_agglomerate:merged 17356 edges
INFO:engine.post.parallel_aff_agglomerate:Agglomerating in block [2048:4096, 2048:4096, 4096:5312] (2048, 2048, 1216) with context of [1920:4224, 1920:4224, 3968:5440] (2304, 2304, 1472)
INFO:engine.post.parallel_aff_agglomerate:did not merge (83887933, 184549746)
INFO:engine.post.parallel_aff_agglomerate:did not merge (16778831, 67109162)
INFO:engine.post.parallel_aff_agglomerate:did not merge (16778831, 83887196)
INFO:engine.post.parallel_aff_agglomerate:did not merge (83887610, 83887984)
INFO:engine.post.parallel_aff_agglomerate:did not merge (83887717, 83887984)
INFO:engine.post.parallel_aff_agglomerate:did not merge (201326676, 201326685)
INFO:engine.post.parallel_aff_agglomerate:did not merge (201326684, 201326685)
INFO:engine.post.parallel_aff_agglomerate:did not merge (100663862, 100663919)
INFO:engine.post.parallel_aff_agglomerate:did not merge (100663862, 100663959)
INFO:engine.post.parallel_aff_agglomerate:did not merge (100663964, 100663987)
INFO:engine.post.parallel_aff_agglomerate:did not merge (201326723, 201326822)
INFO:engine.post.parallel_aff_agglomerate:did not merge (100664263, 100664273)
INFO:engine.post.parallel_aff_agglomerate:did not merge (100664263, 100664281)
INFO:engine.post.parallel_aff_agglomerate:did not merge (100664263, 234882411)
INFO:engine.post.parallel_aff_agglomerate:did not merge (201326877, 201326887)
INFO:engine.post.parallel_aff_agglomerate:did not merge (201326865, 201326903)
INFO:engine.post.parallel_aff_agglomerate:did not merge (201326935, 201326954)
INFO:engine.post.parallel_aff_agglomerate:did not merge (100664632, 201326903)
INFO:engine.post.parallel_aff_agglomerate:did not merge (201326965, 201326980)
INFO:engine.post.parallel_aff_agglomerate:did not merge (201326955, 201326959)
INFO:engine.post.parallel_aff_agglomerate:did not merge (201326955, 201326960)
INFO:engine.post.parallel_aff_agglomerate:did not merge (201326955, 201326962)
INFO:engine.post.parallel_aff_agglomerate:did not merge (201326955, 201326967)
INFO:engine.post.parallel_aff_agglomerate:did not merge (201326942, 201326950)
INFO:engine.post.parallel_aff_agglomerate:did not merge (201326942, 201326961)
INFO:engine.post.parallel_aff_agglomerate:did not merge (201326956, 201326958)
INFO:engine.post.parallel_aff_agglomerate:did not merge (201326956, 201326959)
INFO:engine.post.parallel_aff_agglomerate:did not merge (201326956, 201326960)
INFO:engine.post.parallel_aff_agglomerate:did not merge (201326956, 201326961)
INFO:engine.post.parallel_aff_agglomerate:did not merge (201326956, 201326962)
INFO:engine.post.parallel_aff_agglomerate:did not merge (201326956, 201326967)
INFO:engine.post.parallel_aff_agglomerate:did not merge (201326956, 201327021)
INFO:engine.post.parallel_aff_agglomerate:did not merge (201326993, 201327021)
INFO:engine.post.parallel_aff_agglomerate:did not merge (201327062, 201327104)
INFO:engine.post.parallel_aff_agglomerate:did not merge (201327102, 201327104)
INFO:engine.post.parallel_aff_agglomerate:did not merge (100665124, 100665131)
INFO:engine.post.parallel_aff_agglomerate:did not merge (100665132, 100665141)
INFO:engine.post.parallel_aff_agglomerate:did not merge (100665132, 201327108)
INFO:engine.post.parallel_aff_agglomerate:did not merge (201327105, 201327108)
INFO:engine.post.parallel_aff_agglomerate:did not merge (100665167, 100665232)
INFO:engine.post.parallel_aff_agglomerate:did not merge (100665167, 100665233)
INFO:engine.post.parallel_aff_agglomerate:did not merge (100665167, 100665302)
INFO:engine.post.parallel_aff_agglomerate:did not merge (100665167, 100665305)
INFO:engine.post.parallel_aff_agglomerate:did not merge (100665251, 100665261)
INFO:engine.post.parallel_aff_agglomerate:did not merge (100665251, 100665262)
INFO:engine.post.parallel_aff_agglomerate:did not merge (100665251, 100665351)
INFO:engine.post.parallel_aff_agglomerate:did not merge (100665251, 201327108)
INFO:engine.post.parallel_aff_agglomerate:did not merge (100665251, 251658478)
INFO:engine.post.parallel_aff_agglomerate:did not merge (100665251, 251658568)
INFO:engine.post.parallel_aff_agglomerate:merged 7813 edges
INFO:engine.post.parallel_aff_agglomerate:Agglomerating in block [2048:4096, 4096:5088, 2048:4096] (2048, 992, 2048) with context of [1920:4224, 3968:5216, 1920:4224] (2304, 1248, 2304)
INFO:engine.post.parallel_aff_agglomerate:did not merge (184549794, 184549805)
INFO:engine.post.parallel_aff_agglomerate:did not merge (83887596, 83887732)
INFO:engine.post.parallel_aff_agglomerate:did not merge (83887596, 234881344)
INFO:engine.post.parallel_aff_agglomerate:did not merge (83887585, 83887732)
INFO:engine.post.parallel_aff_agglomerate:did not merge (83887585, 83887737)
INFO:engine.post.parallel_aff_agglomerate:did not merge (83887585, 83887745)
INFO:engine.post.parallel_aff_agglomerate:did not merge (83887585, 234881344)
INFO:engine.post.parallel_aff_agglomerate:did not merge (83887585, 234881349)
INFO:engine.post.parallel_aff_agglomerate:did not merge (83887585, 234881357)
INFO:engine.post.parallel_aff_agglomerate:did not merge (83887642, 234881254)
INFO:engine.post.parallel_aff_agglomerate:did not merge (33555655, 33555691)
INFO:engine.post.parallel_aff_agglomerate:did not merge (33555655, 134218012)
INFO:engine.post.parallel_aff_agglomerate:did not merge (234881314, 234881349)
INFO:engine.post.parallel_aff_agglomerate:did not merge (234881314, 234881357)
INFO:engine.post.parallel_aff_agglomerate:did not merge (134217976, 134218012)
INFO:engine.post.parallel_aff_agglomerate:did not merge (234881199, 234881344)
INFO:engine.post.parallel_aff_agglomerate:did not merge (234881199, 234881349)
INFO:engine.post.parallel_aff_agglomerate:did not merge (234881199, 234881357)
INFO:engine.post.parallel_aff_agglomerate:did not merge (234881210, 234881344)
INFO:engine.post.parallel_aff_agglomerate:did not merge (234881414, 234881500)
INFO:engine.post.parallel_aff_agglomerate:did not merge (134218073, 134218133)
INFO:engine.post.parallel_aff_agglomerate:did not merge (134218073, 134218134)
INFO:engine.post.parallel_aff_agglomerate:did not merge (134218078, 134218133)
INFO:engine.post.parallel_aff_agglomerate:did not merge (134218086, 134218133)
INFO:engine.post.parallel_aff_agglomerate:did not merge (134218086, 134218134)
INFO:engine.post.parallel_aff_agglomerate:did not merge (134218086, 134218144)
INFO:engine.post.parallel_aff_agglomerate:did not merge (234881484, 234881492)
INFO:engine.post.parallel_aff_agglomerate:did not merge (234881484, 234881500)
INFO:engine.post.parallel_aff_agglomerate:did not merge (234881484, 234881600)
INFO:engine.post.parallel_aff_agglomerate:did not merge (234881469, 234881500)
INFO:engine.post.parallel_aff_agglomerate:did not merge (234881706, 234881855)
INFO:engine.post.parallel_aff_agglomerate:did not merge (234881706, 234882243)
INFO:engine.post.parallel_aff_agglomerate:did not merge (234882081, 234882243)
INFO:engine.post.parallel_aff_agglomerate:did not merge (234882063, 234882243)
INFO:engine.post.parallel_aff_agglomerate:did not merge (234882063, 234882256)
INFO:engine.post.parallel_aff_agglomerate:did not merge (234882063, 234882332)
INFO:engine.post.parallel_aff_agglomerate:did not merge (234882257, 234882332)
INFO:engine.post.parallel_aff_agglomerate:did not merge (234882257, 234882353)
INFO:engine.post.parallel_aff_agglomerate:did not merge (234882281, 234882332)
INFO:engine.post.parallel_aff_agglomerate:did not merge (234882281, 234882353)
INFO:engine.post.parallel_aff_agglomerate:did not merge (402653671, 402653710)
INFO:engine.post.parallel_aff_agglomerate:did not merge (234881125, 234882792)
INFO:engine.post.parallel_aff_agglomerate:did not merge (234881125, 234882859)
INFO:engine.post.parallel_aff_agglomerate:did not merge (234881125, 234882866)
INFO:engine.post.parallel_aff_agglomerate:did not merge (234881125, 234882912)
INFO:engine.post.parallel_aff_agglomerate:did not merge (234881125, 234882913)
INFO:engine.post.parallel_aff_agglomerate:did not merge (234881125, 234882943)
INFO:engine.post.parallel_aff_agglomerate:did not merge (234881125, 234882944)
INFO:engine.post.parallel_aff_agglomerate:did not merge (234882779, 234882792)
INFO:engine.post.parallel_aff_agglomerate:did not merge (234882779, 234882835)
INFO:engine.post.parallel_aff_agglomerate:did not merge (234882779, 234882859)
INFO:engine.post.parallel_aff_agglomerate:did not merge (234882827, 234882835)
INFO:engine.post.parallel_aff_agglomerate:did not merge (234882827, 234882859)
INFO:engine.post.parallel_aff_agglomerate:did not merge (234882868, 234882994)
INFO:engine.post.parallel_aff_agglomerate:did not merge (234882868, 234883090)
INFO:engine.post.parallel_aff_agglomerate:did not merge (234882969, 234882994)
INFO:engine.post.parallel_aff_agglomerate:did not merge (234883053, 234883090)
INFO:engine.post.parallel_aff_agglomerate:did not merge (234883061, 234883090)
INFO:engine.post.parallel_aff_agglomerate:did not merge (134219203, 134219223)
INFO:engine.post.parallel_aff_agglomerate:did not merge (134219203, 134219298)
INFO:engine.post.parallel_aff_agglomerate:did not merge (402653933, 402653961)
INFO:engine.post.parallel_aff_agglomerate:did not merge (234883703, 234883712)
INFO:engine.post.parallel_aff_agglomerate:merged 1218 edges
INFO:engine.post.parallel_aff_agglomerate:Agglomerating in block [4096:5592, 2048:4096, 0:2048] (1496, 2048, 2048) with context of [3968:5720, 1920:4224, -128:2176] (1752, 2304, 2304)
INFO:engine.post.parallel_aff_agglomerate:did not merge (234883239, 234883278)
INFO:engine.post.parallel_aff_agglomerate:did not merge (234883239, 234883338)
INFO:engine.post.parallel_aff_agglomerate:did not merge (234883239, 234883352)
INFO:engine.post.parallel_aff_agglomerate:did not merge (234883473, 234883527)
INFO:engine.post.parallel_aff_agglomerate:did not merge (234883473, 234883551)
INFO:engine.post.parallel_aff_agglomerate:did not merge (134219509, 234883151)
INFO:engine.post.parallel_aff_agglomerate:did not merge (134219509, 234883317)
INFO:engine.post.parallel_aff_agglomerate:did not merge (134219509, 234883338)
INFO:engine.post.parallel_aff_agglomerate:did not merge (50332943, 50333042)
INFO:engine.post.parallel_aff_agglomerate:did not merge (50332943, 150995172)
INFO:engine.post.parallel_aff_agglomerate:did not merge (50332964, 50333028)
INFO:engine.post.parallel_aff_agglomerate:did not merge (50332964, 100665350)
INFO:engine.post.parallel_aff_agglomerate:did not merge (50332964, 150995158)
INFO:engine.post.parallel_aff_agglomerate:did not merge (50332997, 50333028)
INFO:engine.post.parallel_aff_agglomerate:did not merge (50332997, 100665364)
INFO:engine.post.parallel_aff_agglomerate:did not merge (50332997, 150995158)
INFO:engine.post.parallel_aff_agglomerate:did not merge (234883623, 234883772)
INFO:engine.post.parallel_aff_agglomerate:did not merge (100665301, 100665321)
INFO:engine.post.parallel_aff_agglomerate:did not merge (100665301, 100665350)
INFO:engine.post.parallel_aff_agglomerate:did not merge (100665301, 100665364)
INFO:engine.post.parallel_aff_agglomerate:did not merge (100665301, 234883527)
INFO:engine.post.parallel_aff_agglomerate:did not merge (100665301, 234883551)
INFO:engine.post.parallel_aff_agglomerate:did not merge (100665301, 251658538)
INFO:engine.post.parallel_aff_agglomerate:did not merge (100665301, 251658567)
INFO:engine.post.parallel_aff_agglomerate:did not merge (50333106, 150995137)
INFO:engine.post.parallel_aff_agglomerate:did not merge (234883632, 234883772)
INFO:engine.post.parallel_aff_agglomerate:did not merge (234883675, 234883772)
INFO:engine.post.parallel_aff_agglomerate:did not merge (150995073, 150995172)
INFO:engine.post.parallel_aff_agglomerate:did not merge (150995094, 150995158)
INFO:engine.post.parallel_aff_agglomerate:did not merge (150995127, 150995158)
INFO:engine.post.parallel_aff_agglomerate:did not merge (150995153, 150995171)
INFO:engine.post.parallel_aff_agglomerate:did not merge (150995228, 150995257)
INFO:engine.post.parallel_aff_agglomerate:did not merge (150995228, 150995306)
INFO:engine.post.parallel_aff_agglomerate:did not merge (150995228, 150995316)
INFO:engine.post.parallel_aff_agglomerate:did not merge (150995228, 150995363)
INFO:engine.post.parallel_aff_agglomerate:did not merge (150995228, 150995369)
INFO:engine.post.parallel_aff_agglomerate:did not merge (150995228, 150995413)
INFO:engine.post.parallel_aff_agglomerate:did not merge (150995371, 150995389)
INFO:engine.post.parallel_aff_agglomerate:did not merge (150995371, 150995398)
INFO:engine.post.parallel_aff_agglomerate:did not merge (150995371, 150995412)
INFO:engine.post.parallel_aff_agglomerate:did not merge (150995371, 150995413)
INFO:engine.post.parallel_aff_agglomerate:did not merge (150995371, 150995429)
INFO:engine.post.parallel_aff_agglomerate:merged 4229 edges
INFO:engine.post.parallel_aff_agglomerate:Agglomerating in block [4096:5592, 4096:5088, 0:2048] (1496, 992, 2048) with context of [3968:5720, 3968:5216, -128:2176] (1752, 1248, 2304)
INFO:engine.post.parallel_aff_agglomerate:did not merge (301990226, 301990239)
INFO:engine.post.parallel_aff_agglomerate:did not merge (301990226, 301990252)
INFO:engine.post.parallel_aff_agglomerate:did not merge (301990226, 301990405)
INFO:engine.post.parallel_aff_agglomerate:did not merge (301990365, 301990405)
INFO:engine.post.parallel_aff_agglomerate:did not merge (301990379, 301990400)
INFO:engine.post.parallel_aff_agglomerate:did not merge (301990379, 301990405)
INFO:engine.post.parallel_aff_agglomerate:merged 215 edges
INFO:engine.post.parallel_aff_agglomerate:Agglomerating in block [4096:5592, 4096:5088, 2048:4096] (1496, 992, 2048) with context of [3968:5720, 3968:5216, 1920:4224] (1752, 1248, 2304)
INFO:engine.post.parallel_aff_agglomerate:did not merge (234883703, 234883712)
INFO:engine.post.parallel_aff_agglomerate:did not merge (469762397, 469762406)
INFO:engine.post.parallel_aff_agglomerate:did not merge (469762756, 469762854)
INFO:engine.post.parallel_aff_agglomerate:did not merge (469762815, 469762854)
INFO:engine.post.parallel_aff_agglomerate:did not merge (469762842, 469762854)
INFO:engine.post.parallel_aff_agglomerate:did not merge (469762843, 469762870)
INFO:engine.post.parallel_aff_agglomerate:did not merge (469762843, 469762871)
INFO:engine.post.parallel_aff_agglomerate:merged 271 edges
