INFO:root:worker 5 started...
INFO:root:epsilon_agglomerate: 0.25
INFO:root:mask_file: None
INFO:root:mask_dataset: None
INFO:root:filter_fragments: 0.0
INFO:root:cfg.INS_SEGMENT.THRESHOLD 0.5
INFO:root:Running block with config daisy_logs/octoCube3Calyx56036267Y32543890Z74648163_fragments/config_5.yaml...
wandb: Currently logged in as: sm2667 (iconnect). Use `wandb login --relogin` to force relogin
INFO:root:Reading affs from /media/samia/DATA/mounts/zstore1/lsd_outputs/OCTO_3CUBES_ZYX/MTLSD/3d/clahed_hemi_mito_unproof/model_checkpoint_300000/octo_cube3_calyx_5603_6267_y3254_3890_z7464_8163.zarr
INFO:root:Opening RAG DB...
INFO:root:RAG DB opened
INFO:engine.post.parallel_aff_agglomerate:Agglomerating in block [0:2048, 0:2048, 2048:4096] (2048, 2048, 2048) with context of [-128:2176, -128:2176, 1920:4224] (2304, 2304, 2304)
INFO:engine.post.parallel_aff_agglomerate:merged 11996 edges
INFO:engine.post.parallel_aff_agglomerate:Agglomerating in block [0:2048, 2048:4096, 4096:5312] (2048, 2048, 1216) with context of [-128:2176, 1920:4224, 3968:5440] (2304, 2304, 1472)
INFO:engine.post.parallel_aff_agglomerate:did not merge (67108905, 67108918)
INFO:engine.post.parallel_aff_agglomerate:did not merge (67108905, 67108922)
INFO:engine.post.parallel_aff_agglomerate:did not merge (67108905, 67108935)
INFO:engine.post.parallel_aff_agglomerate:did not merge (67108905, 67108936)
INFO:engine.post.parallel_aff_agglomerate:did not merge (67108905, 67108946)
INFO:engine.post.parallel_aff_agglomerate:did not merge (67108908, 67108911)
INFO:engine.post.parallel_aff_agglomerate:did not merge (67108908, 67108918)
INFO:engine.post.parallel_aff_agglomerate:did not merge (67108908, 67108921)
INFO:engine.post.parallel_aff_agglomerate:did not merge (67108908, 67108925)
INFO:engine.post.parallel_aff_agglomerate:did not merge (67108908, 67108926)
INFO:engine.post.parallel_aff_agglomerate:did not merge (67108908, 67108931)
INFO:engine.post.parallel_aff_agglomerate:did not merge (67108908, 67108935)
INFO:engine.post.parallel_aff_agglomerate:did not merge (67108908, 67108937)
INFO:engine.post.parallel_aff_agglomerate:did not merge (67108908, 67108946)
INFO:engine.post.parallel_aff_agglomerate:did not merge (67108908, 67108948)
INFO:engine.post.parallel_aff_agglomerate:did not merge (67108908, 67108951)
INFO:engine.post.parallel_aff_agglomerate:did not merge (67108908, 67108956)
INFO:engine.post.parallel_aff_agglomerate:did not merge (67108908, 67108973)
INFO:engine.post.parallel_aff_agglomerate:did not merge (16777607, 16777668)
INFO:engine.post.parallel_aff_agglomerate:did not merge (16777607, 83886530)
INFO:engine.post.parallel_aff_agglomerate:did not merge (67108979, 67108987)
INFO:engine.post.parallel_aff_agglomerate:did not merge (67108979, 67108994)
INFO:engine.post.parallel_aff_agglomerate:did not merge (67108979, 67109010)
INFO:engine.post.parallel_aff_agglomerate:did not merge (67108997, 67109010)
INFO:engine.post.parallel_aff_agglomerate:did not merge (67109005, 67109010)
INFO:engine.post.parallel_aff_agglomerate:did not merge (67109077, 67109107)
INFO:engine.post.parallel_aff_agglomerate:did not merge (16777943, 16777949)
INFO:engine.post.parallel_aff_agglomerate:did not merge (67109124, 67109140)
INFO:engine.post.parallel_aff_agglomerate:merged 3931 edges
INFO:engine.post.parallel_aff_agglomerate:Agglomerating in block [0:2048, 4096:5088, 2048:4096] (2048, 992, 2048) with context of [-128:2176, 3968:5216, 1920:4224] (2304, 1248, 2304)
INFO:engine.post.parallel_aff_agglomerate:did not merge (83886360, 83886382)
INFO:engine.post.parallel_aff_agglomerate:did not merge (83886360, 83886627)
INFO:engine.post.parallel_aff_agglomerate:did not merge (83886635, 83886716)
INFO:engine.post.parallel_aff_agglomerate:did not merge (33554793, 33554814)
INFO:engine.post.parallel_aff_agglomerate:did not merge (184549556, 184549557)
INFO:engine.post.parallel_aff_agglomerate:did not merge (184549556, 184549572)
INFO:engine.post.parallel_aff_agglomerate:did not merge (184549556, 184549574)
INFO:engine.post.parallel_aff_agglomerate:did not merge (184549556, 184549579)
INFO:engine.post.parallel_aff_agglomerate:did not merge (184549556, 184549585)
INFO:engine.post.parallel_aff_agglomerate:did not merge (184549556, 184549588)
INFO:engine.post.parallel_aff_agglomerate:did not merge (184549556, 184549606)
INFO:engine.post.parallel_aff_agglomerate:did not merge (83886719, 83886786)
INFO:engine.post.parallel_aff_agglomerate:did not merge (83886719, 83886819)
INFO:engine.post.parallel_aff_agglomerate:did not merge (83886699, 83886716)
INFO:engine.post.parallel_aff_agglomerate:did not merge (83886699, 83886888)
INFO:engine.post.parallel_aff_agglomerate:did not merge (83886699, 83886906)
INFO:engine.post.parallel_aff_agglomerate:did not merge (83886755, 83886888)
INFO:engine.post.parallel_aff_agglomerate:did not merge (83886797, 184549572)
INFO:engine.post.parallel_aff_agglomerate:did not merge (83886811, 83886819)
INFO:engine.post.parallel_aff_agglomerate:did not merge (83886909, 83886923)
INFO:engine.post.parallel_aff_agglomerate:did not merge (83886909, 83886950)
INFO:engine.post.parallel_aff_agglomerate:did not merge (83886935, 83886968)
INFO:engine.post.parallel_aff_agglomerate:did not merge (83886936, 83886969)
INFO:engine.post.parallel_aff_agglomerate:did not merge (83886910, 83886950)
INFO:engine.post.parallel_aff_agglomerate:did not merge (83886910, 83887000)
INFO:engine.post.parallel_aff_agglomerate:did not merge (83886951, 83886969)
INFO:engine.post.parallel_aff_agglomerate:did not merge (83886951, 83886995)
INFO:engine.post.parallel_aff_agglomerate:did not merge (83886984, 83887000)
INFO:engine.post.parallel_aff_agglomerate:did not merge (83886984, 83887051)
INFO:engine.post.parallel_aff_agglomerate:did not merge (83886984, 83887054)
INFO:engine.post.parallel_aff_agglomerate:did not merge (83886984, 83887080)
INFO:engine.post.parallel_aff_agglomerate:did not merge (83886984, 83887091)
INFO:engine.post.parallel_aff_agglomerate:did not merge (83887162, 83887171)
INFO:engine.post.parallel_aff_agglomerate:did not merge (83887406, 83887448)
INFO:engine.post.parallel_aff_agglomerate:did not merge (83887406, 83887641)
INFO:engine.post.parallel_aff_agglomerate:did not merge (83887406, 184549772)
INFO:engine.post.parallel_aff_agglomerate:did not merge (83887437, 83887497)
INFO:engine.post.parallel_aff_agglomerate:did not merge (184549768, 184549772)
INFO:engine.post.parallel_aff_agglomerate:did not merge (184549768, 184549773)
INFO:engine.post.parallel_aff_agglomerate:did not merge (83887596, 83887732)
INFO:engine.post.parallel_aff_agglomerate:did not merge (83887596, 234881344)
INFO:engine.post.parallel_aff_agglomerate:did not merge (83887585, 83887732)
INFO:engine.post.parallel_aff_agglomerate:did not merge (83887585, 83887737)
INFO:engine.post.parallel_aff_agglomerate:did not merge (83887585, 83887745)
INFO:engine.post.parallel_aff_agglomerate:did not merge (83887585, 234881344)
INFO:engine.post.parallel_aff_agglomerate:did not merge (83887585, 234881349)
INFO:engine.post.parallel_aff_agglomerate:did not merge (83887585, 234881357)
INFO:engine.post.parallel_aff_agglomerate:did not merge (83887642, 234881254)
INFO:engine.post.parallel_aff_agglomerate:did not merge (33555655, 33555691)
INFO:engine.post.parallel_aff_agglomerate:did not merge (33555655, 134218012)
INFO:engine.post.parallel_aff_agglomerate:merged 1174 edges
INFO:engine.post.parallel_aff_agglomerate:Agglomerating in block [2048:4096, 0:2048, 4096:5312] (2048, 2048, 1216) with context of [1920:4224, -128:2176, 3968:5440] (2304, 2304, 1472)
INFO:engine.post.parallel_aff_agglomerate:did not merge (16778603, 16778622)
INFO:engine.post.parallel_aff_agglomerate:did not merge (16778831, 83887196)
INFO:engine.post.parallel_aff_agglomerate:merged 5035 edges
INFO:engine.post.parallel_aff_agglomerate:Agglomerating in block [2048:4096, 2048:4096, 2048:4096] (2048, 2048, 2048) with context of [1920:4224, 1920:4224, 1920:4224] (2304, 2304, 2304)
INFO:engine.post.parallel_aff_agglomerate:did not merge (33555473, 33555482)
INFO:engine.post.parallel_aff_agglomerate:did not merge (33555473, 33555493)
INFO:engine.post.parallel_aff_agglomerate:did not merge (33555473, 33555499)
INFO:engine.post.parallel_aff_agglomerate:did not merge (33555473, 33555774)
INFO:engine.post.parallel_aff_agglomerate:did not merge (33555473, 83887501)
INFO:engine.post.parallel_aff_agglomerate:did not merge (83887933, 184549746)
INFO:engine.post.parallel_aff_agglomerate:did not merge (16778591, 83887278)
INFO:engine.post.parallel_aff_agglomerate:did not merge (33555578, 33555774)
INFO:engine.post.parallel_aff_agglomerate:did not merge (33555566, 33555592)
INFO:engine.post.parallel_aff_agglomerate:did not merge (33555566, 33555600)
INFO:engine.post.parallel_aff_agglomerate:did not merge (33555566, 33555723)
INFO:engine.post.parallel_aff_agglomerate:did not merge (16778563, 16778624)
INFO:engine.post.parallel_aff_agglomerate:did not merge (16778563, 16778625)
INFO:engine.post.parallel_aff_agglomerate:did not merge (16778564, 16778818)
INFO:engine.post.parallel_aff_agglomerate:did not merge (16778831, 67109162)
INFO:engine.post.parallel_aff_agglomerate:did not merge (16778831, 83887196)
INFO:engine.post.parallel_aff_agglomerate:did not merge (67109274, 201326658)
INFO:engine.post.parallel_aff_agglomerate:did not merge (184549821, 184549840)
INFO:engine.post.parallel_aff_agglomerate:did not merge (184549821, 184549913)
INFO:engine.post.parallel_aff_agglomerate:did not merge (184549821, 184549914)
INFO:engine.post.parallel_aff_agglomerate:did not merge (184549821, 402653258)
INFO:engine.post.parallel_aff_agglomerate:did not merge (33555594, 33555604)
INFO:engine.post.parallel_aff_agglomerate:did not merge (33555594, 33555626)
INFO:engine.post.parallel_aff_agglomerate:did not merge (16778605, 16778646)
INFO:engine.post.parallel_aff_agglomerate:did not merge (16778605, 16778818)
INFO:engine.post.parallel_aff_agglomerate:did not merge (33555599, 33555621)
INFO:engine.post.parallel_aff_agglomerate:did not merge (33555599, 33555723)
INFO:engine.post.parallel_aff_agglomerate:did not merge (33555577, 33555774)
INFO:engine.post.parallel_aff_agglomerate:did not merge (33555699, 33555723)
INFO:engine.post.parallel_aff_agglomerate:did not merge (100663475, 100663515)
INFO:engine.post.parallel_aff_agglomerate:did not merge (100663475, 100663546)
INFO:engine.post.parallel_aff_agglomerate:did not merge (100663579, 100663672)
INFO:engine.post.parallel_aff_agglomerate:did not merge (100663579, 100663723)
INFO:engine.post.parallel_aff_agglomerate:did not merge (201326676, 201326685)
INFO:engine.post.parallel_aff_agglomerate:did not merge (100663645, 100663695)
INFO:engine.post.parallel_aff_agglomerate:did not merge (100663561, 100663600)
INFO:engine.post.parallel_aff_agglomerate:did not merge (100663561, 100663607)
INFO:engine.post.parallel_aff_agglomerate:did not merge (100663561, 100663608)
INFO:engine.post.parallel_aff_agglomerate:did not merge (100663561, 100663620)
INFO:engine.post.parallel_aff_agglomerate:did not merge (100663655, 100663680)
INFO:engine.post.parallel_aff_agglomerate:did not merge (100663655, 100663723)
INFO:engine.post.parallel_aff_agglomerate:did not merge (100663655, 100663742)
INFO:engine.post.parallel_aff_agglomerate:did not merge (100663655, 100663743)
INFO:engine.post.parallel_aff_agglomerate:did not merge (100663655, 100663789)
INFO:engine.post.parallel_aff_agglomerate:did not merge (100663655, 100664052)
INFO:engine.post.parallel_aff_agglomerate:did not merge (50332036, 50332045)
INFO:engine.post.parallel_aff_agglomerate:did not merge (50332036, 50332093)
INFO:engine.post.parallel_aff_agglomerate:did not merge (100663806, 100663845)
INFO:engine.post.parallel_aff_agglomerate:did not merge (100663837, 100663845)
INFO:engine.post.parallel_aff_agglomerate:did not merge (100663837, 100663855)
INFO:engine.post.parallel_aff_agglomerate:did not merge (100663880, 100664031)
INFO:engine.post.parallel_aff_agglomerate:did not merge (100663880, 100664058)
INFO:engine.post.parallel_aff_agglomerate:did not merge (100663880, 100664080)
INFO:engine.post.parallel_aff_agglomerate:did not merge (100663880, 100664081)
INFO:engine.post.parallel_aff_agglomerate:did not merge (100663903, 100664081)
INFO:engine.post.parallel_aff_agglomerate:did not merge (100663952, 100663974)
INFO:engine.post.parallel_aff_agglomerate:did not merge (100663952, 100663996)
INFO:engine.post.parallel_aff_agglomerate:did not merge (100663952, 100664019)
INFO:engine.post.parallel_aff_agglomerate:did not merge (100663952, 100664106)
INFO:engine.post.parallel_aff_agglomerate:did not merge (100663961, 100663996)
INFO:engine.post.parallel_aff_agglomerate:did not merge (100663961, 100663998)
INFO:engine.post.parallel_aff_agglomerate:did not merge (100663961, 100664019)
INFO:engine.post.parallel_aff_agglomerate:did not merge (100663961, 100664067)
INFO:engine.post.parallel_aff_agglomerate:did not merge (100663961, 100664100)
INFO:engine.post.parallel_aff_agglomerate:did not merge (100663976, 100664052)
INFO:engine.post.parallel_aff_agglomerate:did not merge (100664000, 100664067)
INFO:engine.post.parallel_aff_agglomerate:did not merge (100664000, 100664100)
INFO:engine.post.parallel_aff_agglomerate:did not merge (100664069, 100664126)
INFO:engine.post.parallel_aff_agglomerate:did not merge (100664001, 100664067)
INFO:engine.post.parallel_aff_agglomerate:did not merge (100663987, 100664052)
INFO:engine.post.parallel_aff_agglomerate:did not merge (100663987, 100664053)
INFO:engine.post.parallel_aff_agglomerate:did not merge (100663987, 100664197)
INFO:engine.post.parallel_aff_agglomerate:did not merge (100664062, 100664106)
INFO:engine.post.parallel_aff_agglomerate:did not merge (100664070, 100664105)
INFO:engine.post.parallel_aff_agglomerate:did not merge (100664156, 100664197)
INFO:engine.post.parallel_aff_agglomerate:did not merge (100664156, 100664287)
INFO:engine.post.parallel_aff_agglomerate:did not merge (100664168, 100664242)
INFO:engine.post.parallel_aff_agglomerate:did not merge (100664168, 100664372)
INFO:engine.post.parallel_aff_agglomerate:did not merge (100664236, 100664289)
INFO:engine.post.parallel_aff_agglomerate:did not merge (100664249, 100664262)
INFO:engine.post.parallel_aff_agglomerate:did not merge (100664249, 100664288)
INFO:engine.post.parallel_aff_agglomerate:did not merge (100664249, 100664289)
INFO:engine.post.parallel_aff_agglomerate:did not merge (100664249, 100664358)
INFO:engine.post.parallel_aff_agglomerate:did not merge (100664249, 100664370)
INFO:engine.post.parallel_aff_agglomerate:did not merge (100664249, 100664374)
INFO:engine.post.parallel_aff_agglomerate:did not merge (100664249, 100664385)
INFO:engine.post.parallel_aff_agglomerate:did not merge (50332437, 50332489)
INFO:engine.post.parallel_aff_agglomerate:did not merge (201326855, 201326877)
INFO:engine.post.parallel_aff_agglomerate:did not merge (201326865, 201326903)
INFO:engine.post.parallel_aff_agglomerate:did not merge (201326936, 201326956)
INFO:engine.post.parallel_aff_agglomerate:did not merge (100664608, 100664644)
INFO:engine.post.parallel_aff_agglomerate:did not merge (100664632, 201326903)
INFO:engine.post.parallel_aff_agglomerate:did not merge (201326965, 201326980)
INFO:engine.post.parallel_aff_agglomerate:did not merge (201326930, 201326956)
INFO:engine.post.parallel_aff_agglomerate:did not merge (201326930, 201326985)
INFO:engine.post.parallel_aff_agglomerate:did not merge (50332604, 50332667)
INFO:engine.post.parallel_aff_agglomerate:did not merge (100664903, 100664943)
INFO:engine.post.parallel_aff_agglomerate:did not merge (100664903, 100664962)
INFO:engine.post.parallel_aff_agglomerate:did not merge (100664903, 100664991)
INFO:engine.post.parallel_aff_agglomerate:did not merge (100664903, 100664998)
INFO:engine.post.parallel_aff_agglomerate:did not merge (100664903, 100665033)
INFO:engine.post.parallel_aff_agglomerate:did not merge (100664903, 100665129)
INFO:engine.post.parallel_aff_agglomerate:did not merge (201327062, 201327104)
INFO:engine.post.parallel_aff_agglomerate:did not merge (100664999, 100665049)
INFO:engine.post.parallel_aff_agglomerate:did not merge (100664999, 100665131)
INFO:engine.post.parallel_aff_agglomerate:did not merge (100664999, 100665141)
INFO:engine.post.parallel_aff_agglomerate:did not merge (100664999, 100665159)
INFO:engine.post.parallel_aff_agglomerate:did not merge (100664999, 100665232)
INFO:engine.post.parallel_aff_agglomerate:did not merge (100664999, 100665261)
INFO:engine.post.parallel_aff_agglomerate:did not merge (201327102, 201327104)
INFO:engine.post.parallel_aff_agglomerate:did not merge (100665124, 100665131)
INFO:engine.post.parallel_aff_agglomerate:did not merge (100665132, 100665141)
INFO:engine.post.parallel_aff_agglomerate:did not merge (100665132, 201327108)
INFO:engine.post.parallel_aff_agglomerate:did not merge (201327105, 201327108)
INFO:engine.post.parallel_aff_agglomerate:did not merge (100665167, 100665232)
INFO:engine.post.parallel_aff_agglomerate:did not merge (100665197, 100665481)
INFO:engine.post.parallel_aff_agglomerate:did not merge (50332964, 50333028)
INFO:engine.post.parallel_aff_agglomerate:did not merge (50332964, 150995158)
INFO:engine.post.parallel_aff_agglomerate:did not merge (50332997, 50333028)
INFO:engine.post.parallel_aff_agglomerate:did not merge (50332997, 100665364)
INFO:engine.post.parallel_aff_agglomerate:did not merge (50332997, 150995158)
INFO:engine.post.parallel_aff_agglomerate:did not merge (100665251, 100665261)
INFO:engine.post.parallel_aff_agglomerate:did not merge (100665251, 100665262)
INFO:engine.post.parallel_aff_agglomerate:did not merge (100665251, 100665351)
INFO:engine.post.parallel_aff_agglomerate:did not merge (100665251, 201327108)
INFO:engine.post.parallel_aff_agglomerate:did not merge (100665251, 251658568)
INFO:engine.post.parallel_aff_agglomerate:did not merge (100665301, 100665364)
INFO:engine.post.parallel_aff_agglomerate:did not merge (201327151, 201327162)
INFO:engine.post.parallel_aff_agglomerate:did not merge (201327151, 419430497)
INFO:engine.post.parallel_aff_agglomerate:merged 21899 edges
INFO:engine.post.parallel_aff_agglomerate:Agglomerating in block [4096:5592, 0:2048, 0:2048] (1496, 2048, 2048) with context of [3968:5720, -128:2176, -128:2176] (1752, 2304, 2304)
INFO:engine.post.parallel_aff_agglomerate:did not merge (100665178, 100665182)
INFO:engine.post.parallel_aff_agglomerate:did not merge (100665178, 100665381)
INFO:engine.post.parallel_aff_agglomerate:did not merge (234883473, 234883527)
INFO:engine.post.parallel_aff_agglomerate:did not merge (234883473, 234883551)
INFO:engine.post.parallel_aff_agglomerate:did not merge (134219493, 134219519)
INFO:engine.post.parallel_aff_agglomerate:did not merge (134219462, 134219519)
INFO:engine.post.parallel_aff_agglomerate:did not merge (100665258, 100665457)
INFO:engine.post.parallel_aff_agglomerate:did not merge (100665301, 100665321)
INFO:engine.post.parallel_aff_agglomerate:did not merge (100665301, 234883527)
INFO:engine.post.parallel_aff_agglomerate:did not merge (100665301, 234883551)
INFO:engine.post.parallel_aff_agglomerate:did not merge (100665301, 251658538)
INFO:engine.post.parallel_aff_agglomerate:did not merge (100665259, 100665457)
INFO:engine.post.parallel_aff_agglomerate:did not merge (100665326, 100665381)
INFO:engine.post.parallel_aff_agglomerate:did not merge (100665372, 100665381)
INFO:engine.post.parallel_aff_agglomerate:merged 3950 edges
INFO:engine.post.parallel_aff_agglomerate:Agglomerating in block [4096:5592, 0:2048, 4096:5312] (1496, 2048, 1216) with context of [3968:5720, -128:2176, 3968:5440] (1752, 2304, 1472)
INFO:engine.post.parallel_aff_agglomerate:did not merge (402654042, 402654043)
INFO:engine.post.parallel_aff_agglomerate:did not merge (234883505, 234883506)
INFO:engine.post.parallel_aff_agglomerate:did not merge (234883519, 234883595)
INFO:engine.post.parallel_aff_agglomerate:did not merge (234883519, 234883619)
INFO:engine.post.parallel_aff_agglomerate:did not merge (234883519, 234883692)
INFO:engine.post.parallel_aff_agglomerate:did not merge (234883642, 234883652)
INFO:engine.post.parallel_aff_agglomerate:did not merge (234883642, 234883658)
INFO:engine.post.parallel_aff_agglomerate:did not merge (234883642, 234883692)
INFO:engine.post.parallel_aff_agglomerate:did not merge (234883642, 234883848)
INFO:engine.post.parallel_aff_agglomerate:did not merge (234883688, 234883692)
INFO:engine.post.parallel_aff_agglomerate:did not merge (234883688, 469762365)
INFO:engine.post.parallel_aff_agglomerate:merged 1718 edges
INFO:engine.post.parallel_aff_agglomerate:Agglomerating in block [4096:5592, 2048:4096, 2048:4096] (1496, 2048, 2048) with context of [3968:5720, 1920:4224, 1920:4224] (1752, 2304, 2304)
INFO:engine.post.parallel_aff_agglomerate:did not merge (402654042, 402654043)
INFO:engine.post.parallel_aff_agglomerate:did not merge (234883505, 234883506)
INFO:engine.post.parallel_aff_agglomerate:did not merge (234883518, 402654047)
INFO:engine.post.parallel_aff_agglomerate:did not merge (234883333, 234883344)
INFO:engine.post.parallel_aff_agglomerate:did not merge (234883239, 234883338)
INFO:engine.post.parallel_aff_agglomerate:did not merge (234883239, 234883352)
INFO:engine.post.parallel_aff_agglomerate:did not merge (234883408, 234883409)
INFO:engine.post.parallel_aff_agglomerate:did not merge (234883408, 234883440)
INFO:engine.post.parallel_aff_agglomerate:did not merge (234883408, 234883448)
INFO:engine.post.parallel_aff_agglomerate:did not merge (234883408, 234883449)
INFO:engine.post.parallel_aff_agglomerate:did not merge (234883408, 234883470)
INFO:engine.post.parallel_aff_agglomerate:did not merge (402654055, 402654056)
INFO:engine.post.parallel_aff_agglomerate:did not merge (402654055, 402654105)
INFO:engine.post.parallel_aff_agglomerate:did not merge (402654055, 402654117)
INFO:engine.post.parallel_aff_agglomerate:did not merge (402654055, 721420366)
INFO:engine.post.parallel_aff_agglomerate:did not merge (134219509, 234883151)
INFO:engine.post.parallel_aff_agglomerate:did not merge (134219509, 234883317)
INFO:engine.post.parallel_aff_agglomerate:did not merge (134219509, 234883338)
INFO:engine.post.parallel_aff_agglomerate:did not merge (134219494, 134219518)
INFO:engine.post.parallel_aff_agglomerate:did not merge (100665197, 100665481)
INFO:engine.post.parallel_aff_agglomerate:did not merge (100665197, 234883289)
INFO:engine.post.parallel_aff_agglomerate:did not merge (234883268, 234883280)
INFO:engine.post.parallel_aff_agglomerate:did not merge (234883268, 234883303)
INFO:engine.post.parallel_aff_agglomerate:did not merge (234883268, 234883342)
INFO:engine.post.parallel_aff_agglomerate:did not merge (234883268, 234883355)
INFO:engine.post.parallel_aff_agglomerate:did not merge (234883268, 234883370)
INFO:engine.post.parallel_aff_agglomerate:did not merge (234883268, 234883399)
INFO:engine.post.parallel_aff_agglomerate:did not merge (234883268, 234883456)
INFO:engine.post.parallel_aff_agglomerate:did not merge (234883268, 402653956)
INFO:engine.post.parallel_aff_agglomerate:did not merge (234883268, 402653993)
INFO:engine.post.parallel_aff_agglomerate:did not merge (234883268, 402654017)
INFO:engine.post.parallel_aff_agglomerate:did not merge (402654073, 402654104)
INFO:engine.post.parallel_aff_agglomerate:did not merge (402654073, 402654120)
INFO:engine.post.parallel_aff_agglomerate:did not merge (234883574, 402654000)
INFO:engine.post.parallel_aff_agglomerate:did not merge (402654094, 402654148)
INFO:engine.post.parallel_aff_agglomerate:did not merge (50332964, 50333028)
INFO:engine.post.parallel_aff_agglomerate:did not merge (50332964, 150995158)
INFO:engine.post.parallel_aff_agglomerate:did not merge (50332997, 50333028)
INFO:engine.post.parallel_aff_agglomerate:did not merge (50332997, 100665364)
INFO:engine.post.parallel_aff_agglomerate:did not merge (50332997, 150995158)
INFO:engine.post.parallel_aff_agglomerate:did not merge (100665251, 100665261)
INFO:engine.post.parallel_aff_agglomerate:did not merge (100665251, 100665262)
INFO:engine.post.parallel_aff_agglomerate:did not merge (100665251, 100665351)
INFO:engine.post.parallel_aff_agglomerate:did not merge (100665251, 201327108)
INFO:engine.post.parallel_aff_agglomerate:did not merge (100665251, 251658568)
INFO:engine.post.parallel_aff_agglomerate:did not merge (100665301, 100665364)
INFO:engine.post.parallel_aff_agglomerate:did not merge (134219505, 134219520)
INFO:engine.post.parallel_aff_agglomerate:did not merge (134219505, 301990091)
INFO:engine.post.parallel_aff_agglomerate:did not merge (201327151, 201327162)
INFO:engine.post.parallel_aff_agglomerate:did not merge (201327151, 419430497)
INFO:engine.post.parallel_aff_agglomerate:did not merge (134219514, 134219520)
INFO:engine.post.parallel_aff_agglomerate:did not merge (301990076, 301990091)
INFO:engine.post.parallel_aff_agglomerate:did not merge (251658468, 251658568)
INFO:engine.post.parallel_aff_agglomerate:did not merge (301990085, 301990091)
INFO:engine.post.parallel_aff_agglomerate:did not merge (150995094, 150995158)
INFO:engine.post.parallel_aff_agglomerate:did not merge (301990112, 301990113)
INFO:engine.post.parallel_aff_agglomerate:did not merge (301990112, 301990119)
INFO:engine.post.parallel_aff_agglomerate:did not merge (150995127, 150995158)
INFO:engine.post.parallel_aff_agglomerate:did not merge (251658593, 419430478)
INFO:engine.post.parallel_aff_agglomerate:did not merge (251658593, 419430481)
INFO:engine.post.parallel_aff_agglomerate:did not merge (251658593, 419430485)
INFO:engine.post.parallel_aff_agglomerate:did not merge (301990142, 301990183)
INFO:engine.post.parallel_aff_agglomerate:did not merge (251658721, 251658739)
INFO:engine.post.parallel_aff_agglomerate:did not merge (419430551, 419430566)
INFO:engine.post.parallel_aff_agglomerate:did not merge (251658695, 251658763)
INFO:engine.post.parallel_aff_agglomerate:did not merge (251658695, 251658911)
INFO:engine.post.parallel_aff_agglomerate:did not merge (251658740, 251658763)
INFO:engine.post.parallel_aff_agglomerate:did not merge (251658765, 251658911)
INFO:engine.post.parallel_aff_agglomerate:did not merge (301990338, 301990360)
INFO:engine.post.parallel_aff_agglomerate:did not merge (251658899, 251658911)
INFO:engine.post.parallel_aff_agglomerate:did not merge (301990319, 301990334)
INFO:engine.post.parallel_aff_agglomerate:did not merge (301990319, 301990366)
INFO:engine.post.parallel_aff_agglomerate:did not merge (301990319, 301990389)
INFO:engine.post.parallel_aff_agglomerate:did not merge (301990319, 301990402)
INFO:engine.post.parallel_aff_agglomerate:did not merge (301990350, 301990351)
INFO:engine.post.parallel_aff_agglomerate:did not merge (301990350, 301990360)
INFO:engine.post.parallel_aff_agglomerate:did not merge (301990350, 301990431)
INFO:engine.post.parallel_aff_agglomerate:merged 6316 edges
