Re-using already compiled waterz version
Preparing segmentation volume...
counting regions and sizes...
creating region graph for 3507 nodes
creating statistics provider
extracting region graph...
Region graph number of edges: 20014
merging until threshold 0
computing initial scores
merging until 0
min edge score 0.00195312
threshold exceeded
merged 0 edges
merging until threshold 1
merging until 1
min edge score 0.00195312
merged 3505 edges
extracting segmentation
Num nodes in merge tree: 7013
max_level: 92
Finished allocating db
Re-using already compiled waterz version
Preparing segmentation volume...
counting regions and sizes...
creating region graph for 3001 nodes
creating statistics provider
extracting region graph...
Region graph number of edges: 17094
merging until threshold 0
computing initial scores
merging until 0
min edge score 0.00195312
threshold exceeded
merged 0 edges
merging until threshold 1
merging until 1
min edge score 0.00195312
merged 2999 edges
extracting segmentation
Num nodes in merge tree: 6001
max_level: 63
Finished allocating db
Re-using already compiled waterz version
Preparing segmentation volume...
counting regions and sizes...
creating region graph for 3634 nodes
creating statistics provider
extracting region graph...
Region graph number of edges: 21487
merging until threshold 0
computing initial scores
merging until 0
min edge score 0.00195312
threshold exceeded
merged 0 edges
merging until threshold 1
merging until 1
min edge score 0.00195312
merged 3632 edges
extracting segmentation
Num nodes in merge tree: 7267
max_level: 64
Finished allocating db
Re-using already compiled waterz version
Preparing segmentation volume...
counting regions and sizes...
creating region graph for 3288 nodes
creating statistics provider
extracting region graph...
Region graph number of edges: 18933
merging until threshold 0
computing initial scores
merging until 0
min edge score 0.00195312
threshold exceeded
merged 0 edges
merging until threshold 1
merging until 1
min edge score 0.00195312
merged 3286 edges
extracting segmentation
Num nodes in merge tree: 6575
max_level: 69
Finished allocating db
Re-using already compiled waterz version
Preparing segmentation volume...
counting regions and sizes...
creating region graph for 4413 nodes
creating statistics provider
extracting region graph...
Region graph number of edges: 25675
merging until threshold 0
computing initial scores
merging until 0
min edge score 0.00195312
threshold exceeded
merged 0 edges
merging until threshold 1
merging until 1
min edge score 0.00195312
merged 4411 edges
extracting segmentation
Num nodes in merge tree: 8825
max_level: 97
Finished allocating db
Re-using already compiled waterz version
Preparing segmentation volume...
counting regions and sizes...
creating region graph for 3636 nodes
creating statistics provider
extracting region graph...
Region graph number of edges: 21447
merging until threshold 0
computing initial scores
merging until 0
min edge score 0.00195312
threshold exceeded
merged 0 edges
merging until threshold 1
merging until 1
min edge score 0.00195312
merged 3634 edges
extracting segmentation
Num nodes in merge tree: 7271
max_level: 101
Finished allocating db
Re-using already compiled waterz version
Preparing segmentation volume...
counting regions and sizes...
creating region graph for 3039 nodes
creating statistics provider
extracting region graph...
Region graph number of edges: 17211
merging until threshold 0
computing initial scores
merging until 0
min edge score 0.00195312
threshold exceeded
merged 0 edges
merging until threshold 1
merging until 1
min edge score 0.00195312
merged 3037 edges
extracting segmentation
Num nodes in merge tree: 6077
max_level: 74
Finished allocating db
Re-using already compiled waterz version
Preparing segmentation volume...
counting regions and sizes...
creating region graph for 2604 nodes
creating statistics provider
extracting region graph...
Region graph number of edges: 14874
merging until threshold 0
computing initial scores
merging until 0
min edge score 0.00195312
threshold exceeded
merged 0 edges
merging until threshold 1
merging until 1
min edge score 0.00195312
merged 2602 edges
extracting segmentation
Num nodes in merge tree: 5207
max_level: 189
Finished allocating db
Re-using already compiled waterz version
Preparing segmentation volume...
counting regions and sizes...
creating region graph for 756 nodes
creating statistics provider
extracting region graph...
Region graph number of edges: 3665
merging until threshold 0
computing initial scores
merging until 0
min edge score 0.00195312
threshold exceeded
merged 0 edges
merging until threshold 1
merging until 1
min edge score 0.00195312
merged 754 edges
extracting segmentation
Num nodes in merge tree: 1511
max_level: 39
Finished allocating db
Re-using already compiled waterz version
Preparing segmentation volume...
counting regions and sizes...
creating region graph for 3747 nodes
creating statistics provider
extracting region graph...
Region graph number of edges: 21880
merging until threshold 0
computing initial scores
merging until 0
min edge score 0.00195312
threshold exceeded
merged 0 edges
merging until threshold 1
merging until 1
min edge score 0.00195312
merged 3745 edges
extracting segmentation
Num nodes in merge tree: 7493
max_level: 70
Finished allocating db
Re-using already compiled waterz version
Preparing segmentation volume...
counting regions and sizes...
creating region graph for 4818 nodes
creating statistics provider
extracting region graph...
Region graph number of edges: 28716
merging until threshold 0
computing initial scores
merging until 0
min edge score 0.00195312
threshold exceeded
merged 0 edges
merging until threshold 1
merging until 1
min edge score 0.00195312
merged 4816 edges
extracting segmentation
Num nodes in merge tree: 9635
max_level: 105
Finished allocating db
Re-using already compiled waterz version
Preparing segmentation volume...
counting regions and sizes...
creating region graph for 1598 nodes
creating statistics provider
extracting region graph...
Region graph number of edges: 8731
merging until threshold 0
computing initial scores
merging until 0
min edge score 0.00195312
threshold exceeded
merged 0 edges
merging until threshold 1
merging until 1
min edge score 0.00195312
merged 1596 edges
extracting segmentation
Num nodes in merge tree: 3195
max_level: 50
Finished allocating db
Re-using already compiled waterz version
Preparing segmentation volume...
counting regions and sizes...
creating region graph for 1111 nodes
creating statistics provider
extracting region graph...
Region graph number of edges: 6104
merging until threshold 0
computing initial scores
merging until 0
min edge score 0.00195312
threshold exceeded
merged 0 edges
merging until threshold 1
merging until 1
min edge score 0.00195312
merged 1109 edges
extracting segmentation
Num nodes in merge tree: 2221
max_level: 47
Finished allocating db
Re-using already compiled waterz version
Preparing segmentation volume...
counting regions and sizes...
creating region graph for 488 nodes
creating statistics provider
extracting region graph...
Region graph number of edges: 2442
merging until threshold 0
computing initial scores
merging until 0
min edge score 0.00195312
threshold exceeded
merged 0 edges
merging until threshold 1
merging until 1
min edge score 0.00195312
merged 486 edges
extracting segmentation
Num nodes in merge tree: 975
max_level: 30
Finished allocating db
Re-using already compiled waterz version
Preparing segmentation volume...
counting regions and sizes...
creating region graph for 418 nodes
creating statistics provider
extracting region graph...
Region graph number of edges: 2049
merging until threshold 0
computing initial scores
merging until 0
min edge score 0.00195312
threshold exceeded
merged 0 edges
merging until threshold 1
merging until 1
min edge score 0.00195312
merged 416 edges
extracting segmentation
Num nodes in merge tree: 835
max_level: 39
Finished allocating db
Re-using already compiled waterz version
Preparing segmentation volume...
counting regions and sizes...
creating region graph for 2946 nodes
creating statistics provider
extracting region graph...
Region graph number of edges: 16504
merging until threshold 0
computing initial scores
merging until 0
min edge score 0.00195312
threshold exceeded
merged 0 edges
merging until threshold 1
merging until 1
min edge score 0.00195312
merged 2944 edges
extracting segmentation
Num nodes in merge tree: 5891
max_level: 80
Finished allocating db
Re-using already compiled waterz version
Preparing segmentation volume...
counting regions and sizes...
creating region graph for 4239 nodes
creating statistics provider
extracting region graph...
Region graph number of edges: 24955
merging until threshold 0
computing initial scores
merging until 0
min edge score 0.00195312
threshold exceeded
merged 0 edges
merging until threshold 1
merging until 1
min edge score 0.00195312
merged 4237 edges
extracting segmentation
Num nodes in merge tree: 8477
max_level: 65
Finished allocating db
Re-using already compiled waterz version
Preparing segmentation volume...
counting regions and sizes...
creating region graph for 3286 nodes
creating statistics provider
extracting region graph...
Region graph number of edges: 18728
merging until threshold 0
computing initial scores
merging until 0
min edge score 0.00195312
threshold exceeded
merged 0 edges
merging until threshold 1
merging until 1
min edge score 0.00195312
merged 3284 edges
extracting segmentation
Num nodes in merge tree: 6571
max_level: 162
Finished allocating db
Re-using already compiled waterz version
Preparing segmentation volume...
counting regions and sizes...
creating region graph for 2806 nodes
creating statistics provider
extracting region graph...
Region graph number of edges: 15806
merging until threshold 0
computing initial scores
merging until 0
min edge score 0.00195312
threshold exceeded
merged 0 edges
merging until threshold 1
merging until 1
min edge score 0.00195312
merged 2804 edges
extracting segmentation
Num nodes in merge tree: 5611
max_level: 64
Finished allocating db
Re-using already compiled waterz version
Preparing segmentation volume...
counting regions and sizes...
creating region graph for 4009 nodes
creating statistics provider
extracting region graph...
Region graph number of edges: 23630
merging until threshold 0
computing initial scores
merging until 0
min edge score 0.00195312
threshold exceeded
merged 0 edges
merging until threshold 1
merging until 1
min edge score 0.00195312
merged 4007 edges
extracting segmentation
Num nodes in merge tree: 8017
max_level: 308
Finished allocating db
Re-using already compiled waterz version
Preparing segmentation volume...
counting regions and sizes...
creating region graph for 676 nodes
creating statistics provider
extracting region graph...
Region graph number of edges: 3304
merging until threshold 0
computing initial scores
merging until 0
min edge score 0.00195312
threshold exceeded
merged 0 edges
merging until threshold 1
merging until 1
min edge score 0.00195312
merged 674 edges
extracting segmentation
Num nodes in merge tree: 1351
max_level: 31
Finished allocating db
Re-using already compiled waterz version
Preparing segmentation volume...
counting regions and sizes...
creating region graph for 3705 nodes
creating statistics provider
extracting region graph...
Region graph number of edges: 21138
merging until threshold 0
computing initial scores
merging until 0
min edge score 0.00195312
threshold exceeded
merged 0 edges
merging until threshold 1
merging until 1
min edge score 0.00195312
merged 3703 edges
extracting segmentation
Num nodes in merge tree: 7409
max_level: 123
Finished allocating db
Re-using already compiled waterz version
Preparing segmentation volume...
counting regions and sizes...
creating region graph for 4597 nodes
creating statistics provider
extracting region graph...
Region graph number of edges: 26548
merging until threshold 0
computing initial scores
merging until 0
min edge score 0.00195312
threshold exceeded
merged 0 edges
merging until threshold 1
merging until 1
min edge score 0.00195312
merged 4595 edges
extracting segmentation
Num nodes in merge tree: 9193
max_level: 89
Finished allocating db
Re-using already compiled waterz version
Preparing segmentation volume...
counting regions and sizes...
creating region graph for 2557 nodes
creating statistics provider
extracting region graph...
Region graph number of edges: 14563
merging until threshold 0
computing initial scores
merging until 0
min edge score 0.00195312
threshold exceeded
merged 0 edges
merging until threshold 1
merging until 1
min edge score 0.00195312
merged 2555 edges
extracting segmentation
Num nodes in merge tree: 5113
max_level: 99
Finished allocating db
Re-using already compiled waterz version
Preparing segmentation volume...
counting regions and sizes...
creating region graph for 3654 nodes
creating statistics provider
extracting region graph...
Region graph number of edges: 20830
merging until threshold 0
computing initial scores
merging until 0
min edge score 0.00195312
threshold exceeded
merged 0 edges
merging until threshold 1
merging until 1
min edge score 0.00195312
merged 3652 edges
extracting segmentation
Num nodes in merge tree: 7307
max_level: 69
Finished allocating db
Re-using already compiled waterz version
Preparing segmentation volume...
counting regions and sizes...
creating region graph for 4200 nodes
creating statistics provider
extracting region graph...
Region graph number of edges: 24718
merging until threshold 0
computing initial scores
merging until 0
min edge score 0.00195312
threshold exceeded
merged 0 edges
merging until threshold 1
merging until 1
min edge score 0.00195312
merged 4198 edges
extracting segmentation
Num nodes in merge tree: 8399
max_level: 175
Finished allocating db
Re-using already compiled waterz version
Preparing segmentation volume...
counting regions and sizes...
creating region graph for 4360 nodes
creating statistics provider
extracting region graph...
Region graph number of edges: 25517
merging until threshold 0
computing initial scores
merging until 0
min edge score 0.00195312
threshold exceeded
merged 0 edges
merging until threshold 1
merging until 1
min edge score 0.00195312
merged 4358 edges
extracting segmentation
Num nodes in merge tree: 8719
max_level: 178
Finished allocating db
Re-using already compiled waterz version
Preparing segmentation volume...
counting regions and sizes...
creating region graph for 1469 nodes
creating statistics provider
extracting region graph...
Region graph number of edges: 7928
merging until threshold 0
computing initial scores
merging until 0
min edge score 0.00195312
threshold exceeded
merged 0 edges
merging until threshold 1
merging until 1
min edge score 0.00195312
merged 1467 edges
extracting segmentation
Num nodes in merge tree: 2937
max_level: 76
Finished allocating db
Re-using already compiled waterz version
Preparing segmentation volume...
counting regions and sizes...
creating region graph for 510 nodes
creating statistics provider
extracting region graph...
Region graph number of edges: 2464
merging until threshold 0
computing initial scores
merging until 0
min edge score 0.00195312
threshold exceeded
merged 0 edges
merging until threshold 1
merging until 1
min edge score 0.00195312
merged 508 edges
extracting segmentation
Num nodes in merge tree: 1019
max_level: 45
Finished allocating db
Re-using already compiled waterz version
Preparing segmentation volume...
counting regions and sizes...
creating region graph for 4490 nodes
creating statistics provider
extracting region graph...
Region graph number of edges: 26675
merging until threshold 0
computing initial scores
merging until 0
min edge score 0.00195312
threshold exceeded
merged 0 edges
merging until threshold 1
merging until 1
min edge score 0.00195312
merged 4488 edges
extracting segmentation
Num nodes in merge tree: 8979
max_level: 97
Finished allocating db
Re-using already compiled waterz version
Preparing segmentation volume...
counting regions and sizes...
creating region graph for 2800 nodes
creating statistics provider
extracting region graph...
Region graph number of edges: 15289
merging until threshold 0
computing initial scores
merging until 0
min edge score 0.00195312
threshold exceeded
merged 0 edges
merging until threshold 1
merging until 1
min edge score 0.00195312
merged 2798 edges
extracting segmentation
Num nodes in merge tree: 5599
max_level: 91
Finished allocating db
Re-using already compiled waterz version
Preparing segmentation volume...
counting regions and sizes...
creating region graph for 1921 nodes
creating statistics provider
extracting region graph...
Region graph number of edges: 10852
merging until threshold 0
computing initial scores
merging until 0
min edge score 0.00195312
threshold exceeded
merged 0 edges
merging until threshold 1
merging until 1
min edge score 0.00195312
merged 1919 edges
extracting segmentation
Num nodes in merge tree: 3841
max_level: 121
Finished allocating db
Re-using already compiled waterz version
Preparing segmentation volume...
counting regions and sizes...
creating region graph for 5999 nodes
creating statistics provider
extracting region graph...
Region graph number of edges: 36238
merging until threshold 0
computing initial scores
merging until 0
min edge score 0.00195312
threshold exceeded
merged 0 edges
merging until threshold 1
merging until 1
min edge score 0.00195312
merged 5997 edges
extracting segmentation
Num nodes in merge tree: 11997
max_level: 94
Finished allocating db
Re-using already compiled waterz version
Preparing segmentation volume...
counting regions and sizes...
creating region graph for 4242 nodes
creating statistics provider
extracting region graph...
Region graph number of edges: 24365
merging until threshold 0
computing initial scores
merging until 0
min edge score 0.00195312
threshold exceeded
merged 0 edges
merging until threshold 1
merging until 1
min edge score 0.00195312
merged 4240 edges
extracting segmentation
Num nodes in merge tree: 8483
max_level: 82
Finished allocating db
Re-using already compiled waterz version
Preparing segmentation volume...
counting regions and sizes...
creating region graph for 1932 nodes
creating statistics provider
extracting region graph...
Region graph number of edges: 10881
merging until threshold 0
computing initial scores
merging until 0
min edge score 0.00195312
threshold exceeded
merged 0 edges
merging until threshold 1
merging until 1
min edge score 0.00195312
merged 1930 edges
extracting segmentation
Num nodes in merge tree: 3863
max_level: 43
Finished allocating db
Re-using already compiled waterz version
Preparing segmentation volume...
counting regions and sizes...
creating region graph for 4248 nodes
creating statistics provider
extracting region graph...
Region graph number of edges: 24511
merging until threshold 0
computing initial scores
merging until 0
min edge score 0.00195312
threshold exceeded
merged 0 edges
merging until threshold 1
merging until 1
min edge score 0.00195312
merged 4246 edges
extracting segmentation
Num nodes in merge tree: 8495
max_level: 159
Finished allocating db
Re-using already compiled waterz version
Preparing segmentation volume...
counting regions and sizes...
creating region graph for 2855 nodes
creating statistics provider
extracting region graph...
Region graph number of edges: 16508
merging until threshold 0
computing initial scores
merging until 0
min edge score 0.00195312
threshold exceeded
merged 0 edges
merging until threshold 1
merging until 1
min edge score 0.00195312
merged 2853 edges
extracting segmentation
Num nodes in merge tree: 5709
max_level: 222
Finished allocating db
Re-using already compiled waterz version
Preparing segmentation volume...
counting regions and sizes...
creating region graph for 1810 nodes
creating statistics provider
extracting region graph...
Region graph number of edges: 10075
merging until threshold 0
computing initial scores
merging until 0
min edge score 0.00195312
threshold exceeded
merged 0 edges
merging until threshold 1
merging until 1
min edge score 0.00195312
merged 1808 edges
extracting segmentation
Num nodes in merge tree: 3619
max_level: 53
Finished allocating db
Re-using already compiled waterz version
Preparing segmentation volume...
counting regions and sizes...
creating region graph for 3792 nodes
creating statistics provider
extracting region graph...
Region graph number of edges: 21822
merging until threshold 0
computing initial scores
merging until 0
min edge score 0.00195312
threshold exceeded
merged 0 edges
merging until threshold 1
merging until 1
min edge score 0.00195312
merged 3790 edges
extracting segmentation
Num nodes in merge tree: 7583
max_level: 71
Finished allocating db
Re-using already compiled waterz version
Preparing segmentation volume...
counting regions and sizes...
creating region graph for 1839 nodes
creating statistics provider
extracting region graph...
Region graph number of edges: 10022
merging until threshold 0
computing initial scores
merging until 0
min edge score 0.00195312
threshold exceeded
merged 0 edges
merging until threshold 1
merging until 1
min edge score 0.00195312
merged 1837 edges
extracting segmentation
Num nodes in merge tree: 3677
max_level: 50
Finished allocating db
Re-using already compiled waterz version
Preparing segmentation volume...
counting regions and sizes...
creating region graph for 3325 nodes
creating statistics provider
extracting region graph...
Region graph number of edges: 19131
merging until threshold 0
computing initial scores
merging until 0
min edge score 0.00195312
threshold exceeded
merged 0 edges
merging until threshold 1
merging until 1
min edge score 0.00195312
merged 3323 edges
extracting segmentation
Num nodes in merge tree: 6649
max_level: 176
Finished allocating db
Re-using already compiled waterz version
Preparing segmentation volume...
counting regions and sizes...
creating region graph for 597 nodes
creating statistics provider
extracting region graph...
Region graph number of edges: 3002
merging until threshold 0
computing initial scores
merging until 0
min edge score 0.00195312
threshold exceeded
merged 0 edges
merging until threshold 1
merging until 1
min edge score 0.00195312
merged 595 edges
extracting segmentation
Num nodes in merge tree: 1193
max_level: 32
Finished allocating db
Re-using already compiled waterz version
Preparing segmentation volume...
counting regions and sizes...
creating region graph for 1111 nodes
creating statistics provider
extracting region graph...
Region graph number of edges: 5750
merging until threshold 0
computing initial scores
merging until 0
min edge score 0.00195312
threshold exceeded
merged 0 edges
merging until threshold 1
merging until 1
min edge score 0.00195312
merged 1109 edges
extracting segmentation
Num nodes in merge tree: 2221
max_level: 77
Finished allocating db
Re-using already compiled waterz version
Preparing segmentation volume...
counting regions and sizes...
creating region graph for 2047 nodes
creating statistics provider
extracting region graph...
Region graph number of edges: 11676
merging until threshold 0
computing initial scores
merging until 0
min edge score 0.00195312
threshold exceeded
merged 0 edges
merging until threshold 1
merging until 1
min edge score 0.00195312
merged 2045 edges
extracting segmentation
Num nodes in merge tree: 4093
max_level: 59
Finished allocating db
Re-using already compiled waterz version
Preparing segmentation volume...
counting regions and sizes...
creating region graph for 811 nodes
creating statistics provider
extracting region graph...
Region graph number of edges: 4375
merging until threshold 0
computing initial scores
merging until 0
min edge score 0.00195312
threshold exceeded
merged 0 edges
merging until threshold 1
merging until 1
min edge score 0.00195312
merged 809 edges
extracting segmentation
Num nodes in merge tree: 1621
max_level: 35
Finished allocating db
Re-using already compiled waterz version
Preparing segmentation volume...
counting regions and sizes...
creating region graph for 297 nodes
creating statistics provider
extracting region graph...
Region graph number of edges: 1407
merging until threshold 0
computing initial scores
merging until 0
min edge score 0.00195312
threshold exceeded
merged 0 edges
merging until threshold 1
merging until 1
min edge score 0.00195312
merged 295 edges
extracting segmentation
Num nodes in merge tree: 593
max_level: 24
Finished allocating db
Re-using already compiled waterz version
Preparing segmentation volume...
counting regions and sizes...
creating region graph for 2143 nodes
creating statistics provider
extracting region graph...
Region graph number of edges: 12200
merging until threshold 0
computing initial scores
merging until 0
min edge score 0.00195312
threshold exceeded
merged 0 edges
merging until threshold 1
merging until 1
min edge score 0.00195312
merged 2141 edges
extracting segmentation
Num nodes in merge tree: 4285
max_level: 87
Finished allocating db
Re-using already compiled waterz version
Preparing segmentation volume...
counting regions and sizes...
creating region graph for 2701 nodes
creating statistics provider
extracting region graph...
Region graph number of edges: 16279
merging until threshold 0
computing initial scores
merging until 0
min edge score 0.00195312
threshold exceeded
merged 0 edges
merging until threshold 1
merging until 1
min edge score 0.00195312
merged 2699 edges
extracting segmentation
Num nodes in merge tree: 5401
max_level: 81
Finished allocating db
Re-using already compiled waterz version
Preparing segmentation volume...
counting regions and sizes...
creating region graph for 791 nodes
creating statistics provider
extracting region graph...
Region graph number of edges: 4114
merging until threshold 0
computing initial scores
merging until 0
min edge score 0.00195312
threshold exceeded
merged 0 edges
merging until threshold 1
merging until 1
min edge score 0.00195312
merged 789 edges
extracting segmentation
Num nodes in merge tree: 1581
max_level: 38
Finished allocating db
Re-using already compiled waterz version
Preparing segmentation volume...
counting regions and sizes...
creating region graph for 2022 nodes
creating statistics provider
extracting region graph...
Region graph number of edges: 11190
merging until threshold 0
computing initial scores
merging until 0
min edge score 0.00195312
threshold exceeded
merged 0 edges
merging until threshold 1
merging until 1
min edge score 0.00195312
merged 2020 edges
extracting segmentation
Num nodes in merge tree: 4043
max_level: 64
Finished allocating db
Re-using already compiled waterz version
Preparing segmentation volume...
counting regions and sizes...
creating region graph for 1617 nodes
creating statistics provider
extracting region graph...
Region graph number of edges: 9406
merging until threshold 0
computing initial scores
merging until 0
min edge score 0.00195312
threshold exceeded
merged 0 edges
merging until threshold 1
merging until 1
min edge score 0.00195312
merged 1615 edges
extracting segmentation
Num nodes in merge tree: 3233
max_level: 113
Finished allocating db
Re-using already compiled waterz version
Preparing segmentation volume...
counting regions and sizes...
creating region graph for 882 nodes
creating statistics provider
extracting region graph...
Region graph number of edges: 4579
merging until threshold 0
computing initial scores
merging until 0
min edge score 0.00195312
threshold exceeded
merged 0 edges
merging until threshold 1
merging until 1
min edge score 0.00195312
merged 880 edges
extracting segmentation
Num nodes in merge tree: 1763
max_level: 40
Finished allocating db
Re-using already compiled waterz version
Preparing segmentation volume...
counting regions and sizes...
creating region graph for 2623 nodes
creating statistics provider
extracting region graph...
Region graph number of edges: 15316
merging until threshold 0
computing initial scores
merging until 0
min edge score 0.00195312
threshold exceeded
merged 0 edges
merging until threshold 1
merging until 1
min edge score 0.00195312
merged 2621 edges
extracting segmentation
Num nodes in merge tree: 5245
max_level: 85
Finished allocating db
Re-using already compiled waterz version
Preparing segmentation volume...
counting regions and sizes...
creating region graph for 924 nodes
creating statistics provider
extracting region graph...
Region graph number of edges: 4882
merging until threshold 0
computing initial scores
merging until 0
min edge score 0.00195312
threshold exceeded
merged 0 edges
merging until threshold 1
merging until 1
min edge score 0.00195312
merged 922 edges
extracting segmentation
Num nodes in merge tree: 1847
max_level: 47
Finished allocating db
Re-using already compiled waterz version
Preparing segmentation volume...
counting regions and sizes...
creating region graph for 1204 nodes
creating statistics provider
extracting region graph...
Region graph number of edges: 6425
merging until threshold 0
computing initial scores
merging until 0
min edge score 0.00195312
threshold exceeded
merged 0 edges
merging until threshold 1
merging until 1
min edge score 0.00195312
merged 1202 edges
extracting segmentation
Num nodes in merge tree: 2407
max_level: 59
Finished allocating db
Re-using already compiled waterz version
Preparing segmentation volume...
counting regions and sizes...
creating region graph for 301 nodes
creating statistics provider
extracting region graph...
Region graph number of edges: 1329
merging until threshold 0
computing initial scores
merging until 0
min edge score 0.00195312
threshold exceeded
merged 0 edges
merging until threshold 1
merging until 1
min edge score 0.00195312
merged 299 edges
extracting segmentation
Num nodes in merge tree: 601
max_level: 26
Finished allocating db
Re-using already compiled waterz version
Preparing segmentation volume...
counting regions and sizes...
creating region graph for 357 nodes
creating statistics provider
extracting region graph...
Region graph number of edges: 1720
merging until threshold 0
computing initial scores
merging until 0
min edge score 0.00195312
threshold exceeded
merged 0 edges
merging until threshold 1
merging until 1
min edge score 0.00195312
merged 355 edges
extracting segmentation
Num nodes in merge tree: 713
max_level: 25
Finished allocating db
