Re-using already compiled waterz version
Preparing segmentation volume...
counting regions and sizes...
creating region graph for 4059 nodes
creating statistics provider
extracting region graph...
Region graph number of edges: 24329
merging until threshold 0
computing initial scores
merging until 0
min edge score 0.00195312
threshold exceeded
merged 0 edges
merging until threshold 1
merging until 1
min edge score 0.00195312
merged 4057 edges
extracting segmentation
Num nodes in merge tree: 8117
max_level: 94
Finished allocating db
Re-using already compiled waterz version
Preparing segmentation volume...
counting regions and sizes...
creating region graph for 3171 nodes
creating statistics provider
extracting region graph...
Region graph number of edges: 18211
merging until threshold 0
computing initial scores
merging until 0
min edge score 0.00195312
threshold exceeded
merged 0 edges
merging until threshold 1
merging until 1
min edge score 0.00195312
merged 3169 edges
extracting segmentation
Num nodes in merge tree: 6341
max_level: 94
Finished allocating db
Re-using already compiled waterz version
Preparing segmentation volume...
counting regions and sizes...
creating region graph for 695 nodes
creating statistics provider
extracting region graph...
Region graph number of edges: 3522
merging until threshold 0
computing initial scores
merging until 0
min edge score 0.00195312
threshold exceeded
merged 0 edges
merging until threshold 1
merging until 1
min edge score 0.00195312
merged 693 edges
extracting segmentation
Num nodes in merge tree: 1389
max_level: 93
Finished allocating db
Re-using already compiled waterz version
Preparing segmentation volume...
counting regions and sizes...
creating region graph for 4825 nodes
creating statistics provider
extracting region graph...
Region graph number of edges: 29405
merging until threshold 0
computing initial scores
merging until 0
min edge score 0.00195312
threshold exceeded
merged 0 edges
merging until threshold 1
merging until 1
min edge score 0.00195312
merged 4823 edges
extracting segmentation
Num nodes in merge tree: 9649
max_level: 156
Finished allocating db
Re-using already compiled waterz version
Preparing segmentation volume...
counting regions and sizes...
creating region graph for 3996 nodes
creating statistics provider
extracting region graph...
Region graph number of edges: 23358
merging until threshold 0
computing initial scores
merging until 0
min edge score 0.00195312
threshold exceeded
merged 0 edges
merging until threshold 1
merging until 1
min edge score 0.00195312
merged 3994 edges
extracting segmentation
Num nodes in merge tree: 7991
max_level: 133
Finished allocating db
Re-using already compiled waterz version
Preparing segmentation volume...
counting regions and sizes...
creating region graph for 5295 nodes
creating statistics provider
extracting region graph...
Region graph number of edges: 32380
merging until threshold 0
computing initial scores
merging until 0
min edge score 0.00195312
threshold exceeded
merged 0 edges
merging until threshold 1
merging until 1
min edge score 0.00195312
merged 5293 edges
extracting segmentation
Num nodes in merge tree: 10589
max_level: 137
Finished allocating db
Re-using already compiled waterz version
Preparing segmentation volume...
counting regions and sizes...
creating region graph for 3787 nodes
creating statistics provider
extracting region graph...
Region graph number of edges: 21834
merging until threshold 0
computing initial scores
merging until 0
min edge score 0.00195312
threshold exceeded
merged 0 edges
merging until threshold 1
merging until 1
min edge score 0.00195312
merged 3785 edges
extracting segmentation
Num nodes in merge tree: 7573
max_level: 143
Finished allocating db
Re-using already compiled waterz version
Preparing segmentation volume...
counting regions and sizes...
creating region graph for 4492 nodes
creating statistics provider
extracting region graph...
Region graph number of edges: 27005
merging until threshold 0
computing initial scores
merging until 0
min edge score 0.00195312
threshold exceeded
merged 0 edges
merging until threshold 1
merging until 1
min edge score 0.00195312
merged 4490 edges
extracting segmentation
Num nodes in merge tree: 8983
max_level: 71
Finished allocating db
Re-using already compiled waterz version
Preparing segmentation volume...
counting regions and sizes...
creating region graph for 2328 nodes
creating statistics provider
extracting region graph...
Region graph number of edges: 13291
merging until threshold 0
computing initial scores
merging until 0
min edge score 0.00195312
threshold exceeded
merged 0 edges
merging until threshold 1
merging until 1
min edge score 0.00195312
merged 2326 edges
extracting segmentation
Num nodes in merge tree: 4655
max_level: 181
Finished allocating db
Re-using already compiled waterz version
Preparing segmentation volume...
counting regions and sizes...
creating region graph for 3974 nodes
creating statistics provider
extracting region graph...
Region graph number of edges: 23637
merging until threshold 0
computing initial scores
merging until 0
min edge score 0.00195312
threshold exceeded
merged 0 edges
merging until threshold 1
merging until 1
min edge score 0.00195312
merged 3972 edges
extracting segmentation
Num nodes in merge tree: 7947
max_level: 94
Finished allocating db
Re-using already compiled waterz version
Preparing segmentation volume...
counting regions and sizes...
creating region graph for 4845 nodes
creating statistics provider
extracting region graph...
Region graph number of edges: 28603
merging until threshold 0
computing initial scores
merging until 0
min edge score 0.00195312
threshold exceeded
merged 0 edges
merging until threshold 1
merging until 1
min edge score 0.00195312
merged 4843 edges
extracting segmentation
Num nodes in merge tree: 9689
max_level: 87
Finished allocating db
Re-using already compiled waterz version
Preparing segmentation volume...
counting regions and sizes...
creating region graph for 1744 nodes
creating statistics provider
extracting region graph...
Region graph number of edges: 10029
merging until threshold 0
computing initial scores
merging until 0
min edge score 0.00195312
threshold exceeded
merged 0 edges
merging until threshold 1
merging until 1
min edge score 0.00195312
merged 1742 edges
extracting segmentation
Num nodes in merge tree: 3487
max_level: 42
Finished allocating db
Re-using already compiled waterz version
Preparing segmentation volume...
counting regions and sizes...
creating region graph for 976 nodes
creating statistics provider
extracting region graph...
Region graph number of edges: 5315
merging until threshold 0
computing initial scores
merging until 0
min edge score 0.00195312
threshold exceeded
merged 0 edges
merging until threshold 1
merging until 1
min edge score 0.00195312
merged 974 edges
extracting segmentation
Num nodes in merge tree: 1951
max_level: 55
Finished allocating db
Re-using already compiled waterz version
Preparing segmentation volume...
counting regions and sizes...
creating region graph for 1177 nodes
creating statistics provider
extracting region graph...
Region graph number of edges: 6366
merging until threshold 0
computing initial scores
merging until 0
min edge score 0.00195312
threshold exceeded
merged 0 edges
merging until threshold 1
merging until 1
min edge score 0.00195312
merged 1175 edges
extracting segmentation
Num nodes in merge tree: 2353
max_level: 55
Finished allocating db
Re-using already compiled waterz version
Preparing segmentation volume...
counting regions and sizes...
creating region graph for 1512 nodes
creating statistics provider
extracting region graph...
Region graph number of edges: 8569
merging until threshold 0
computing initial scores
merging until 0
min edge score 0.00195312
threshold exceeded
merged 0 edges
merging until threshold 1
merging until 1
min edge score 0.00195312
merged 1510 edges
extracting segmentation
Num nodes in merge tree: 3023
max_level: 72
Finished allocating db
Re-using already compiled waterz version
Preparing segmentation volume...
counting regions and sizes...
creating region graph for 884 nodes
creating statistics provider
extracting region graph...
Region graph number of edges: 4830
merging until threshold 0
computing initial scores
merging until 0
min edge score 0.00195312
threshold exceeded
merged 0 edges
merging until threshold 1
merging until 1
min edge score 0.00195312
merged 882 edges
extracting segmentation
Num nodes in merge tree: 1767
max_level: 50
Finished allocating db
Re-using already compiled waterz version
Preparing segmentation volume...
counting regions and sizes...
creating region graph for 3950 nodes
creating statistics provider
extracting region graph...
Region graph number of edges: 22963
merging until threshold 0
computing initial scores
merging until 0
min edge score 0.00195312
threshold exceeded
merged 0 edges
merging until threshold 1
merging until 1
min edge score 0.00195312
merged 3948 edges
extracting segmentation
Num nodes in merge tree: 7899
max_level: 110
Finished allocating db
Re-using already compiled waterz version
Preparing segmentation volume...
counting regions and sizes...
creating region graph for 3844 nodes
creating statistics provider
extracting region graph...
Region graph number of edges: 22044
merging until threshold 0
computing initial scores
merging until 0
min edge score 0.00195312
threshold exceeded
merged 0 edges
merging until threshold 1
merging until 1
min edge score 0.00195312
merged 3842 edges
extracting segmentation
Num nodes in merge tree: 7687
max_level: 78
Finished allocating db
Re-using already compiled waterz version
Preparing segmentation volume...
counting regions and sizes...
creating region graph for 3568 nodes
creating statistics provider
extracting region graph...
Region graph number of edges: 20342
merging until threshold 0
computing initial scores
merging until 0
min edge score 0.00195312
threshold exceeded
merged 0 edges
merging until threshold 1
merging until 1
min edge score 0.00195312
merged 3566 edges
extracting segmentation
Num nodes in merge tree: 7135
max_level: 167
Finished allocating db
Re-using already compiled waterz version
Preparing segmentation volume...
counting regions and sizes...
creating region graph for 4976 nodes
creating statistics provider
extracting region graph...
Region graph number of edges: 29810
merging until threshold 0
computing initial scores
merging until 0
min edge score 0.00195312
threshold exceeded
merged 0 edges
merging until threshold 1
merging until 1
min edge score 0.00195312
merged 4974 edges
extracting segmentation
Num nodes in merge tree: 9951
max_level: 85
Finished allocating db
Re-using already compiled waterz version
Preparing segmentation volume...
counting regions and sizes...
creating region graph for 4594 nodes
creating statistics provider
extracting region graph...
Region graph number of edges: 26570
merging until threshold 0
computing initial scores
merging until 0
min edge score 0.00195312
threshold exceeded
merged 0 edges
merging until threshold 1
merging until 1
min edge score 0.00195312
merged 4592 edges
extracting segmentation
Num nodes in merge tree: 9187
max_level: 170
Finished allocating db
Re-using already compiled waterz version
Preparing segmentation volume...
counting regions and sizes...
creating region graph for 2645 nodes
creating statistics provider
extracting region graph...
Region graph number of edges: 15351
merging until threshold 0
computing initial scores
merging until 0
min edge score 0.00195312
threshold exceeded
merged 0 edges
merging until threshold 1
merging until 1
min edge score 0.00195312
merged 2643 edges
extracting segmentation
Num nodes in merge tree: 5289
max_level: 168
Finished allocating db
Re-using already compiled waterz version
Preparing segmentation volume...
counting regions and sizes...
creating region graph for 4727 nodes
creating statistics provider
extracting region graph...
Region graph number of edges: 27689
merging until threshold 0
computing initial scores
merging until 0
min edge score 0.00195312
threshold exceeded
merged 0 edges
merging until threshold 1
merging until 1
min edge score 0.00195312
merged 4725 edges
extracting segmentation
Num nodes in merge tree: 9453
max_level: 122
Finished allocating db
Re-using already compiled waterz version
Preparing segmentation volume...
counting regions and sizes...
creating region graph for 4102 nodes
creating statistics provider
extracting region graph...
Region graph number of edges: 23536
merging until threshold 0
computing initial scores
merging until 0
min edge score 0.00195312
threshold exceeded
merged 0 edges
merging until threshold 1
merging until 1
min edge score 0.00195312
merged 4100 edges
extracting segmentation
Num nodes in merge tree: 8203
max_level: 93
Finished allocating db
Re-using already compiled waterz version
Preparing segmentation volume...
counting regions and sizes...
creating region graph for 1997 nodes
creating statistics provider
extracting region graph...
Region graph number of edges: 11355
merging until threshold 0
computing initial scores
merging until 0
min edge score 0.00195312
threshold exceeded
merged 0 edges
merging until threshold 1
merging until 1
min edge score 0.00195312
merged 1995 edges
extracting segmentation
Num nodes in merge tree: 3993
max_level: 57
Finished allocating db
Re-using already compiled waterz version
Preparing segmentation volume...
counting regions and sizes...
creating region graph for 4473 nodes
creating statistics provider
extracting region graph...
Region graph number of edges: 26083
merging until threshold 0
computing initial scores
merging until 0
min edge score 0.00195312
threshold exceeded
merged 0 edges
merging until threshold 1
merging until 1
min edge score 0.00195312
merged 4471 edges
extracting segmentation
Num nodes in merge tree: 8945
max_level: 83
Finished allocating db
Re-using already compiled waterz version
Preparing segmentation volume...
counting regions and sizes...
creating region graph for 4217 nodes
creating statistics provider
extracting region graph...
Region graph number of edges: 24435
merging until threshold 0
computing initial scores
merging until 0
min edge score 0.00195312
threshold exceeded
merged 0 edges
merging until threshold 1
merging until 1
min edge score 0.00195312
merged 4215 edges
extracting segmentation
Num nodes in merge tree: 8433
max_level: 78
Finished allocating db
Re-using already compiled waterz version
Preparing segmentation volume...
counting regions and sizes...
creating region graph for 3050 nodes
creating statistics provider
extracting region graph...
Region graph number of edges: 18116
merging until threshold 0
computing initial scores
merging until 0
min edge score 0.00195312
threshold exceeded
merged 0 edges
merging until threshold 1
merging until 1
min edge score 0.00195312
merged 3048 edges
extracting segmentation
Num nodes in merge tree: 6099
max_level: 143
Finished allocating db
Re-using already compiled waterz version
Preparing segmentation volume...
counting regions and sizes...
creating region graph for 1528 nodes
creating statistics provider
extracting region graph...
Region graph number of edges: 8490
merging until threshold 0
computing initial scores
merging until 0
min edge score 0.00195312
threshold exceeded
merged 0 edges
merging until threshold 1
merging until 1
min edge score 0.00195312
merged 1526 edges
extracting segmentation
Num nodes in merge tree: 3055
max_level: 57
Finished allocating db
Re-using already compiled waterz version
Preparing segmentation volume...
counting regions and sizes...
creating region graph for 1211 nodes
creating statistics provider
extracting region graph...
Region graph number of edges: 6441
merging until threshold 0
computing initial scores
merging until 0
min edge score 0.00195312
threshold exceeded
merged 0 edges
merging until threshold 1
merging until 1
min edge score 0.00195312
merged 1209 edges
extracting segmentation
Num nodes in merge tree: 2421
max_level: 46
Finished allocating db
Re-using already compiled waterz version
Preparing segmentation volume...
counting regions and sizes...
creating region graph for 728 nodes
creating statistics provider
extracting region graph...
Region graph number of edges: 3670
merging until threshold 0
computing initial scores
merging until 0
min edge score 0.00195312
threshold exceeded
merged 0 edges
merging until threshold 1
merging until 1
min edge score 0.00195312
merged 726 edges
extracting segmentation
Num nodes in merge tree: 1455
max_level: 38
Finished allocating db
Re-using already compiled waterz version
Preparing segmentation volume...
counting regions and sizes...
creating region graph for 671 nodes
creating statistics provider
extracting region graph...
Region graph number of edges: 3295
merging until threshold 0
computing initial scores
merging until 0
min edge score 0.00195312
threshold exceeded
merged 0 edges
merging until threshold 1
merging until 1
min edge score 0.00195312
merged 669 edges
extracting segmentation
Num nodes in merge tree: 1341
max_level: 56
Finished allocating db
Re-using already compiled waterz version
Preparing segmentation volume...
counting regions and sizes...
creating region graph for 4148 nodes
creating statistics provider
extracting region graph...
Region graph number of edges: 23821
merging until threshold 0
computing initial scores
merging until 0
min edge score 0.00195312
threshold exceeded
merged 0 edges
merging until threshold 1
merging until 1
min edge score 0.00195312
merged 4146 edges
extracting segmentation
Num nodes in merge tree: 8295
max_level: 122
Finished allocating db
Re-using already compiled waterz version
Preparing segmentation volume...
counting regions and sizes...
creating region graph for 2404 nodes
creating statistics provider
extracting region graph...
Region graph number of edges: 13788
merging until threshold 0
computing initial scores
merging until 0
min edge score 0.00195312
threshold exceeded
merged 0 edges
merging until threshold 1
merging until 1
min edge score 0.00195312
merged 2402 edges
extracting segmentation
Num nodes in merge tree: 4807
max_level: 163
Finished allocating db
Re-using already compiled waterz version
Preparing segmentation volume...
counting regions and sizes...
creating region graph for 756 nodes
creating statistics provider
extracting region graph...
Region graph number of edges: 3711
merging until threshold 0
computing initial scores
merging until 0
min edge score 0.00195312
threshold exceeded
merged 0 edges
merging until threshold 1
merging until 1
min edge score 0.00195312
merged 754 edges
extracting segmentation
Num nodes in merge tree: 1511
max_level: 41
Finished allocating db
Re-using already compiled waterz version
Preparing segmentation volume...
counting regions and sizes...
creating region graph for 5384 nodes
creating statistics provider
extracting region graph...
Region graph number of edges: 32050
merging until threshold 0
computing initial scores
merging until 0
min edge score 0.00195312
threshold exceeded
merged 0 edges
merging until threshold 1
merging until 1
min edge score 0.00195312
merged 5382 edges
extracting segmentation
Num nodes in merge tree: 10767
max_level: 123
Finished allocating db
Re-using already compiled waterz version
Preparing segmentation volume...
counting regions and sizes...
creating region graph for 4615 nodes
creating statistics provider
extracting region graph...
Region graph number of edges: 26543
merging until threshold 0
computing initial scores
merging until 0
min edge score 0.00195312
threshold exceeded
merged 0 edges
merging until threshold 1
merging until 1
min edge score 0.00195312
merged 4613 edges
extracting segmentation
Num nodes in merge tree: 9229
max_level: 86
Finished allocating db
Re-using already compiled waterz version
Preparing segmentation volume...
counting regions and sizes...
creating region graph for 1705 nodes
creating statistics provider
extracting region graph...
Region graph number of edges: 9189
merging until threshold 0
computing initial scores
merging until 0
min edge score 0.00195312
threshold exceeded
merged 0 edges
merging until threshold 1
merging until 1
min edge score 0.00195312
merged 1703 edges
extracting segmentation
Num nodes in merge tree: 3409
max_level: 55
Finished allocating db
Re-using already compiled waterz version
Preparing segmentation volume...
counting regions and sizes...
creating region graph for 4065 nodes
creating statistics provider
extracting region graph...
Region graph number of edges: 23292
merging until threshold 0
computing initial scores
merging until 0
min edge score 0.00195312
threshold exceeded
merged 0 edges
merging until threshold 1
merging until 1
min edge score 0.00195312
merged 4063 edges
extracting segmentation
Num nodes in merge tree: 8129
max_level: 74
Finished allocating db
Re-using already compiled waterz version
Preparing segmentation volume...
counting regions and sizes...
creating region graph for 4220 nodes
creating statistics provider
extracting region graph...
Region graph number of edges: 24271
merging until threshold 0
computing initial scores
merging until 0
min edge score 0.00195312
threshold exceeded
merged 0 edges
merging until threshold 1
merging until 1
min edge score 0.00195312
merged 4218 edges
extracting segmentation
Num nodes in merge tree: 8439
max_level: 147
Finished allocating db
Re-using already compiled waterz version
Preparing segmentation volume...
counting regions and sizes...
creating region graph for 2023 nodes
creating statistics provider
extracting region graph...
Region graph number of edges: 11382
merging until threshold 0
computing initial scores
merging until 0
min edge score 0.00195312
threshold exceeded
merged 0 edges
merging until threshold 1
merging until 1
min edge score 0.00195312
merged 2021 edges
extracting segmentation
Num nodes in merge tree: 4045
max_level: 71
Finished allocating db
Re-using already compiled waterz version
Preparing segmentation volume...
counting regions and sizes...
creating region graph for 3524 nodes
creating statistics provider
extracting region graph...
Region graph number of edges: 19965
merging until threshold 0
computing initial scores
merging until 0
min edge score 0.00195312
threshold exceeded
merged 0 edges
merging until threshold 1
merging until 1
min edge score 0.00195312
merged 3522 edges
extracting segmentation
Num nodes in merge tree: 7047
max_level: 59
Finished allocating db
Re-using already compiled waterz version
Preparing segmentation volume...
counting regions and sizes...
creating region graph for 2489 nodes
creating statistics provider
extracting region graph...
Region graph number of edges: 13761
merging until threshold 0
computing initial scores
merging until 0
min edge score 0.00195312
threshold exceeded
merged 0 edges
merging until threshold 1
merging until 1
min edge score 0.00195312
merged 2487 edges
extracting segmentation
Num nodes in merge tree: 4977
max_level: 145
Finished allocating db
Re-using already compiled waterz version
Preparing segmentation volume...
counting regions and sizes...
creating region graph for 1858 nodes
creating statistics provider
extracting region graph...
Region graph number of edges: 10295
merging until threshold 0
computing initial scores
merging until 0
min edge score 0.00195312
threshold exceeded
merged 0 edges
merging until threshold 1
merging until 1
min edge score 0.00195312
merged 1856 edges
extracting segmentation
Num nodes in merge tree: 3715
max_level: 53
Finished allocating db
Re-using already compiled waterz version
Preparing segmentation volume...
counting regions and sizes...
creating region graph for 1119 nodes
creating statistics provider
extracting region graph...
Region graph number of edges: 5963
merging until threshold 0
computing initial scores
merging until 0
min edge score 0.00195312
threshold exceeded
merged 0 edges
merging until threshold 1
merging until 1
min edge score 0.00195312
merged 1117 edges
extracting segmentation
Num nodes in merge tree: 2237
max_level: 51
Finished allocating db
Re-using already compiled waterz version
Preparing segmentation volume...
counting regions and sizes...
creating region graph for 682 nodes
creating statistics provider
extracting region graph...
Region graph number of edges: 3440
merging until threshold 0
computing initial scores
merging until 0
min edge score 0.00195312
threshold exceeded
merged 0 edges
merging until threshold 1
merging until 1
min edge score 0.00195312
merged 680 edges
extracting segmentation
Num nodes in merge tree: 1363
max_level: 36
Finished allocating db
Re-using already compiled waterz version
Preparing segmentation volume...
counting regions and sizes...
creating region graph for 340 nodes
creating statistics provider
extracting region graph...
Region graph number of edges: 1598
merging until threshold 0
computing initial scores
merging until 0
min edge score 0.00195312
threshold exceeded
merged 0 edges
merging until threshold 1
merging until 1
min edge score 0.00195312
merged 338 edges
extracting segmentation
Num nodes in merge tree: 679
max_level: 33
Finished allocating db
Re-using already compiled waterz version
Preparing segmentation volume...
counting regions and sizes...
creating region graph for 2042 nodes
creating statistics provider
extracting region graph...
Region graph number of edges: 11440
merging until threshold 0
computing initial scores
merging until 0
min edge score 0.00195312
threshold exceeded
merged 0 edges
merging until threshold 1
merging until 1
min edge score 0.00195312
merged 2040 edges
extracting segmentation
Num nodes in merge tree: 4083
max_level: 101
Finished allocating db
Re-using already compiled waterz version
Preparing segmentation volume...
counting regions and sizes...
creating region graph for 813 nodes
creating statistics provider
extracting region graph...
Region graph number of edges: 4131
merging until threshold 0
computing initial scores
merging until 0
min edge score 0.00195312
threshold exceeded
merged 0 edges
merging until threshold 1
merging until 1
min edge score 0.00195312
merged 811 edges
extracting segmentation
Num nodes in merge tree: 1625
max_level: 53
Finished allocating db
Re-using already compiled waterz version
Preparing segmentation volume...
counting regions and sizes...
creating region graph for 1641 nodes
creating statistics provider
extracting region graph...
Region graph number of edges: 9458
merging until threshold 0
computing initial scores
merging until 0
min edge score 0.00195312
threshold exceeded
merged 0 edges
merging until threshold 1
merging until 1
min edge score 0.00195312
merged 1639 edges
extracting segmentation
Num nodes in merge tree: 3281
max_level: 91
Finished allocating db
Re-using already compiled waterz version
Preparing segmentation volume...
counting regions and sizes...
creating region graph for 2354 nodes
creating statistics provider
extracting region graph...
Region graph number of edges: 13668
merging until threshold 0
computing initial scores
merging until 0
min edge score 0.00195312
threshold exceeded
merged 0 edges
merging until threshold 1
merging until 1
min edge score 0.00195312
merged 2352 edges
extracting segmentation
Num nodes in merge tree: 4707
max_level: 109
Finished allocating db
Re-using already compiled waterz version
Preparing segmentation volume...
counting regions and sizes...
creating region graph for 993 nodes
creating statistics provider
extracting region graph...
Region graph number of edges: 5406
merging until threshold 0
computing initial scores
merging until 0
min edge score 0.00195312
threshold exceeded
merged 0 edges
merging until threshold 1
merging until 1
min edge score 0.00195312
merged 991 edges
extracting segmentation
Num nodes in merge tree: 1985
max_level: 39
Finished allocating db
Re-using already compiled waterz version
Preparing segmentation volume...
counting regions and sizes...
creating region graph for 487 nodes
creating statistics provider
extracting region graph...
Region graph number of edges: 2389
merging until threshold 0
computing initial scores
merging until 0
min edge score 0.00195312
threshold exceeded
merged 0 edges
merging until threshold 1
merging until 1
min edge score 0.00195312
merged 485 edges
extracting segmentation
Num nodes in merge tree: 973
max_level: 38
Finished allocating db
Re-using already compiled waterz version
Preparing segmentation volume...
counting regions and sizes...
creating region graph for 2581 nodes
creating statistics provider
extracting region graph...
Region graph number of edges: 14643
merging until threshold 0
computing initial scores
merging until 0
min edge score 0.00195312
threshold exceeded
merged 0 edges
merging until threshold 1
merging until 1
min edge score 0.00195312
merged 2579 edges
extracting segmentation
Num nodes in merge tree: 5161
max_level: 88
Finished allocating db
Re-using already compiled waterz version
Preparing segmentation volume...
counting regions and sizes...
creating region graph for 1793 nodes
creating statistics provider
extracting region graph...
Region graph number of edges: 9832
merging until threshold 0
computing initial scores
merging until 0
min edge score 0.00195312
threshold exceeded
merged 0 edges
merging until threshold 1
merging until 1
min edge score 0.00195312
merged 1791 edges
extracting segmentation
Num nodes in merge tree: 3585
max_level: 81
Finished allocating db
Re-using already compiled waterz version
Preparing segmentation volume...
counting regions and sizes...
creating region graph for 900 nodes
creating statistics provider
extracting region graph...
Region graph number of edges: 4588
merging until threshold 0
computing initial scores
merging until 0
min edge score 0.00195312
threshold exceeded
merged 0 edges
merging until threshold 1
merging until 1
min edge score 0.00195312
merged 898 edges
extracting segmentation
Num nodes in merge tree: 1799
max_level: 41
Finished allocating db
Re-using already compiled waterz version
Preparing segmentation volume...
counting regions and sizes...
creating region graph for 1723 nodes
creating statistics provider
extracting region graph...
Region graph number of edges: 9250
merging until threshold 0
computing initial scores
merging until 0
min edge score 0.00195312
threshold exceeded
merged 0 edges
merging until threshold 1
merging until 1
min edge score 0.00195312
merged 1721 edges
extracting segmentation
Num nodes in merge tree: 3445
max_level: 50
Finished allocating db
Re-using already compiled waterz version
Preparing segmentation volume...
counting regions and sizes...
creating region graph for 1628 nodes
creating statistics provider
extracting region graph...
Region graph number of edges: 9201
merging until threshold 0
computing initial scores
merging until 0
min edge score 0.00195312
threshold exceeded
merged 0 edges
merging until threshold 1
merging until 1
min edge score 0.00195312
merged 1626 edges
extracting segmentation
Num nodes in merge tree: 3255
max_level: 92
Finished allocating db
Re-using already compiled waterz version
Preparing segmentation volume...
counting regions and sizes...
creating region graph for 831 nodes
creating statistics provider
extracting region graph...
Region graph number of edges: 4301
merging until threshold 0
computing initial scores
merging until 0
min edge score 0.00195312
threshold exceeded
merged 0 edges
merging until threshold 1
merging until 1
min edge score 0.00195312
merged 829 edges
extracting segmentation
Num nodes in merge tree: 1661
max_level: 42
Finished allocating db
Re-using already compiled waterz version
Preparing segmentation volume...
counting regions and sizes...
creating region graph for 620 nodes
creating statistics provider
extracting region graph...
Region graph number of edges: 3383
merging until threshold 0
computing initial scores
merging until 0
min edge score 0.00195312
threshold exceeded
merged 0 edges
merging until threshold 1
merging until 1
min edge score 0.00195312
merged 618 edges
extracting segmentation
Num nodes in merge tree: 1239
max_level: 44
Finished allocating db
Re-using already compiled waterz version
Preparing segmentation volume...
counting regions and sizes...
creating region graph for 385 nodes
creating statistics provider
extracting region graph...
Region graph number of edges: 1941
merging until threshold 0
computing initial scores
merging until 0
min edge score 0.00195312
threshold exceeded
merged 0 edges
merging until threshold 1
merging until 1
min edge score 0.00195312
merged 383 edges
extracting segmentation
Num nodes in merge tree: 769
max_level: 24
Finished allocating db
Re-using already compiled waterz version
Preparing segmentation volume...
counting regions and sizes...
creating region graph for 89 nodes
creating statistics provider
extracting region graph...
Region graph number of edges: 360
merging until threshold 0
computing initial scores
merging until 0
min edge score 0.00195312
threshold exceeded
merged 0 edges
merging until threshold 1
merging until 1
min edge score 0.00195312
merged 87 edges
extracting segmentation
Num nodes in merge tree: 177
max_level: 16
Finished allocating db
