Re-using already compiled waterz version
Preparing segmentation volume...
counting regions and sizes...
creating region graph for 3220 nodes
creating statistics provider
extracting region graph...
Region graph number of edges: 18427
merging until threshold 0
computing initial scores
merging until 0
min edge score 0.00195312
threshold exceeded
merged 0 edges
merging until threshold 1
merging until 1
min edge score 0.00195312
merged 3218 edges
extracting segmentation
Num nodes in merge tree: 6439
max_level: 88
Finished allocating db
Re-using already compiled waterz version
Preparing segmentation volume...
counting regions and sizes...
creating region graph for 3175 nodes
creating statistics provider
extracting region graph...
Region graph number of edges: 18260
merging until threshold 0
computing initial scores
merging until 0
min edge score 0.00195312
threshold exceeded
merged 0 edges
merging until threshold 1
merging until 1
min edge score 0.00195312
merged 3173 edges
extracting segmentation
Num nodes in merge tree: 6349
max_level: 89
Finished allocating db
Re-using already compiled waterz version
Preparing segmentation volume...
counting regions and sizes...
creating region graph for 3581 nodes
creating statistics provider
extracting region graph...
Region graph number of edges: 21410
merging until threshold 0
computing initial scores
merging until 0
min edge score 0.00195312
threshold exceeded
merged 0 edges
merging until threshold 1
merging until 1
min edge score 0.00195312
merged 3579 edges
extracting segmentation
Num nodes in merge tree: 7161
max_level: 115
Finished allocating db
Re-using already compiled waterz version
Preparing segmentation volume...
counting regions and sizes...
creating region graph for 2446 nodes
creating statistics provider
extracting region graph...
Region graph number of edges: 13955
merging until threshold 0
computing initial scores
merging until 0
min edge score 0.00195312
threshold exceeded
merged 0 edges
merging until threshold 1
merging until 1
min edge score 0.00195312
merged 2444 edges
extracting segmentation
Num nodes in merge tree: 4891
max_level: 66
Finished allocating db
Re-using already compiled waterz version
Preparing segmentation volume...
counting regions and sizes...
creating region graph for 4750 nodes
creating statistics provider
extracting region graph...
Region graph number of edges: 28726
merging until threshold 0
computing initial scores
merging until 0
min edge score 0.00195312
threshold exceeded
merged 0 edges
merging until threshold 1
merging until 1
min edge score 0.00195312
merged 4748 edges
extracting segmentation
Num nodes in merge tree: 9499
max_level: 128
Finished allocating db
Re-using already compiled waterz version
Preparing segmentation volume...
counting regions and sizes...
creating region graph for 528 nodes
creating statistics provider
extracting region graph...
Region graph number of edges: 2422
merging until threshold 0
computing initial scores
merging until 0
min edge score 0.00195312
threshold exceeded
merged 0 edges
merging until threshold 1
merging until 1
min edge score 0.00195312
merged 526 edges
extracting segmentation
Num nodes in merge tree: 1055
max_level: 55
Finished allocating db
Re-using already compiled waterz version
Preparing segmentation volume...
counting regions and sizes...
creating region graph for 3083 nodes
creating statistics provider
extracting region graph...
Region graph number of edges: 17740
merging until threshold 0
computing initial scores
merging until 0
min edge score 0.00195312
threshold exceeded
merged 0 edges
merging until threshold 1
merging until 1
min edge score 0.00195312
merged 3081 edges
extracting segmentation
Num nodes in merge tree: 6165
max_level: 77
Finished allocating db
Re-using already compiled waterz version
Preparing segmentation volume...
counting regions and sizes...
creating region graph for 3990 nodes
creating statistics provider
extracting region graph...
Region graph number of edges: 23222
merging until threshold 0
computing initial scores
merging until 0
min edge score 0.00195312
threshold exceeded
merged 0 edges
merging until threshold 1
merging until 1
min edge score 0.00195312
merged 3988 edges
extracting segmentation
Num nodes in merge tree: 7979
max_level: 141
Finished allocating db
Re-using already compiled waterz version
Preparing segmentation volume...
counting regions and sizes...
creating region graph for 2816 nodes
creating statistics provider
extracting region graph...
Region graph number of edges: 16077
merging until threshold 0
computing initial scores
merging until 0
min edge score 0.00195312
threshold exceeded
merged 0 edges
merging until threshold 1
merging until 1
min edge score 0.00195312
merged 2814 edges
extracting segmentation
Num nodes in merge tree: 5631
max_level: 195
Finished allocating db
Re-using already compiled waterz version
Preparing segmentation volume...
counting regions and sizes...
creating region graph for 3595 nodes
creating statistics provider
extracting region graph...
Region graph number of edges: 20909
merging until threshold 0
computing initial scores
merging until 0
min edge score 0.00195312
threshold exceeded
merged 0 edges
merging until threshold 1
merging until 1
min edge score 0.00195312
merged 3593 edges
extracting segmentation
Num nodes in merge tree: 7189
max_level: 71
Finished allocating db
Re-using already compiled waterz version
Preparing segmentation volume...
counting regions and sizes...
creating region graph for 4441 nodes
creating statistics provider
extracting region graph...
Region graph number of edges: 26817
merging until threshold 0
computing initial scores
merging until 0
min edge score 0.00195312
threshold exceeded
merged 0 edges
merging until threshold 1
merging until 1
min edge score 0.00195312
merged 4439 edges
extracting segmentation
Num nodes in merge tree: 8881
max_level: 128
Finished allocating db
Re-using already compiled waterz version
Preparing segmentation volume...
counting regions and sizes...
creating region graph for 2497 nodes
creating statistics provider
extracting region graph...
Region graph number of edges: 14312
merging until threshold 0
computing initial scores
merging until 0
min edge score 0.00195312
threshold exceeded
merged 0 edges
merging until threshold 1
merging until 1
min edge score 0.00195312
merged 2495 edges
extracting segmentation
Num nodes in merge tree: 4993
max_level: 172
Finished allocating db
Re-using already compiled waterz version
Preparing segmentation volume...
counting regions and sizes...
creating region graph for 1175 nodes
creating statistics provider
extracting region graph...
Region graph number of edges: 6226
merging until threshold 0
computing initial scores
merging until 0
min edge score 0.00195312
threshold exceeded
merged 0 edges
merging until threshold 1
merging until 1
min edge score 0.00195312
merged 1173 edges
extracting segmentation
Num nodes in merge tree: 2349
max_level: 45
Finished allocating db
Re-using already compiled waterz version
Preparing segmentation volume...
counting regions and sizes...
creating region graph for 742 nodes
creating statistics provider
extracting region graph...
Region graph number of edges: 3777
merging until threshold 0
computing initial scores
merging until 0
min edge score 0.00195312
threshold exceeded
merged 0 edges
merging until threshold 1
merging until 1
min edge score 0.00195312
merged 740 edges
extracting segmentation
Num nodes in merge tree: 1483
max_level: 33
Finished allocating db
Re-using already compiled waterz version
Preparing segmentation volume...
counting regions and sizes...
creating region graph for 5099 nodes
creating statistics provider
extracting region graph...
Region graph number of edges: 29929
merging until threshold 0
computing initial scores
merging until 0
min edge score 0.00195312
threshold exceeded
merged 0 edges
merging until threshold 1
merging until 1
min edge score 0.00195312
merged 5097 edges
extracting segmentation
Num nodes in merge tree: 10197
max_level: 100
Finished allocating db
Re-using already compiled waterz version
Preparing segmentation volume...
counting regions and sizes...
creating region graph for 2917 nodes
creating statistics provider
extracting region graph...
Region graph number of edges: 16443
merging until threshold 0
computing initial scores
merging until 0
min edge score 0.00195312
threshold exceeded
merged 0 edges
merging until threshold 1
merging until 1
min edge score 0.00195312
merged 2915 edges
extracting segmentation
Num nodes in merge tree: 5833
max_level: 70
Finished allocating db
Re-using already compiled waterz version
Preparing segmentation volume...
counting regions and sizes...
creating region graph for 3831 nodes
creating statistics provider
extracting region graph...
Region graph number of edges: 22293
merging until threshold 0
computing initial scores
merging until 0
min edge score 0.00195312
threshold exceeded
merged 0 edges
merging until threshold 1
merging until 1
min edge score 0.00195312
merged 3829 edges
extracting segmentation
Num nodes in merge tree: 7661
max_level: 109
Finished allocating db
Re-using already compiled waterz version
Preparing segmentation volume...
counting regions and sizes...
creating region graph for 3468 nodes
creating statistics provider
extracting region graph...
Region graph number of edges: 19450
merging until threshold 0
computing initial scores
merging until 0
min edge score 0.00195312
threshold exceeded
merged 0 edges
merging until threshold 1
merging until 1
min edge score 0.00195312
merged 3466 edges
extracting segmentation
Num nodes in merge tree: 6935
max_level: 89
Finished allocating db
Re-using already compiled waterz version
Preparing segmentation volume...
counting regions and sizes...
creating region graph for 4113 nodes
creating statistics provider
extracting region graph...
Region graph number of edges: 24195
merging until threshold 0
computing initial scores
merging until 0
min edge score 0.00195312
threshold exceeded
merged 0 edges
merging until threshold 1
merging until 1
min edge score 0.00195312
merged 4111 edges
extracting segmentation
Num nodes in merge tree: 8225
max_level: 141
Finished allocating db
Re-using already compiled waterz version
Preparing segmentation volume...
counting regions and sizes...
creating region graph for 2758 nodes
creating statistics provider
extracting region graph...
Region graph number of edges: 15216
merging until threshold 0
computing initial scores
merging until 0
min edge score 0.00195312
threshold exceeded
merged 0 edges
merging until threshold 1
merging until 1
min edge score 0.00195312
merged 2756 edges
extracting segmentation
Num nodes in merge tree: 5515
max_level: 185
Finished allocating db
Re-using already compiled waterz version
Preparing segmentation volume...
counting regions and sizes...
creating region graph for 3638 nodes
creating statistics provider
extracting region graph...
Region graph number of edges: 21068
merging until threshold 0
computing initial scores
merging until 0
min edge score 0.00195312
threshold exceeded
merged 0 edges
merging until threshold 1
merging until 1
min edge score 0.00195312
merged 3636 edges
extracting segmentation
Num nodes in merge tree: 7275
max_level: 93
Finished allocating db
Re-using already compiled waterz version
Preparing segmentation volume...
counting regions and sizes...
creating region graph for 2321 nodes
creating statistics provider
extracting region graph...
Region graph number of edges: 13179
merging until threshold 0
computing initial scores
merging until 0
min edge score 0.00195312
threshold exceeded
merged 0 edges
merging until threshold 1
merging until 1
min edge score 0.00195312
merged 2319 edges
extracting segmentation
Num nodes in merge tree: 4641
max_level: 81
Finished allocating db
Re-using already compiled waterz version
Preparing segmentation volume...
counting regions and sizes...
creating region graph for 1066 nodes
creating statistics provider
extracting region graph...
Region graph number of edges: 5500
merging until threshold 0
computing initial scores
merging until 0
min edge score 0.00195312
threshold exceeded
merged 0 edges
merging until threshold 1
merging until 1
min edge score 0.00195312
merged 1064 edges
extracting segmentation
Num nodes in merge tree: 2131
max_level: 51
Finished allocating db
Re-using already compiled waterz version
Preparing segmentation volume...
counting regions and sizes...
creating region graph for 4368 nodes
creating statistics provider
extracting region graph...
Region graph number of edges: 25171
merging until threshold 0
computing initial scores
merging until 0
min edge score 0.00195312
threshold exceeded
merged 0 edges
merging until threshold 1
merging until 1
min edge score 0.00195312
merged 4366 edges
extracting segmentation
Num nodes in merge tree: 8735
max_level: 101
Finished allocating db
Re-using already compiled waterz version
Preparing segmentation volume...
counting regions and sizes...
creating region graph for 4425 nodes
creating statistics provider
extracting region graph...
Region graph number of edges: 25303
merging until threshold 0
computing initial scores
merging until 0
min edge score 0.00195312
threshold exceeded
merged 0 edges
merging until threshold 1
merging until 1
min edge score 0.00195312
merged 4423 edges
extracting segmentation
Num nodes in merge tree: 8849
max_level: 103
Finished allocating db
Re-using already compiled waterz version
Preparing segmentation volume...
counting regions and sizes...
creating region graph for 2195 nodes
creating statistics provider
extracting region graph...
Region graph number of edges: 12245
merging until threshold 0
computing initial scores
merging until 0
min edge score 0.00195312
threshold exceeded
merged 0 edges
merging until threshold 1
merging until 1
min edge score 0.00195312
merged 2193 edges
extracting segmentation
Num nodes in merge tree: 4389
max_level: 47
Finished allocating db
Re-using already compiled waterz version
Preparing segmentation volume...
counting regions and sizes...
creating region graph for 887 nodes
creating statistics provider
extracting region graph...
Region graph number of edges: 4392
merging until threshold 0
computing initial scores
merging until 0
min edge score 0.00195312
threshold exceeded
merged 0 edges
merging until threshold 1
merging until 1
min edge score 0.00195312
merged 885 edges
extracting segmentation
Num nodes in merge tree: 1773
max_level: 41
Finished allocating db
Re-using already compiled waterz version
Preparing segmentation volume...
counting regions and sizes...
creating region graph for 1540 nodes
creating statistics provider
extracting region graph...
Region graph number of edges: 8455
merging until threshold 0
computing initial scores
merging until 0
min edge score 0.00195312
threshold exceeded
merged 0 edges
merging until threshold 1
merging until 1
min edge score 0.00195312
merged 1538 edges
extracting segmentation
Num nodes in merge tree: 3079
max_level: 49
Finished allocating db
Re-using already compiled waterz version
Preparing segmentation volume...
counting regions and sizes...
creating region graph for 1090 nodes
creating statistics provider
extracting region graph...
Region graph number of edges: 5731
merging until threshold 0
computing initial scores
merging until 0
min edge score 0.00195312
threshold exceeded
merged 0 edges
merging until threshold 1
merging until 1
min edge score 0.00195312
merged 1088 edges
extracting segmentation
Num nodes in merge tree: 2179
max_level: 58
Finished allocating db
Re-using already compiled waterz version
Preparing segmentation volume...
counting regions and sizes...
creating region graph for 5711 nodes
creating statistics provider
extracting region graph...
Region graph number of edges: 34418
merging until threshold 0
computing initial scores
merging until 0
min edge score 0.00195312
threshold exceeded
merged 0 edges
merging until threshold 1
merging until 1
min edge score 0.00195312
merged 5709 edges
extracting segmentation
Num nodes in merge tree: 11421
max_level: 137
Finished allocating db
Re-using already compiled waterz version
Preparing segmentation volume...
counting regions and sizes...
creating region graph for 4852 nodes
creating statistics provider
extracting region graph...
Region graph number of edges: 29395
merging until threshold 0
computing initial scores
merging until 0
min edge score 0.00195312
threshold exceeded
merged 0 edges
merging until threshold 1
merging until 1
min edge score 0.00195312
merged 4850 edges
extracting segmentation
Num nodes in merge tree: 9703
max_level: 158
Finished allocating db
Re-using already compiled waterz version
Preparing segmentation volume...
counting regions and sizes...
creating region graph for 3347 nodes
creating statistics provider
extracting region graph...
Region graph number of edges: 19425
merging until threshold 0
computing initial scores
merging until 0
min edge score 0.00195312
threshold exceeded
merged 0 edges
merging until threshold 1
merging until 1
min edge score 0.00195312
merged 3345 edges
extracting segmentation
Num nodes in merge tree: 6693
max_level: 193
Finished allocating db
Re-using already compiled waterz version
Preparing segmentation volume...
counting regions and sizes...
creating region graph for 4106 nodes
creating statistics provider
extracting region graph...
Region graph number of edges: 23515
merging until threshold 0
computing initial scores
merging until 0
min edge score 0.00195312
threshold exceeded
merged 0 edges
merging until threshold 1
merging until 1
min edge score 0.00195312
merged 4104 edges
extracting segmentation
Num nodes in merge tree: 8211
max_level: 180
Finished allocating db
Re-using already compiled waterz version
Preparing segmentation volume...
counting regions and sizes...
creating region graph for 1781 nodes
creating statistics provider
extracting region graph...
Region graph number of edges: 9477
merging until threshold 0
computing initial scores
merging until 0
min edge score 0.00195312
threshold exceeded
merged 0 edges
merging until threshold 1
merging until 1
min edge score 0.00195312
merged 1779 edges
extracting segmentation
Num nodes in merge tree: 3561
max_level: 69
Finished allocating db
Re-using already compiled waterz version
Preparing segmentation volume...
counting regions and sizes...
creating region graph for 922 nodes
creating statistics provider
extracting region graph...
Region graph number of edges: 4569
merging until threshold 0
computing initial scores
merging until 0
min edge score 0.00195312
threshold exceeded
merged 0 edges
merging until threshold 1
merging until 1
min edge score 0.00195312
merged 920 edges
extracting segmentation
Num nodes in merge tree: 1843
max_level: 42
Finished allocating db
Re-using already compiled waterz version
Preparing segmentation volume...
counting regions and sizes...
creating region graph for 5642 nodes
creating statistics provider
extracting region graph...
Region graph number of edges: 34320
merging until threshold 0
computing initial scores
merging until 0
min edge score 0.00195312
threshold exceeded
merged 0 edges
merging until threshold 1
merging until 1
min edge score 0.00195312
merged 5640 edges
extracting segmentation
Num nodes in merge tree: 11283
max_level: 141
Finished allocating db
Re-using already compiled waterz version
Preparing segmentation volume...
counting regions and sizes...
creating region graph for 3633 nodes
creating statistics provider
extracting region graph...
Region graph number of edges: 20333
merging until threshold 0
computing initial scores
merging until 0
min edge score 0.00195312
threshold exceeded
merged 0 edges
merging until threshold 1
merging until 1
min edge score 0.00195312
merged 3631 edges
extracting segmentation
Num nodes in merge tree: 7265
max_level: 74
Finished allocating db
Re-using already compiled waterz version
Preparing segmentation volume...
counting regions and sizes...
creating region graph for 3447 nodes
creating statistics provider
extracting region graph...
Region graph number of edges: 20554
merging until threshold 0
computing initial scores
merging until 0
min edge score 0.00195312
threshold exceeded
merged 0 edges
merging until threshold 1
merging until 1
min edge score 0.00195312
merged 3445 edges
extracting segmentation
Num nodes in merge tree: 6893
max_level: 102
Finished allocating db
Re-using already compiled waterz version
Preparing segmentation volume...
counting regions and sizes...
creating region graph for 4577 nodes
creating statistics provider
extracting region graph...
Region graph number of edges: 26442
merging until threshold 0
computing initial scores
merging until 0
min edge score 0.00195312
threshold exceeded
merged 0 edges
merging until threshold 1
merging until 1
min edge score 0.00195312
merged 4575 edges
extracting segmentation
Num nodes in merge tree: 9153
max_level: 83
Finished allocating db
Re-using already compiled waterz version
Preparing segmentation volume...
counting regions and sizes...
creating region graph for 2943 nodes
creating statistics provider
extracting region graph...
Region graph number of edges: 15718
merging until threshold 0
computing initial scores
merging until 0
min edge score 0.00195312
threshold exceeded
merged 0 edges
merging until threshold 1
merging until 1
min edge score 0.00195312
merged 2941 edges
extracting segmentation
Num nodes in merge tree: 5885
max_level: 166
Finished allocating db
Re-using already compiled waterz version
Preparing segmentation volume...
counting regions and sizes...
creating region graph for 3246 nodes
creating statistics provider
extracting region graph...
Region graph number of edges: 19179
merging until threshold 0
computing initial scores
merging until 0
min edge score 0.00195312
threshold exceeded
merged 0 edges
merging until threshold 1
merging until 1
min edge score 0.00195312
merged 3244 edges
extracting segmentation
Num nodes in merge tree: 6491
max_level: 89
Finished allocating db
Re-using already compiled waterz version
Preparing segmentation volume...
counting regions and sizes...
creating region graph for 1378 nodes
creating statistics provider
extracting region graph...
Region graph number of edges: 7560
merging until threshold 0
computing initial scores
merging until 0
min edge score 0.00195312
threshold exceeded
merged 0 edges
merging until threshold 1
merging until 1
min edge score 0.00195312
merged 1376 edges
extracting segmentation
Num nodes in merge tree: 2755
max_level: 61
Finished allocating db
Re-using already compiled waterz version
Preparing segmentation volume...
counting regions and sizes...
creating region graph for 876 nodes
creating statistics provider
extracting region graph...
Region graph number of edges: 4562
merging until threshold 0
computing initial scores
merging until 0
min edge score 0.00195312
threshold exceeded
merged 0 edges
merging until threshold 1
merging until 1
min edge score 0.00195312
merged 874 edges
extracting segmentation
Num nodes in merge tree: 1751
max_level: 63
Finished allocating db
Re-using already compiled waterz version
Preparing segmentation volume...
counting regions and sizes...
creating region graph for 1641 nodes
creating statistics provider
extracting region graph...
Region graph number of edges: 8843
merging until threshold 0
computing initial scores
merging until 0
min edge score 0.00195312
threshold exceeded
merged 0 edges
merging until threshold 1
merging until 1
min edge score 0.00195312
merged 1639 edges
extracting segmentation
Num nodes in merge tree: 3281
max_level: 66
Finished allocating db
Re-using already compiled waterz version
Preparing segmentation volume...
counting regions and sizes...
creating region graph for 526 nodes
creating statistics provider
extracting region graph...
Region graph number of edges: 2495
merging until threshold 0
computing initial scores
merging until 0
min edge score 0.00195312
threshold exceeded
merged 0 edges
merging until threshold 1
merging until 1
min edge score 0.00195312
merged 524 edges
extracting segmentation
Num nodes in merge tree: 1051
max_level: 33
Finished allocating db
Re-using already compiled waterz version
Preparing segmentation volume...
counting regions and sizes...
creating region graph for 2148 nodes
creating statistics provider
extracting region graph...
Region graph number of edges: 12590
merging until threshold 0
computing initial scores
merging until 0
min edge score 0.00195312
threshold exceeded
merged 0 edges
merging until threshold 1
merging until 1
min edge score 0.00195312
merged 2146 edges
extracting segmentation
Num nodes in merge tree: 4295
max_level: 85
Finished allocating db
Re-using already compiled waterz version
Preparing segmentation volume...
counting regions and sizes...
creating region graph for 2346 nodes
creating statistics provider
extracting region graph...
Region graph number of edges: 14451
merging until threshold 0
computing initial scores
merging until 0
min edge score 0.00195312
threshold exceeded
merged 0 edges
merging until threshold 1
merging until 1
min edge score 0.00195312
merged 2344 edges
extracting segmentation
Num nodes in merge tree: 4691
max_level: 77
Finished allocating db
Re-using already compiled waterz version
Preparing segmentation volume...
counting regions and sizes...
creating region graph for 807 nodes
creating statistics provider
extracting region graph...
Region graph number of edges: 4285
merging until threshold 0
computing initial scores
merging until 0
min edge score 0.00195312
threshold exceeded
merged 0 edges
merging until threshold 1
merging until 1
min edge score 0.00195312
merged 805 edges
extracting segmentation
Num nodes in merge tree: 1613
max_level: 33
Finished allocating db
Re-using already compiled waterz version
Preparing segmentation volume...
counting regions and sizes...
creating region graph for 1632 nodes
creating statistics provider
extracting region graph...
Region graph number of edges: 8908
merging until threshold 0
computing initial scores
merging until 0
min edge score 0.00195312
threshold exceeded
merged 0 edges
merging until threshold 1
merging until 1
min edge score 0.00195312
merged 1630 edges
extracting segmentation
Num nodes in merge tree: 3263
max_level: 65
Finished allocating db
Re-using already compiled waterz version
Preparing segmentation volume...
counting regions and sizes...
creating region graph for 2364 nodes
creating statistics provider
extracting region graph...
Region graph number of edges: 13960
merging until threshold 0
computing initial scores
merging until 0
min edge score 0.00195312
threshold exceeded
merged 0 edges
merging until threshold 1
merging until 1
min edge score 0.00195312
merged 2362 edges
extracting segmentation
Num nodes in merge tree: 4727
max_level: 138
Finished allocating db
Re-using already compiled waterz version
Preparing segmentation volume...
counting regions and sizes...
creating region graph for 1007 nodes
creating statistics provider
extracting region graph...
Region graph number of edges: 5416
merging until threshold 0
computing initial scores
merging until 0
min edge score 0.00195312
threshold exceeded
merged 0 edges
merging until threshold 1
merging until 1
min edge score 0.00195312
merged 1005 edges
extracting segmentation
Num nodes in merge tree: 2013
max_level: 40
Finished allocating db
Re-using already compiled waterz version
Preparing segmentation volume...
counting regions and sizes...
creating region graph for 1649 nodes
creating statistics provider
extracting region graph...
Region graph number of edges: 8818
merging until threshold 0
computing initial scores
merging until 0
min edge score 0.00195312
threshold exceeded
merged 0 edges
merging until threshold 1
merging until 1
min edge score 0.00195312
merged 1647 edges
extracting segmentation
Num nodes in merge tree: 3297
max_level: 58
Finished allocating db
Re-using already compiled waterz version
Preparing segmentation volume...
counting regions and sizes...
creating region graph for 1123 nodes
creating statistics provider
extracting region graph...
Region graph number of edges: 5994
merging until threshold 0
computing initial scores
merging until 0
min edge score 0.00195312
threshold exceeded
merged 0 edges
merging until threshold 1
merging until 1
min edge score 0.00195312
merged 1121 edges
extracting segmentation
Num nodes in merge tree: 2245
max_level: 52
Finished allocating db
Re-using already compiled waterz version
Preparing segmentation volume...
counting regions and sizes...
creating region graph for 422 nodes
creating statistics provider
extracting region graph...
Region graph number of edges: 1981
merging until threshold 0
computing initial scores
merging until 0
min edge score 0.00195312
threshold exceeded
merged 0 edges
merging until threshold 1
merging until 1
min edge score 0.00195312
merged 420 edges
extracting segmentation
Num nodes in merge tree: 843
max_level: 34
Finished allocating db
Re-using already compiled waterz version
Preparing segmentation volume...
counting regions and sizes...
creating region graph for 2570 nodes
creating statistics provider
extracting region graph...
Region graph number of edges: 14651
merging until threshold 0
computing initial scores
merging until 0
min edge score 0.00195312
threshold exceeded
merged 0 edges
merging until threshold 1
merging until 1
min edge score 0.00195312
merged 2568 edges
extracting segmentation
Num nodes in merge tree: 5139
max_level: 80
Finished allocating db
Re-using already compiled waterz version
Preparing segmentation volume...
counting regions and sizes...
creating region graph for 2258 nodes
creating statistics provider
extracting region graph...
Region graph number of edges: 12952
merging until threshold 0
computing initial scores
merging until 0
min edge score 0.00195312
threshold exceeded
merged 0 edges
merging until threshold 1
merging until 1
min edge score 0.00195312
merged 2256 edges
extracting segmentation
Num nodes in merge tree: 4515
max_level: 125
Finished allocating db
Re-using already compiled waterz version
Preparing segmentation volume...
counting regions and sizes...
creating region graph for 839 nodes
creating statistics provider
extracting region graph...
Region graph number of edges: 4338
merging until threshold 0
computing initial scores
merging until 0
min edge score 0.00195312
threshold exceeded
merged 0 edges
merging until threshold 1
merging until 1
min edge score 0.00195312
merged 837 edges
extracting segmentation
Num nodes in merge tree: 1677
max_level: 44
Finished allocating db
Re-using already compiled waterz version
Preparing segmentation volume...
counting regions and sizes...
creating region graph for 550 nodes
creating statistics provider
extracting region graph...
Region graph number of edges: 2846
merging until threshold 0
computing initial scores
merging until 0
min edge score 0.00195312
threshold exceeded
merged 0 edges
merging until threshold 1
merging until 1
min edge score 0.00195312
merged 548 edges
extracting segmentation
Num nodes in merge tree: 1099
max_level: 38
Finished allocating db
Re-using already compiled waterz version
Preparing segmentation volume...
counting regions and sizes...
creating region graph for 483 nodes
creating statistics provider
extracting region graph...
Region graph number of edges: 2455
merging until threshold 0
computing initial scores
merging until 0
min edge score 0.00195312
threshold exceeded
merged 0 edges
merging until threshold 1
merging until 1
min edge score 0.00195312
merged 481 edges
extracting segmentation
Num nodes in merge tree: 965
max_level: 76
Finished allocating db
Re-using already compiled waterz version
Preparing segmentation volume...
counting regions and sizes...
creating region graph for 280 nodes
creating statistics provider
extracting region graph...
Region graph number of edges: 1286
merging until threshold 0
computing initial scores
merging until 0
min edge score 0.00195312
threshold exceeded
merged 0 edges
merging until threshold 1
merging until 1
min edge score 0.00195312
merged 278 edges
extracting segmentation
Num nodes in merge tree: 559
max_level: 27
Finished allocating db
