MtlsdModel(
  (unet): UNet(
    (l_conv): ModuleList(
      (0): ConvPass(
        (conv_pass): Sequential(
          (0): Conv3d(1, 12, kernel_size=(3, 3, 3), stride=(1, 1, 1))
          (1): ReLU()
          (2): Conv3d(12, 12, kernel_size=(3, 3, 3), stride=(1, 1, 1))
          (3): ReLU()
        )
      )
      (1): ConvPass(
        (conv_pass): Sequential(
          (0): Conv3d(12, 60, kernel_size=(3, 3, 3), stride=(1, 1, 1))
          (1): ReLU()
          (2): Conv3d(60, 60, kernel_size=(3, 3, 3), stride=(1, 1, 1))
          (3): ReLU()
        )
      )
      (2): ConvPass(
        (conv_pass): Sequential(
          (0): Conv3d(60, 300, kernel_size=(3, 3, 3), stride=(1, 1, 1))
          (1): ReLU()
          (2): Conv3d(300, 300, kernel_size=(3, 3, 3), stride=(1, 1, 1))
          (3): ReLU()
        )
      )
      (3): ConvPass(
        (conv_pass): Sequential(
          (0): Conv3d(300, 1500, kernel_size=(3, 3, 3), stride=(1, 1, 1))
          (1): ReLU()
          (2): Conv3d(1500, 1500, kernel_size=(3, 3, 3), stride=(1, 1, 1))
          (3): ReLU()
        )
      )
    )
    (l_down): ModuleList(
      (0): Downsample(
        (down): MaxPool3d(kernel_size=[2, 2, 2], stride=[2, 2, 2], padding=0, dilation=1, ceil_mode=False)
      )
      (1): Downsample(
        (down): MaxPool3d(kernel_size=[2, 2, 2], stride=[2, 2, 2], padding=0, dilation=1, ceil_mode=False)
      )
      (2): Downsample(
        (down): MaxPool3d(kernel_size=[3, 3, 3], stride=[3, 3, 3], padding=0, dilation=1, ceil_mode=False)
      )
    )
    (r_up): ModuleList(
      (0): ModuleList(
        (0): Upsample(
          (up): ConvTranspose3d(60, 60, kernel_size=(2, 2, 2), stride=(2, 2, 2))
        )
        (1): Upsample(
          (up): ConvTranspose3d(300, 300, kernel_size=(2, 2, 2), stride=(2, 2, 2))
        )
        (2): Upsample(
          (up): ConvTranspose3d(1500, 1500, kernel_size=(3, 3, 3), stride=(3, 3, 3))
        )
      )
    )
    (r_conv): ModuleList(
      (0): ModuleList(
        (0): ConvPass(
          (conv_pass): Sequential(
            (0): Conv3d(72, 12, kernel_size=(3, 3, 3), stride=(1, 1, 1))
            (1): ReLU()
            (2): Conv3d(12, 12, kernel_size=(3, 3, 3), stride=(1, 1, 1))
            (3): ReLU()
          )
        )
        (1): ConvPass(
          (conv_pass): Sequential(
            (0): Conv3d(360, 60, kernel_size=(3, 3, 3), stride=(1, 1, 1))
            (1): ReLU()
            (2): Conv3d(60, 60, kernel_size=(3, 3, 3), stride=(1, 1, 1))
            (3): ReLU()
          )
        )
        (2): ConvPass(
          (conv_pass): Sequential(
            (0): Conv3d(1800, 300, kernel_size=(3, 3, 3), stride=(1, 1, 1))
            (1): ReLU()
            (2): Conv3d(300, 300, kernel_size=(3, 3, 3), stride=(1, 1, 1))
            (3): ReLU()
          )
        )
      )
    )
  )
  (lsd_head): ConvPass(
    (conv_pass): Sequential(
      (0): Conv3d(12, 10, kernel_size=(1, 1, 1), stride=(1, 1, 1))
      (1): Sigmoid()
    )
  )
  (aff_head): ConvPass(
    (conv_pass): Sequential(
      (0): Conv3d(12, 3, kernel_size=(1, 1, 1), stride=(1, 1, 1))
      (1): Sigmoid()
    )
  )
)
Model Parameters: 155.160M
Saving outputs to /media/samia/DATA/ark/lsd_outputs/MTLSD/3d/run-aclsd-together/model_checkpoint_300000/parker_z3880-4400_y7700-8500_x6000-6800_peduncleright.zarr
Recording block-done for parker_z3880-4400_y7700-8500_x6000-6800_peduncleright_pred_affs/0 with read ROI [496:2352, 496:2352, 496:2352] (1856, 1856, 1856) and write ROI [992:1856, 992:1856, 992:1856] (864, 864, 864)
Recorded block-done for parker_z3880-4400_y7700-8500_x6000-6800_peduncleright_pred_affs/0 with read ROI [496:2352, 496:2352, 496:2352] (1856, 1856, 1856) and write ROI [992:1856, 992:1856, 992:1856] (864, 864, 864)
Recording block-done for parker_z3880-4400_y7700-8500_x6000-6800_peduncleright_pred_affs/1 with read ROI [496:2352, 496:2352, 1360:3216] (1856, 1856, 1856) and write ROI [992:1856, 992:1856, 1856:2720] (864, 864, 864)
Recorded block-done for parker_z3880-4400_y7700-8500_x6000-6800_peduncleright_pred_affs/1 with read ROI [496:2352, 496:2352, 1360:3216] (1856, 1856, 1856) and write ROI [992:1856, 992:1856, 1856:2720] (864, 864, 864)
Recording block-done for parker_z3880-4400_y7700-8500_x6000-6800_peduncleright_pred_affs/4 with read ROI [496:2352, 496:2352, 2224:4080] (1856, 1856, 1856) and write ROI [992:1856, 992:1856, 2720:3584] (864, 864, 864)
Recorded block-done for parker_z3880-4400_y7700-8500_x6000-6800_peduncleright_pred_affs/4 with read ROI [496:2352, 496:2352, 2224:4080] (1856, 1856, 1856) and write ROI [992:1856, 992:1856, 2720:3584] (864, 864, 864)
Recording block-done for parker_z3880-4400_y7700-8500_x6000-6800_peduncleright_pred_affs/2 with read ROI [496:2352, 1360:3216, 496:2352] (1856, 1856, 1856) and write ROI [992:1856, 1856:2720, 992:1856] (864, 864, 864)
Recorded block-done for parker_z3880-4400_y7700-8500_x6000-6800_peduncleright_pred_affs/2 with read ROI [496:2352, 1360:3216, 496:2352] (1856, 1856, 1856) and write ROI [992:1856, 1856:2720, 992:1856] (864, 864, 864)
Recording block-done for parker_z3880-4400_y7700-8500_x6000-6800_peduncleright_pred_affs/5 with read ROI [496:2352, 1360:3216, 1360:3216] (1856, 1856, 1856) and write ROI [992:1856, 1856:2720, 1856:2720] (864, 864, 864)
Recorded block-done for parker_z3880-4400_y7700-8500_x6000-6800_peduncleright_pred_affs/5 with read ROI [496:2352, 1360:3216, 1360:3216] (1856, 1856, 1856) and write ROI [992:1856, 1856:2720, 1856:2720] (864, 864, 864)
Recording block-done for parker_z3880-4400_y7700-8500_x6000-6800_peduncleright_pred_affs/11 with read ROI [496:2352, 1360:3216, 2224:4080] (1856, 1856, 1856) and write ROI [992:1856, 1856:2720, 2720:3584] (864, 864, 864)
Recorded block-done for parker_z3880-4400_y7700-8500_x6000-6800_peduncleright_pred_affs/11 with read ROI [496:2352, 1360:3216, 2224:4080] (1856, 1856, 1856) and write ROI [992:1856, 1856:2720, 2720:3584] (864, 864, 864)
Recording block-done for parker_z3880-4400_y7700-8500_x6000-6800_peduncleright_pred_affs/7 with read ROI [496:2352, 2224:4080, 496:2352] (1856, 1856, 1856) and write ROI [992:1856, 2720:3584, 992:1856] (864, 864, 864)
Recorded block-done for parker_z3880-4400_y7700-8500_x6000-6800_peduncleright_pred_affs/7 with read ROI [496:2352, 2224:4080, 496:2352] (1856, 1856, 1856) and write ROI [992:1856, 2720:3584, 992:1856] (864, 864, 864)
Recording block-done for parker_z3880-4400_y7700-8500_x6000-6800_peduncleright_pred_affs/13 with read ROI [496:2352, 2224:4080, 1360:3216] (1856, 1856, 1856) and write ROI [992:1856, 2720:3584, 1856:2720] (864, 864, 864)
Recorded block-done for parker_z3880-4400_y7700-8500_x6000-6800_peduncleright_pred_affs/13 with read ROI [496:2352, 2224:4080, 1360:3216] (1856, 1856, 1856) and write ROI [992:1856, 2720:3584, 1856:2720] (864, 864, 864)
Recording block-done for parker_z3880-4400_y7700-8500_x6000-6800_peduncleright_pred_affs/23 with read ROI [496:2352, 2224:4080, 2224:4080] (1856, 1856, 1856) and write ROI [992:1856, 2720:3584, 2720:3584] (864, 864, 864)
Recorded block-done for parker_z3880-4400_y7700-8500_x6000-6800_peduncleright_pred_affs/23 with read ROI [496:2352, 2224:4080, 2224:4080] (1856, 1856, 1856) and write ROI [992:1856, 2720:3584, 2720:3584] (864, 864, 864)
