MtlsdModel(
  (unet): UNet(
    (l_conv): ModuleList(
      (0): ConvPass(
        (conv_pass): Sequential(
          (0): Conv3d(1, 12, kernel_size=(3, 3, 3), stride=(1, 1, 1))
          (1): ReLU()
          (2): Conv3d(12, 12, kernel_size=(3, 3, 3), stride=(1, 1, 1))
          (3): ReLU()
        )
      )
      (1): ConvPass(
        (conv_pass): Sequential(
          (0): Conv3d(12, 60, kernel_size=(3, 3, 3), stride=(1, 1, 1))
          (1): ReLU()
          (2): Conv3d(60, 60, kernel_size=(3, 3, 3), stride=(1, 1, 1))
          (3): ReLU()
        )
      )
      (2): ConvPass(
        (conv_pass): Sequential(
          (0): Conv3d(60, 300, kernel_size=(3, 3, 3), stride=(1, 1, 1))
          (1): ReLU()
          (2): Conv3d(300, 300, kernel_size=(3, 3, 3), stride=(1, 1, 1))
          (3): ReLU()
        )
      )
      (3): ConvPass(
        (conv_pass): Sequential(
          (0): Conv3d(300, 1500, kernel_size=(3, 3, 3), stride=(1, 1, 1))
          (1): ReLU()
          (2): Conv3d(1500, 1500, kernel_size=(3, 3, 3), stride=(1, 1, 1))
          (3): ReLU()
        )
      )
    )
    (l_down): ModuleList(
      (0): Downsample(
        (down): MaxPool3d(kernel_size=[2, 2, 2], stride=[2, 2, 2], padding=0, dilation=1, ceil_mode=False)
      )
      (1): Downsample(
        (down): MaxPool3d(kernel_size=[2, 2, 2], stride=[2, 2, 2], padding=0, dilation=1, ceil_mode=False)
      )
      (2): Downsample(
        (down): MaxPool3d(kernel_size=[3, 3, 3], stride=[3, 3, 3], padding=0, dilation=1, ceil_mode=False)
      )
    )
    (r_up): ModuleList(
      (0): ModuleList(
        (0): Upsample(
          (up): ConvTranspose3d(60, 60, kernel_size=(2, 2, 2), stride=(2, 2, 2))
        )
        (1): Upsample(
          (up): ConvTranspose3d(300, 300, kernel_size=(2, 2, 2), stride=(2, 2, 2))
        )
        (2): Upsample(
          (up): ConvTranspose3d(1500, 1500, kernel_size=(3, 3, 3), stride=(3, 3, 3))
        )
      )
    )
    (r_conv): ModuleList(
      (0): ModuleList(
        (0): ConvPass(
          (conv_pass): Sequential(
            (0): Conv3d(72, 12, kernel_size=(3, 3, 3), stride=(1, 1, 1))
            (1): ReLU()
            (2): Conv3d(12, 12, kernel_size=(3, 3, 3), stride=(1, 1, 1))
            (3): ReLU()
          )
        )
        (1): ConvPass(
          (conv_pass): Sequential(
            (0): Conv3d(360, 60, kernel_size=(3, 3, 3), stride=(1, 1, 1))
            (1): ReLU()
            (2): Conv3d(60, 60, kernel_size=(3, 3, 3), stride=(1, 1, 1))
            (3): ReLU()
          )
        )
        (2): ConvPass(
          (conv_pass): Sequential(
            (0): Conv3d(1800, 300, kernel_size=(3, 3, 3), stride=(1, 1, 1))
            (1): ReLU()
            (2): Conv3d(300, 300, kernel_size=(3, 3, 3), stride=(1, 1, 1))
            (3): ReLU()
          )
        )
      )
    )
  )
  (lsd_head): ConvPass(
    (conv_pass): Sequential(
      (0): Conv3d(12, 10, kernel_size=(1, 1, 1), stride=(1, 1, 1))
      (1): Sigmoid()
    )
  )
  (aff_head): ConvPass(
    (conv_pass): Sequential(
      (0): Conv3d(12, 3, kernel_size=(1, 1, 1), stride=(1, 1, 1))
      (1): Sigmoid()
    )
  )
)
Model Parameters: 155.160M
Saving outputs to /media/samia/DATA/mounts/zstore1/lsd_outputs/OCTO_3CUBES_ZYX/MTLSD/3d/clahed_hemi_mito_unproof/model_checkpoint_300000/octo_cube3_calyx_5603_6267_y3254_3890_z7464_8163.zarr
local variable 'mask' referenced before assignment
Recording block-done for octoCube3Calyx56036267Y32543890Z74648163_pred_affs/14 with read ROI [80:1648, 80:1648, 80:1648] (1568, 1568, 1568) and write ROI [576:1152, 576:1152, 576:1152] (576, 576, 576)
Recorded block-done for octoCube3Calyx56036267Y32543890Z74648163_pred_affs/14 with read ROI [80:1648, 80:1648, 80:1648] (1568, 1568, 1568) and write ROI [576:1152, 576:1152, 576:1152] (576, 576, 576)
Recording block-done for octoCube3Calyx56036267Y32543890Z74648163_pred_affs/24 with read ROI [80:1648, 80:1648, 656:2224] (1568, 1568, 1568) and write ROI [576:1152, 576:1152, 1152:1728] (576, 576, 576)
Recorded block-done for octoCube3Calyx56036267Y32543890Z74648163_pred_affs/24 with read ROI [80:1648, 80:1648, 656:2224] (1568, 1568, 1568) and write ROI [576:1152, 576:1152, 1152:1728] (576, 576, 576)
Recording block-done for octoCube3Calyx56036267Y32543890Z74648163_pred_affs/42 with read ROI [80:1648, 656:2224, 656:2224] (1568, 1568, 1568) and write ROI [576:1152, 1152:1728, 1152:1728] (576, 576, 576)
Recorded block-done for octoCube3Calyx56036267Y32543890Z74648163_pred_affs/42 with read ROI [80:1648, 656:2224, 656:2224] (1568, 1568, 1568) and write ROI [576:1152, 1152:1728, 1152:1728] (576, 576, 576)
Recording block-done for octoCube3Calyx56036267Y32543890Z74648163_pred_affs/127 with read ROI [80:1648, 656:2224, 2384:3952] (1568, 1568, 1568) and write ROI [576:1152, 1152:1728, 2880:3456] (576, 576, 576)
Recorded block-done for octoCube3Calyx56036267Y32543890Z74648163_pred_affs/127 with read ROI [80:1648, 656:2224, 2384:3952] (1568, 1568, 1568) and write ROI [576:1152, 1152:1728, 2880:3456] (576, 576, 576)
Recording block-done for octoCube3Calyx56036267Y32543890Z74648163_pred_affs/227 with read ROI [80:1648, 656:2224, 3536:5104] (1568, 1568, 1568) and write ROI [576:1152, 1152:1728, 4032:4608] (576, 576, 576)
Recorded block-done for octoCube3Calyx56036267Y32543890Z74648163_pred_affs/227 with read ROI [80:1648, 656:2224, 3536:5104] (1568, 1568, 1568) and write ROI [576:1152, 1152:1728, 4032:4608] (576, 576, 576)
Recording block-done for octoCube3Calyx56036267Y32543890Z74648163_pred_affs/131 with read ROI [80:1648, 1232:2800, 1808:3376] (1568, 1568, 1568) and write ROI [576:1152, 1728:2304, 2304:2880] (576, 576, 576)
Recorded block-done for octoCube3Calyx56036267Y32543890Z74648163_pred_affs/131 with read ROI [80:1648, 1232:2800, 1808:3376] (1568, 1568, 1568) and write ROI [576:1152, 1728:2304, 2304:2880] (576, 576, 576)
Recording block-done for octoCube3Calyx56036267Y32543890Z74648163_pred_affs/176 with read ROI [80:1648, 1232:2800, 2384:3952] (1568, 1568, 1568) and write ROI [576:1152, 1728:2304, 2880:3456] (576, 576, 576)
Recorded block-done for octoCube3Calyx56036267Y32543890Z74648163_pred_affs/176 with read ROI [80:1648, 1232:2800, 2384:3952] (1568, 1568, 1568) and write ROI [576:1152, 1728:2304, 2880:3456] (576, 576, 576)
Recording block-done for octoCube3Calyx56036267Y32543890Z74648163_pred_affs/72 with read ROI [80:1648, 1808:3376, 80:1648] (1568, 1568, 1568) and write ROI [576:1152, 2304:2880, 576:1152] (576, 576, 576)
Recorded block-done for octoCube3Calyx56036267Y32543890Z74648163_pred_affs/72 with read ROI [80:1648, 1808:3376, 80:1648] (1568, 1568, 1568) and write ROI [576:1152, 2304:2880, 576:1152] (576, 576, 576)
Recording block-done for octoCube3Calyx56036267Y32543890Z74648163_pred_affs/380 with read ROI [80:1648, 1808:3376, 3536:5104] (1568, 1568, 1568) and write ROI [576:1152, 2304:2880, 4032:4608] (576, 576, 576)
Recorded block-done for octoCube3Calyx56036267Y32543890Z74648163_pred_affs/380 with read ROI [80:1648, 1808:3376, 3536:5104] (1568, 1568, 1568) and write ROI [576:1152, 2304:2880, 4032:4608] (576, 576, 576)
Recording block-done for octoCube3Calyx56036267Y32543890Z74648163_pred_affs/302 with read ROI [80:1648, 1808:3376, 2960:4528] (1568, 1568, 1568) and write ROI [576:1152, 2304:2880, 3456:4032] (576, 576, 576)
Recorded block-done for octoCube3Calyx56036267Y32543890Z74648163_pred_affs/302 with read ROI [80:1648, 1808:3376, 2960:4528] (1568, 1568, 1568) and write ROI [576:1152, 2304:2880, 3456:4032] (576, 576, 576)
Recording block-done for octoCube3Calyx56036267Y32543890Z74648163_pred_affs/106 with read ROI [80:1648, 2384:3952, 80:1648] (1568, 1568, 1568) and write ROI [576:1152, 2880:3456, 576:1152] (576, 576, 576)
Recorded block-done for octoCube3Calyx56036267Y32543890Z74648163_pred_affs/106 with read ROI [80:1648, 2384:3952, 80:1648] (1568, 1568, 1568) and write ROI [576:1152, 2880:3456, 576:1152] (576, 576, 576)
Recording block-done for octoCube3Calyx56036267Y32543890Z74648163_pred_affs/477 with read ROI [80:1648, 2384:3952, 3536:5104] (1568, 1568, 1568) and write ROI [576:1152, 2880:3456, 4032:4608] (576, 576, 576)
Recorded block-done for octoCube3Calyx56036267Y32543890Z74648163_pred_affs/477 with read ROI [80:1648, 2384:3952, 3536:5104] (1568, 1568, 1568) and write ROI [576:1152, 2880:3456, 4032:4608] (576, 576, 576)
Recording block-done for octoCube3Calyx56036267Y32543890Z74648163_pred_affs/149 with read ROI [80:1648, 2960:4528, 80:1648] (1568, 1568, 1568) and write ROI [576:1152, 3456:4032, 576:1152] (576, 576, 576)
Recorded block-done for octoCube3Calyx56036267Y32543890Z74648163_pred_affs/149 with read ROI [80:1648, 2960:4528, 80:1648] (1568, 1568, 1568) and write ROI [576:1152, 3456:4032, 576:1152] (576, 576, 576)
Recording block-done for octoCube3Calyx56036267Y32543890Z74648163_pred_affs/249 with read ROI [80:1648, 2960:4528, 1232:2800] (1568, 1568, 1568) and write ROI [576:1152, 3456:4032, 1728:2304] (576, 576, 576)
Recorded block-done for octoCube3Calyx56036267Y32543890Z74648163_pred_affs/249 with read ROI [80:1648, 2960:4528, 1232:2800] (1568, 1568, 1568) and write ROI [576:1152, 3456:4032, 1728:2304] (576, 576, 576)
Recording block-done for octoCube3Calyx56036267Y32543890Z74648163_pred_affs/589 with read ROI [80:1648, 2960:4528, 3536:5104] (1568, 1568, 1568) and write ROI [576:1152, 3456:4032, 4032:4608] (576, 576, 576)
Recorded block-done for octoCube3Calyx56036267Y32543890Z74648163_pred_affs/589 with read ROI [80:1648, 2960:4528, 3536:5104] (1568, 1568, 1568) and write ROI [576:1152, 3456:4032, 4032:4608] (576, 576, 576)
Recording block-done for octoCube3Calyx56036267Y32543890Z74648163_pred_affs/28 with read ROI [656:2224, 80:1648, 80:1648] (1568, 1568, 1568) and write ROI [1152:1728, 576:1152, 576:1152] (576, 576, 576)
Recorded block-done for octoCube3Calyx56036267Y32543890Z74648163_pred_affs/28 with read ROI [656:2224, 80:1648, 80:1648] (1568, 1568, 1568) and write ROI [1152:1728, 576:1152, 576:1152] (576, 576, 576)
Recording block-done for octoCube3Calyx56036267Y32543890Z74648163_pred_affs/173 with read ROI [656:2224, 80:1648, 2960:4528] (1568, 1568, 1568) and write ROI [1152:1728, 576:1152, 3456:4032] (576, 576, 576)
Recorded block-done for octoCube3Calyx56036267Y32543890Z74648163_pred_affs/173 with read ROI [656:2224, 80:1648, 2960:4528] (1568, 1568, 1568) and write ROI [1152:1728, 576:1152, 3456:4032] (576, 576, 576)
Recording block-done for octoCube3Calyx56036267Y32543890Z74648163_pred_affs/68 with read ROI [656:2224, 656:2224, 656:2224] (1568, 1568, 1568) and write ROI [1152:1728, 1152:1728, 1152:1728] (576, 576, 576)
Recorded block-done for octoCube3Calyx56036267Y32543890Z74648163_pred_affs/68 with read ROI [656:2224, 656:2224, 656:2224] (1568, 1568, 1568) and write ROI [1152:1728, 1152:1728, 1152:1728] (576, 576, 576)
Recording block-done for octoCube3Calyx56036267Y32543890Z74648163_pred_affs/96 with read ROI [656:2224, 656:2224, 1232:2800] (1568, 1568, 1568) and write ROI [1152:1728, 1152:1728, 1728:2304] (576, 576, 576)
Recorded block-done for octoCube3Calyx56036267Y32543890Z74648163_pred_affs/96 with read ROI [656:2224, 656:2224, 1232:2800] (1568, 1568, 1568) and write ROI [1152:1728, 1152:1728, 1728:2304] (576, 576, 576)
Recording block-done for octoCube3Calyx56036267Y32543890Z74648163_pred_affs/298 with read ROI [656:2224, 656:2224, 3536:5104] (1568, 1568, 1568) and write ROI [1152:1728, 1152:1728, 4032:4608] (576, 576, 576)
Recorded block-done for octoCube3Calyx56036267Y32543890Z74648163_pred_affs/298 with read ROI [656:2224, 656:2224, 3536:5104] (1568, 1568, 1568) and write ROI [1152:1728, 1152:1728, 4032:4608] (576, 576, 576)
Recording block-done for octoCube3Calyx56036267Y32543890Z74648163_pred_affs/182 with read ROI [656:2224, 1232:2800, 1808:3376] (1568, 1568, 1568) and write ROI [1152:1728, 1728:2304, 2304:2880] (576, 576, 576)
Recorded block-done for octoCube3Calyx56036267Y32543890Z74648163_pred_affs/182 with read ROI [656:2224, 1232:2800, 1808:3376] (1568, 1568, 1568) and write ROI [1152:1728, 1728:2304, 2304:2880] (576, 576, 576)
Recording block-done for octoCube3Calyx56036267Y32543890Z74648163_pred_affs/381 with read ROI [656:2224, 1232:2800, 3536:5104] (1568, 1568, 1568) and write ROI [1152:1728, 1728:2304, 4032:4608] (576, 576, 576)
Recorded block-done for octoCube3Calyx56036267Y32543890Z74648163_pred_affs/381 with read ROI [656:2224, 1232:2800, 3536:5104] (1568, 1568, 1568) and write ROI [1152:1728, 1728:2304, 4032:4608] (576, 576, 576)
Recording block-done for octoCube3Calyx56036267Y32543890Z74648163_pred_affs/143 with read ROI [656:2224, 1808:3376, 656:2224] (1568, 1568, 1568) and write ROI [1152:1728, 2304:2880, 1152:1728] (576, 576, 576)
Recorded block-done for octoCube3Calyx56036267Y32543890Z74648163_pred_affs/143 with read ROI [656:2224, 1808:3376, 656:2224] (1568, 1568, 1568) and write ROI [1152:1728, 2304:2880, 1152:1728] (576, 576, 576)
Recording block-done for octoCube3Calyx56036267Y32543890Z74648163_pred_affs/478 with read ROI [656:2224, 1808:3376, 3536:5104] (1568, 1568, 1568) and write ROI [1152:1728, 2304:2880, 4032:4608] (576, 576, 576)
Recorded block-done for octoCube3Calyx56036267Y32543890Z74648163_pred_affs/478 with read ROI [656:2224, 1808:3376, 3536:5104] (1568, 1568, 1568) and write ROI [1152:1728, 2304:2880, 4032:4608] (576, 576, 576)
Recording block-done for octoCube3Calyx56036267Y32543890Z74648163_pred_affs/195 with read ROI [656:2224, 2384:3952, 656:2224] (1568, 1568, 1568) and write ROI [1152:1728, 2880:3456, 1152:1728] (576, 576, 576)
Recorded block-done for octoCube3Calyx56036267Y32543890Z74648163_pred_affs/195 with read ROI [656:2224, 2384:3952, 656:2224] (1568, 1568, 1568) and write ROI [1152:1728, 2880:3456, 1152:1728] (576, 576, 576)
Recording block-done for octoCube3Calyx56036267Y32543890Z74648163_pred_affs/590 with read ROI [656:2224, 2384:3952, 3536:5104] (1568, 1568, 1568) and write ROI [1152:1728, 2880:3456, 4032:4608] (576, 576, 576)
Recorded block-done for octoCube3Calyx56036267Y32543890Z74648163_pred_affs/590 with read ROI [656:2224, 2384:3952, 3536:5104] (1568, 1568, 1568) and write ROI [1152:1728, 2880:3456, 4032:4608] (576, 576, 576)
Recording block-done for octoCube3Calyx56036267Y32543890Z74648163_pred_affs/203 with read ROI [656:2224, 2960:4528, 80:1648] (1568, 1568, 1568) and write ROI [1152:1728, 3456:4032, 576:1152] (576, 576, 576)
Recorded block-done for octoCube3Calyx56036267Y32543890Z74648163_pred_affs/203 with read ROI [656:2224, 2960:4528, 80:1648] (1568, 1568, 1568) and write ROI [1152:1728, 3456:4032, 576:1152] (576, 576, 576)
Recording block-done for octoCube3Calyx56036267Y32543890Z74648163_pred_affs/493 with read ROI [656:2224, 2960:4528, 2384:3952] (1568, 1568, 1568) and write ROI [1152:1728, 3456:4032, 2880:3456] (576, 576, 576)
Recorded block-done for octoCube3Calyx56036267Y32543890Z74648163_pred_affs/493 with read ROI [656:2224, 2960:4528, 2384:3952] (1568, 1568, 1568) and write ROI [1152:1728, 3456:4032, 2880:3456] (576, 576, 576)
Recording block-done for octoCube3Calyx56036267Y32543890Z74648163_pred_affs/48 with read ROI [1232:2800, 80:1648, 80:1648] (1568, 1568, 1568) and write ROI [1728:2304, 576:1152, 576:1152] (576, 576, 576)
Recorded block-done for octoCube3Calyx56036267Y32543890Z74648163_pred_affs/48 with read ROI [1232:2800, 80:1648, 80:1648] (1568, 1568, 1568) and write ROI [1728:2304, 576:1152, 576:1152] (576, 576, 576)
Recording block-done for octoCube3Calyx56036267Y32543890Z74648163_pred_affs/133 with read ROI [1232:2800, 80:1648, 1808:3376] (1568, 1568, 1568) and write ROI [1728:2304, 576:1152, 2304:2880] (576, 576, 576)
Recorded block-done for octoCube3Calyx56036267Y32543890Z74648163_pred_affs/133 with read ROI [1232:2800, 80:1648, 1808:3376] (1568, 1568, 1568) and write ROI [1728:2304, 576:1152, 2304:2880] (576, 576, 576)
Recording block-done for octoCube3Calyx56036267Y32543890Z74648163_pred_affs/69 with read ROI [1232:2800, 80:1648, 656:2224] (1568, 1568, 1568) and write ROI [1728:2304, 576:1152, 1152:1728] (576, 576, 576)
Recorded block-done for octoCube3Calyx56036267Y32543890Z74648163_pred_affs/69 with read ROI [1232:2800, 80:1648, 656:2224] (1568, 1568, 1568) and write ROI [1728:2304, 576:1152, 1152:1728] (576, 576, 576)
Recording block-done for octoCube3Calyx56036267Y32543890Z74648163_pred_affs/138 with read ROI [1232:2800, 656:2224, 1232:2800] (1568, 1568, 1568) and write ROI [1728:2304, 1152:1728, 1728:2304] (576, 576, 576)
Recorded block-done for octoCube3Calyx56036267Y32543890Z74648163_pred_affs/138 with read ROI [1232:2800, 656:2224, 1232:2800] (1568, 1568, 1568) and write ROI [1728:2304, 1152:1728, 1728:2304] (576, 576, 576)
Recording block-done for octoCube3Calyx56036267Y32543890Z74648163_pred_affs/304 with read ROI [1232:2800, 656:2224, 2960:4528] (1568, 1568, 1568) and write ROI [1728:2304, 1152:1728, 3456:4032] (576, 576, 576)
Recorded block-done for octoCube3Calyx56036267Y32543890Z74648163_pred_affs/304 with read ROI [1232:2800, 656:2224, 2960:4528] (1568, 1568, 1568) and write ROI [1728:2304, 1152:1728, 3456:4032] (576, 576, 576)
Recording block-done for octoCube3Calyx56036267Y32543890Z74648163_pred_affs/144 with read ROI [1232:2800, 1232:2800, 656:2224] (1568, 1568, 1568) and write ROI [1728:2304, 1728:2304, 1152:1728] (576, 576, 576)
Recorded block-done for octoCube3Calyx56036267Y32543890Z74648163_pred_affs/144 with read ROI [1232:2800, 1232:2800, 656:2224] (1568, 1568, 1568) and write ROI [1728:2304, 1728:2304, 1152:1728] (576, 576, 576)
Recording block-done for octoCube3Calyx56036267Y32543890Z74648163_pred_affs/479 with read ROI [1232:2800, 1232:2800, 3536:5104] (1568, 1568, 1568) and write ROI [1728:2304, 1728:2304, 4032:4608] (576, 576, 576)
Recorded block-done for octoCube3Calyx56036267Y32543890Z74648163_pred_affs/479 with read ROI [1232:2800, 1232:2800, 3536:5104] (1568, 1568, 1568) and write ROI [1728:2304, 1728:2304, 4032:4608] (576, 576, 576)
Recording block-done for octoCube3Calyx56036267Y32543890Z74648163_pred_affs/204 with read ROI [1232:2800, 2384:3952, 80:1648] (1568, 1568, 1568) and write ROI [1728:2304, 2880:3456, 576:1152] (576, 576, 576)
Recorded block-done for octoCube3Calyx56036267Y32543890Z74648163_pred_affs/204 with read ROI [1232:2800, 2384:3952, 80:1648] (1568, 1568, 1568) and write ROI [1728:2304, 2880:3456, 576:1152] (576, 576, 576)
Recording block-done for octoCube3Calyx56036267Y32543890Z74648163_pred_affs/196 with read ROI [1232:2800, 1808:3376, 656:2224] (1568, 1568, 1568) and write ROI [1728:2304, 2304:2880, 1152:1728] (576, 576, 576)
Recorded block-done for octoCube3Calyx56036267Y32543890Z74648163_pred_affs/196 with read ROI [1232:2800, 1808:3376, 656:2224] (1568, 1568, 1568) and write ROI [1728:2304, 2304:2880, 1152:1728] (576, 576, 576)
Recording block-done for octoCube3Calyx56036267Y32543890Z74648163_pred_affs/317 with read ROI [1232:2800, 1808:3376, 1808:3376] (1568, 1568, 1568) and write ROI [1728:2304, 2304:2880, 2304:2880] (576, 576, 576)
Recorded block-done for octoCube3Calyx56036267Y32543890Z74648163_pred_affs/317 with read ROI [1232:2800, 1808:3376, 1808:3376] (1568, 1568, 1568) and write ROI [1728:2304, 2304:2880, 2304:2880] (576, 576, 576)
Recording block-done for octoCube3Calyx56036267Y32543890Z74648163_pred_affs/494 with read ROI [1232:2800, 2384:3952, 2384:3952] (1568, 1568, 1568) and write ROI [1728:2304, 2880:3456, 2880:3456] (576, 576, 576)
Recorded block-done for octoCube3Calyx56036267Y32543890Z74648163_pred_affs/494 with read ROI [1232:2800, 2384:3952, 2384:3952] (1568, 1568, 1568) and write ROI [1728:2304, 2880:3456, 2880:3456] (576, 576, 576)
Recording block-done for octoCube3Calyx56036267Y32543890Z74648163_pred_affs/599 with read ROI [1232:2800, 2384:3952, 2960:4528] (1568, 1568, 1568) and write ROI [1728:2304, 2880:3456, 3456:4032] (576, 576, 576)
Recorded block-done for octoCube3Calyx56036267Y32543890Z74648163_pred_affs/599 with read ROI [1232:2800, 2384:3952, 2960:4528] (1568, 1568, 1568) and write ROI [1728:2304, 2880:3456, 3456:4032] (576, 576, 576)
Recording block-done for octoCube3Calyx56036267Y32543890Z74648163_pred_affs/268 with read ROI [1232:2800, 2960:4528, 80:1648] (1568, 1568, 1568) and write ROI [1728:2304, 3456:4032, 576:1152] (576, 576, 576)
Recorded block-done for octoCube3Calyx56036267Y32543890Z74648163_pred_affs/268 with read ROI [1232:2800, 2960:4528, 80:1648] (1568, 1568, 1568) and write ROI [1728:2304, 3456:4032, 576:1152] (576, 576, 576)
Recording block-done for octoCube3Calyx56036267Y32543890Z74648163_pred_affs/864 with read ROI [1232:2800, 2960:4528, 3536:5104] (1568, 1568, 1568) and write ROI [1728:2304, 3456:4032, 4032:4608] (576, 576, 576)
Recorded block-done for octoCube3Calyx56036267Y32543890Z74648163_pred_affs/864 with read ROI [1232:2800, 2960:4528, 3536:5104] (1568, 1568, 1568) and write ROI [1728:2304, 3456:4032, 4032:4608] (576, 576, 576)
Recording block-done for octoCube3Calyx56036267Y32543890Z74648163_pred_affs/75 with read ROI [1808:3376, 80:1648, 80:1648] (1568, 1568, 1568) and write ROI [2304:2880, 576:1152, 576:1152] (576, 576, 576)
Recorded block-done for octoCube3Calyx56036267Y32543890Z74648163_pred_affs/75 with read ROI [1808:3376, 80:1648, 80:1648] (1568, 1568, 1568) and write ROI [2304:2880, 576:1152, 576:1152] (576, 576, 576)
Recording block-done for octoCube3Calyx56036267Y32543890Z74648163_pred_affs/239 with read ROI [1808:3376, 80:1648, 2384:3952] (1568, 1568, 1568) and write ROI [2304:2880, 576:1152, 2880:3456] (576, 576, 576)
Recorded block-done for octoCube3Calyx56036267Y32543890Z74648163_pred_affs/239 with read ROI [1808:3376, 80:1648, 2384:3952] (1568, 1568, 1568) and write ROI [2304:2880, 576:1152, 2880:3456] (576, 576, 576)
Recording block-done for octoCube3Calyx56036267Y32543890Z74648163_pred_affs/103 with read ROI [1808:3376, 80:1648, 656:2224] (1568, 1568, 1568) and write ROI [2304:2880, 576:1152, 1152:1728] (576, 576, 576)
Recorded block-done for octoCube3Calyx56036267Y32543890Z74648163_pred_affs/103 with read ROI [1808:3376, 80:1648, 656:2224] (1568, 1568, 1568) and write ROI [2304:2880, 576:1152, 1152:1728] (576, 576, 576)
Recording block-done for octoCube3Calyx56036267Y32543890Z74648163_pred_affs/311 with read ROI [1808:3376, 656:2224, 2384:3952] (1568, 1568, 1568) and write ROI [2304:2880, 1152:1728, 2880:3456] (576, 576, 576)
Recorded block-done for octoCube3Calyx56036267Y32543890Z74648163_pred_affs/311 with read ROI [1808:3376, 656:2224, 2384:3952] (1568, 1568, 1568) and write ROI [2304:2880, 1152:1728, 2880:3456] (576, 576, 576)
Recording block-done for octoCube3Calyx56036267Y32543890Z74648163_pred_affs/190 with read ROI [1808:3376, 656:2224, 1232:2800] (1568, 1568, 1568) and write ROI [2304:2880, 1152:1728, 1728:2304] (576, 576, 576)
Recorded block-done for octoCube3Calyx56036267Y32543890Z74648163_pred_affs/190 with read ROI [1808:3376, 656:2224, 1232:2800] (1568, 1568, 1568) and write ROI [2304:2880, 1152:1728, 1728:2304] (576, 576, 576)
Recording block-done for octoCube3Calyx56036267Y32543890Z74648163_pred_affs/245 with read ROI [1808:3376, 656:2224, 1808:3376] (1568, 1568, 1568) and write ROI [2304:2880, 1152:1728, 2304:2880] (576, 576, 576)
Recorded block-done for octoCube3Calyx56036267Y32543890Z74648163_pred_affs/245 with read ROI [1808:3376, 656:2224, 1808:3376] (1568, 1568, 1568) and write ROI [2304:2880, 1152:1728, 2304:2880] (576, 576, 576)
Recording block-done for octoCube3Calyx56036267Y32543890Z74648163_pred_affs/487 with read ROI [1808:3376, 1232:2800, 2960:4528] (1568, 1568, 1568) and write ROI [2304:2880, 1728:2304, 3456:4032] (576, 576, 576)
Recorded block-done for octoCube3Calyx56036267Y32543890Z74648163_pred_affs/487 with read ROI [1808:3376, 1232:2800, 2960:4528] (1568, 1568, 1568) and write ROI [2304:2880, 1728:2304, 3456:4032] (576, 576, 576)
Recording block-done for octoCube3Calyx56036267Y32543890Z74648163_pred_affs/318 with read ROI [1808:3376, 1232:2800, 1808:3376] (1568, 1568, 1568) and write ROI [2304:2880, 1728:2304, 2304:2880] (576, 576, 576)
Recorded block-done for octoCube3Calyx56036267Y32543890Z74648163_pred_affs/318 with read ROI [1808:3376, 1232:2800, 1808:3376] (1568, 1568, 1568) and write ROI [2304:2880, 1728:2304, 2304:2880] (576, 576, 576)
Recording block-done for octoCube3Calyx56036267Y32543890Z74648163_pred_affs/269 with read ROI [1808:3376, 2384:3952, 80:1648] (1568, 1568, 1568) and write ROI [2304:2880, 2880:3456, 576:1152] (576, 576, 576)
Recorded block-done for octoCube3Calyx56036267Y32543890Z74648163_pred_affs/269 with read ROI [1808:3376, 2384:3952, 80:1648] (1568, 1568, 1568) and write ROI [2304:2880, 2880:3456, 576:1152] (576, 576, 576)
Recording block-done for octoCube3Calyx56036267Y32543890Z74648163_pred_affs/260 with read ROI [1808:3376, 1808:3376, 656:2224] (1568, 1568, 1568) and write ROI [2304:2880, 2304:2880, 1152:1728] (576, 576, 576)
Recorded block-done for octoCube3Calyx56036267Y32543890Z74648163_pred_affs/260 with read ROI [1808:3376, 1808:3376, 656:2224] (1568, 1568, 1568) and write ROI [2304:2880, 2304:2880, 1152:1728] (576, 576, 576)
Recording block-done for octoCube3Calyx56036267Y32543890Z74648163_pred_affs/720 with read ROI [1808:3376, 1808:3376, 3536:5104] (1568, 1568, 1568) and write ROI [2304:2880, 2304:2880, 4032:4608] (576, 576, 576)
Recorded block-done for octoCube3Calyx56036267Y32543890Z74648163_pred_affs/720 with read ROI [1808:3376, 1808:3376, 3536:5104] (1568, 1568, 1568) and write ROI [2304:2880, 2304:2880, 4032:4608] (576, 576, 576)
Recording block-done for octoCube3Calyx56036267Y32543890Z74648163_pred_affs/609 with read ROI [1808:3376, 2384:3952, 2384:3952] (1568, 1568, 1568) and write ROI [2304:2880, 2880:3456, 2880:3456] (576, 576, 576)
Recorded block-done for octoCube3Calyx56036267Y32543890Z74648163_pred_affs/609 with read ROI [1808:3376, 2384:3952, 2384:3952] (1568, 1568, 1568) and write ROI [2304:2880, 2880:3456, 2880:3456] (576, 576, 576)
Recording block-done for octoCube3Calyx56036267Y32543890Z74648163_pred_affs/739 with read ROI [1808:3376, 2960:4528, 2384:3952] (1568, 1568, 1568) and write ROI [2304:2880, 3456:4032, 2880:3456] (576, 576, 576)
Recorded block-done for octoCube3Calyx56036267Y32543890Z74648163_pred_affs/739 with read ROI [1808:3376, 2960:4528, 2384:3952] (1568, 1568, 1568) and write ROI [2304:2880, 3456:4032, 2880:3456] (576, 576, 576)
Recording block-done for octoCube3Calyx56036267Y32543890Z74648163_pred_affs/514 with read ROI [1808:3376, 2960:4528, 1232:2800] (1568, 1568, 1568) and write ROI [2304:2880, 3456:4032, 1728:2304] (576, 576, 576)
Recorded block-done for octoCube3Calyx56036267Y32543890Z74648163_pred_affs/514 with read ROI [1808:3376, 2960:4528, 1232:2800] (1568, 1568, 1568) and write ROI [2304:2880, 3456:4032, 1728:2304] (576, 576, 576)
Recording block-done for octoCube3Calyx56036267Y32543890Z74648163_pred_affs/1028 with read ROI [1808:3376, 2960:4528, 3536:5104] (1568, 1568, 1568) and write ROI [2304:2880, 3456:4032, 4032:4608] (576, 576, 576)
Recorded block-done for octoCube3Calyx56036267Y32543890Z74648163_pred_affs/1028 with read ROI [1808:3376, 2960:4528, 3536:5104] (1568, 1568, 1568) and write ROI [2304:2880, 3456:4032, 4032:4608] (576, 576, 576)
Recording block-done for octoCube3Calyx56036267Y32543890Z74648163_pred_affs/110 with read ROI [2384:3952, 80:1648, 80:1648] (1568, 1568, 1568) and write ROI [2880:3456, 576:1152, 576:1152] (576, 576, 576)
Recorded block-done for octoCube3Calyx56036267Y32543890Z74648163_pred_affs/110 with read ROI [2384:3952, 80:1648, 80:1648] (1568, 1568, 1568) and write ROI [2880:3456, 576:1152, 576:1152] (576, 576, 576)
Recording block-done for octoCube3Calyx56036267Y32543890Z74648163_pred_affs/312 with read ROI [2384:3952, 80:1648, 2384:3952] (1568, 1568, 1568) and write ROI [2880:3456, 576:1152, 2880:3456] (576, 576, 576)
Recorded block-done for octoCube3Calyx56036267Y32543890Z74648163_pred_affs/312 with read ROI [2384:3952, 80:1648, 2384:3952] (1568, 1568, 1568) and write ROI [2880:3456, 576:1152, 2880:3456] (576, 576, 576)
Recording block-done for octoCube3Calyx56036267Y32543890Z74648163_pred_affs/191 with read ROI [2384:3952, 80:1648, 1232:2800] (1568, 1568, 1568) and write ROI [2880:3456, 576:1152, 1728:2304] (576, 576, 576)
Recorded block-done for octoCube3Calyx56036267Y32543890Z74648163_pred_affs/191 with read ROI [2384:3952, 80:1648, 1232:2800] (1568, 1568, 1568) and write ROI [2880:3456, 576:1152, 1728:2304] (576, 576, 576)
Recording block-done for octoCube3Calyx56036267Y32543890Z74648163_pred_affs/253 with read ROI [2384:3952, 656:2224, 1232:2800] (1568, 1568, 1568) and write ROI [2880:3456, 1152:1728, 1728:2304] (576, 576, 576)
Recorded block-done for octoCube3Calyx56036267Y32543890Z74648163_pred_affs/253 with read ROI [2384:3952, 656:2224, 1232:2800] (1568, 1568, 1568) and write ROI [2880:3456, 1152:1728, 1728:2304] (576, 576, 576)
Recording block-done for octoCube3Calyx56036267Y32543890Z74648163_pred_affs/206 with read ROI [2384:3952, 1232:2800, 80:1648] (1568, 1568, 1568) and write ROI [2880:3456, 1728:2304, 576:1152] (576, 576, 576)
Recorded block-done for octoCube3Calyx56036267Y32543890Z74648163_pred_affs/206 with read ROI [2384:3952, 1232:2800, 80:1648] (1568, 1568, 1568) and write ROI [2880:3456, 1728:2304, 576:1152] (576, 576, 576)
Recording block-done for octoCube3Calyx56036267Y32543890Z74648163_pred_affs/319 with read ROI [2384:3952, 656:2224, 1808:3376] (1568, 1568, 1568) and write ROI [2880:3456, 1152:1728, 2304:2880] (576, 576, 576)
Recorded block-done for octoCube3Calyx56036267Y32543890Z74648163_pred_affs/319 with read ROI [2384:3952, 656:2224, 1808:3376] (1568, 1568, 1568) and write ROI [2880:3456, 1152:1728, 2304:2880] (576, 576, 576)
Recording block-done for octoCube3Calyx56036267Y32543890Z74648163_pred_affs/601 with read ROI [2384:3952, 1232:2800, 2960:4528] (1568, 1568, 1568) and write ROI [2880:3456, 1728:2304, 3456:4032] (576, 576, 576)
Recorded block-done for octoCube3Calyx56036267Y32543890Z74648163_pred_affs/601 with read ROI [2384:3952, 1232:2800, 2960:4528] (1568, 1568, 1568) and write ROI [2880:3456, 1728:2304, 3456:4032] (576, 576, 576)
Recording block-done for octoCube3Calyx56036267Y32543890Z74648163_pred_affs/721 with read ROI [2384:3952, 1232:2800, 3536:5104] (1568, 1568, 1568) and write ROI [2880:3456, 1728:2304, 4032:4608] (576, 576, 576)
Recorded block-done for octoCube3Calyx56036267Y32543890Z74648163_pred_affs/721 with read ROI [2384:3952, 1232:2800, 3536:5104] (1568, 1568, 1568) and write ROI [2880:3456, 1728:2304, 4032:4608] (576, 576, 576)
Recording block-done for octoCube3Calyx56036267Y32543890Z74648163_pred_affs/336 with read ROI [2384:3952, 1808:3376, 656:2224] (1568, 1568, 1568) and write ROI [2880:3456, 2304:2880, 1152:1728] (576, 576, 576)
Recorded block-done for octoCube3Calyx56036267Y32543890Z74648163_pred_affs/336 with read ROI [2384:3952, 1808:3376, 656:2224] (1568, 1568, 1568) and write ROI [2880:3456, 2304:2880, 1152:1728] (576, 576, 576)
Recording block-done for octoCube3Calyx56036267Y32543890Z74648163_pred_affs/346 with read ROI [2384:3952, 2384:3952, 80:1648] (1568, 1568, 1568) and write ROI [2880:3456, 2880:3456, 576:1152] (576, 576, 576)
Recorded block-done for octoCube3Calyx56036267Y32543890Z74648163_pred_affs/346 with read ROI [2384:3952, 2384:3952, 80:1648] (1568, 1568, 1568) and write ROI [2880:3456, 2880:3456, 576:1152] (576, 576, 576)
Recording block-done for octoCube3Calyx56036267Y32543890Z74648163_pred_affs/620 with read ROI [2384:3952, 2384:3952, 1808:3376] (1568, 1568, 1568) and write ROI [2880:3456, 2880:3456, 2304:2880] (576, 576, 576)
Recorded block-done for octoCube3Calyx56036267Y32543890Z74648163_pred_affs/620 with read ROI [2384:3952, 2384:3952, 1808:3376] (1568, 1568, 1568) and write ROI [2880:3456, 2880:3456, 2304:2880] (576, 576, 576)
Recording block-done for octoCube3Calyx56036267Y32543890Z74648163_pred_affs/876 with read ROI [2384:3952, 2384:3952, 2960:4528] (1568, 1568, 1568) and write ROI [2880:3456, 2880:3456, 3456:4032] (576, 576, 576)
Recorded block-done for octoCube3Calyx56036267Y32543890Z74648163_pred_affs/876 with read ROI [2384:3952, 2384:3952, 2960:4528] (1568, 1568, 1568) and write ROI [2880:3456, 2880:3456, 3456:4032] (576, 576, 576)
Recording block-done for octoCube3Calyx56036267Y32543890Z74648163_pred_affs/887 with read ROI [2384:3952, 2960:4528, 2384:3952] (1568, 1568, 1568) and write ROI [2880:3456, 3456:4032, 2880:3456] (576, 576, 576)
Recorded block-done for octoCube3Calyx56036267Y32543890Z74648163_pred_affs/887 with read ROI [2384:3952, 2960:4528, 2384:3952] (1568, 1568, 1568) and write ROI [2880:3456, 3456:4032, 2880:3456] (576, 576, 576)
Recording block-done for octoCube3Calyx56036267Y32543890Z74648163_pred_affs/631 with read ROI [2384:3952, 2960:4528, 1232:2800] (1568, 1568, 1568) and write ROI [2880:3456, 3456:4032, 1728:2304] (576, 576, 576)
Recorded block-done for octoCube3Calyx56036267Y32543890Z74648163_pred_affs/631 with read ROI [2384:3952, 2960:4528, 1232:2800] (1568, 1568, 1568) and write ROI [2880:3456, 3456:4032, 1728:2304] (576, 576, 576)
Recording block-done for octoCube3Calyx56036267Y32543890Z74648163_pred_affs/489 with read ROI [2960:4528, 80:1648, 2960:4528] (1568, 1568, 1568) and write ROI [3456:4032, 576:1152, 3456:4032] (576, 576, 576)
Recorded block-done for octoCube3Calyx56036267Y32543890Z74648163_pred_affs/489 with read ROI [2960:4528, 80:1648, 2960:4528] (1568, 1568, 1568) and write ROI [3456:4032, 576:1152, 3456:4032] (576, 576, 576)
Recording block-done for octoCube3Calyx56036267Y32543890Z74648163_pred_affs/320 with read ROI [2960:4528, 80:1648, 1808:3376] (1568, 1568, 1568) and write ROI [3456:4032, 576:1152, 2304:2880] (576, 576, 576)
Recorded block-done for octoCube3Calyx56036267Y32543890Z74648163_pred_affs/320 with read ROI [2960:4528, 80:1648, 1808:3376] (1568, 1568, 1568) and write ROI [3456:4032, 576:1152, 2304:2880] (576, 576, 576)
Recording block-done for octoCube3Calyx56036267Y32543890Z74648163_pred_affs/262 with read ROI [2960:4528, 656:2224, 656:2224] (1568, 1568, 1568) and write ROI [3456:4032, 1152:1728, 1152:1728] (576, 576, 576)
Recorded block-done for octoCube3Calyx56036267Y32543890Z74648163_pred_affs/262 with read ROI [2960:4528, 656:2224, 656:2224] (1568, 1568, 1568) and write ROI [3456:4032, 1152:1728, 1152:1728] (576, 576, 576)
Recording block-done for octoCube3Calyx56036267Y32543890Z74648163_pred_affs/271 with read ROI [2960:4528, 1232:2800, 80:1648] (1568, 1568, 1568) and write ROI [3456:4032, 1728:2304, 576:1152] (576, 576, 576)
Recorded block-done for octoCube3Calyx56036267Y32543890Z74648163_pred_affs/271 with read ROI [2960:4528, 1232:2800, 80:1648] (1568, 1568, 1568) and write ROI [3456:4032, 1728:2304, 576:1152] (576, 576, 576)
Recording block-done for octoCube3Calyx56036267Y32543890Z74648163_pred_affs/611 with read ROI [2960:4528, 1232:2800, 2384:3952] (1568, 1568, 1568) and write ROI [3456:4032, 1728:2304, 2880:3456] (576, 576, 576)
Recorded block-done for octoCube3Calyx56036267Y32543890Z74648163_pred_affs/611 with read ROI [2960:4528, 1232:2800, 2384:3952] (1568, 1568, 1568) and write ROI [3456:4032, 1728:2304, 2880:3456] (576, 576, 576)
Recording block-done for octoCube3Calyx56036267Y32543890Z74648163_pred_affs/415 with read ROI [2960:4528, 1232:2800, 1232:2800] (1568, 1568, 1568) and write ROI [3456:4032, 1728:2304, 1728:2304] (576, 576, 576)
Recorded block-done for octoCube3Calyx56036267Y32543890Z74648163_pred_affs/415 with read ROI [2960:4528, 1232:2800, 1232:2800] (1568, 1568, 1568) and write ROI [3456:4032, 1728:2304, 1728:2304] (576, 576, 576)
Recording block-done for octoCube3Calyx56036267Y32543890Z74648163_pred_affs/731 with read ROI [2960:4528, 1232:2800, 2960:4528] (1568, 1568, 1568) and write ROI [3456:4032, 1728:2304, 3456:4032] (576, 576, 576)
Recorded block-done for octoCube3Calyx56036267Y32543890Z74648163_pred_affs/731 with read ROI [2960:4528, 1232:2800, 2960:4528] (1568, 1568, 1568) and write ROI [3456:4032, 1728:2304, 3456:4032] (576, 576, 576)
Recording block-done for octoCube3Calyx56036267Y32543890Z74648163_pred_affs/741 with read ROI [2960:4528, 1808:3376, 2384:3952] (1568, 1568, 1568) and write ROI [3456:4032, 2304:2880, 2880:3456] (576, 576, 576)
Recorded block-done for octoCube3Calyx56036267Y32543890Z74648163_pred_affs/741 with read ROI [2960:4528, 1808:3376, 2384:3952] (1568, 1568, 1568) and write ROI [3456:4032, 2304:2880, 2880:3456] (576, 576, 576)
Recording block-done for octoCube3Calyx56036267Y32543890Z74648163_pred_affs/877 with read ROI [2960:4528, 1808:3376, 2960:4528] (1568, 1568, 1568) and write ROI [3456:4032, 2304:2880, 3456:4032] (576, 576, 576)
Recorded block-done for octoCube3Calyx56036267Y32543890Z74648163_pred_affs/877 with read ROI [2960:4528, 1808:3376, 2960:4528] (1568, 1568, 1568) and write ROI [3456:4032, 2304:2880, 3456:4032] (576, 576, 576)
Recording block-done for octoCube3Calyx56036267Y32543890Z74648163_pred_affs/632 with read ROI [2960:4528, 2384:3952, 1232:2800] (1568, 1568, 1568) and write ROI [3456:4032, 2880:3456, 1728:2304] (576, 576, 576)
Recorded block-done for octoCube3Calyx56036267Y32543890Z74648163_pred_affs/632 with read ROI [2960:4528, 2384:3952, 1232:2800] (1568, 1568, 1568) and write ROI [3456:4032, 2880:3456, 1728:2304] (576, 576, 576)
Recording block-done for octoCube3Calyx56036267Y32543890Z74648163_pred_affs/752 with read ROI [2960:4528, 2384:3952, 1808:3376] (1568, 1568, 1568) and write ROI [3456:4032, 2880:3456, 2304:2880] (576, 576, 576)
Recorded block-done for octoCube3Calyx56036267Y32543890Z74648163_pred_affs/752 with read ROI [2960:4528, 2384:3952, 1808:3376] (1568, 1568, 1568) and write ROI [3456:4032, 2880:3456, 2304:2880] (576, 576, 576)
Recording block-done for octoCube3Calyx56036267Y32543890Z74648163_pred_affs/1041 with read ROI [2960:4528, 2384:3952, 2960:4528] (1568, 1568, 1568) and write ROI [3456:4032, 2880:3456, 3456:4032] (576, 576, 576)
Recorded block-done for octoCube3Calyx56036267Y32543890Z74648163_pred_affs/1041 with read ROI [2960:4528, 2384:3952, 2960:4528] (1568, 1568, 1568) and write ROI [3456:4032, 2880:3456, 3456:4032] (576, 576, 576)
Recording block-done for octoCube3Calyx56036267Y32543890Z74648163_pred_affs/1224 with read ROI [2960:4528, 2960:4528, 2960:4528] (1568, 1568, 1568) and write ROI [3456:4032, 3456:4032, 3456:4032] (576, 576, 576)
Recorded block-done for octoCube3Calyx56036267Y32543890Z74648163_pred_affs/1224 with read ROI [2960:4528, 2960:4528, 2960:4528] (1568, 1568, 1568) and write ROI [3456:4032, 3456:4032, 3456:4032] (576, 576, 576)
Recording block-done for octoCube3Calyx56036267Y32543890Z74648163_pred_affs/764 with read ROI [2960:4528, 2960:4528, 1232:2800] (1568, 1568, 1568) and write ROI [3456:4032, 3456:4032, 1728:2304] (576, 576, 576)
Recorded block-done for octoCube3Calyx56036267Y32543890Z74648163_pred_affs/764 with read ROI [2960:4528, 2960:4528, 1232:2800] (1568, 1568, 1568) and write ROI [3456:4032, 3456:4032, 1728:2304] (576, 576, 576)
Recording block-done for octoCube3Calyx56036267Y32543890Z74648163_pred_affs/498 with read ROI [3536:5104, 80:1648, 2384:3952] (1568, 1568, 1568) and write ROI [4032:4608, 576:1152, 2880:3456] (576, 576, 576)
Recorded block-done for octoCube3Calyx56036267Y32543890Z74648163_pred_affs/498 with read ROI [3536:5104, 80:1648, 2384:3952] (1568, 1568, 1568) and write ROI [4032:4608, 576:1152, 2880:3456] (576, 576, 576)
Recording block-done for octoCube3Calyx56036267Y32543890Z74648163_pred_affs/407 with read ROI [3536:5104, 80:1648, 1808:3376] (1568, 1568, 1568) and write ROI [4032:4608, 576:1152, 2304:2880] (576, 576, 576)
Recorded block-done for octoCube3Calyx56036267Y32543890Z74648163_pred_affs/407 with read ROI [3536:5104, 80:1648, 1808:3376] (1568, 1568, 1568) and write ROI [4032:4608, 576:1152, 2304:2880] (576, 576, 576)
Recording block-done for octoCube3Calyx56036267Y32543890Z74648163_pred_affs/338 with read ROI [3536:5104, 656:2224, 656:2224] (1568, 1568, 1568) and write ROI [4032:4608, 1152:1728, 1152:1728] (576, 576, 576)
Recorded block-done for octoCube3Calyx56036267Y32543890Z74648163_pred_affs/338 with read ROI [3536:5104, 656:2224, 656:2224] (1568, 1568, 1568) and write ROI [4032:4608, 1152:1728, 1152:1728] (576, 576, 576)
Recording block-done for octoCube3Calyx56036267Y32543890Z74648163_pred_affs/507 with read ROI [3536:5104, 656:2224, 1808:3376] (1568, 1568, 1568) and write ROI [4032:4608, 1152:1728, 2304:2880] (576, 576, 576)
Recorded block-done for octoCube3Calyx56036267Y32543890Z74648163_pred_affs/507 with read ROI [3536:5104, 656:2224, 1808:3376] (1568, 1568, 1568) and write ROI [4032:4608, 1152:1728, 2304:2880] (576, 576, 576)
Recording block-done for octoCube3Calyx56036267Y32543890Z74648163_pred_affs/732 with read ROI [3536:5104, 656:2224, 2960:4528] (1568, 1568, 1568) and write ROI [4032:4608, 1152:1728, 3456:4032] (576, 576, 576)
Recorded block-done for octoCube3Calyx56036267Y32543890Z74648163_pred_affs/732 with read ROI [3536:5104, 656:2224, 2960:4528] (1568, 1568, 1568) and write ROI [4032:4608, 1152:1728, 3456:4032] (576, 576, 576)
Recording block-done for octoCube3Calyx56036267Y32543890Z74648163_pred_affs/742 with read ROI [3536:5104, 1232:2800, 2384:3952] (1568, 1568, 1568) and write ROI [4032:4608, 1728:2304, 2880:3456] (576, 576, 576)
Recorded block-done for octoCube3Calyx56036267Y32543890Z74648163_pred_affs/742 with read ROI [3536:5104, 1232:2800, 2384:3952] (1568, 1568, 1568) and write ROI [4032:4608, 1728:2304, 2880:3456] (576, 576, 576)
Recording block-done for octoCube3Calyx56036267Y32543890Z74648163_pred_affs/437 with read ROI [3536:5104, 1808:3376, 80:1648] (1568, 1568, 1568) and write ROI [4032:4608, 2304:2880, 576:1152] (576, 576, 576)
Recorded block-done for octoCube3Calyx56036267Y32543890Z74648163_pred_affs/437 with read ROI [3536:5104, 1808:3376, 80:1648] (1568, 1568, 1568) and write ROI [4032:4608, 2304:2880, 576:1152] (576, 576, 576)
Recording block-done for octoCube3Calyx56036267Y32543890Z74648163_pred_affs/1042 with read ROI [3536:5104, 1808:3376, 2960:4528] (1568, 1568, 1568) and write ROI [4032:4608, 2304:2880, 3456:4032] (576, 576, 576)
Recorded block-done for octoCube3Calyx56036267Y32543890Z74648163_pred_affs/1042 with read ROI [3536:5104, 1808:3376, 2960:4528] (1568, 1568, 1568) and write ROI [4032:4608, 2304:2880, 3456:4032] (576, 576, 576)
Recording block-done for octoCube3Calyx56036267Y32543890Z74648163_pred_affs/633 with read ROI [3536:5104, 1808:3376, 1232:2800] (1568, 1568, 1568) and write ROI [4032:4608, 2304:2880, 1728:2304] (576, 576, 576)
Recorded block-done for octoCube3Calyx56036267Y32543890Z74648163_pred_affs/633 with read ROI [3536:5104, 1808:3376, 1232:2800] (1568, 1568, 1568) and write ROI [4032:4608, 2304:2880, 1728:2304] (576, 576, 576)
Recording block-done for octoCube3Calyx56036267Y32543890Z74648163_pred_affs/645 with read ROI [3536:5104, 2384:3952, 656:2224] (1568, 1568, 1568) and write ROI [4032:4608, 2880:3456, 1152:1728] (576, 576, 576)
Recorded block-done for octoCube3Calyx56036267Y32543890Z74648163_pred_affs/645 with read ROI [3536:5104, 2384:3952, 656:2224] (1568, 1568, 1568) and write ROI [4032:4608, 2880:3456, 1152:1728] (576, 576, 576)
Recording block-done for octoCube3Calyx56036267Y32543890Z74648163_pred_affs/1054 with read ROI [3536:5104, 2384:3952, 2384:3952] (1568, 1568, 1568) and write ROI [4032:4608, 2880:3456, 2880:3456] (576, 576, 576)
Recorded block-done for octoCube3Calyx56036267Y32543890Z74648163_pred_affs/1054 with read ROI [3536:5104, 2384:3952, 2384:3952] (1568, 1568, 1568) and write ROI [4032:4608, 2880:3456, 2880:3456] (576, 576, 576)
Recording block-done for octoCube3Calyx56036267Y32543890Z74648163_pred_affs/1415 with read ROI [3536:5104, 2384:3952, 3536:5104] (1568, 1568, 1568) and write ROI [4032:4608, 2880:3456, 4032:4608] (576, 576, 576)
Recorded block-done for octoCube3Calyx56036267Y32543890Z74648163_pred_affs/1415 with read ROI [3536:5104, 2384:3952, 3536:5104] (1568, 1568, 1568) and write ROI [4032:4608, 2880:3456, 4032:4608] (576, 576, 576)
Recording block-done for octoCube3Calyx56036267Y32543890Z74648163_pred_affs/1238 with read ROI [3536:5104, 2960:4528, 2384:3952] (1568, 1568, 1568) and write ROI [4032:4608, 3456:4032, 2880:3456] (576, 576, 576)
Recorded block-done for octoCube3Calyx56036267Y32543890Z74648163_pred_affs/1238 with read ROI [3536:5104, 2960:4528, 2384:3952] (1568, 1568, 1568) and write ROI [4032:4608, 3456:4032, 2880:3456] (576, 576, 576)
Recording block-done for octoCube3Calyx56036267Y32543890Z74648163_pred_affs/1638 with read ROI [3536:5104, 2960:4528, 3536:5104] (1568, 1568, 1568) and write ROI [4032:4608, 3456:4032, 4032:4608] (576, 576, 576)
Recorded block-done for octoCube3Calyx56036267Y32543890Z74648163_pred_affs/1638 with read ROI [3536:5104, 2960:4528, 3536:5104] (1568, 1568, 1568) and write ROI [4032:4608, 3456:4032, 4032:4608] (576, 576, 576)
