MtlsdModel(
  (unet): UNet(
    (l_conv): ModuleList(
      (0): ConvPass(
        (conv_pass): Sequential(
          (0): Conv3d(1, 12, kernel_size=(3, 3, 3), stride=(1, 1, 1))
          (1): ReLU()
          (2): Conv3d(12, 12, kernel_size=(3, 3, 3), stride=(1, 1, 1))
          (3): ReLU()
        )
      )
      (1): ConvPass(
        (conv_pass): Sequential(
          (0): Conv3d(12, 60, kernel_size=(3, 3, 3), stride=(1, 1, 1))
          (1): ReLU()
          (2): Conv3d(60, 60, kernel_size=(3, 3, 3), stride=(1, 1, 1))
          (3): ReLU()
        )
      )
      (2): ConvPass(
        (conv_pass): Sequential(
          (0): Conv3d(60, 300, kernel_size=(3, 3, 3), stride=(1, 1, 1))
          (1): ReLU()
          (2): Conv3d(300, 300, kernel_size=(3, 3, 3), stride=(1, 1, 1))
          (3): ReLU()
        )
      )
      (3): ConvPass(
        (conv_pass): Sequential(
          (0): Conv3d(300, 1500, kernel_size=(3, 3, 3), stride=(1, 1, 1))
          (1): ReLU()
          (2): Conv3d(1500, 1500, kernel_size=(3, 3, 3), stride=(1, 1, 1))
          (3): ReLU()
        )
      )
    )
    (l_down): ModuleList(
      (0): Downsample(
        (down): MaxPool3d(kernel_size=[2, 2, 2], stride=[2, 2, 2], padding=0, dilation=1, ceil_mode=False)
      )
      (1): Downsample(
        (down): MaxPool3d(kernel_size=[2, 2, 2], stride=[2, 2, 2], padding=0, dilation=1, ceil_mode=False)
      )
      (2): Downsample(
        (down): MaxPool3d(kernel_size=[3, 3, 3], stride=[3, 3, 3], padding=0, dilation=1, ceil_mode=False)
      )
    )
    (r_up): ModuleList(
      (0): ModuleList(
        (0): Upsample(
          (up): ConvTranspose3d(60, 60, kernel_size=(2, 2, 2), stride=(2, 2, 2))
        )
        (1): Upsample(
          (up): ConvTranspose3d(300, 300, kernel_size=(2, 2, 2), stride=(2, 2, 2))
        )
        (2): Upsample(
          (up): ConvTranspose3d(1500, 1500, kernel_size=(3, 3, 3), stride=(3, 3, 3))
        )
      )
    )
    (r_conv): ModuleList(
      (0): ModuleList(
        (0): ConvPass(
          (conv_pass): Sequential(
            (0): Conv3d(72, 12, kernel_size=(3, 3, 3), stride=(1, 1, 1))
            (1): ReLU()
            (2): Conv3d(12, 12, kernel_size=(3, 3, 3), stride=(1, 1, 1))
            (3): ReLU()
          )
        )
        (1): ConvPass(
          (conv_pass): Sequential(
            (0): Conv3d(360, 60, kernel_size=(3, 3, 3), stride=(1, 1, 1))
            (1): ReLU()
            (2): Conv3d(60, 60, kernel_size=(3, 3, 3), stride=(1, 1, 1))
            (3): ReLU()
          )
        )
        (2): ConvPass(
          (conv_pass): Sequential(
            (0): Conv3d(1800, 300, kernel_size=(3, 3, 3), stride=(1, 1, 1))
            (1): ReLU()
            (2): Conv3d(300, 300, kernel_size=(3, 3, 3), stride=(1, 1, 1))
            (3): ReLU()
          )
        )
      )
    )
  )
  (lsd_head): ConvPass(
    (conv_pass): Sequential(
      (0): Conv3d(12, 10, kernel_size=(1, 1, 1), stride=(1, 1, 1))
      (1): Sigmoid()
    )
  )
  (aff_head): ConvPass(
    (conv_pass): Sequential(
      (0): Conv3d(12, 3, kernel_size=(1, 1, 1), stride=(1, 1, 1))
      (1): Sigmoid()
    )
  )
)
Model Parameters: 155.160M
Saving outputs to /media/samia/DATA/mounts/zstore1/lsd_outputs/OCTO_3CUBES_ZYX/MTLSD/3d/clahed_hemi_mito_unproof/model_checkpoint_300000/octo_cube3_calyx_5603_6267_y3254_3890_z7464_8163.zarr
local variable 'mask' referenced before assignment
Recording block-done for octoCube3Calyx56036267Y32543890Z74648163_pred_affs/88 with read ROI [80:1648, 80:1648, 2384:3952] (1568, 1568, 1568) and write ROI [576:1152, 576:1152, 2880:3456] (576, 576, 576)
Recorded block-done for octoCube3Calyx56036267Y32543890Z74648163_pred_affs/88 with read ROI [80:1648, 80:1648, 2384:3952] (1568, 1568, 1568) and write ROI [576:1152, 576:1152, 2880:3456] (576, 576, 576)
Recording block-done for octoCube3Calyx56036267Y32543890Z74648163_pred_affs/169 with read ROI [80:1648, 80:1648, 3536:5104] (1568, 1568, 1568) and write ROI [576:1152, 576:1152, 4032:4608] (576, 576, 576)
Recorded block-done for octoCube3Calyx56036267Y32543890Z74648163_pred_affs/169 with read ROI [80:1648, 80:1648, 3536:5104] (1568, 1568, 1568) and write ROI [576:1152, 576:1152, 4032:4608] (576, 576, 576)
Recording block-done for octoCube3Calyx56036267Y32543890Z74648163_pred_affs/124 with read ROI [80:1648, 80:1648, 2960:4528] (1568, 1568, 1568) and write ROI [576:1152, 576:1152, 3456:4032] (576, 576, 576)
Recorded block-done for octoCube3Calyx56036267Y32543890Z74648163_pred_affs/124 with read ROI [80:1648, 80:1648, 2960:4528] (1568, 1568, 1568) and write ROI [576:1152, 576:1152, 3456:4032] (576, 576, 576)
Recording block-done for octoCube3Calyx56036267Y32543890Z74648163_pred_affs/46 with read ROI [80:1648, 1232:2800, 80:1648] (1568, 1568, 1568) and write ROI [576:1152, 1728:2304, 576:1152] (576, 576, 576)
Recorded block-done for octoCube3Calyx56036267Y32543890Z74648163_pred_affs/46 with read ROI [80:1648, 1232:2800, 80:1648] (1568, 1568, 1568) and write ROI [576:1152, 1728:2304, 576:1152] (576, 576, 576)
Recording block-done for octoCube3Calyx56036267Y32543890Z74648163_pred_affs/91 with read ROI [80:1648, 656:2224, 1808:3376] (1568, 1568, 1568) and write ROI [576:1152, 1152:1728, 2304:2880] (576, 576, 576)
Recorded block-done for octoCube3Calyx56036267Y32543890Z74648163_pred_affs/91 with read ROI [80:1648, 656:2224, 1808:3376] (1568, 1568, 1568) and write ROI [576:1152, 1152:1728, 2304:2880] (576, 576, 576)
Recording block-done for octoCube3Calyx56036267Y32543890Z74648163_pred_affs/67 with read ROI [80:1648, 1232:2800, 656:2224] (1568, 1568, 1568) and write ROI [576:1152, 1728:2304, 1152:1728] (576, 576, 576)
Recorded block-done for octoCube3Calyx56036267Y32543890Z74648163_pred_affs/67 with read ROI [80:1648, 1232:2800, 656:2224] (1568, 1568, 1568) and write ROI [576:1152, 1728:2304, 1152:1728] (576, 576, 576)
Recording block-done for octoCube3Calyx56036267Y32543890Z74648163_pred_affs/297 with read ROI [80:1648, 1232:2800, 3536:5104] (1568, 1568, 1568) and write ROI [576:1152, 1728:2304, 4032:4608] (576, 576, 576)
Recorded block-done for octoCube3Calyx56036267Y32543890Z74648163_pred_affs/297 with read ROI [80:1648, 1232:2800, 3536:5104] (1568, 1568, 1568) and write ROI [576:1152, 1728:2304, 4032:4608] (576, 576, 576)
Recording block-done for octoCube3Calyx56036267Y32543890Z74648163_pred_affs/236 with read ROI [80:1648, 1808:3376, 2384:3952] (1568, 1568, 1568) and write ROI [576:1152, 2304:2880, 2880:3456] (576, 576, 576)
Recorded block-done for octoCube3Calyx56036267Y32543890Z74648163_pred_affs/236 with read ROI [80:1648, 1808:3376, 2384:3952] (1568, 1568, 1568) and write ROI [576:1152, 2304:2880, 2880:3456] (576, 576, 576)
Recording block-done for octoCube3Calyx56036267Y32543890Z74648163_pred_affs/100 with read ROI [80:1648, 1808:3376, 656:2224] (1568, 1568, 1568) and write ROI [576:1152, 2304:2880, 1152:1728] (576, 576, 576)
Recorded block-done for octoCube3Calyx56036267Y32543890Z74648163_pred_affs/100 with read ROI [80:1648, 1808:3376, 656:2224] (1568, 1568, 1568) and write ROI [576:1152, 2304:2880, 1152:1728] (576, 576, 576)
Recording block-done for octoCube3Calyx56036267Y32543890Z74648163_pred_affs/142 with read ROI [80:1648, 2384:3952, 656:2224] (1568, 1568, 1568) and write ROI [576:1152, 2880:3456, 1152:1728] (576, 576, 576)
Recorded block-done for octoCube3Calyx56036267Y32543890Z74648163_pred_affs/142 with read ROI [80:1648, 2384:3952, 656:2224] (1568, 1568, 1568) and write ROI [576:1152, 2880:3456, 1152:1728] (576, 576, 576)
Recording block-done for octoCube3Calyx56036267Y32543890Z74648163_pred_affs/308 with read ROI [80:1648, 2384:3952, 2384:3952] (1568, 1568, 1568) and write ROI [576:1152, 2880:3456, 2880:3456] (576, 576, 576)
Recorded block-done for octoCube3Calyx56036267Y32543890Z74648163_pred_affs/308 with read ROI [80:1648, 2384:3952, 2384:3952] (1568, 1568, 1568) and write ROI [576:1152, 2880:3456, 2880:3456] (576, 576, 576)
Recording block-done for octoCube3Calyx56036267Y32543890Z74648163_pred_affs/187 with read ROI [80:1648, 2384:3952, 1232:2800] (1568, 1568, 1568) and write ROI [576:1152, 2880:3456, 1728:2304] (576, 576, 576)
Recorded block-done for octoCube3Calyx56036267Y32543890Z74648163_pred_affs/187 with read ROI [80:1648, 2384:3952, 1232:2800] (1568, 1568, 1568) and write ROI [576:1152, 2880:3456, 1728:2304] (576, 576, 576)
Recording block-done for octoCube3Calyx56036267Y32543890Z74648163_pred_affs/393 with read ROI [80:1648, 2960:4528, 2384:3952] (1568, 1568, 1568) and write ROI [576:1152, 3456:4032, 2880:3456] (576, 576, 576)
Recorded block-done for octoCube3Calyx56036267Y32543890Z74648163_pred_affs/393 with read ROI [80:1648, 2960:4528, 2384:3952] (1568, 1568, 1568) and write ROI [576:1152, 3456:4032, 2880:3456] (576, 576, 576)
Recording block-done for octoCube3Calyx56036267Y32543890Z74648163_pred_affs/315 with read ROI [80:1648, 2960:4528, 1808:3376] (1568, 1568, 1568) and write ROI [576:1152, 3456:4032, 2304:2880] (576, 576, 576)
Recorded block-done for octoCube3Calyx56036267Y32543890Z74648163_pred_affs/315 with read ROI [80:1648, 2960:4528, 1808:3376] (1568, 1568, 1568) and write ROI [576:1152, 3456:4032, 2304:2880] (576, 576, 576)
Recording block-done for octoCube3Calyx56036267Y32543890Z74648163_pred_affs/92 with read ROI [656:2224, 80:1648, 1808:3376] (1568, 1568, 1568) and write ROI [1152:1728, 576:1152, 2304:2880] (576, 576, 576)
Recorded block-done for octoCube3Calyx56036267Y32543890Z74648163_pred_affs/92 with read ROI [656:2224, 80:1648, 1808:3376] (1568, 1568, 1568) and write ROI [1152:1728, 576:1152, 2304:2880] (576, 576, 576)
Recording block-done for octoCube3Calyx56036267Y32543890Z74648163_pred_affs/228 with read ROI [656:2224, 80:1648, 3536:5104] (1568, 1568, 1568) and write ROI [1152:1728, 576:1152, 4032:4608] (576, 576, 576)
Recorded block-done for octoCube3Calyx56036267Y32543890Z74648163_pred_affs/228 with read ROI [656:2224, 80:1648, 3536:5104] (1568, 1568, 1568) and write ROI [1152:1728, 576:1152, 4032:4608] (576, 576, 576)
Recording block-done for octoCube3Calyx56036267Y32543890Z74648163_pred_affs/47 with read ROI [656:2224, 656:2224, 80:1648] (1568, 1568, 1568) and write ROI [1152:1728, 1152:1728, 576:1152] (576, 576, 576)
Recorded block-done for octoCube3Calyx56036267Y32543890Z74648163_pred_affs/47 with read ROI [656:2224, 656:2224, 80:1648] (1568, 1568, 1568) and write ROI [1152:1728, 1152:1728, 576:1152] (576, 576, 576)
Recording block-done for octoCube3Calyx56036267Y32543890Z74648163_pred_affs/73 with read ROI [656:2224, 1232:2800, 80:1648] (1568, 1568, 1568) and write ROI [1152:1728, 1728:2304, 576:1152] (576, 576, 576)
Recorded block-done for octoCube3Calyx56036267Y32543890Z74648163_pred_affs/73 with read ROI [656:2224, 1232:2800, 80:1648] (1568, 1568, 1568) and write ROI [1152:1728, 1728:2304, 576:1152] (576, 576, 576)
Recording block-done for octoCube3Calyx56036267Y32543890Z74648163_pred_affs/232 with read ROI [656:2224, 656:2224, 2960:4528] (1568, 1568, 1568) and write ROI [1152:1728, 1152:1728, 3456:4032] (576, 576, 576)
Recorded block-done for octoCube3Calyx56036267Y32543890Z74648163_pred_affs/232 with read ROI [656:2224, 656:2224, 2960:4528] (1568, 1568, 1568) and write ROI [1152:1728, 1152:1728, 3456:4032] (576, 576, 576)
Recording block-done for octoCube3Calyx56036267Y32543890Z74648163_pred_affs/137 with read ROI [656:2224, 1232:2800, 1232:2800] (1568, 1568, 1568) and write ROI [1152:1728, 1728:2304, 1728:2304] (576, 576, 576)
Recorded block-done for octoCube3Calyx56036267Y32543890Z74648163_pred_affs/137 with read ROI [656:2224, 1232:2800, 1232:2800] (1568, 1568, 1568) and write ROI [1152:1728, 1728:2304, 1728:2304] (576, 576, 576)
Recording block-done for octoCube3Calyx56036267Y32543890Z74648163_pred_affs/303 with read ROI [656:2224, 1232:2800, 2960:4528] (1568, 1568, 1568) and write ROI [1152:1728, 1728:2304, 3456:4032] (576, 576, 576)
Recorded block-done for octoCube3Calyx56036267Y32543890Z74648163_pred_affs/303 with read ROI [656:2224, 1232:2800, 2960:4528] (1568, 1568, 1568) and write ROI [1152:1728, 1728:2304, 3456:4032] (576, 576, 576)
Recording block-done for octoCube3Calyx56036267Y32543890Z74648163_pred_affs/107 with read ROI [656:2224, 1808:3376, 80:1648] (1568, 1568, 1568) and write ROI [1152:1728, 2304:2880, 576:1152] (576, 576, 576)
Recorded block-done for octoCube3Calyx56036267Y32543890Z74648163_pred_affs/107 with read ROI [656:2224, 1808:3376, 80:1648] (1568, 1568, 1568) and write ROI [1152:1728, 2304:2880, 576:1152] (576, 576, 576)
Recording block-done for octoCube3Calyx56036267Y32543890Z74648163_pred_affs/387 with read ROI [656:2224, 1808:3376, 2960:4528] (1568, 1568, 1568) and write ROI [1152:1728, 2304:2880, 3456:4032] (576, 576, 576)
Recorded block-done for octoCube3Calyx56036267Y32543890Z74648163_pred_affs/387 with read ROI [656:2224, 1808:3376, 2960:4528] (1568, 1568, 1568) and write ROI [1152:1728, 2304:2880, 3456:4032] (576, 576, 576)
Recording block-done for octoCube3Calyx56036267Y32543890Z74648163_pred_affs/150 with read ROI [656:2224, 2384:3952, 80:1648] (1568, 1568, 1568) and write ROI [1152:1728, 2880:3456, 576:1152] (576, 576, 576)
Recorded block-done for octoCube3Calyx56036267Y32543890Z74648163_pred_affs/150 with read ROI [656:2224, 2384:3952, 80:1648] (1568, 1568, 1568) and write ROI [1152:1728, 2880:3456, 576:1152] (576, 576, 576)
Recording block-done for octoCube3Calyx56036267Y32543890Z74648163_pred_affs/250 with read ROI [656:2224, 2384:3952, 1232:2800] (1568, 1568, 1568) and write ROI [1152:1728, 2880:3456, 1728:2304] (576, 576, 576)
Recorded block-done for octoCube3Calyx56036267Y32543890Z74648163_pred_affs/250 with read ROI [656:2224, 2384:3952, 1232:2800] (1568, 1568, 1568) and write ROI [1152:1728, 2880:3456, 1728:2304] (576, 576, 576)
Recording block-done for octoCube3Calyx56036267Y32543890Z74648163_pred_affs/394 with read ROI [656:2224, 2384:3952, 2384:3952] (1568, 1568, 1568) and write ROI [1152:1728, 2880:3456, 2880:3456] (576, 576, 576)
Recorded block-done for octoCube3Calyx56036267Y32543890Z74648163_pred_affs/394 with read ROI [656:2224, 2384:3952, 2384:3952] (1568, 1568, 1568) and write ROI [1152:1728, 2880:3456, 2880:3456] (576, 576, 576)
Recording block-done for octoCube3Calyx56036267Y32543890Z74648163_pred_affs/485 with read ROI [656:2224, 2384:3952, 2960:4528] (1568, 1568, 1568) and write ROI [1152:1728, 2880:3456, 3456:4032] (576, 576, 576)
Recorded block-done for octoCube3Calyx56036267Y32543890Z74648163_pred_affs/485 with read ROI [656:2224, 2384:3952, 2960:4528] (1568, 1568, 1568) and write ROI [1152:1728, 2880:3456, 3456:4032] (576, 576, 576)
Recording block-done for octoCube3Calyx56036267Y32543890Z74648163_pred_affs/402 with read ROI [656:2224, 2960:4528, 1808:3376] (1568, 1568, 1568) and write ROI [1152:1728, 3456:4032, 2304:2880] (576, 576, 576)
Recorded block-done for octoCube3Calyx56036267Y32543890Z74648163_pred_affs/402 with read ROI [656:2224, 2960:4528, 1808:3376] (1568, 1568, 1568) and write ROI [1152:1728, 3456:4032, 2304:2880] (576, 576, 576)
Recording block-done for octoCube3Calyx56036267Y32543890Z74648163_pred_affs/718 with read ROI [656:2224, 2960:4528, 3536:5104] (1568, 1568, 1568) and write ROI [1152:1728, 3456:4032, 4032:4608] (576, 576, 576)
Recorded block-done for octoCube3Calyx56036267Y32543890Z74648163_pred_affs/718 with read ROI [656:2224, 2960:4528, 3536:5104] (1568, 1568, 1568) and write ROI [1152:1728, 3456:4032, 4032:4608] (576, 576, 576)
Recording block-done for octoCube3Calyx56036267Y32543890Z74648163_pred_affs/178 with read ROI [1232:2800, 80:1648, 2384:3952] (1568, 1568, 1568) and write ROI [1728:2304, 576:1152, 2880:3456] (576, 576, 576)
Recorded block-done for octoCube3Calyx56036267Y32543890Z74648163_pred_affs/178 with read ROI [1232:2800, 80:1648, 2384:3952] (1568, 1568, 1568) and write ROI [1728:2304, 576:1152, 2880:3456] (576, 576, 576)
Recording block-done for octoCube3Calyx56036267Y32543890Z74648163_pred_affs/233 with read ROI [1232:2800, 80:1648, 2960:4528] (1568, 1568, 1568) and write ROI [1728:2304, 576:1152, 3456:4032] (576, 576, 576)
Recorded block-done for octoCube3Calyx56036267Y32543890Z74648163_pred_affs/233 with read ROI [1232:2800, 80:1648, 2960:4528] (1568, 1568, 1568) and write ROI [1728:2304, 576:1152, 3456:4032] (576, 576, 576)
Recording block-done for octoCube3Calyx56036267Y32543890Z74648163_pred_affs/74 with read ROI [1232:2800, 656:2224, 80:1648] (1568, 1568, 1568) and write ROI [1728:2304, 1152:1728, 576:1152] (576, 576, 576)
Recorded block-done for octoCube3Calyx56036267Y32543890Z74648163_pred_affs/74 with read ROI [1232:2800, 656:2224, 80:1648] (1568, 1568, 1568) and write ROI [1728:2304, 1152:1728, 576:1152] (576, 576, 576)
Recording block-done for octoCube3Calyx56036267Y32543890Z74648163_pred_affs/183 with read ROI [1232:2800, 656:2224, 1808:3376] (1568, 1568, 1568) and write ROI [1728:2304, 1152:1728, 2304:2880] (576, 576, 576)
Recorded block-done for octoCube3Calyx56036267Y32543890Z74648163_pred_affs/183 with read ROI [1232:2800, 656:2224, 1808:3376] (1568, 1568, 1568) and write ROI [1728:2304, 1152:1728, 2304:2880] (576, 576, 576)
Recording block-done for octoCube3Calyx56036267Y32543890Z74648163_pred_affs/382 with read ROI [1232:2800, 656:2224, 3536:5104] (1568, 1568, 1568) and write ROI [1728:2304, 1152:1728, 4032:4608] (576, 576, 576)
Recorded block-done for octoCube3Calyx56036267Y32543890Z74648163_pred_affs/382 with read ROI [1232:2800, 656:2224, 3536:5104] (1568, 1568, 1568) and write ROI [1728:2304, 1152:1728, 4032:4608] (576, 576, 576)
Recording block-done for octoCube3Calyx56036267Y32543890Z74648163_pred_affs/189 with read ROI [1232:2800, 1232:2800, 1232:2800] (1568, 1568, 1568) and write ROI [1728:2304, 1728:2304, 1728:2304] (576, 576, 576)
Recorded block-done for octoCube3Calyx56036267Y32543890Z74648163_pred_affs/189 with read ROI [1232:2800, 1232:2800, 1232:2800] (1568, 1568, 1568) and write ROI [1728:2304, 1728:2304, 1728:2304] (576, 576, 576)
Recording block-done for octoCube3Calyx56036267Y32543890Z74648163_pred_affs/151 with read ROI [1232:2800, 1808:3376, 80:1648] (1568, 1568, 1568) and write ROI [1728:2304, 2304:2880, 576:1152] (576, 576, 576)
Recorded block-done for octoCube3Calyx56036267Y32543890Z74648163_pred_affs/151 with read ROI [1232:2800, 1808:3376, 80:1648] (1568, 1568, 1568) and write ROI [1728:2304, 2304:2880, 576:1152] (576, 576, 576)
Recording block-done for octoCube3Calyx56036267Y32543890Z74648163_pred_affs/395 with read ROI [1232:2800, 1808:3376, 2384:3952] (1568, 1568, 1568) and write ROI [1728:2304, 2304:2880, 2880:3456] (576, 576, 576)
Recorded block-done for octoCube3Calyx56036267Y32543890Z74648163_pred_affs/395 with read ROI [1232:2800, 1808:3376, 2384:3952] (1568, 1568, 1568) and write ROI [1728:2304, 2304:2880, 2880:3456] (576, 576, 576)
Recording block-done for octoCube3Calyx56036267Y32543890Z74648163_pred_affs/251 with read ROI [1232:2800, 1808:3376, 1232:2800] (1568, 1568, 1568) and write ROI [1728:2304, 2304:2880, 1728:2304] (576, 576, 576)
Recorded block-done for octoCube3Calyx56036267Y32543890Z74648163_pred_affs/251 with read ROI [1232:2800, 1808:3376, 1232:2800] (1568, 1568, 1568) and write ROI [1728:2304, 2304:2880, 1728:2304] (576, 576, 576)
Recording block-done for octoCube3Calyx56036267Y32543890Z74648163_pred_affs/325 with read ROI [1232:2800, 2384:3952, 1232:2800] (1568, 1568, 1568) and write ROI [1728:2304, 2880:3456, 1728:2304] (576, 576, 576)
Recorded block-done for octoCube3Calyx56036267Y32543890Z74648163_pred_affs/325 with read ROI [1232:2800, 2384:3952, 1232:2800] (1568, 1568, 1568) and write ROI [1728:2304, 2880:3456, 1728:2304] (576, 576, 576)
Recording block-done for octoCube3Calyx56036267Y32543890Z74648163_pred_affs/403 with read ROI [1232:2800, 2384:3952, 1808:3376] (1568, 1568, 1568) and write ROI [1728:2304, 2880:3456, 2304:2880] (576, 576, 576)
Recorded block-done for octoCube3Calyx56036267Y32543890Z74648163_pred_affs/403 with read ROI [1232:2800, 2384:3952, 1808:3376] (1568, 1568, 1568) and write ROI [1728:2304, 2880:3456, 2304:2880] (576, 576, 576)
Recording block-done for octoCube3Calyx56036267Y32543890Z74648163_pred_affs/719 with read ROI [1232:2800, 2384:3952, 3536:5104] (1568, 1568, 1568) and write ROI [1728:2304, 2880:3456, 4032:4608] (576, 576, 576)
Recorded block-done for octoCube3Calyx56036267Y32543890Z74648163_pred_affs/719 with read ROI [1232:2800, 2384:3952, 3536:5104] (1568, 1568, 1568) and write ROI [1728:2304, 2880:3456, 4032:4608] (576, 576, 576)
Recording block-done for octoCube3Calyx56036267Y32543890Z74648163_pred_affs/608 with read ROI [1232:2800, 2960:4528, 2384:3952] (1568, 1568, 1568) and write ROI [1728:2304, 3456:4032, 2880:3456] (576, 576, 576)
Recorded block-done for octoCube3Calyx56036267Y32543890Z74648163_pred_affs/608 with read ROI [1232:2800, 2960:4528, 2384:3952] (1568, 1568, 1568) and write ROI [1728:2304, 3456:4032, 2880:3456] (576, 576, 576)
Recording block-done for octoCube3Calyx56036267Y32543890Z74648163_pred_affs/412 with read ROI [1232:2800, 2960:4528, 1232:2800] (1568, 1568, 1568) and write ROI [1728:2304, 3456:4032, 1728:2304] (576, 576, 576)
Recorded block-done for octoCube3Calyx56036267Y32543890Z74648163_pred_affs/412 with read ROI [1232:2800, 2960:4528, 1232:2800] (1568, 1568, 1568) and write ROI [1728:2304, 3456:4032, 1728:2304] (576, 576, 576)
Recording block-done for octoCube3Calyx56036267Y32543890Z74648163_pred_affs/184 with read ROI [1808:3376, 80:1648, 1808:3376] (1568, 1568, 1568) and write ROI [2304:2880, 576:1152, 2304:2880] (576, 576, 576)
Recorded block-done for octoCube3Calyx56036267Y32543890Z74648163_pred_affs/184 with read ROI [1808:3376, 80:1648, 1808:3376] (1568, 1568, 1568) and write ROI [2304:2880, 576:1152, 2304:2880] (576, 576, 576)
Recording block-done for octoCube3Calyx56036267Y32543890Z74648163_pred_affs/139 with read ROI [1808:3376, 80:1648, 1232:2800] (1568, 1568, 1568) and write ROI [2304:2880, 576:1152, 1728:2304] (576, 576, 576)
Recorded block-done for octoCube3Calyx56036267Y32543890Z74648163_pred_affs/139 with read ROI [1808:3376, 80:1648, 1232:2800] (1568, 1568, 1568) and write ROI [2304:2880, 576:1152, 1728:2304] (576, 576, 576)
Recording block-done for octoCube3Calyx56036267Y32543890Z74648163_pred_affs/145 with read ROI [1808:3376, 656:2224, 656:2224] (1568, 1568, 1568) and write ROI [2304:2880, 1152:1728, 1152:1728] (576, 576, 576)
Recorded block-done for octoCube3Calyx56036267Y32543890Z74648163_pred_affs/145 with read ROI [1808:3376, 656:2224, 656:2224] (1568, 1568, 1568) and write ROI [2304:2880, 1152:1728, 1152:1728] (576, 576, 576)
Recording block-done for octoCube3Calyx56036267Y32543890Z74648163_pred_affs/396 with read ROI [1808:3376, 1232:2800, 2384:3952] (1568, 1568, 1568) and write ROI [2304:2880, 1728:2304, 2880:3456] (576, 576, 576)
Recorded block-done for octoCube3Calyx56036267Y32543890Z74648163_pred_affs/396 with read ROI [1808:3376, 1232:2800, 2384:3952] (1568, 1568, 1568) and write ROI [2304:2880, 1728:2304, 2880:3456] (576, 576, 576)
Recording block-done for octoCube3Calyx56036267Y32543890Z74648163_pred_affs/197 with read ROI [1808:3376, 1232:2800, 656:2224] (1568, 1568, 1568) and write ROI [2304:2880, 1728:2304, 1152:1728] (576, 576, 576)
Recorded block-done for octoCube3Calyx56036267Y32543890Z74648163_pred_affs/197 with read ROI [1808:3376, 1232:2800, 656:2224] (1568, 1568, 1568) and write ROI [2304:2880, 1728:2304, 1152:1728] (576, 576, 576)
Recording block-done for octoCube3Calyx56036267Y32543890Z74648163_pred_affs/252 with read ROI [1808:3376, 1232:2800, 1232:2800] (1568, 1568, 1568) and write ROI [2304:2880, 1728:2304, 1728:2304] (576, 576, 576)
Recorded block-done for octoCube3Calyx56036267Y32543890Z74648163_pred_affs/252 with read ROI [1808:3376, 1232:2800, 1232:2800] (1568, 1568, 1568) and write ROI [2304:2880, 1728:2304, 1728:2304] (576, 576, 576)
Recording block-done for octoCube3Calyx56036267Y32543890Z74648163_pred_affs/495 with read ROI [1808:3376, 1808:3376, 2384:3952] (1568, 1568, 1568) and write ROI [2304:2880, 2304:2880, 2880:3456] (576, 576, 576)
Recorded block-done for octoCube3Calyx56036267Y32543890Z74648163_pred_affs/495 with read ROI [1808:3376, 1808:3376, 2384:3952] (1568, 1568, 1568) and write ROI [2304:2880, 2304:2880, 2880:3456] (576, 576, 576)
Recording block-done for octoCube3Calyx56036267Y32543890Z74648163_pred_affs/404 with read ROI [1808:3376, 1808:3376, 1808:3376] (1568, 1568, 1568) and write ROI [2304:2880, 2304:2880, 2304:2880] (576, 576, 576)
Recorded block-done for octoCube3Calyx56036267Y32543890Z74648163_pred_affs/404 with read ROI [1808:3376, 1808:3376, 1808:3376] (1568, 1568, 1568) and write ROI [2304:2880, 2304:2880, 2304:2880] (576, 576, 576)
Recording block-done for octoCube3Calyx56036267Y32543890Z74648163_pred_affs/600 with read ROI [1808:3376, 1808:3376, 2960:4528] (1568, 1568, 1568) and write ROI [2304:2880, 2304:2880, 3456:4032] (576, 576, 576)
Recorded block-done for octoCube3Calyx56036267Y32543890Z74648163_pred_affs/600 with read ROI [1808:3376, 1808:3376, 2960:4528] (1568, 1568, 1568) and write ROI [2304:2880, 2304:2880, 3456:4032] (576, 576, 576)
Recording block-done for octoCube3Calyx56036267Y32543890Z74648163_pred_affs/504 with read ROI [1808:3376, 2384:3952, 1808:3376] (1568, 1568, 1568) and write ROI [2304:2880, 2880:3456, 2304:2880] (576, 576, 576)
Recorded block-done for octoCube3Calyx56036267Y32543890Z74648163_pred_affs/504 with read ROI [1808:3376, 2384:3952, 1808:3376] (1568, 1568, 1568) and write ROI [2304:2880, 2880:3456, 2304:2880] (576, 576, 576)
Recording block-done for octoCube3Calyx56036267Y32543890Z74648163_pred_affs/729 with read ROI [1808:3376, 2384:3952, 2960:4528] (1568, 1568, 1568) and write ROI [2304:2880, 2880:3456, 3456:4032] (576, 576, 576)
Recorded block-done for octoCube3Calyx56036267Y32543890Z74648163_pred_affs/729 with read ROI [1808:3376, 2384:3952, 2960:4528] (1568, 1568, 1568) and write ROI [2304:2880, 2880:3456, 3456:4032] (576, 576, 576)
Recording block-done for octoCube3Calyx56036267Y32543890Z74648163_pred_affs/345 with read ROI [1808:3376, 2960:4528, 80:1648] (1568, 1568, 1568) and write ROI [2304:2880, 3456:4032, 576:1152] (576, 576, 576)
Recorded block-done for octoCube3Calyx56036267Y32543890Z74648163_pred_affs/345 with read ROI [1808:3376, 2960:4528, 80:1648] (1568, 1568, 1568) and write ROI [2304:2880, 3456:4032, 576:1152] (576, 576, 576)
Recording block-done for octoCube3Calyx56036267Y32543890Z74648163_pred_affs/875 with read ROI [1808:3376, 2960:4528, 2960:4528] (1568, 1568, 1568) and write ROI [2304:2880, 3456:4032, 3456:4032] (576, 576, 576)
Recorded block-done for octoCube3Calyx56036267Y32543890Z74648163_pred_affs/875 with read ROI [1808:3376, 2960:4528, 2960:4528] (1568, 1568, 1568) and write ROI [2304:2880, 3456:4032, 3456:4032] (576, 576, 576)
Recording block-done for octoCube3Calyx56036267Y32543890Z74648163_pred_affs/246 with read ROI [2384:3952, 80:1648, 1808:3376] (1568, 1568, 1568) and write ROI [2880:3456, 576:1152, 2304:2880] (576, 576, 576)
Recorded block-done for octoCube3Calyx56036267Y32543890Z74648163_pred_affs/246 with read ROI [2384:3952, 80:1648, 1808:3376] (1568, 1568, 1568) and write ROI [2880:3456, 576:1152, 2304:2880] (576, 576, 576)
Recording block-done for octoCube3Calyx56036267Y32543890Z74648163_pred_affs/153 with read ROI [2384:3952, 656:2224, 80:1648] (1568, 1568, 1568) and write ROI [2880:3456, 1152:1728, 576:1152] (576, 576, 576)
Recorded block-done for octoCube3Calyx56036267Y32543890Z74648163_pred_affs/153 with read ROI [2384:3952, 656:2224, 80:1648] (1568, 1568, 1568) and write ROI [2880:3456, 1152:1728, 576:1152] (576, 576, 576)
Recording block-done for octoCube3Calyx56036267Y32543890Z74648163_pred_affs/198 with read ROI [2384:3952, 656:2224, 656:2224] (1568, 1568, 1568) and write ROI [2880:3456, 1152:1728, 1152:1728] (576, 576, 576)
Recorded block-done for octoCube3Calyx56036267Y32543890Z74648163_pred_affs/198 with read ROI [2384:3952, 656:2224, 656:2224] (1568, 1568, 1568) and write ROI [2880:3456, 1152:1728, 1152:1728] (576, 576, 576)
Recording block-done for octoCube3Calyx56036267Y32543890Z74648163_pred_affs/397 with read ROI [2384:3952, 656:2224, 2384:3952] (1568, 1568, 1568) and write ROI [2880:3456, 1152:1728, 2880:3456] (576, 576, 576)
Recorded block-done for octoCube3Calyx56036267Y32543890Z74648163_pred_affs/397 with read ROI [2384:3952, 656:2224, 2384:3952] (1568, 1568, 1568) and write ROI [2880:3456, 1152:1728, 2880:3456] (576, 576, 576)
Recording block-done for octoCube3Calyx56036267Y32543890Z74648163_pred_affs/261 with read ROI [2384:3952, 1232:2800, 656:2224] (1568, 1568, 1568) and write ROI [2880:3456, 1728:2304, 1152:1728] (576, 576, 576)
Recorded block-done for octoCube3Calyx56036267Y32543890Z74648163_pred_affs/261 with read ROI [2384:3952, 1232:2800, 656:2224] (1568, 1568, 1568) and write ROI [2880:3456, 1728:2304, 1152:1728] (576, 576, 576)
Recording block-done for octoCube3Calyx56036267Y32543890Z74648163_pred_affs/496 with read ROI [2384:3952, 1232:2800, 2384:3952] (1568, 1568, 1568) and write ROI [2880:3456, 1728:2304, 2880:3456] (576, 576, 576)
Recorded block-done for octoCube3Calyx56036267Y32543890Z74648163_pred_affs/496 with read ROI [2384:3952, 1232:2800, 2384:3952] (1568, 1568, 1568) and write ROI [2880:3456, 1728:2304, 2880:3456] (576, 576, 576)
Recording block-done for octoCube3Calyx56036267Y32543890Z74648163_pred_affs/405 with read ROI [2384:3952, 1232:2800, 1808:3376] (1568, 1568, 1568) and write ROI [2880:3456, 1728:2304, 2304:2880] (576, 576, 576)
Recorded block-done for octoCube3Calyx56036267Y32543890Z74648163_pred_affs/405 with read ROI [2384:3952, 1232:2800, 1808:3376] (1568, 1568, 1568) and write ROI [2880:3456, 1728:2304, 2304:2880] (576, 576, 576)
Recording block-done for octoCube3Calyx56036267Y32543890Z74648163_pred_affs/505 with read ROI [2384:3952, 1808:3376, 1808:3376] (1568, 1568, 1568) and write ROI [2880:3456, 2304:2880, 2304:2880] (576, 576, 576)
Recorded block-done for octoCube3Calyx56036267Y32543890Z74648163_pred_affs/505 with read ROI [2384:3952, 1808:3376, 1808:3376] (1568, 1568, 1568) and write ROI [2880:3456, 2304:2880, 2304:2880] (576, 576, 576)
Recording block-done for octoCube3Calyx56036267Y32543890Z74648163_pred_affs/730 with read ROI [2384:3952, 1808:3376, 2960:4528] (1568, 1568, 1568) and write ROI [2880:3456, 2304:2880, 3456:4032] (576, 576, 576)
Recorded block-done for octoCube3Calyx56036267Y32543890Z74648163_pred_affs/730 with read ROI [2384:3952, 1808:3376, 2960:4528] (1568, 1568, 1568) and write ROI [2880:3456, 2304:2880, 3456:4032] (576, 576, 576)
Recording block-done for octoCube3Calyx56036267Y32543890Z74648163_pred_affs/866 with read ROI [2384:3952, 1808:3376, 3536:5104] (1568, 1568, 1568) and write ROI [2880:3456, 2304:2880, 4032:4608] (576, 576, 576)
Recorded block-done for octoCube3Calyx56036267Y32543890Z74648163_pred_affs/866 with read ROI [2384:3952, 1808:3376, 3536:5104] (1568, 1568, 1568) and write ROI [2880:3456, 2304:2880, 4032:4608] (576, 576, 576)
Recording block-done for octoCube3Calyx56036267Y32543890Z74648163_pred_affs/1029 with read ROI [2384:3952, 2384:3952, 3536:5104] (1568, 1568, 1568) and write ROI [2880:3456, 2880:3456, 4032:4608] (576, 576, 576)
Recorded block-done for octoCube3Calyx56036267Y32543890Z74648163_pred_affs/1029 with read ROI [2384:3952, 2384:3952, 3536:5104] (1568, 1568, 1568) and write ROI [2880:3456, 2880:3456, 4032:4608] (576, 576, 576)
Recording block-done for octoCube3Calyx56036267Y32543890Z74648163_pred_affs/435 with read ROI [2384:3952, 2960:4528, 80:1648] (1568, 1568, 1568) and write ROI [2880:3456, 3456:4032, 576:1152] (576, 576, 576)
Recorded block-done for octoCube3Calyx56036267Y32543890Z74648163_pred_affs/435 with read ROI [2384:3952, 2960:4528, 80:1648] (1568, 1568, 1568) and write ROI [2880:3456, 3456:4032, 576:1152] (576, 576, 576)
Recording block-done for octoCube3Calyx56036267Y32543890Z74648163_pred_affs/526 with read ROI [2384:3952, 2960:4528, 656:2224] (1568, 1568, 1568) and write ROI [2880:3456, 3456:4032, 1152:1728] (576, 576, 576)
Recorded block-done for octoCube3Calyx56036267Y32543890Z74648163_pred_affs/526 with read ROI [2384:3952, 2960:4528, 656:2224] (1568, 1568, 1568) and write ROI [2880:3456, 3456:4032, 1152:1728] (576, 576, 576)
Recording block-done for octoCube3Calyx56036267Y32543890Z74648163_pred_affs/398 with read ROI [2960:4528, 80:1648, 2384:3952] (1568, 1568, 1568) and write ROI [3456:4032, 576:1152, 2880:3456] (576, 576, 576)
Recorded block-done for octoCube3Calyx56036267Y32543890Z74648163_pred_affs/398 with read ROI [2960:4528, 80:1648, 2384:3952] (1568, 1568, 1568) and write ROI [3456:4032, 576:1152, 2880:3456] (576, 576, 576)
Recording block-done for octoCube3Calyx56036267Y32543890Z74648163_pred_affs/254 with read ROI [2960:4528, 80:1648, 1232:2800] (1568, 1568, 1568) and write ROI [3456:4032, 576:1152, 1728:2304] (576, 576, 576)
Recorded block-done for octoCube3Calyx56036267Y32543890Z74648163_pred_affs/254 with read ROI [2960:4528, 80:1648, 1232:2800] (1568, 1568, 1568) and write ROI [3456:4032, 576:1152, 1728:2304] (576, 576, 576)
Recording block-done for octoCube3Calyx56036267Y32543890Z74648163_pred_affs/207 with read ROI [2960:4528, 656:2224, 80:1648] (1568, 1568, 1568) and write ROI [3456:4032, 1152:1728, 576:1152] (576, 576, 576)
Recorded block-done for octoCube3Calyx56036267Y32543890Z74648163_pred_affs/207 with read ROI [2960:4528, 656:2224, 80:1648] (1568, 1568, 1568) and write ROI [3456:4032, 1152:1728, 576:1152] (576, 576, 576)
Recording block-done for octoCube3Calyx56036267Y32543890Z74648163_pred_affs/406 with read ROI [2960:4528, 656:2224, 1808:3376] (1568, 1568, 1568) and write ROI [3456:4032, 1152:1728, 2304:2880] (576, 576, 576)
Recorded block-done for octoCube3Calyx56036267Y32543890Z74648163_pred_affs/406 with read ROI [2960:4528, 656:2224, 1808:3376] (1568, 1568, 1568) and write ROI [3456:4032, 1152:1728, 2304:2880] (576, 576, 576)
Recording block-done for octoCube3Calyx56036267Y32543890Z74648163_pred_affs/602 with read ROI [2960:4528, 656:2224, 2960:4528] (1568, 1568, 1568) and write ROI [3456:4032, 1152:1728, 3456:4032] (576, 576, 576)
Recorded block-done for octoCube3Calyx56036267Y32543890Z74648163_pred_affs/602 with read ROI [2960:4528, 656:2224, 2960:4528] (1568, 1568, 1568) and write ROI [3456:4032, 1152:1728, 3456:4032] (576, 576, 576)
Recording block-done for octoCube3Calyx56036267Y32543890Z74648163_pred_affs/337 with read ROI [2960:4528, 1232:2800, 656:2224] (1568, 1568, 1568) and write ROI [3456:4032, 1728:2304, 1152:1728] (576, 576, 576)
Recorded block-done for octoCube3Calyx56036267Y32543890Z74648163_pred_affs/337 with read ROI [2960:4528, 1232:2800, 656:2224] (1568, 1568, 1568) and write ROI [3456:4032, 1728:2304, 1152:1728] (576, 576, 576)
Recording block-done for octoCube3Calyx56036267Y32543890Z74648163_pred_affs/347 with read ROI [2960:4528, 1808:3376, 80:1648] (1568, 1568, 1568) and write ROI [3456:4032, 2304:2880, 576:1152] (576, 576, 576)
Recorded block-done for octoCube3Calyx56036267Y32543890Z74648163_pred_affs/347 with read ROI [2960:4528, 1808:3376, 80:1648] (1568, 1568, 1568) and write ROI [3456:4032, 2304:2880, 576:1152] (576, 576, 576)
Recording block-done for octoCube3Calyx56036267Y32543890Z74648163_pred_affs/867 with read ROI [2960:4528, 1232:2800, 3536:5104] (1568, 1568, 1568) and write ROI [3456:4032, 1728:2304, 4032:4608] (576, 576, 576)
Recorded block-done for octoCube3Calyx56036267Y32543890Z74648163_pred_affs/867 with read ROI [2960:4528, 1232:2800, 3536:5104] (1568, 1568, 1568) and write ROI [3456:4032, 1728:2304, 4032:4608] (576, 576, 576)
Recording block-done for octoCube3Calyx56036267Y32543890Z74648163_pred_affs/436 with read ROI [2960:4528, 2384:3952, 80:1648] (1568, 1568, 1568) and write ROI [3456:4032, 2880:3456, 576:1152] (576, 576, 576)
Recorded block-done for octoCube3Calyx56036267Y32543890Z74648163_pred_affs/436 with read ROI [2960:4528, 2384:3952, 80:1648] (1568, 1568, 1568) and write ROI [3456:4032, 2880:3456, 576:1152] (576, 576, 576)
Recording block-done for octoCube3Calyx56036267Y32543890Z74648163_pred_affs/621 with read ROI [2960:4528, 1808:3376, 1808:3376] (1568, 1568, 1568) and write ROI [3456:4032, 2304:2880, 2304:2880] (576, 576, 576)
Recorded block-done for octoCube3Calyx56036267Y32543890Z74648163_pred_affs/621 with read ROI [2960:4528, 1808:3376, 1808:3376] (1568, 1568, 1568) and write ROI [3456:4032, 2304:2880, 2304:2880] (576, 576, 576)
Recording block-done for octoCube3Calyx56036267Y32543890Z74648163_pred_affs/527 with read ROI [2960:4528, 2384:3952, 656:2224] (1568, 1568, 1568) and write ROI [3456:4032, 2880:3456, 1152:1728] (576, 576, 576)
Recorded block-done for octoCube3Calyx56036267Y32543890Z74648163_pred_affs/527 with read ROI [2960:4528, 2384:3952, 656:2224] (1568, 1568, 1568) and write ROI [3456:4032, 2880:3456, 1152:1728] (576, 576, 576)
Recording block-done for octoCube3Calyx56036267Y32543890Z74648163_pred_affs/888 with read ROI [2960:4528, 2384:3952, 2384:3952] (1568, 1568, 1568) and write ROI [3456:4032, 2880:3456, 2880:3456] (576, 576, 576)
Recorded block-done for octoCube3Calyx56036267Y32543890Z74648163_pred_affs/888 with read ROI [2960:4528, 2384:3952, 2384:3952] (1568, 1568, 1568) and write ROI [3456:4032, 2880:3456, 2880:3456] (576, 576, 576)
Recording block-done for octoCube3Calyx56036267Y32543890Z74648163_pred_affs/539 with read ROI [2960:4528, 2960:4528, 80:1648] (1568, 1568, 1568) and write ROI [3456:4032, 3456:4032, 576:1152] (576, 576, 576)
Recorded block-done for octoCube3Calyx56036267Y32543890Z74648163_pred_affs/539 with read ROI [2960:4528, 2960:4528, 80:1648] (1568, 1568, 1568) and write ROI [3456:4032, 3456:4032, 576:1152] (576, 576, 576)
Recording block-done for octoCube3Calyx56036267Y32543890Z74648163_pred_affs/1414 with read ROI [2960:4528, 2960:4528, 3536:5104] (1568, 1568, 1568) and write ROI [3456:4032, 3456:4032, 4032:4608] (576, 576, 576)
Recorded block-done for octoCube3Calyx56036267Y32543890Z74648163_pred_affs/1414 with read ROI [2960:4528, 2960:4528, 3536:5104] (1568, 1568, 1568) and write ROI [3456:4032, 3456:4032, 4032:4608] (576, 576, 576)
Recording block-done for octoCube3Calyx56036267Y32543890Z74648163_pred_affs/900 with read ROI [2960:4528, 2960:4528, 1808:3376] (1568, 1568, 1568) and write ROI [3456:4032, 3456:4032, 2304:2880] (576, 576, 576)
Recorded block-done for octoCube3Calyx56036267Y32543890Z74648163_pred_affs/900 with read ROI [2960:4528, 2960:4528, 1808:3376] (1568, 1568, 1568) and write ROI [3456:4032, 3456:4032, 2304:2880] (576, 576, 576)
Recording block-done for octoCube3Calyx56036267Y32543890Z74648163_pred_affs/263 with read ROI [3536:5104, 80:1648, 656:2224] (1568, 1568, 1568) and write ROI [4032:4608, 576:1152, 1152:1728] (576, 576, 576)
Recorded block-done for octoCube3Calyx56036267Y32543890Z74648163_pred_affs/263 with read ROI [3536:5104, 80:1648, 656:2224] (1568, 1568, 1568) and write ROI [4032:4608, 576:1152, 1152:1728] (576, 576, 576)
Recording block-done for octoCube3Calyx56036267Y32543890Z74648163_pred_affs/329 with read ROI [3536:5104, 80:1648, 1232:2800] (1568, 1568, 1568) and write ROI [4032:4608, 576:1152, 1728:2304] (576, 576, 576)
Recorded block-done for octoCube3Calyx56036267Y32543890Z74648163_pred_affs/329 with read ROI [3536:5104, 80:1648, 1232:2800] (1568, 1568, 1568) and write ROI [4032:4608, 576:1152, 1728:2304] (576, 576, 576)
Recording block-done for octoCube3Calyx56036267Y32543890Z74648163_pred_affs/272 with read ROI [3536:5104, 656:2224, 80:1648] (1568, 1568, 1568) and write ROI [4032:4608, 1152:1728, 576:1152] (576, 576, 576)
Recorded block-done for octoCube3Calyx56036267Y32543890Z74648163_pred_affs/272 with read ROI [3536:5104, 656:2224, 80:1648] (1568, 1568, 1568) and write ROI [4032:4608, 1152:1728, 576:1152] (576, 576, 576)
Recording block-done for octoCube3Calyx56036267Y32543890Z74648163_pred_affs/612 with read ROI [3536:5104, 656:2224, 2384:3952] (1568, 1568, 1568) and write ROI [4032:4608, 1152:1728, 2880:3456] (576, 576, 576)
Recorded block-done for octoCube3Calyx56036267Y32543890Z74648163_pred_affs/612 with read ROI [3536:5104, 656:2224, 2384:3952] (1568, 1568, 1568) and write ROI [4032:4608, 1152:1728, 2880:3456] (576, 576, 576)
Recording block-done for octoCube3Calyx56036267Y32543890Z74648163_pred_affs/517 with read ROI [3536:5104, 1232:2800, 1232:2800] (1568, 1568, 1568) and write ROI [4032:4608, 1728:2304, 1728:2304] (576, 576, 576)
Recorded block-done for octoCube3Calyx56036267Y32543890Z74648163_pred_affs/517 with read ROI [3536:5104, 1232:2800, 1232:2800] (1568, 1568, 1568) and write ROI [4032:4608, 1728:2304, 1728:2304] (576, 576, 576)
Recording block-done for octoCube3Calyx56036267Y32543890Z74648163_pred_affs/426 with read ROI [3536:5104, 1232:2800, 656:2224] (1568, 1568, 1568) and write ROI [4032:4608, 1728:2304, 1152:1728] (576, 576, 576)
Recorded block-done for octoCube3Calyx56036267Y32543890Z74648163_pred_affs/426 with read ROI [3536:5104, 1232:2800, 656:2224] (1568, 1568, 1568) and write ROI [4032:4608, 1728:2304, 1152:1728] (576, 576, 576)
Recording block-done for octoCube3Calyx56036267Y32543890Z74648163_pred_affs/622 with read ROI [3536:5104, 1232:2800, 1808:3376] (1568, 1568, 1568) and write ROI [4032:4608, 1728:2304, 2304:2880] (576, 576, 576)
Recorded block-done for octoCube3Calyx56036267Y32543890Z74648163_pred_affs/622 with read ROI [3536:5104, 1232:2800, 1808:3376] (1568, 1568, 1568) and write ROI [4032:4608, 1728:2304, 2304:2880] (576, 576, 576)
Recording block-done for octoCube3Calyx56036267Y32543890Z74648163_pred_affs/889 with read ROI [3536:5104, 1808:3376, 2384:3952] (1568, 1568, 1568) and write ROI [4032:4608, 2304:2880, 2880:3456] (576, 576, 576)
Recorded block-done for octoCube3Calyx56036267Y32543890Z74648163_pred_affs/889 with read ROI [3536:5104, 1808:3376, 2384:3952] (1568, 1568, 1568) and write ROI [4032:4608, 2304:2880, 2880:3456] (576, 576, 576)
Recording block-done for octoCube3Calyx56036267Y32543890Z74648163_pred_affs/753 with read ROI [3536:5104, 1808:3376, 1808:3376] (1568, 1568, 1568) and write ROI [4032:4608, 2304:2880, 2304:2880] (576, 576, 576)
Recorded block-done for octoCube3Calyx56036267Y32543890Z74648163_pred_affs/753 with read ROI [3536:5104, 1808:3376, 1808:3376] (1568, 1568, 1568) and write ROI [4032:4608, 2304:2880, 2304:2880] (576, 576, 576)
Recording block-done for octoCube3Calyx56036267Y32543890Z74648163_pred_affs/765 with read ROI [3536:5104, 2384:3952, 1232:2800] (1568, 1568, 1568) and write ROI [4032:4608, 2880:3456, 1728:2304] (576, 576, 576)
Recorded block-done for octoCube3Calyx56036267Y32543890Z74648163_pred_affs/765 with read ROI [3536:5104, 2384:3952, 1232:2800] (1568, 1568, 1568) and write ROI [4032:4608, 2880:3456, 1728:2304] (576, 576, 576)
Recording block-done for octoCube3Calyx56036267Y32543890Z74648163_pred_affs/901 with read ROI [3536:5104, 2384:3952, 1808:3376] (1568, 1568, 1568) and write ROI [4032:4608, 2880:3456, 2304:2880] (576, 576, 576)
Recorded block-done for octoCube3Calyx56036267Y32543890Z74648163_pred_affs/901 with read ROI [3536:5104, 2384:3952, 1808:3376] (1568, 1568, 1568) and write ROI [4032:4608, 2880:3456, 2304:2880] (576, 576, 576)
Recording block-done for octoCube3Calyx56036267Y32543890Z74648163_pred_affs/658 with read ROI [3536:5104, 2960:4528, 80:1648] (1568, 1568, 1568) and write ROI [4032:4608, 3456:4032, 576:1152] (576, 576, 576)
Recorded block-done for octoCube3Calyx56036267Y32543890Z74648163_pred_affs/658 with read ROI [3536:5104, 2960:4528, 80:1648] (1568, 1568, 1568) and write ROI [4032:4608, 3456:4032, 576:1152] (576, 576, 576)
Recording block-done for octoCube3Calyx56036267Y32543890Z74648163_pred_affs/778 with read ROI [3536:5104, 2960:4528, 656:2224] (1568, 1568, 1568) and write ROI [4032:4608, 3456:4032, 1152:1728] (576, 576, 576)
Recorded block-done for octoCube3Calyx56036267Y32543890Z74648163_pred_affs/778 with read ROI [3536:5104, 2960:4528, 656:2224] (1568, 1568, 1568) and write ROI [4032:4608, 3456:4032, 1152:1728] (576, 576, 576)
Recording block-done for octoCube3Calyx56036267Y32543890Z74648163_pred_affs/1428 with read ROI [3536:5104, 2960:4528, 2960:4528] (1568, 1568, 1568) and write ROI [4032:4608, 3456:4032, 3456:4032] (576, 576, 576)
Recorded block-done for octoCube3Calyx56036267Y32543890Z74648163_pred_affs/1428 with read ROI [3536:5104, 2960:4528, 2960:4528] (1568, 1568, 1568) and write ROI [4032:4608, 3456:4032, 3456:4032] (576, 576, 576)
