MtlsdModel(
  (unet): UNet(
    (l_conv): ModuleList(
      (0): ConvPass(
        (conv_pass): Sequential(
          (0): Conv3d(1, 12, kernel_size=(3, 3, 3), stride=(1, 1, 1))
          (1): ReLU()
          (2): Conv3d(12, 12, kernel_size=(3, 3, 3), stride=(1, 1, 1))
          (3): ReLU()
        )
      )
      (1): ConvPass(
        (conv_pass): Sequential(
          (0): Conv3d(12, 60, kernel_size=(3, 3, 3), stride=(1, 1, 1))
          (1): ReLU()
          (2): Conv3d(60, 60, kernel_size=(3, 3, 3), stride=(1, 1, 1))
          (3): ReLU()
        )
      )
      (2): ConvPass(
        (conv_pass): Sequential(
          (0): Conv3d(60, 300, kernel_size=(3, 3, 3), stride=(1, 1, 1))
          (1): ReLU()
          (2): Conv3d(300, 300, kernel_size=(3, 3, 3), stride=(1, 1, 1))
          (3): ReLU()
        )
      )
      (3): ConvPass(
        (conv_pass): Sequential(
          (0): Conv3d(300, 1500, kernel_size=(3, 3, 3), stride=(1, 1, 1))
          (1): ReLU()
          (2): Conv3d(1500, 1500, kernel_size=(3, 3, 3), stride=(1, 1, 1))
          (3): ReLU()
        )
      )
    )
    (l_down): ModuleList(
      (0): Downsample(
        (down): MaxPool3d(kernel_size=[2, 2, 2], stride=[2, 2, 2], padding=0, dilation=1, ceil_mode=False)
      )
      (1): Downsample(
        (down): MaxPool3d(kernel_size=[2, 2, 2], stride=[2, 2, 2], padding=0, dilation=1, ceil_mode=False)
      )
      (2): Downsample(
        (down): MaxPool3d(kernel_size=[3, 3, 3], stride=[3, 3, 3], padding=0, dilation=1, ceil_mode=False)
      )
    )
    (r_up): ModuleList(
      (0): ModuleList(
        (0): Upsample(
          (up): ConvTranspose3d(60, 60, kernel_size=(2, 2, 2), stride=(2, 2, 2))
        )
        (1): Upsample(
          (up): ConvTranspose3d(300, 300, kernel_size=(2, 2, 2), stride=(2, 2, 2))
        )
        (2): Upsample(
          (up): ConvTranspose3d(1500, 1500, kernel_size=(3, 3, 3), stride=(3, 3, 3))
        )
      )
    )
    (r_conv): ModuleList(
      (0): ModuleList(
        (0): ConvPass(
          (conv_pass): Sequential(
            (0): Conv3d(72, 12, kernel_size=(3, 3, 3), stride=(1, 1, 1))
            (1): ReLU()
            (2): Conv3d(12, 12, kernel_size=(3, 3, 3), stride=(1, 1, 1))
            (3): ReLU()
          )
        )
        (1): ConvPass(
          (conv_pass): Sequential(
            (0): Conv3d(360, 60, kernel_size=(3, 3, 3), stride=(1, 1, 1))
            (1): ReLU()
            (2): Conv3d(60, 60, kernel_size=(3, 3, 3), stride=(1, 1, 1))
            (3): ReLU()
          )
        )
        (2): ConvPass(
          (conv_pass): Sequential(
            (0): Conv3d(1800, 300, kernel_size=(3, 3, 3), stride=(1, 1, 1))
            (1): ReLU()
            (2): Conv3d(300, 300, kernel_size=(3, 3, 3), stride=(1, 1, 1))
            (3): ReLU()
          )
        )
      )
    )
  )
  (lsd_head): ConvPass(
    (conv_pass): Sequential(
      (0): Conv3d(12, 10, kernel_size=(1, 1, 1), stride=(1, 1, 1))
      (1): Sigmoid()
    )
  )
  (aff_head): ConvPass(
    (conv_pass): Sequential(
      (0): Conv3d(12, 3, kernel_size=(1, 1, 1), stride=(1, 1, 1))
      (1): Sigmoid()
    )
  )
)
Model Parameters: 155.160M
Saving outputs to /media/samia/DATA/mounts/zstore1/lsd_outputs/OCTO_3CUBES_ZYX/MTLSD/3d/clahed_hemi_mito_unproof/model_checkpoint_300000/octo_cube3_calyx_5603_6267_y3254_3890_z7464_8163.zarr
local variable 'mask' referenced before assignment
Recording block-done for octoCube3Calyx56036267Y32543890Z74648163_pred_affs/39 with read ROI [80:1648, 80:1648, 1232:2800] (1568, 1568, 1568) and write ROI [576:1152, 576:1152, 1728:2304] (576, 576, 576)
Recorded block-done for octoCube3Calyx56036267Y32543890Z74648163_pred_affs/39 with read ROI [80:1648, 80:1648, 1232:2800] (1568, 1568, 1568) and write ROI [576:1152, 576:1152, 1728:2304] (576, 576, 576)
Recording block-done for octoCube3Calyx56036267Y32543890Z74648163_pred_affs/60 with read ROI [80:1648, 80:1648, 1808:3376] (1568, 1568, 1568) and write ROI [576:1152, 576:1152, 2304:2880] (576, 576, 576)
Recorded block-done for octoCube3Calyx56036267Y32543890Z74648163_pred_affs/60 with read ROI [80:1648, 80:1648, 1808:3376] (1568, 1568, 1568) and write ROI [576:1152, 576:1152, 2304:2880] (576, 576, 576)
Recording block-done for octoCube3Calyx56036267Y32543890Z74648163_pred_affs/27 with read ROI [80:1648, 656:2224, 80:1648] (1568, 1568, 1568) and write ROI [576:1152, 1152:1728, 576:1152] (576, 576, 576)
Recorded block-done for octoCube3Calyx56036267Y32543890Z74648163_pred_affs/27 with read ROI [80:1648, 656:2224, 80:1648] (1568, 1568, 1568) and write ROI [576:1152, 1152:1728, 576:1152] (576, 576, 576)
Recording block-done for octoCube3Calyx56036267Y32543890Z74648163_pred_affs/172 with read ROI [80:1648, 656:2224, 2960:4528] (1568, 1568, 1568) and write ROI [576:1152, 1152:1728, 3456:4032] (576, 576, 576)
Recorded block-done for octoCube3Calyx56036267Y32543890Z74648163_pred_affs/172 with read ROI [80:1648, 656:2224, 2960:4528] (1568, 1568, 1568) and write ROI [576:1152, 1152:1728, 3456:4032] (576, 576, 576)
Recording block-done for octoCube3Calyx56036267Y32543890Z74648163_pred_affs/63 with read ROI [80:1648, 656:2224, 1232:2800] (1568, 1568, 1568) and write ROI [576:1152, 1152:1728, 1728:2304] (576, 576, 576)
Recorded block-done for octoCube3Calyx56036267Y32543890Z74648163_pred_affs/63 with read ROI [80:1648, 656:2224, 1232:2800] (1568, 1568, 1568) and write ROI [576:1152, 1152:1728, 1728:2304] (576, 576, 576)
Recording block-done for octoCube3Calyx56036267Y32543890Z74648163_pred_affs/95 with read ROI [80:1648, 1232:2800, 1232:2800] (1568, 1568, 1568) and write ROI [576:1152, 1728:2304, 1728:2304] (576, 576, 576)
Recorded block-done for octoCube3Calyx56036267Y32543890Z74648163_pred_affs/95 with read ROI [80:1648, 1232:2800, 1232:2800] (1568, 1568, 1568) and write ROI [576:1152, 1728:2304, 1728:2304] (576, 576, 576)
Recording block-done for octoCube3Calyx56036267Y32543890Z74648163_pred_affs/231 with read ROI [80:1648, 1232:2800, 2960:4528] (1568, 1568, 1568) and write ROI [576:1152, 1728:2304, 3456:4032] (576, 576, 576)
Recorded block-done for octoCube3Calyx56036267Y32543890Z74648163_pred_affs/231 with read ROI [80:1648, 1232:2800, 2960:4528] (1568, 1568, 1568) and write ROI [576:1152, 1728:2304, 3456:4032] (576, 576, 576)
Recording block-done for octoCube3Calyx56036267Y32543890Z74648163_pred_affs/181 with read ROI [80:1648, 1808:3376, 1808:3376] (1568, 1568, 1568) and write ROI [576:1152, 2304:2880, 2304:2880] (576, 576, 576)
Recorded block-done for octoCube3Calyx56036267Y32543890Z74648163_pred_affs/181 with read ROI [80:1648, 1808:3376, 1808:3376] (1568, 1568, 1568) and write ROI [576:1152, 2304:2880, 2304:2880] (576, 576, 576)
Recording block-done for octoCube3Calyx56036267Y32543890Z74648163_pred_affs/136 with read ROI [80:1648, 1808:3376, 1232:2800] (1568, 1568, 1568) and write ROI [576:1152, 2304:2880, 1728:2304] (576, 576, 576)
Recorded block-done for octoCube3Calyx56036267Y32543890Z74648163_pred_affs/136 with read ROI [80:1648, 1808:3376, 1232:2800] (1568, 1568, 1568) and write ROI [576:1152, 2304:2880, 1728:2304] (576, 576, 576)
Recording block-done for octoCube3Calyx56036267Y32543890Z74648163_pred_affs/242 with read ROI [80:1648, 2384:3952, 1808:3376] (1568, 1568, 1568) and write ROI [576:1152, 2880:3456, 2304:2880] (576, 576, 576)
Recorded block-done for octoCube3Calyx56036267Y32543890Z74648163_pred_affs/242 with read ROI [80:1648, 2384:3952, 1808:3376] (1568, 1568, 1568) and write ROI [576:1152, 2880:3456, 2304:2880] (576, 576, 576)
Recording block-done for octoCube3Calyx56036267Y32543890Z74648163_pred_affs/386 with read ROI [80:1648, 2384:3952, 2960:4528] (1568, 1568, 1568) and write ROI [576:1152, 2880:3456, 3456:4032] (576, 576, 576)
Recorded block-done for octoCube3Calyx56036267Y32543890Z74648163_pred_affs/386 with read ROI [80:1648, 2384:3952, 2960:4528] (1568, 1568, 1568) and write ROI [576:1152, 2880:3456, 3456:4032] (576, 576, 576)
Recording block-done for octoCube3Calyx56036267Y32543890Z74648163_pred_affs/194 with read ROI [80:1648, 2960:4528, 656:2224] (1568, 1568, 1568) and write ROI [576:1152, 3456:4032, 1152:1728] (576, 576, 576)
Recorded block-done for octoCube3Calyx56036267Y32543890Z74648163_pred_affs/194 with read ROI [80:1648, 2960:4528, 656:2224] (1568, 1568, 1568) and write ROI [576:1152, 3456:4032, 1152:1728] (576, 576, 576)
Recording block-done for octoCube3Calyx56036267Y32543890Z74648163_pred_affs/484 with read ROI [80:1648, 2960:4528, 2960:4528] (1568, 1568, 1568) and write ROI [576:1152, 3456:4032, 3456:4032] (576, 576, 576)
Recorded block-done for octoCube3Calyx56036267Y32543890Z74648163_pred_affs/484 with read ROI [80:1648, 2960:4528, 2960:4528] (1568, 1568, 1568) and write ROI [576:1152, 3456:4032, 3456:4032] (576, 576, 576)
Recording block-done for octoCube3Calyx56036267Y32543890Z74648163_pred_affs/128 with read ROI [656:2224, 80:1648, 2384:3952] (1568, 1568, 1568) and write ROI [1152:1728, 576:1152, 2880:3456] (576, 576, 576)
Recorded block-done for octoCube3Calyx56036267Y32543890Z74648163_pred_affs/128 with read ROI [656:2224, 80:1648, 2384:3952] (1568, 1568, 1568) and write ROI [1152:1728, 576:1152, 2880:3456] (576, 576, 576)
Recording block-done for octoCube3Calyx56036267Y32543890Z74648163_pred_affs/64 with read ROI [656:2224, 80:1648, 1232:2800] (1568, 1568, 1568) and write ROI [1152:1728, 576:1152, 1728:2304] (576, 576, 576)
Recorded block-done for octoCube3Calyx56036267Y32543890Z74648163_pred_affs/64 with read ROI [656:2224, 80:1648, 1232:2800] (1568, 1568, 1568) and write ROI [1152:1728, 576:1152, 1728:2304] (576, 576, 576)
Recording block-done for octoCube3Calyx56036267Y32543890Z74648163_pred_affs/43 with read ROI [656:2224, 80:1648, 656:2224] (1568, 1568, 1568) and write ROI [1152:1728, 576:1152, 1152:1728] (576, 576, 576)
Recorded block-done for octoCube3Calyx56036267Y32543890Z74648163_pred_affs/43 with read ROI [656:2224, 80:1648, 656:2224] (1568, 1568, 1568) and write ROI [1152:1728, 576:1152, 1152:1728] (576, 576, 576)
Recording block-done for octoCube3Calyx56036267Y32543890Z74648163_pred_affs/177 with read ROI [656:2224, 656:2224, 2384:3952] (1568, 1568, 1568) and write ROI [1152:1728, 1152:1728, 2880:3456] (576, 576, 576)
Recorded block-done for octoCube3Calyx56036267Y32543890Z74648163_pred_affs/177 with read ROI [656:2224, 656:2224, 2384:3952] (1568, 1568, 1568) and write ROI [1152:1728, 1152:1728, 2880:3456] (576, 576, 576)
Recording block-done for octoCube3Calyx56036267Y32543890Z74648163_pred_affs/132 with read ROI [656:2224, 656:2224, 1808:3376] (1568, 1568, 1568) and write ROI [1152:1728, 1152:1728, 2304:2880] (576, 576, 576)
Recorded block-done for octoCube3Calyx56036267Y32543890Z74648163_pred_affs/132 with read ROI [656:2224, 656:2224, 1808:3376] (1568, 1568, 1568) and write ROI [1152:1728, 1152:1728, 2304:2880] (576, 576, 576)
Recording block-done for octoCube3Calyx56036267Y32543890Z74648163_pred_affs/237 with read ROI [656:2224, 1232:2800, 2384:3952] (1568, 1568, 1568) and write ROI [1152:1728, 1728:2304, 2880:3456] (576, 576, 576)
Recorded block-done for octoCube3Calyx56036267Y32543890Z74648163_pred_affs/237 with read ROI [656:2224, 1232:2800, 2384:3952] (1568, 1568, 1568) and write ROI [1152:1728, 1728:2304, 2880:3456] (576, 576, 576)
Recording block-done for octoCube3Calyx56036267Y32543890Z74648163_pred_affs/101 with read ROI [656:2224, 1232:2800, 656:2224] (1568, 1568, 1568) and write ROI [1152:1728, 1728:2304, 1152:1728] (576, 576, 576)
Recorded block-done for octoCube3Calyx56036267Y32543890Z74648163_pred_affs/101 with read ROI [656:2224, 1232:2800, 656:2224] (1568, 1568, 1568) and write ROI [1152:1728, 1728:2304, 1152:1728] (576, 576, 576)
Recording block-done for octoCube3Calyx56036267Y32543890Z74648163_pred_affs/309 with read ROI [656:2224, 1808:3376, 2384:3952] (1568, 1568, 1568) and write ROI [1152:1728, 2304:2880, 2880:3456] (576, 576, 576)
Recorded block-done for octoCube3Calyx56036267Y32543890Z74648163_pred_affs/309 with read ROI [656:2224, 1808:3376, 2384:3952] (1568, 1568, 1568) and write ROI [1152:1728, 2304:2880, 2880:3456] (576, 576, 576)
Recording block-done for octoCube3Calyx56036267Y32543890Z74648163_pred_affs/243 with read ROI [656:2224, 1808:3376, 1808:3376] (1568, 1568, 1568) and write ROI [1152:1728, 2304:2880, 2304:2880] (576, 576, 576)
Recorded block-done for octoCube3Calyx56036267Y32543890Z74648163_pred_affs/243 with read ROI [656:2224, 1808:3376, 1808:3376] (1568, 1568, 1568) and write ROI [1152:1728, 2304:2880, 2304:2880] (576, 576, 576)
Recording block-done for octoCube3Calyx56036267Y32543890Z74648163_pred_affs/188 with read ROI [656:2224, 1808:3376, 1232:2800] (1568, 1568, 1568) and write ROI [1152:1728, 2304:2880, 1728:2304] (576, 576, 576)
Recorded block-done for octoCube3Calyx56036267Y32543890Z74648163_pred_affs/188 with read ROI [656:2224, 1808:3376, 1232:2800] (1568, 1568, 1568) and write ROI [1152:1728, 2304:2880, 1728:2304] (576, 576, 576)
Recording block-done for octoCube3Calyx56036267Y32543890Z74648163_pred_affs/316 with read ROI [656:2224, 2384:3952, 1808:3376] (1568, 1568, 1568) and write ROI [1152:1728, 2880:3456, 2304:2880] (576, 576, 576)
Recorded block-done for octoCube3Calyx56036267Y32543890Z74648163_pred_affs/316 with read ROI [656:2224, 2384:3952, 1808:3376] (1568, 1568, 1568) and write ROI [1152:1728, 2880:3456, 2304:2880] (576, 576, 576)
Recording block-done for octoCube3Calyx56036267Y32543890Z74648163_pred_affs/258 with read ROI [656:2224, 2960:4528, 656:2224] (1568, 1568, 1568) and write ROI [1152:1728, 3456:4032, 1152:1728] (576, 576, 576)
Recorded block-done for octoCube3Calyx56036267Y32543890Z74648163_pred_affs/258 with read ROI [656:2224, 2960:4528, 656:2224] (1568, 1568, 1568) and write ROI [1152:1728, 3456:4032, 1152:1728] (576, 576, 576)
Recording block-done for octoCube3Calyx56036267Y32543890Z74648163_pred_affs/324 with read ROI [656:2224, 2960:4528, 1232:2800] (1568, 1568, 1568) and write ROI [1152:1728, 3456:4032, 1728:2304] (576, 576, 576)
Recorded block-done for octoCube3Calyx56036267Y32543890Z74648163_pred_affs/324 with read ROI [656:2224, 2960:4528, 1232:2800] (1568, 1568, 1568) and write ROI [1152:1728, 3456:4032, 1728:2304] (576, 576, 576)
Recording block-done for octoCube3Calyx56036267Y32543890Z74648163_pred_affs/598 with read ROI [656:2224, 2960:4528, 2960:4528] (1568, 1568, 1568) and write ROI [1152:1728, 3456:4032, 3456:4032] (576, 576, 576)
Recorded block-done for octoCube3Calyx56036267Y32543890Z74648163_pred_affs/598 with read ROI [656:2224, 2960:4528, 2960:4528] (1568, 1568, 1568) and write ROI [1152:1728, 3456:4032, 3456:4032] (576, 576, 576)
Recording block-done for octoCube3Calyx56036267Y32543890Z74648163_pred_affs/97 with read ROI [1232:2800, 80:1648, 1232:2800] (1568, 1568, 1568) and write ROI [1728:2304, 576:1152, 1728:2304] (576, 576, 576)
Recorded block-done for octoCube3Calyx56036267Y32543890Z74648163_pred_affs/97 with read ROI [1232:2800, 80:1648, 1232:2800] (1568, 1568, 1568) and write ROI [1728:2304, 576:1152, 1728:2304] (576, 576, 576)
Recording block-done for octoCube3Calyx56036267Y32543890Z74648163_pred_affs/299 with read ROI [1232:2800, 80:1648, 3536:5104] (1568, 1568, 1568) and write ROI [1728:2304, 576:1152, 4032:4608] (576, 576, 576)
Recorded block-done for octoCube3Calyx56036267Y32543890Z74648163_pred_affs/299 with read ROI [1232:2800, 80:1648, 3536:5104] (1568, 1568, 1568) and write ROI [1728:2304, 576:1152, 4032:4608] (576, 576, 576)
Recording block-done for octoCube3Calyx56036267Y32543890Z74648163_pred_affs/102 with read ROI [1232:2800, 656:2224, 656:2224] (1568, 1568, 1568) and write ROI [1728:2304, 1152:1728, 1152:1728] (576, 576, 576)
Recorded block-done for octoCube3Calyx56036267Y32543890Z74648163_pred_affs/102 with read ROI [1232:2800, 656:2224, 656:2224] (1568, 1568, 1568) and write ROI [1728:2304, 1152:1728, 1152:1728] (576, 576, 576)
Recording block-done for octoCube3Calyx56036267Y32543890Z74648163_pred_affs/238 with read ROI [1232:2800, 656:2224, 2384:3952] (1568, 1568, 1568) and write ROI [1728:2304, 1152:1728, 2880:3456] (576, 576, 576)
Recorded block-done for octoCube3Calyx56036267Y32543890Z74648163_pred_affs/238 with read ROI [1232:2800, 656:2224, 2384:3952] (1568, 1568, 1568) and write ROI [1728:2304, 1152:1728, 2880:3456] (576, 576, 576)
Recording block-done for octoCube3Calyx56036267Y32543890Z74648163_pred_affs/108 with read ROI [1232:2800, 1232:2800, 80:1648] (1568, 1568, 1568) and write ROI [1728:2304, 1728:2304, 576:1152] (576, 576, 576)
Recorded block-done for octoCube3Calyx56036267Y32543890Z74648163_pred_affs/108 with read ROI [1232:2800, 1232:2800, 80:1648] (1568, 1568, 1568) and write ROI [1728:2304, 1728:2304, 576:1152] (576, 576, 576)
Recording block-done for octoCube3Calyx56036267Y32543890Z74648163_pred_affs/310 with read ROI [1232:2800, 1232:2800, 2384:3952] (1568, 1568, 1568) and write ROI [1728:2304, 1728:2304, 2880:3456] (576, 576, 576)
Recorded block-done for octoCube3Calyx56036267Y32543890Z74648163_pred_affs/310 with read ROI [1232:2800, 1232:2800, 2384:3952] (1568, 1568, 1568) and write ROI [1728:2304, 1728:2304, 2880:3456] (576, 576, 576)
Recording block-done for octoCube3Calyx56036267Y32543890Z74648163_pred_affs/388 with read ROI [1232:2800, 1232:2800, 2960:4528] (1568, 1568, 1568) and write ROI [1728:2304, 1728:2304, 3456:4032] (576, 576, 576)
Recorded block-done for octoCube3Calyx56036267Y32543890Z74648163_pred_affs/388 with read ROI [1232:2800, 1232:2800, 2960:4528] (1568, 1568, 1568) and write ROI [1728:2304, 1728:2304, 3456:4032] (576, 576, 576)
Recording block-done for octoCube3Calyx56036267Y32543890Z74648163_pred_affs/244 with read ROI [1232:2800, 1232:2800, 1808:3376] (1568, 1568, 1568) and write ROI [1728:2304, 1728:2304, 2304:2880] (576, 576, 576)
Recorded block-done for octoCube3Calyx56036267Y32543890Z74648163_pred_affs/244 with read ROI [1232:2800, 1232:2800, 1808:3376] (1568, 1568, 1568) and write ROI [1728:2304, 1728:2304, 2304:2880] (576, 576, 576)
Recording block-done for octoCube3Calyx56036267Y32543890Z74648163_pred_affs/486 with read ROI [1232:2800, 1808:3376, 2960:4528] (1568, 1568, 1568) and write ROI [1728:2304, 2304:2880, 3456:4032] (576, 576, 576)
Recorded block-done for octoCube3Calyx56036267Y32543890Z74648163_pred_affs/486 with read ROI [1232:2800, 1808:3376, 2960:4528] (1568, 1568, 1568) and write ROI [1728:2304, 2304:2880, 3456:4032] (576, 576, 576)
Recording block-done for octoCube3Calyx56036267Y32543890Z74648163_pred_affs/259 with read ROI [1232:2800, 2384:3952, 656:2224] (1568, 1568, 1568) and write ROI [1728:2304, 2880:3456, 1152:1728] (576, 576, 576)
Recorded block-done for octoCube3Calyx56036267Y32543890Z74648163_pred_affs/259 with read ROI [1232:2800, 2384:3952, 656:2224] (1568, 1568, 1568) and write ROI [1728:2304, 2880:3456, 1152:1728] (576, 576, 576)
Recording block-done for octoCube3Calyx56036267Y32543890Z74648163_pred_affs/591 with read ROI [1232:2800, 1808:3376, 3536:5104] (1568, 1568, 1568) and write ROI [1728:2304, 2304:2880, 4032:4608] (576, 576, 576)
Recorded block-done for octoCube3Calyx56036267Y32543890Z74648163_pred_affs/591 with read ROI [1232:2800, 1808:3376, 3536:5104] (1568, 1568, 1568) and write ROI [1728:2304, 2304:2880, 4032:4608] (576, 576, 576)
Recording block-done for octoCube3Calyx56036267Y32543890Z74648163_pred_affs/728 with read ROI [1232:2800, 2960:4528, 2960:4528] (1568, 1568, 1568) and write ROI [1728:2304, 3456:4032, 3456:4032] (576, 576, 576)
Recorded block-done for octoCube3Calyx56036267Y32543890Z74648163_pred_affs/728 with read ROI [1232:2800, 2960:4528, 2960:4528] (1568, 1568, 1568) and write ROI [1728:2304, 3456:4032, 3456:4032] (576, 576, 576)
Recording block-done for octoCube3Calyx56036267Y32543890Z74648163_pred_affs/334 with read ROI [1232:2800, 2960:4528, 656:2224] (1568, 1568, 1568) and write ROI [1728:2304, 3456:4032, 1152:1728] (576, 576, 576)
Recorded block-done for octoCube3Calyx56036267Y32543890Z74648163_pred_affs/334 with read ROI [1232:2800, 2960:4528, 656:2224] (1568, 1568, 1568) and write ROI [1728:2304, 3456:4032, 1152:1728] (576, 576, 576)
Recording block-done for octoCube3Calyx56036267Y32543890Z74648163_pred_affs/503 with read ROI [1232:2800, 2960:4528, 1808:3376] (1568, 1568, 1568) and write ROI [1728:2304, 3456:4032, 2304:2880] (576, 576, 576)
Recorded block-done for octoCube3Calyx56036267Y32543890Z74648163_pred_affs/503 with read ROI [1232:2800, 2960:4528, 1808:3376] (1568, 1568, 1568) and write ROI [1728:2304, 3456:4032, 2304:2880] (576, 576, 576)
Recording block-done for octoCube3Calyx56036267Y32543890Z74648163_pred_affs/305 with read ROI [1808:3376, 80:1648, 2960:4528] (1568, 1568, 1568) and write ROI [2304:2880, 576:1152, 3456:4032] (576, 576, 576)
Recorded block-done for octoCube3Calyx56036267Y32543890Z74648163_pred_affs/305 with read ROI [1808:3376, 80:1648, 2960:4528] (1568, 1568, 1568) and write ROI [2304:2880, 576:1152, 3456:4032] (576, 576, 576)
Recording block-done for octoCube3Calyx56036267Y32543890Z74648163_pred_affs/383 with read ROI [1808:3376, 80:1648, 3536:5104] (1568, 1568, 1568) and write ROI [2304:2880, 576:1152, 4032:4608] (576, 576, 576)
Recorded block-done for octoCube3Calyx56036267Y32543890Z74648163_pred_affs/383 with read ROI [1808:3376, 80:1648, 3536:5104] (1568, 1568, 1568) and write ROI [2304:2880, 576:1152, 4032:4608] (576, 576, 576)
Recording block-done for octoCube3Calyx56036267Y32543890Z74648163_pred_affs/109 with read ROI [1808:3376, 656:2224, 80:1648] (1568, 1568, 1568) and write ROI [2304:2880, 1152:1728, 576:1152] (576, 576, 576)
Recorded block-done for octoCube3Calyx56036267Y32543890Z74648163_pred_affs/109 with read ROI [1808:3376, 656:2224, 80:1648] (1568, 1568, 1568) and write ROI [2304:2880, 1152:1728, 576:1152] (576, 576, 576)
Recording block-done for octoCube3Calyx56036267Y32543890Z74648163_pred_affs/152 with read ROI [1808:3376, 1232:2800, 80:1648] (1568, 1568, 1568) and write ROI [2304:2880, 1728:2304, 576:1152] (576, 576, 576)
Recorded block-done for octoCube3Calyx56036267Y32543890Z74648163_pred_affs/152 with read ROI [1808:3376, 1232:2800, 80:1648] (1568, 1568, 1568) and write ROI [2304:2880, 1728:2304, 576:1152] (576, 576, 576)
Recording block-done for octoCube3Calyx56036267Y32543890Z74648163_pred_affs/480 with read ROI [1808:3376, 656:2224, 3536:5104] (1568, 1568, 1568) and write ROI [2304:2880, 1152:1728, 4032:4608] (576, 576, 576)
Recorded block-done for octoCube3Calyx56036267Y32543890Z74648163_pred_affs/480 with read ROI [1808:3376, 656:2224, 3536:5104] (1568, 1568, 1568) and write ROI [2304:2880, 1152:1728, 4032:4608] (576, 576, 576)
Recording block-done for octoCube3Calyx56036267Y32543890Z74648163_pred_affs/389 with read ROI [1808:3376, 656:2224, 2960:4528] (1568, 1568, 1568) and write ROI [2304:2880, 1152:1728, 3456:4032] (576, 576, 576)
Recorded block-done for octoCube3Calyx56036267Y32543890Z74648163_pred_affs/389 with read ROI [1808:3376, 656:2224, 2960:4528] (1568, 1568, 1568) and write ROI [2304:2880, 1152:1728, 3456:4032] (576, 576, 576)
Recording block-done for octoCube3Calyx56036267Y32543890Z74648163_pred_affs/592 with read ROI [1808:3376, 1232:2800, 3536:5104] (1568, 1568, 1568) and write ROI [2304:2880, 1728:2304, 4032:4608] (576, 576, 576)
Recorded block-done for octoCube3Calyx56036267Y32543890Z74648163_pred_affs/592 with read ROI [1808:3376, 1232:2800, 3536:5104] (1568, 1568, 1568) and write ROI [2304:2880, 1728:2304, 4032:4608] (576, 576, 576)
Recording block-done for octoCube3Calyx56036267Y32543890Z74648163_pred_affs/205 with read ROI [1808:3376, 1808:3376, 80:1648] (1568, 1568, 1568) and write ROI [2304:2880, 2304:2880, 576:1152] (576, 576, 576)
Recorded block-done for octoCube3Calyx56036267Y32543890Z74648163_pred_affs/205 with read ROI [1808:3376, 1808:3376, 80:1648] (1568, 1568, 1568) and write ROI [2304:2880, 2304:2880, 576:1152] (576, 576, 576)
Recording block-done for octoCube3Calyx56036267Y32543890Z74648163_pred_affs/326 with read ROI [1808:3376, 1808:3376, 1232:2800] (1568, 1568, 1568) and write ROI [2304:2880, 2304:2880, 1728:2304] (576, 576, 576)
Recorded block-done for octoCube3Calyx56036267Y32543890Z74648163_pred_affs/326 with read ROI [1808:3376, 1808:3376, 1232:2800] (1568, 1568, 1568) and write ROI [2304:2880, 2304:2880, 1728:2304] (576, 576, 576)
Recording block-done for octoCube3Calyx56036267Y32543890Z74648163_pred_affs/413 with read ROI [1808:3376, 2384:3952, 1232:2800] (1568, 1568, 1568) and write ROI [2304:2880, 2880:3456, 1728:2304] (576, 576, 576)
Recorded block-done for octoCube3Calyx56036267Y32543890Z74648163_pred_affs/413 with read ROI [1808:3376, 2384:3952, 1232:2800] (1568, 1568, 1568) and write ROI [2304:2880, 2880:3456, 1728:2304] (576, 576, 576)
Recording block-done for octoCube3Calyx56036267Y32543890Z74648163_pred_affs/335 with read ROI [1808:3376, 2384:3952, 656:2224] (1568, 1568, 1568) and write ROI [2304:2880, 2880:3456, 1152:1728] (576, 576, 576)
Recorded block-done for octoCube3Calyx56036267Y32543890Z74648163_pred_affs/335 with read ROI [1808:3376, 2384:3952, 656:2224] (1568, 1568, 1568) and write ROI [2304:2880, 2880:3456, 1152:1728] (576, 576, 576)
Recording block-done for octoCube3Calyx56036267Y32543890Z74648163_pred_affs/865 with read ROI [1808:3376, 2384:3952, 3536:5104] (1568, 1568, 1568) and write ROI [2304:2880, 2880:3456, 4032:4608] (576, 576, 576)
Recorded block-done for octoCube3Calyx56036267Y32543890Z74648163_pred_affs/865 with read ROI [1808:3376, 2384:3952, 3536:5104] (1568, 1568, 1568) and write ROI [2304:2880, 2880:3456, 4032:4608] (576, 576, 576)
Recording block-done for octoCube3Calyx56036267Y32543890Z74648163_pred_affs/619 with read ROI [1808:3376, 2960:4528, 1808:3376] (1568, 1568, 1568) and write ROI [2304:2880, 3456:4032, 2304:2880] (576, 576, 576)
Recorded block-done for octoCube3Calyx56036267Y32543890Z74648163_pred_affs/619 with read ROI [1808:3376, 2960:4528, 1808:3376] (1568, 1568, 1568) and write ROI [2304:2880, 3456:4032, 2304:2880] (576, 576, 576)
Recording block-done for octoCube3Calyx56036267Y32543890Z74648163_pred_affs/423 with read ROI [1808:3376, 2960:4528, 656:2224] (1568, 1568, 1568) and write ROI [2304:2880, 3456:4032, 1152:1728] (576, 576, 576)
Recorded block-done for octoCube3Calyx56036267Y32543890Z74648163_pred_affs/423 with read ROI [1808:3376, 2960:4528, 656:2224] (1568, 1568, 1568) and write ROI [2304:2880, 3456:4032, 1152:1728] (576, 576, 576)
Recording block-done for octoCube3Calyx56036267Y32543890Z74648163_pred_affs/146 with read ROI [2384:3952, 80:1648, 656:2224] (1568, 1568, 1568) and write ROI [2880:3456, 576:1152, 1152:1728] (576, 576, 576)
Recorded block-done for octoCube3Calyx56036267Y32543890Z74648163_pred_affs/146 with read ROI [2384:3952, 80:1648, 656:2224] (1568, 1568, 1568) and write ROI [2880:3456, 576:1152, 1152:1728] (576, 576, 576)
Recording block-done for octoCube3Calyx56036267Y32543890Z74648163_pred_affs/390 with read ROI [2384:3952, 80:1648, 2960:4528] (1568, 1568, 1568) and write ROI [2880:3456, 576:1152, 3456:4032] (576, 576, 576)
Recorded block-done for octoCube3Calyx56036267Y32543890Z74648163_pred_affs/390 with read ROI [2384:3952, 80:1648, 2960:4528] (1568, 1568, 1568) and write ROI [2880:3456, 576:1152, 3456:4032] (576, 576, 576)
Recording block-done for octoCube3Calyx56036267Y32543890Z74648163_pred_affs/481 with read ROI [2384:3952, 80:1648, 3536:5104] (1568, 1568, 1568) and write ROI [2880:3456, 576:1152, 4032:4608] (576, 576, 576)
Recorded block-done for octoCube3Calyx56036267Y32543890Z74648163_pred_affs/481 with read ROI [2384:3952, 80:1648, 3536:5104] (1568, 1568, 1568) and write ROI [2880:3456, 576:1152, 4032:4608] (576, 576, 576)
Recording block-done for octoCube3Calyx56036267Y32543890Z74648163_pred_affs/488 with read ROI [2384:3952, 656:2224, 2960:4528] (1568, 1568, 1568) and write ROI [2880:3456, 1152:1728, 3456:4032] (576, 576, 576)
Recorded block-done for octoCube3Calyx56036267Y32543890Z74648163_pred_affs/488 with read ROI [2384:3952, 656:2224, 2960:4528] (1568, 1568, 1568) and write ROI [2880:3456, 1152:1728, 3456:4032] (576, 576, 576)
Recording block-done for octoCube3Calyx56036267Y32543890Z74648163_pred_affs/593 with read ROI [2384:3952, 656:2224, 3536:5104] (1568, 1568, 1568) and write ROI [2880:3456, 1152:1728, 4032:4608] (576, 576, 576)
Recorded block-done for octoCube3Calyx56036267Y32543890Z74648163_pred_affs/593 with read ROI [2384:3952, 656:2224, 3536:5104] (1568, 1568, 1568) and write ROI [2880:3456, 1152:1728, 4032:4608] (576, 576, 576)
Recording block-done for octoCube3Calyx56036267Y32543890Z74648163_pred_affs/327 with read ROI [2384:3952, 1232:2800, 1232:2800] (1568, 1568, 1568) and write ROI [2880:3456, 1728:2304, 1728:2304] (576, 576, 576)
Recorded block-done for octoCube3Calyx56036267Y32543890Z74648163_pred_affs/327 with read ROI [2384:3952, 1232:2800, 1232:2800] (1568, 1568, 1568) and write ROI [2880:3456, 1728:2304, 1728:2304] (576, 576, 576)
Recording block-done for octoCube3Calyx56036267Y32543890Z74648163_pred_affs/270 with read ROI [2384:3952, 1808:3376, 80:1648] (1568, 1568, 1568) and write ROI [2880:3456, 2304:2880, 576:1152] (576, 576, 576)
Recorded block-done for octoCube3Calyx56036267Y32543890Z74648163_pred_affs/270 with read ROI [2384:3952, 1808:3376, 80:1648] (1568, 1568, 1568) and write ROI [2880:3456, 2304:2880, 576:1152] (576, 576, 576)
Recording block-done for octoCube3Calyx56036267Y32543890Z74648163_pred_affs/610 with read ROI [2384:3952, 1808:3376, 2384:3952] (1568, 1568, 1568) and write ROI [2880:3456, 2304:2880, 2880:3456] (576, 576, 576)
Recorded block-done for octoCube3Calyx56036267Y32543890Z74648163_pred_affs/610 with read ROI [2384:3952, 1808:3376, 2384:3952] (1568, 1568, 1568) and write ROI [2880:3456, 2304:2880, 2880:3456] (576, 576, 576)
Recording block-done for octoCube3Calyx56036267Y32543890Z74648163_pred_affs/414 with read ROI [2384:3952, 1808:3376, 1232:2800] (1568, 1568, 1568) and write ROI [2880:3456, 2304:2880, 1728:2304] (576, 576, 576)
Recorded block-done for octoCube3Calyx56036267Y32543890Z74648163_pred_affs/414 with read ROI [2384:3952, 1808:3376, 1232:2800] (1568, 1568, 1568) and write ROI [2880:3456, 2304:2880, 1728:2304] (576, 576, 576)
Recording block-done for octoCube3Calyx56036267Y32543890Z74648163_pred_affs/515 with read ROI [2384:3952, 2384:3952, 1232:2800] (1568, 1568, 1568) and write ROI [2880:3456, 2880:3456, 1728:2304] (576, 576, 576)
Recorded block-done for octoCube3Calyx56036267Y32543890Z74648163_pred_affs/515 with read ROI [2384:3952, 2384:3952, 1232:2800] (1568, 1568, 1568) and write ROI [2880:3456, 2880:3456, 1728:2304] (576, 576, 576)
Recording block-done for octoCube3Calyx56036267Y32543890Z74648163_pred_affs/424 with read ROI [2384:3952, 2384:3952, 656:2224] (1568, 1568, 1568) and write ROI [2880:3456, 2880:3456, 1152:1728] (576, 576, 576)
Recorded block-done for octoCube3Calyx56036267Y32543890Z74648163_pred_affs/424 with read ROI [2384:3952, 2384:3952, 656:2224] (1568, 1568, 1568) and write ROI [2880:3456, 2880:3456, 1152:1728] (576, 576, 576)
Recording block-done for octoCube3Calyx56036267Y32543890Z74648163_pred_affs/740 with read ROI [2384:3952, 2384:3952, 2384:3952] (1568, 1568, 1568) and write ROI [2880:3456, 2880:3456, 2880:3456] (576, 576, 576)
Recorded block-done for octoCube3Calyx56036267Y32543890Z74648163_pred_affs/740 with read ROI [2384:3952, 2384:3952, 2384:3952] (1568, 1568, 1568) and write ROI [2880:3456, 2880:3456, 2880:3456] (576, 576, 576)
Recording block-done for octoCube3Calyx56036267Y32543890Z74648163_pred_affs/1040 with read ROI [2384:3952, 2960:4528, 2960:4528] (1568, 1568, 1568) and write ROI [2880:3456, 3456:4032, 3456:4032] (576, 576, 576)
Recorded block-done for octoCube3Calyx56036267Y32543890Z74648163_pred_affs/1040 with read ROI [2384:3952, 2960:4528, 2960:4528] (1568, 1568, 1568) and write ROI [2880:3456, 3456:4032, 3456:4032] (576, 576, 576)
Recording block-done for octoCube3Calyx56036267Y32543890Z74648163_pred_affs/751 with read ROI [2384:3952, 2960:4528, 1808:3376] (1568, 1568, 1568) and write ROI [2880:3456, 3456:4032, 2304:2880] (576, 576, 576)
Recorded block-done for octoCube3Calyx56036267Y32543890Z74648163_pred_affs/751 with read ROI [2384:3952, 2960:4528, 1808:3376] (1568, 1568, 1568) and write ROI [2880:3456, 3456:4032, 2304:2880] (576, 576, 576)
Recording block-done for octoCube3Calyx56036267Y32543890Z74648163_pred_affs/1211 with read ROI [2384:3952, 2960:4528, 3536:5104] (1568, 1568, 1568) and write ROI [2880:3456, 3456:4032, 4032:4608] (576, 576, 576)
Recorded block-done for octoCube3Calyx56036267Y32543890Z74648163_pred_affs/1211 with read ROI [2384:3952, 2960:4528, 3536:5104] (1568, 1568, 1568) and write ROI [2880:3456, 3456:4032, 4032:4608] (576, 576, 576)
Recording block-done for octoCube3Calyx56036267Y32543890Z74648163_pred_affs/154 with read ROI [2960:4528, 80:1648, 80:1648] (1568, 1568, 1568) and write ROI [3456:4032, 576:1152, 576:1152] (576, 576, 576)
Recorded block-done for octoCube3Calyx56036267Y32543890Z74648163_pred_affs/154 with read ROI [2960:4528, 80:1648, 80:1648] (1568, 1568, 1568) and write ROI [3456:4032, 576:1152, 576:1152] (576, 576, 576)
Recording block-done for octoCube3Calyx56036267Y32543890Z74648163_pred_affs/199 with read ROI [2960:4528, 80:1648, 656:2224] (1568, 1568, 1568) and write ROI [3456:4032, 576:1152, 1152:1728] (576, 576, 576)
Recorded block-done for octoCube3Calyx56036267Y32543890Z74648163_pred_affs/199 with read ROI [2960:4528, 80:1648, 656:2224] (1568, 1568, 1568) and write ROI [3456:4032, 576:1152, 1152:1728] (576, 576, 576)
Recording block-done for octoCube3Calyx56036267Y32543890Z74648163_pred_affs/594 with read ROI [2960:4528, 80:1648, 3536:5104] (1568, 1568, 1568) and write ROI [3456:4032, 576:1152, 4032:4608] (576, 576, 576)
Recorded block-done for octoCube3Calyx56036267Y32543890Z74648163_pred_affs/594 with read ROI [2960:4528, 80:1648, 3536:5104] (1568, 1568, 1568) and write ROI [3456:4032, 576:1152, 4032:4608] (576, 576, 576)
Recording block-done for octoCube3Calyx56036267Y32543890Z74648163_pred_affs/497 with read ROI [2960:4528, 656:2224, 2384:3952] (1568, 1568, 1568) and write ROI [3456:4032, 1152:1728, 2880:3456] (576, 576, 576)
Recorded block-done for octoCube3Calyx56036267Y32543890Z74648163_pred_affs/497 with read ROI [2960:4528, 656:2224, 2384:3952] (1568, 1568, 1568) and write ROI [3456:4032, 1152:1728, 2880:3456] (576, 576, 576)
Recording block-done for octoCube3Calyx56036267Y32543890Z74648163_pred_affs/328 with read ROI [2960:4528, 656:2224, 1232:2800] (1568, 1568, 1568) and write ROI [3456:4032, 1152:1728, 1728:2304] (576, 576, 576)
Recorded block-done for octoCube3Calyx56036267Y32543890Z74648163_pred_affs/328 with read ROI [2960:4528, 656:2224, 1232:2800] (1568, 1568, 1568) and write ROI [3456:4032, 1152:1728, 1728:2304] (576, 576, 576)
Recording block-done for octoCube3Calyx56036267Y32543890Z74648163_pred_affs/722 with read ROI [2960:4528, 656:2224, 3536:5104] (1568, 1568, 1568) and write ROI [3456:4032, 1152:1728, 4032:4608] (576, 576, 576)
Recorded block-done for octoCube3Calyx56036267Y32543890Z74648163_pred_affs/722 with read ROI [2960:4528, 656:2224, 3536:5104] (1568, 1568, 1568) and write ROI [3456:4032, 1152:1728, 4032:4608] (576, 576, 576)
Recording block-done for octoCube3Calyx56036267Y32543890Z74648163_pred_affs/506 with read ROI [2960:4528, 1232:2800, 1808:3376] (1568, 1568, 1568) and write ROI [3456:4032, 1728:2304, 2304:2880] (576, 576, 576)
Recorded block-done for octoCube3Calyx56036267Y32543890Z74648163_pred_affs/506 with read ROI [2960:4528, 1232:2800, 1808:3376] (1568, 1568, 1568) and write ROI [3456:4032, 1728:2304, 2304:2880] (576, 576, 576)
Recording block-done for octoCube3Calyx56036267Y32543890Z74648163_pred_affs/1030 with read ROI [2960:4528, 1808:3376, 3536:5104] (1568, 1568, 1568) and write ROI [3456:4032, 2304:2880, 4032:4608] (576, 576, 576)
Recorded block-done for octoCube3Calyx56036267Y32543890Z74648163_pred_affs/1030 with read ROI [2960:4528, 1808:3376, 3536:5104] (1568, 1568, 1568) and write ROI [3456:4032, 2304:2880, 4032:4608] (576, 576, 576)
Recording block-done for octoCube3Calyx56036267Y32543890Z74648163_pred_affs/425 with read ROI [2960:4528, 1808:3376, 656:2224] (1568, 1568, 1568) and write ROI [3456:4032, 2304:2880, 1152:1728] (576, 576, 576)
Recorded block-done for octoCube3Calyx56036267Y32543890Z74648163_pred_affs/425 with read ROI [2960:4528, 1808:3376, 656:2224] (1568, 1568, 1568) and write ROI [3456:4032, 2304:2880, 1152:1728] (576, 576, 576)
Recording block-done for octoCube3Calyx56036267Y32543890Z74648163_pred_affs/516 with read ROI [2960:4528, 1808:3376, 1232:2800] (1568, 1568, 1568) and write ROI [3456:4032, 2304:2880, 1728:2304] (576, 576, 576)
Recorded block-done for octoCube3Calyx56036267Y32543890Z74648163_pred_affs/516 with read ROI [2960:4528, 1808:3376, 1232:2800] (1568, 1568, 1568) and write ROI [3456:4032, 2304:2880, 1728:2304] (576, 576, 576)
Recording block-done for octoCube3Calyx56036267Y32543890Z74648163_pred_affs/1212 with read ROI [2960:4528, 2384:3952, 3536:5104] (1568, 1568, 1568) and write ROI [3456:4032, 2880:3456, 4032:4608] (576, 576, 576)
Recorded block-done for octoCube3Calyx56036267Y32543890Z74648163_pred_affs/1212 with read ROI [2960:4528, 2384:3952, 3536:5104] (1568, 1568, 1568) and write ROI [3456:4032, 2880:3456, 4032:4608] (576, 576, 576)
Recording block-done for octoCube3Calyx56036267Y32543890Z74648163_pred_affs/1053 with read ROI [2960:4528, 2960:4528, 2384:3952] (1568, 1568, 1568) and write ROI [3456:4032, 3456:4032, 2880:3456] (576, 576, 576)
Recorded block-done for octoCube3Calyx56036267Y32543890Z74648163_pred_affs/1053 with read ROI [2960:4528, 2960:4528, 2384:3952] (1568, 1568, 1568) and write ROI [3456:4032, 3456:4032, 2880:3456] (576, 576, 576)
Recording block-done for octoCube3Calyx56036267Y32543890Z74648163_pred_affs/644 with read ROI [2960:4528, 2960:4528, 656:2224] (1568, 1568, 1568) and write ROI [3456:4032, 3456:4032, 1152:1728] (576, 576, 576)
Recorded block-done for octoCube3Calyx56036267Y32543890Z74648163_pred_affs/644 with read ROI [2960:4528, 2960:4528, 656:2224] (1568, 1568, 1568) and write ROI [3456:4032, 3456:4032, 1152:1728] (576, 576, 576)
Recording block-done for octoCube3Calyx56036267Y32543890Z74648163_pred_affs/208 with read ROI [3536:5104, 80:1648, 80:1648] (1568, 1568, 1568) and write ROI [4032:4608, 576:1152, 576:1152] (576, 576, 576)
Recorded block-done for octoCube3Calyx56036267Y32543890Z74648163_pred_affs/208 with read ROI [3536:5104, 80:1648, 80:1648] (1568, 1568, 1568) and write ROI [4032:4608, 576:1152, 576:1152] (576, 576, 576)
Recording block-done for octoCube3Calyx56036267Y32543890Z74648163_pred_affs/723 with read ROI [3536:5104, 80:1648, 3536:5104] (1568, 1568, 1568) and write ROI [4032:4608, 576:1152, 4032:4608] (576, 576, 576)
Recorded block-done for octoCube3Calyx56036267Y32543890Z74648163_pred_affs/723 with read ROI [3536:5104, 80:1648, 3536:5104] (1568, 1568, 1568) and write ROI [4032:4608, 576:1152, 4032:4608] (576, 576, 576)
Recording block-done for octoCube3Calyx56036267Y32543890Z74648163_pred_affs/603 with read ROI [3536:5104, 80:1648, 2960:4528] (1568, 1568, 1568) and write ROI [4032:4608, 576:1152, 3456:4032] (576, 576, 576)
Recorded block-done for octoCube3Calyx56036267Y32543890Z74648163_pred_affs/603 with read ROI [3536:5104, 80:1648, 2960:4528] (1568, 1568, 1568) and write ROI [4032:4608, 576:1152, 3456:4032] (576, 576, 576)
Recording block-done for octoCube3Calyx56036267Y32543890Z74648163_pred_affs/416 with read ROI [3536:5104, 656:2224, 1232:2800] (1568, 1568, 1568) and write ROI [4032:4608, 1152:1728, 1728:2304] (576, 576, 576)
Recorded block-done for octoCube3Calyx56036267Y32543890Z74648163_pred_affs/416 with read ROI [3536:5104, 656:2224, 1232:2800] (1568, 1568, 1568) and write ROI [4032:4608, 1152:1728, 1728:2304] (576, 576, 576)
Recording block-done for octoCube3Calyx56036267Y32543890Z74648163_pred_affs/348 with read ROI [3536:5104, 1232:2800, 80:1648] (1568, 1568, 1568) and write ROI [4032:4608, 1728:2304, 576:1152] (576, 576, 576)
Recorded block-done for octoCube3Calyx56036267Y32543890Z74648163_pred_affs/348 with read ROI [3536:5104, 1232:2800, 80:1648] (1568, 1568, 1568) and write ROI [4032:4608, 1728:2304, 576:1152] (576, 576, 576)
Recording block-done for octoCube3Calyx56036267Y32543890Z74648163_pred_affs/868 with read ROI [3536:5104, 656:2224, 3536:5104] (1568, 1568, 1568) and write ROI [4032:4608, 1152:1728, 4032:4608] (576, 576, 576)
Recorded block-done for octoCube3Calyx56036267Y32543890Z74648163_pred_affs/868 with read ROI [3536:5104, 656:2224, 3536:5104] (1568, 1568, 1568) and write ROI [4032:4608, 1152:1728, 4032:4608] (576, 576, 576)
Recording block-done for octoCube3Calyx56036267Y32543890Z74648163_pred_affs/878 with read ROI [3536:5104, 1232:2800, 2960:4528] (1568, 1568, 1568) and write ROI [4032:4608, 1728:2304, 3456:4032] (576, 576, 576)
Recorded block-done for octoCube3Calyx56036267Y32543890Z74648163_pred_affs/878 with read ROI [3536:5104, 1232:2800, 2960:4528] (1568, 1568, 1568) and write ROI [4032:4608, 1728:2304, 3456:4032] (576, 576, 576)
Recording block-done for octoCube3Calyx56036267Y32543890Z74648163_pred_affs/1031 with read ROI [3536:5104, 1232:2800, 3536:5104] (1568, 1568, 1568) and write ROI [4032:4608, 1728:2304, 4032:4608] (576, 576, 576)
Recorded block-done for octoCube3Calyx56036267Y32543890Z74648163_pred_affs/1031 with read ROI [3536:5104, 1232:2800, 3536:5104] (1568, 1568, 1568) and write ROI [4032:4608, 1728:2304, 4032:4608] (576, 576, 576)
Recording block-done for octoCube3Calyx56036267Y32543890Z74648163_pred_affs/540 with read ROI [3536:5104, 2384:3952, 80:1648] (1568, 1568, 1568) and write ROI [4032:4608, 2880:3456, 576:1152] (576, 576, 576)
Recorded block-done for octoCube3Calyx56036267Y32543890Z74648163_pred_affs/540 with read ROI [3536:5104, 2384:3952, 80:1648] (1568, 1568, 1568) and write ROI [4032:4608, 2880:3456, 576:1152] (576, 576, 576)
Recording block-done for octoCube3Calyx56036267Y32543890Z74648163_pred_affs/528 with read ROI [3536:5104, 1808:3376, 656:2224] (1568, 1568, 1568) and write ROI [4032:4608, 2304:2880, 1152:1728] (576, 576, 576)
Recorded block-done for octoCube3Calyx56036267Y32543890Z74648163_pred_affs/528 with read ROI [3536:5104, 1808:3376, 656:2224] (1568, 1568, 1568) and write ROI [4032:4608, 2304:2880, 1152:1728] (576, 576, 576)
Recording block-done for octoCube3Calyx56036267Y32543890Z74648163_pred_affs/1213 with read ROI [3536:5104, 1808:3376, 3536:5104] (1568, 1568, 1568) and write ROI [4032:4608, 2304:2880, 4032:4608] (576, 576, 576)
Recorded block-done for octoCube3Calyx56036267Y32543890Z74648163_pred_affs/1213 with read ROI [3536:5104, 1808:3376, 3536:5104] (1568, 1568, 1568) and write ROI [4032:4608, 2304:2880, 4032:4608] (576, 576, 576)
Recording block-done for octoCube3Calyx56036267Y32543890Z74648163_pred_affs/1225 with read ROI [3536:5104, 2384:3952, 2960:4528] (1568, 1568, 1568) and write ROI [4032:4608, 2880:3456, 3456:4032] (576, 576, 576)
Recorded block-done for octoCube3Calyx56036267Y32543890Z74648163_pred_affs/1225 with read ROI [3536:5104, 2384:3952, 2960:4528] (1568, 1568, 1568) and write ROI [4032:4608, 2880:3456, 3456:4032] (576, 576, 576)
Recording block-done for octoCube3Calyx56036267Y32543890Z74648163_pred_affs/1067 with read ROI [3536:5104, 2960:4528, 1808:3376] (1568, 1568, 1568) and write ROI [4032:4608, 3456:4032, 2304:2880] (576, 576, 576)
Recorded block-done for octoCube3Calyx56036267Y32543890Z74648163_pred_affs/1067 with read ROI [3536:5104, 2960:4528, 1808:3376] (1568, 1568, 1568) and write ROI [4032:4608, 3456:4032, 2304:2880] (576, 576, 576)
Recording block-done for octoCube3Calyx56036267Y32543890Z74648163_pred_affs/914 with read ROI [3536:5104, 2960:4528, 1232:2800] (1568, 1568, 1568) and write ROI [4032:4608, 3456:4032, 1728:2304] (576, 576, 576)
Recorded block-done for octoCube3Calyx56036267Y32543890Z74648163_pred_affs/914 with read ROI [3536:5104, 2960:4528, 1232:2800] (1568, 1568, 1568) and write ROI [4032:4608, 3456:4032, 1728:2304] (576, 576, 576)
