Re-using already compiled waterz version
Preparing segmentation volume...
counting regions and sizes...
creating region graph for 35 nodes
creating statistics provider
extracting region graph...
Region graph number of edges: 151
merging until threshold 0.5
computing initial scores
merging until 0.5
min edge score 0.00195312
threshold exceeded
merged 15 edges
extracting segmentation
Re-using already compiled waterz version
Preparing segmentation volume...
counting regions and sizes...
creating region graph for 272 nodes
creating statistics provider
extracting region graph...
Region graph number of edges: 1485
merging until threshold 0.5
computing initial scores
merging until 0.5
min edge score 0.00195312
threshold exceeded
merged 129 edges
extracting segmentation
Re-using already compiled waterz version
Preparing segmentation volume...
counting regions and sizes...
creating region graph for 81 nodes
creating statistics provider
extracting region graph...
Region graph number of edges: 332
merging until threshold 0.5
computing initial scores
merging until 0.5
min edge score 0.00195312
threshold exceeded
merged 35 edges
extracting segmentation
Re-using already compiled waterz version
Preparing segmentation volume...
counting regions and sizes...
creating region graph for 196 nodes
creating statistics provider
extracting region graph...
Region graph number of edges: 1001
merging until threshold 0.5
computing initial scores
merging until 0.5
min edge score 0.00195312
threshold exceeded
merged 91 edges
extracting segmentation
Re-using already compiled waterz version
Preparing segmentation volume...
counting regions and sizes...
creating region graph for 623 nodes
creating statistics provider
extracting region graph...
Region graph number of edges: 3567
merging until threshold 0.5
computing initial scores
merging until 0.5
min edge score 0.00195312
threshold exceeded
merged 238 edges
extracting segmentation
Re-using already compiled waterz version
Preparing segmentation volume...
counting regions and sizes...
creating region graph for 444 nodes
creating statistics provider
extracting region graph...
Region graph number of edges: 2570
merging until threshold 0.5
computing initial scores
merging until 0.5
min edge score 0.00195312
threshold exceeded
merged 194 edges
extracting segmentation
Re-using already compiled waterz version
Preparing segmentation volume...
counting regions and sizes...
creating region graph for 480 nodes
creating statistics provider
extracting region graph...
Region graph number of edges: 2696
merging until threshold 0.5
computing initial scores
merging until 0.5
min edge score 0.00195312
threshold exceeded
merged 225 edges
extracting segmentation
Re-using already compiled waterz version
Preparing segmentation volume...
counting regions and sizes...
creating region graph for 544 nodes
creating statistics provider
extracting region graph...
Region graph number of edges: 3125
merging until threshold 0.5
computing initial scores
merging until 0.5
min edge score 0.00195312
threshold exceeded
merged 262 edges
extracting segmentation
Re-using already compiled waterz version
Preparing segmentation volume...
counting regions and sizes...
creating region graph for 477 nodes
creating statistics provider
extracting region graph...
Region graph number of edges: 2715
merging until threshold 0.5
computing initial scores
merging until 0.5
min edge score 0.00195312
threshold exceeded
merged 239 edges
extracting segmentation
Re-using already compiled waterz version
Preparing segmentation volume...
counting regions and sizes...
creating region graph for 321 nodes
creating statistics provider
extracting region graph...
Region graph number of edges: 1816
merging until threshold 0.5
computing initial scores
merging until 0.5
min edge score 0.00195312
threshold exceeded
merged 135 edges
extracting segmentation
Re-using already compiled waterz version
Preparing segmentation volume...
counting regions and sizes...
creating region graph for 221 nodes
creating statistics provider
extracting region graph...
Region graph number of edges: 1174
merging until threshold 0.5
computing initial scores
merging until 0.5
min edge score 0.00195312
threshold exceeded
merged 88 edges
extracting segmentation
Re-using already compiled waterz version
Preparing segmentation volume...
counting regions and sizes...
creating region graph for 241 nodes
creating statistics provider
extracting region graph...
Region graph number of edges: 1302
merging until threshold 0.5
computing initial scores
merging until 0.5
min edge score 0.00195312
threshold exceeded
merged 111 edges
extracting segmentation
Re-using already compiled waterz version
Preparing segmentation volume...
counting regions and sizes...
creating region graph for 259 nodes
creating statistics provider
extracting region graph...
Region graph number of edges: 1443
merging until threshold 0.5
computing initial scores
merging until 0.5
min edge score 0.00195312
threshold exceeded
merged 135 edges
extracting segmentation
Re-using already compiled waterz version
Preparing segmentation volume...
counting regions and sizes...
creating region graph for 99 nodes
creating statistics provider
extracting region graph...
Region graph number of edges: 455
merging until threshold 0.5
computing initial scores
merging until 0.5
min edge score 0.00195312
threshold exceeded
merged 54 edges
extracting segmentation
Re-using already compiled waterz version
Preparing segmentation volume...
counting regions and sizes...
creating region graph for 39 nodes
creating statistics provider
extracting region graph...
Region graph number of edges: 153
merging until threshold 0.5
computing initial scores
merging until 0.5
min edge score 0.00195312
threshold exceeded
merged 11 edges
extracting segmentation
Re-using already compiled waterz version
Preparing segmentation volume...
counting regions and sizes...
creating region graph for 309 nodes
creating statistics provider
extracting region graph...
Region graph number of edges: 1789
merging until threshold 0.5
computing initial scores
merging until 0.5
min edge score 0.00195312
threshold exceeded
merged 153 edges
extracting segmentation
Re-using already compiled waterz version
Preparing segmentation volume...
counting regions and sizes...
creating region graph for 262 nodes
creating statistics provider
extracting region graph...
Region graph number of edges: 1416
merging until threshold 0.5
computing initial scores
merging until 0.5
min edge score 0.00195312
threshold exceeded
merged 126 edges
extracting segmentation
Re-using already compiled waterz version
Preparing segmentation volume...
counting regions and sizes...
creating region graph for 285 nodes
creating statistics provider
extracting region graph...
Region graph number of edges: 1458
merging until threshold 0.5
computing initial scores
merging until 0.5
min edge score 0.00195312
threshold exceeded
merged 142 edges
extracting segmentation
Re-using already compiled waterz version
Preparing segmentation volume...
counting regions and sizes...
creating region graph for 208 nodes
creating statistics provider
extracting region graph...
Region graph number of edges: 1014
merging until threshold 0.5
computing initial scores
merging until 0.5
min edge score 0.00195312
threshold exceeded
merged 119 edges
extracting segmentation
Re-using already compiled waterz version
Preparing segmentation volume...
counting regions and sizes...
creating region graph for 203 nodes
creating statistics provider
extracting region graph...
Region graph number of edges: 1028
merging until threshold 0.5
computing initial scores
merging until 0.5
min edge score 0.00195312
threshold exceeded
merged 64 edges
extracting segmentation
Re-using already compiled waterz version
Preparing segmentation volume...
counting regions and sizes...
creating region graph for 258 nodes
creating statistics provider
extracting region graph...
Region graph number of edges: 1449
merging until threshold 0.5
computing initial scores
merging until 0.5
min edge score 0.00195312
threshold exceeded
merged 153 edges
extracting segmentation
Re-using already compiled waterz version
Preparing segmentation volume...
counting regions and sizes...
creating region graph for 160 nodes
creating statistics provider
extracting region graph...
Region graph number of edges: 752
merging until threshold 0.5
computing initial scores
merging until 0.5
min edge score 0.00195312
threshold exceeded
merged 37 edges
extracting segmentation
Re-using already compiled waterz version
Preparing segmentation volume...
counting regions and sizes...
creating region graph for 270 nodes
creating statistics provider
extracting region graph...
Region graph number of edges: 1542
merging until threshold 0.5
computing initial scores
merging until 0.5
min edge score 0.00195312
threshold exceeded
merged 131 edges
extracting segmentation
Re-using already compiled waterz version
Preparing segmentation volume...
counting regions and sizes...
creating region graph for 38 nodes
creating statistics provider
extracting region graph...
Region graph number of edges: 125
merging until threshold 0.5
computing initial scores
merging until 0.5
min edge score 0.00195312
threshold exceeded
merged 19 edges
extracting segmentation
Re-using already compiled waterz version
Preparing segmentation volume...
counting regions and sizes...
creating region graph for 259 nodes
creating statistics provider
extracting region graph...
Region graph number of edges: 1432
merging until threshold 0.5
computing initial scores
merging until 0.5
min edge score 0.00195312
threshold exceeded
merged 131 edges
extracting segmentation
Re-using already compiled waterz version
Preparing segmentation volume...
counting regions and sizes...
creating region graph for 135 nodes
creating statistics provider
extracting region graph...
Region graph number of edges: 720
merging until threshold 0.5
computing initial scores
merging until 0.5
min edge score 0.00195312
threshold exceeded
merged 70 edges
extracting segmentation
Re-using already compiled waterz version
Preparing segmentation volume...
counting regions and sizes...
creating region graph for 86 nodes
creating statistics provider
extracting region graph...
Region graph number of edges: 359
merging until threshold 0.5
computing initial scores
merging until 0.5
min edge score 0.00195312
threshold exceeded
merged 55 edges
extracting segmentation
Re-using already compiled waterz version
Preparing segmentation volume...
counting regions and sizes...
creating region graph for 380 nodes
creating statistics provider
extracting region graph...
Region graph number of edges: 2193
merging until threshold 0.5
computing initial scores
merging until 0.5
min edge score 0.00195312
threshold exceeded
merged 171 edges
extracting segmentation
Re-using already compiled waterz version
Preparing segmentation volume...
counting regions and sizes...
creating region graph for 379 nodes
creating statistics provider
extracting region graph...
Region graph number of edges: 2049
merging until threshold 0.5
computing initial scores
merging until 0.5
min edge score 0.00195312
threshold exceeded
merged 132 edges
extracting segmentation
Re-using already compiled waterz version
Preparing segmentation volume...
counting regions and sizes...
creating region graph for 552 nodes
creating statistics provider
extracting region graph...
Region graph number of edges: 3221
merging until threshold 0.5
computing initial scores
merging until 0.5
min edge score 0.00195312
threshold exceeded
merged 212 edges
extracting segmentation
Re-using already compiled waterz version
Preparing segmentation volume...
counting regions and sizes...
creating region graph for 432 nodes
creating statistics provider
extracting region graph...
Region graph number of edges: 2452
merging until threshold 0.5
computing initial scores
merging until 0.5
min edge score 0.00195312
threshold exceeded
merged 130 edges
extracting segmentation
Re-using already compiled waterz version
Preparing segmentation volume...
counting regions and sizes...
creating region graph for 149 nodes
creating statistics provider
extracting region graph...
Region graph number of edges: 745
merging until threshold 0.5
computing initial scores
merging until 0.5
min edge score 0.00195312
threshold exceeded
merged 81 edges
extracting segmentation
Re-using already compiled waterz version
Preparing segmentation volume...
counting regions and sizes...
creating region graph for 42 nodes
creating statistics provider
extracting region graph...
Region graph number of edges: 189
merging until threshold 0.5
computing initial scores
merging until 0.5
min edge score 0.00195312
threshold exceeded
merged 27 edges
extracting segmentation
Re-using already compiled waterz version
Preparing segmentation volume...
counting regions and sizes...
creating region graph for 206 nodes
creating statistics provider
extracting region graph...
Region graph number of edges: 1051
merging until threshold 0.5
computing initial scores
merging until 0.5
min edge score 0.00195312
threshold exceeded
merged 76 edges
extracting segmentation
Re-using already compiled waterz version
Preparing segmentation volume...
counting regions and sizes...
creating region graph for 472 nodes
creating statistics provider
extracting region graph...
Region graph number of edges: 2739
merging until threshold 0.5
computing initial scores
merging until 0.5
min edge score 0.00195312
threshold exceeded
merged 132 edges
extracting segmentation
Re-using already compiled waterz version
Preparing segmentation volume...
counting regions and sizes...
creating region graph for 404 nodes
creating statistics provider
extracting region graph...
Region graph number of edges: 2244
merging until threshold 0.5
computing initial scores
merging until 0.5
min edge score 0.00195312
threshold exceeded
merged 164 edges
extracting segmentation
Re-using already compiled waterz version
Preparing segmentation volume...
counting regions and sizes...
creating region graph for 992 nodes
creating statistics provider
extracting region graph...
Region graph number of edges: 6079
merging until threshold 0.5
computing initial scores
merging until 0.5
min edge score 0.00195312
threshold exceeded
merged 475 edges
extracting segmentation
Re-using already compiled waterz version
Preparing segmentation volume...
counting regions and sizes...
creating region graph for 760 nodes
creating statistics provider
extracting region graph...
Region graph number of edges: 4507
merging until threshold 0.5
computing initial scores
merging until 0.5
min edge score 0.00195312
threshold exceeded
merged 311 edges
extracting segmentation
Re-using already compiled waterz version
Preparing segmentation volume...
counting regions and sizes...
creating region graph for 467 nodes
creating statistics provider
extracting region graph...
Region graph number of edges: 2648
merging until threshold 0.5
computing initial scores
merging until 0.5
min edge score 0.00195312
threshold exceeded
merged 207 edges
extracting segmentation
Re-using already compiled waterz version
Preparing segmentation volume...
counting regions and sizes...
creating region graph for 419 nodes
creating statistics provider
extracting region graph...
Region graph number of edges: 2372
merging until threshold 0.5
computing initial scores
merging until 0.5
min edge score 0.00195312
threshold exceeded
merged 138 edges
extracting segmentation
Re-using already compiled waterz version
Preparing segmentation volume...
counting regions and sizes...
creating region graph for 258 nodes
creating statistics provider
extracting region graph...
Region graph number of edges: 1396
merging until threshold 0.5
computing initial scores
merging until 0.5
min edge score 0.00195312
threshold exceeded
merged 85 edges
extracting segmentation
Re-using already compiled waterz version
Preparing segmentation volume...
counting regions and sizes...
creating region graph for 387 nodes
creating statistics provider
extracting region graph...
Region graph number of edges: 2371
merging until threshold 0.5
computing initial scores
merging until 0.5
min edge score 0.00195312
threshold exceeded
merged 157 edges
extracting segmentation
Re-using already compiled waterz version
Preparing segmentation volume...
counting regions and sizes...
creating region graph for 177 nodes
creating statistics provider
extracting region graph...
Region graph number of edges: 937
merging until threshold 0.5
computing initial scores
merging until 0.5
min edge score 0.00195312
threshold exceeded
merged 110 edges
extracting segmentation
Re-using already compiled waterz version
Preparing segmentation volume...
counting regions and sizes...
creating region graph for 40 nodes
creating statistics provider
extracting region graph...
Region graph number of edges: 179
merging until threshold 0.5
computing initial scores
merging until 0.5
min edge score 0.00195312
threshold exceeded
merged 26 edges
extracting segmentation
Re-using already compiled waterz version
Preparing segmentation volume...
counting regions and sizes...
creating region graph for 74 nodes
creating statistics provider
extracting region graph...
Region graph number of edges: 387
merging until threshold 0.5
computing initial scores
merging until 0.5
min edge score 0.00195312
threshold exceeded
merged 44 edges
extracting segmentation
Re-using already compiled waterz version
Preparing segmentation volume...
counting regions and sizes...
creating region graph for 34 nodes
creating statistics provider
extracting region graph...
Region graph number of edges: 144
merging until threshold 0.5
computing initial scores
merging until 0.5
min edge score 0.00195312
threshold exceeded
merged 19 edges
extracting segmentation
Re-using already compiled waterz version
Preparing segmentation volume...
counting regions and sizes...
creating region graph for 18 nodes
creating statistics provider
extracting region graph...
Region graph number of edges: 54
merging until threshold 0.5
computing initial scores
merging until 0.5
min edge score 0.00195312
threshold exceeded
merged 10 edges
extracting segmentation
Re-using already compiled waterz version
Preparing segmentation volume...
counting regions and sizes...
creating region graph for 117 nodes
creating statistics provider
extracting region graph...
Region graph number of edges: 652
merging until threshold 0.5
computing initial scores
merging until 0.5
min edge score 0.00195312
threshold exceeded
merged 50 edges
extracting segmentation
Re-using already compiled waterz version
Preparing segmentation volume...
counting regions and sizes...
creating region graph for 133 nodes
creating statistics provider
extracting region graph...
Region graph number of edges: 681
merging until threshold 0.5
computing initial scores
merging until 0.5
min edge score 0.00195312
threshold exceeded
merged 94 edges
extracting segmentation
Re-using already compiled waterz version
Preparing segmentation volume...
counting regions and sizes...
creating region graph for 80 nodes
creating statistics provider
extracting region graph...
Region graph number of edges: 362
merging until threshold 0.5
computing initial scores
merging until 0.5
min edge score 0.00195312
threshold exceeded
merged 43 edges
extracting segmentation
Re-using already compiled waterz version
Preparing segmentation volume...
counting regions and sizes...
creating region graph for 292 nodes
creating statistics provider
extracting region graph...
Region graph number of edges: 1626
merging until threshold 0.5
computing initial scores
merging until 0.5
min edge score 0.00195312
threshold exceeded
merged 79 edges
extracting segmentation
Re-using already compiled waterz version
Preparing segmentation volume...
counting regions and sizes...
creating region graph for 209 nodes
creating statistics provider
extracting region graph...
Region graph number of edges: 1132
merging until threshold 0.5
computing initial scores
merging until 0.5
min edge score 0.00195312
threshold exceeded
merged 82 edges
extracting segmentation
Re-using already compiled waterz version
Preparing segmentation volume...
counting regions and sizes...
creating region graph for 94 nodes
creating statistics provider
extracting region graph...
Region graph number of edges: 445
merging until threshold 0.5
computing initial scores
merging until 0.5
min edge score 0.00195312
threshold exceeded
merged 44 edges
extracting segmentation
Re-using already compiled waterz version
Preparing segmentation volume...
counting regions and sizes...
creating region graph for 148 nodes
creating statistics provider
extracting region graph...
Region graph number of edges: 771
merging until threshold 0.5
computing initial scores
merging until 0.5
min edge score 0.00195312
threshold exceeded
merged 62 edges
extracting segmentation
Re-using already compiled waterz version
Preparing segmentation volume...
counting regions and sizes...
creating region graph for 136 nodes
creating statistics provider
extracting region graph...
Region graph number of edges: 662
merging until threshold 0.5
computing initial scores
merging until 0.5
min edge score 0.00195312
threshold exceeded
merged 61 edges
extracting segmentation
Re-using already compiled waterz version
Preparing segmentation volume...
counting regions and sizes...
creating region graph for 310 nodes
creating statistics provider
extracting region graph...
Region graph number of edges: 1721
merging until threshold 0.5
computing initial scores
merging until 0.5
min edge score 0.00195312
threshold exceeded
merged 78 edges
extracting segmentation
Re-using already compiled waterz version
Preparing segmentation volume...
counting regions and sizes...
creating region graph for 188 nodes
creating statistics provider
extracting region graph...
Region graph number of edges: 935
merging until threshold 0.5
computing initial scores
merging until 0.5
min edge score 0.00195312
threshold exceeded
merged 63 edges
extracting segmentation
Re-using already compiled waterz version
Preparing segmentation volume...
counting regions and sizes...
creating region graph for 159 nodes
creating statistics provider
extracting region graph...
Region graph number of edges: 848
merging until threshold 0.5
computing initial scores
merging until 0.5
min edge score 0.00195312
threshold exceeded
merged 58 edges
extracting segmentation
Re-using already compiled waterz version
Preparing segmentation volume...
counting regions and sizes...
creating region graph for 32 nodes
creating statistics provider
extracting region graph...
Region graph number of edges: 127
merging until threshold 0.5
computing initial scores
merging until 0.5
min edge score 0.00195312
threshold exceeded
merged 19 edges
extracting segmentation
Re-using already compiled waterz version
Preparing segmentation volume...
counting regions and sizes...
creating region graph for 55 nodes
creating statistics provider
extracting region graph...
Region graph number of edges: 256
merging until threshold 0.5
computing initial scores
merging until 0.5
min edge score 0.00195312
threshold exceeded
merged 25 edges
extracting segmentation
Re-using already compiled waterz version
Preparing segmentation volume...
counting regions and sizes...
creating region graph for 30 nodes
creating statistics provider
extracting region graph...
Region graph number of edges: 114
merging until threshold 0.5
computing initial scores
merging until 0.5
min edge score 0.00195312
threshold exceeded
merged 19 edges
extracting segmentation
Re-using already compiled waterz version
Preparing segmentation volume...
counting regions and sizes...
creating region graph for 116 nodes
creating statistics provider
extracting region graph...
Region graph number of edges: 582
merging until threshold 0.5
computing initial scores
merging until 0.5
min edge score 0.00195312
threshold exceeded
merged 56 edges
extracting segmentation
Re-using already compiled waterz version
Preparing segmentation volume...
counting regions and sizes...
creating region graph for 255 nodes
creating statistics provider
extracting region graph...
Region graph number of edges: 1169
merging until threshold 0.5
computing initial scores
merging until 0.5
min edge score 0.00195312
threshold exceeded
merged 81 edges
extracting segmentation
Re-using already compiled waterz version
Preparing segmentation volume...
counting regions and sizes...
creating region graph for 64 nodes
creating statistics provider
extracting region graph...
Region graph number of edges: 270
merging until threshold 0.5
computing initial scores
merging until 0.5
min edge score 0.00195312
threshold exceeded
merged 39 edges
extracting segmentation
