INFO:root:worker 10 started...
INFO:root:epsilon_agglomerate: 0.5
INFO:root:mask_file: None
INFO:root:mask_dataset: None
INFO:root:filter_fragments: 0.0
INFO:root:Running block with config daisy_logs/octo-s0-subroi_z14112-15680_y17248-18816_x6272-7840_yhalfresionhalfsoma_fragments/config_10.yaml...
INFO:root:Reading affs from /media/samia/DATA/ark/lsd_outputs/MTLSD/3d/run-aclsd-together/model_checkpoint_300000/octo-s0-subroi_z14112-15680_y17248-18816_x6272-7840_yhalfresionhalfsoma.zarr
INFO:root:Reading fragments from /media/samia/DATA/ark/lsd_outputs/MTLSD/3d/run-aclsd-together/model_checkpoint_300000/octo-s0-subroi_z14112-15680_y17248-18816_x6272-7840_yhalfresionhalfsoma.zarr
INFO:root:Opening RAG DB...
INFO:root:RAG DB opened
INFO:root:block read roi begin: (7408, 11080, 5680)
INFO:root:block read roi shape: (1856, 1184, 1856)
INFO:root:block write roi begin: (7904, 11576, 6176)
INFO:root:block write roi shape: (864, 192, 864)
INFO:engine.post.parallel_fragments:Performing initial fragment agglomeration until 0.500000
/home/samia/anaconda3/envs/funkelsd/lib/python3.8/site-packages/scipy/ndimage/_measurements.py:1534: RuntimeWarning: invalid value encountered in divide
  results = [sum(input * grids[dir].astype(float), labels, index) / normalizer
INFO:root:releasing block: octo-s0-subroi_z14112-15680_y17248-18816_x6272-7840_yhalfresionhalfsoma_fragments/3494 with read ROI [7408:9264, 11080:12264, 5680:7536] (1856, 1184, 1856) and write ROI [7904:8768, 11576:11768, 6176:7040] (864, 192, 864)
INFO:root:block read roi begin: (8272, 712, 3952)
INFO:root:block read roi shape: (1856, 1856, 1856)
INFO:root:block write roi begin: (8768, 1208, 4448)
INFO:root:block write roi shape: (864, 864, 864)
INFO:engine.post.parallel_fragments:Performing initial fragment agglomeration until 0.500000
INFO:root:releasing block: octo-s0-subroi_z14112-15680_y17248-18816_x6272-7840_yhalfresionhalfsoma_fragments/509 with read ROI [8272:10128, 712:2568, 3952:5808] (1856, 1856, 1856) and write ROI [8768:9632, 1208:2072, 4448:5312] (864, 864, 864)
INFO:root:block read roi begin: (8272, 1576, 2224)
INFO:root:block read roi shape: (1856, 1856, 1856)
INFO:root:block write roi begin: (8768, 2072, 2720)
INFO:root:block write roi shape: (864, 864, 864)
INFO:engine.post.parallel_fragments:Performing initial fragment agglomeration until 0.500000
INFO:root:releasing block: octo-s0-subroi_z14112-15680_y17248-18816_x6272-7840_yhalfresionhalfsoma_fragments/428 with read ROI [8272:10128, 1576:3432, 2224:4080] (1856, 1856, 1856) and write ROI [8768:9632, 2072:2936, 2720:3584] (864, 864, 864)
INFO:root:block read roi begin: (8272, 2440, 496)
INFO:root:block read roi shape: (1856, 1856, 1856)
INFO:root:block write roi begin: (8768, 2936, 992)
INFO:root:block write roi shape: (864, 864, 864)
INFO:engine.post.parallel_fragments:Performing initial fragment agglomeration until 0.500000
INFO:root:releasing block: octo-s0-subroi_z14112-15680_y17248-18816_x6272-7840_yhalfresionhalfsoma_fragments/361 with read ROI [8272:10128, 2440:4296, 496:2352] (1856, 1856, 1856) and write ROI [8768:9632, 2936:3800, 992:1856] (864, 864, 864)
INFO:root:block read roi begin: (8272, 2440, 10000)
INFO:root:block read roi shape: (1856, 1856, 1856)
INFO:root:block write roi begin: (8768, 2936, 10496)
INFO:root:block write roi shape: (864, 864, 864)
INFO:engine.post.parallel_fragments:Performing initial fragment agglomeration until 0.500000
INFO:root:releasing block: octo-s0-subroi_z14112-15680_y17248-18816_x6272-7840_yhalfresionhalfsoma_fragments/2099 with read ROI [8272:10128, 2440:4296, 10000:11856] (1856, 1856, 1856) and write ROI [8768:9632, 2936:3800, 10496:11360] (864, 864, 864)
INFO:root:block read roi begin: (8272, 3304, 4816)
INFO:root:block read roi shape: (1856, 1856, 1856)
INFO:root:block write roi begin: (8768, 3800, 5312)
INFO:root:block write roi shape: (864, 864, 864)
INFO:engine.post.parallel_fragments:Performing initial fragment agglomeration until 0.500000
INFO:root:releasing block: octo-s0-subroi_z14112-15680_y17248-18816_x6272-7840_yhalfresionhalfsoma_fragments/1056 with read ROI [8272:10128, 3304:5160, 4816:6672] (1856, 1856, 1856) and write ROI [8768:9632, 3800:4664, 5312:6176] (864, 864, 864)
INFO:root:block read roi begin: (8272, 4168, 4816)
INFO:root:block read roi shape: (1856, 1856, 1856)
INFO:root:block write roi begin: (8768, 4664, 5312)
INFO:root:block write roi shape: (864, 864, 864)
INFO:engine.post.parallel_fragments:Performing initial fragment agglomeration until 0.500000
INFO:root:releasing block: octo-s0-subroi_z14112-15680_y17248-18816_x6272-7840_yhalfresionhalfsoma_fragments/1240 with read ROI [8272:10128, 4168:6024, 4816:6672] (1856, 1856, 1856) and write ROI [8768:9632, 4664:5528, 5312:6176] (864, 864, 864)
INFO:root:block read roi begin: (8272, 5032, 5680)
INFO:root:block read roi shape: (1856, 1856, 1856)
INFO:root:block write roi begin: (8768, 5528, 6176)
INFO:root:block write roi shape: (864, 864, 864)
INFO:engine.post.parallel_fragments:Performing initial fragment agglomeration until 0.500000
INFO:root:releasing block: octo-s0-subroi_z14112-15680_y17248-18816_x6272-7840_yhalfresionhalfsoma_fragments/1654 with read ROI [8272:10128, 5032:6888, 5680:7536] (1856, 1856, 1856) and write ROI [8768:9632, 5528:6392, 6176:7040] (864, 864, 864)
INFO:root:block read roi begin: (8272, 5896, 8272)
INFO:root:block read roi shape: (1856, 1856, 1856)
INFO:root:block write roi begin: (8768, 6392, 8768)
INFO:root:block write roi shape: (864, 864, 864)
INFO:engine.post.parallel_fragments:Performing initial fragment agglomeration until 0.500000
INFO:root:releasing block: octo-s0-subroi_z14112-15680_y17248-18816_x6272-7840_yhalfresionhalfsoma_fragments/2729 with read ROI [8272:10128, 5896:7752, 8272:10128] (1856, 1856, 1856) and write ROI [8768:9632, 6392:7256, 8768:9632] (864, 864, 864)
INFO:root:block read roi begin: (8272, 6760, 9136)
INFO:root:block read roi shape: (1856, 1856, 1856)
INFO:root:block write roi begin: (8768, 7256, 9632)
INFO:root:block write roi shape: (864, 864, 864)
INFO:engine.post.parallel_fragments:Performing initial fragment agglomeration until 0.500000
INFO:root:releasing block: octo-s0-subroi_z14112-15680_y17248-18816_x6272-7840_yhalfresionhalfsoma_fragments/3421 with read ROI [8272:10128, 6760:8616, 9136:10992] (1856, 1856, 1856) and write ROI [8768:9632, 7256:8120, 9632:10496] (864, 864, 864)
INFO:root:block read roi begin: (8272, 7624, 8272)
INFO:root:block read roi shape: (1856, 1856, 1856)
INFO:root:block write roi begin: (8768, 8120, 8768)
INFO:root:block write roi shape: (864, 864, 864)
INFO:engine.post.parallel_fragments:Performing initial fragment agglomeration until 0.500000
INFO:root:releasing block: octo-s0-subroi_z14112-15680_y17248-18816_x6272-7840_yhalfresionhalfsoma_fragments/3438 with read ROI [8272:10128, 7624:9480, 8272:10128] (1856, 1856, 1856) and write ROI [8768:9632, 8120:8984, 8768:9632] (864, 864, 864)
INFO:root:block read roi begin: (8272, 8488, 8272)
INFO:root:block read roi shape: (1856, 1856, 1856)
INFO:root:block write roi begin: (8768, 8984, 8768)
INFO:root:block write roi shape: (864, 864, 864)
INFO:engine.post.parallel_fragments:Performing initial fragment agglomeration until 0.500000
INFO:root:releasing block: octo-s0-subroi_z14112-15680_y17248-18816_x6272-7840_yhalfresionhalfsoma_fragments/3834 with read ROI [8272:10128, 8488:10344, 8272:10128] (1856, 1856, 1856) and write ROI [8768:9632, 8984:9848, 8768:9632] (864, 864, 864)
INFO:root:block read roi begin: (8272, 9352, 9136)
INFO:root:block read roi shape: (1856, 1856, 1856)
INFO:root:block write roi begin: (8768, 9848, 9632)
INFO:root:block write roi shape: (864, 864, 864)
INFO:engine.post.parallel_fragments:Performing initial fragment agglomeration until 0.500000
INFO:root:releasing block: octo-s0-subroi_z14112-15680_y17248-18816_x6272-7840_yhalfresionhalfsoma_fragments/4694 with read ROI [8272:10128, 9352:11208, 9136:10992] (1856, 1856, 1856) and write ROI [8768:9632, 9848:10712, 9632:10496] (864, 864, 864)
INFO:root:block read roi begin: (8272, 10216, 7408)
INFO:root:block read roi shape: (1856, 1856, 1856)
INFO:root:block write roi begin: (8768, 10712, 7904)
INFO:root:block write roi shape: (864, 864, 864)
INFO:engine.post.parallel_fragments:Performing initial fragment agglomeration until 0.500000
INFO:root:releasing block: octo-s0-subroi_z14112-15680_y17248-18816_x6272-7840_yhalfresionhalfsoma_fragments/4279 with read ROI [8272:10128, 10216:12072, 7408:9264] (1856, 1856, 1856) and write ROI [8768:9632, 10712:11576, 7904:8768] (864, 864, 864)
INFO:root:block read roi begin: (8272, 11080, 5680)
INFO:root:block read roi shape: (1856, 1184, 1856)
INFO:root:block write roi begin: (8768, 11576, 6176)
INFO:root:block write roi shape: (864, 192, 864)
INFO:engine.post.parallel_fragments:Performing initial fragment agglomeration until 0.500000
INFO:root:releasing block: octo-s0-subroi_z14112-15680_y17248-18816_x6272-7840_yhalfresionhalfsoma_fragments/3894 with read ROI [8272:10128, 11080:12264, 5680:7536] (1856, 1184, 1856) and write ROI [8768:9632, 11576:11768, 6176:7040] (864, 192, 864)
INFO:root:block read roi begin: (9136, 712, 4816)
INFO:root:block read roi shape: (1856, 1856, 1856)
INFO:root:block write roi begin: (9632, 1208, 5312)
INFO:root:block write roi shape: (864, 864, 864)
INFO:engine.post.parallel_fragments:Performing initial fragment agglomeration until 0.500000
INFO:root:releasing block: octo-s0-subroi_z14112-15680_y17248-18816_x6272-7840_yhalfresionhalfsoma_fragments/745 with read ROI [9136:10992, 712:2568, 4816:6672] (1856, 1856, 1856) and write ROI [9632:10496, 1208:2072, 5312:6176] (864, 864, 864)
INFO:root:block read roi begin: (9136, 1576, 3952)
INFO:root:block read roi shape: (1856, 1856, 1856)
INFO:root:block write roi begin: (9632, 2072, 4448)
INFO:root:block write roi shape: (864, 864, 864)
INFO:engine.post.parallel_fragments:Performing initial fragment agglomeration until 0.500000
INFO:root:releasing block: octo-s0-subroi_z14112-15680_y17248-18816_x6272-7840_yhalfresionhalfsoma_fragments/756 with read ROI [9136:10992, 1576:3432, 3952:5808] (1856, 1856, 1856) and write ROI [9632:10496, 2072:2936, 4448:5312] (864, 864, 864)
INFO:root:block read roi begin: (9136, 2440, 3088)
INFO:root:block read roi shape: (1856, 1856, 1856)
INFO:root:block write roi begin: (9632, 2936, 3584)
INFO:root:block write roi shape: (864, 864, 864)
INFO:engine.post.parallel_fragments:Performing initial fragment agglomeration until 0.500000
INFO:root:releasing block: octo-s0-subroi_z14112-15680_y17248-18816_x6272-7840_yhalfresionhalfsoma_fragments/768 with read ROI [9136:10992, 2440:4296, 3088:4944] (1856, 1856, 1856) and write ROI [9632:10496, 2936:3800, 3584:4448] (864, 864, 864)
INFO:root:block read roi begin: (9136, 3304, 1360)
INFO:root:block read roi shape: (1856, 1856, 1856)
INFO:root:block write roi begin: (9632, 3800, 1856)
INFO:root:block write roi shape: (864, 864, 864)
INFO:engine.post.parallel_fragments:Performing initial fragment agglomeration until 0.500000
INFO:root:releasing block: octo-s0-subroi_z14112-15680_y17248-18816_x6272-7840_yhalfresionhalfsoma_fragments/661 with read ROI [9136:10992, 3304:5160, 1360:3216] (1856, 1856, 1856) and write ROI [9632:10496, 3800:4664, 1856:2720] (864, 864, 864)
INFO:root:block read roi begin: (9136, 3304, 10864)
INFO:root:block read roi shape: (1856, 1856, 1184)
INFO:root:block write roi begin: (9632, 3800, 11360)
INFO:root:block write roi shape: (864, 864, 192)
INFO:engine.post.parallel_fragments:Performing initial fragment agglomeration until 0.500000
INFO:root:releasing block: octo-s0-subroi_z14112-15680_y17248-18816_x6272-7840_yhalfresionhalfsoma_fragments/3026 with read ROI [9136:10992, 3304:5160, 10864:12048] (1856, 1856, 1184) and write ROI [9632:10496, 3800:4664, 11360:11552] (864, 864, 192)
INFO:root:block read roi begin: (9136, 4168, 1360)
INFO:root:block read roi shape: (1856, 1856, 1856)
INFO:root:block write roi begin: (9632, 4664, 1856)
INFO:root:block write roi shape: (864, 864, 864)
INFO:engine.post.parallel_fragments:Performing initial fragment agglomeration until 0.500000
INFO:root:releasing block: octo-s0-subroi_z14112-15680_y17248-18816_x6272-7840_yhalfresionhalfsoma_fragments/795 with read ROI [9136:10992, 4168:6024, 1360:3216] (1856, 1856, 1856) and write ROI [9632:10496, 4664:5528, 1856:2720] (864, 864, 864)
INFO:root:block read roi begin: (9136, 4168, 10864)
INFO:root:block read roi shape: (1856, 1856, 1184)
INFO:root:block write roi begin: (9632, 4664, 11360)
INFO:root:block write roi shape: (864, 864, 192)
INFO:engine.post.parallel_fragments:Performing initial fragment agglomeration until 0.500000
INFO:root:releasing block: octo-s0-subroi_z14112-15680_y17248-18816_x6272-7840_yhalfresionhalfsoma_fragments/3391 with read ROI [9136:10992, 4168:6024, 10864:12048] (1856, 1856, 1184) and write ROI [9632:10496, 4664:5528, 11360:11552] (864, 864, 192)
INFO:root:block read roi begin: (9136, 5032, 1360)
INFO:root:block read roi shape: (1856, 1856, 1856)
INFO:root:block write roi begin: (9632, 5528, 1856)
INFO:root:block write roi shape: (864, 864, 864)
INFO:engine.post.parallel_fragments:Performing initial fragment agglomeration until 0.500000
INFO:root:releasing block: octo-s0-subroi_z14112-15680_y17248-18816_x6272-7840_yhalfresionhalfsoma_fragments/946 with read ROI [9136:10992, 5032:6888, 1360:3216] (1856, 1856, 1856) and write ROI [9632:10496, 5528:6392, 1856:2720] (864, 864, 864)
INFO:root:block read roi begin: (9136, 5032, 10864)
INFO:root:block read roi shape: (1856, 1856, 1184)
INFO:root:block write roi begin: (9632, 5528, 11360)
INFO:root:block write roi shape: (864, 864, 192)
INFO:engine.post.parallel_fragments:Performing initial fragment agglomeration until 0.500000
INFO:root:releasing block: octo-s0-subroi_z14112-15680_y17248-18816_x6272-7840_yhalfresionhalfsoma_fragments/3784 with read ROI [9136:10992, 5032:6888, 10864:12048] (1856, 1856, 1184) and write ROI [9632:10496, 5528:6392, 11360:11552] (864, 864, 192)
INFO:root:block read roi begin: (9136, 5896, 1360)
INFO:root:block read roi shape: (1856, 1856, 1856)
INFO:root:block write roi begin: (9632, 6392, 1856)
INFO:root:block write roi shape: (864, 864, 864)
INFO:engine.post.parallel_fragments:Performing initial fragment agglomeration until 0.500000
INFO:root:releasing block: octo-s0-subroi_z14112-15680_y17248-18816_x6272-7840_yhalfresionhalfsoma_fragments/1115 with read ROI [9136:10992, 5896:7752, 1360:3216] (1856, 1856, 1856) and write ROI [9632:10496, 6392:7256, 1856:2720] (864, 864, 864)
INFO:root:block read roi begin: (9136, 5896, 10864)
INFO:root:block read roi shape: (1856, 1856, 1184)
INFO:root:block write roi begin: (9632, 6392, 11360)
INFO:root:block write roi shape: (864, 864, 192)
INFO:engine.post.parallel_fragments:Performing initial fragment agglomeration until 0.500000
INFO:root:releasing block: octo-s0-subroi_z14112-15680_y17248-18816_x6272-7840_yhalfresionhalfsoma_fragments/4206 with read ROI [9136:10992, 5896:7752, 10864:12048] (1856, 1856, 1184) and write ROI [9632:10496, 6392:7256, 11360:11552] (864, 864, 192)
INFO:root:block read roi begin: (9136, 6760, 496)
INFO:root:block read roi shape: (1856, 1856, 1856)
INFO:root:block write roi begin: (9632, 7256, 992)
INFO:root:block write roi shape: (864, 864, 864)
INFO:engine.post.parallel_fragments:Performing initial fragment agglomeration until 0.500000
INFO:root:releasing block: octo-s0-subroi_z14112-15680_y17248-18816_x6272-7840_yhalfresionhalfsoma_fragments/1132 with read ROI [9136:10992, 6760:8616, 496:2352] (1856, 1856, 1856) and write ROI [9632:10496, 7256:8120, 992:1856] (864, 864, 864)
INFO:root:block read roi begin: (9136, 6760, 10000)
INFO:root:block read roi shape: (1856, 1856, 1856)
INFO:root:block write roi begin: (9632, 7256, 10496)
INFO:root:block write roi shape: (864, 864, 864)
INFO:engine.post.parallel_fragments:Performing initial fragment agglomeration until 0.500000
INFO:root:releasing block: octo-s0-subroi_z14112-15680_y17248-18816_x6272-7840_yhalfresionhalfsoma_fragments/4223 with read ROI [9136:10992, 6760:8616, 10000:11856] (1856, 1856, 1856) and write ROI [9632:10496, 7256:8120, 10496:11360] (864, 864, 864)
INFO:root:block read roi begin: (9136, 7624, 8272)
INFO:root:block read roi shape: (1856, 1856, 1856)
INFO:root:block write roi begin: (9632, 8120, 8768)
INFO:root:block write roi shape: (864, 864, 864)
INFO:engine.post.parallel_fragments:Performing initial fragment agglomeration until 0.500000
INFO:root:releasing block: octo-s0-subroi_z14112-15680_y17248-18816_x6272-7840_yhalfresionhalfsoma_fragments/3835 with read ROI [9136:10992, 7624:9480, 8272:10128] (1856, 1856, 1856) and write ROI [9632:10496, 8120:8984, 8768:9632] (864, 864, 864)
INFO:root:block read roi begin: (9136, 8488, 7408)
INFO:root:block read roi shape: (1856, 1856, 1856)
INFO:root:block write roi begin: (9632, 8984, 7904)
INFO:root:block write roi shape: (864, 864, 864)
INFO:engine.post.parallel_fragments:Performing initial fragment agglomeration until 0.500000
INFO:root:releasing block: octo-s0-subroi_z14112-15680_y17248-18816_x6272-7840_yhalfresionhalfsoma_fragments/3854 with read ROI [9136:10992, 8488:10344, 7408:9264] (1856, 1856, 1856) and write ROI [9632:10496, 8984:9848, 7904:8768] (864, 864, 864)
INFO:root:block read roi begin: (9136, 9352, 6544)
INFO:root:block read roi shape: (1856, 1856, 1856)
INFO:root:block write roi begin: (9632, 9848, 7040)
INFO:root:block write roi shape: (864, 864, 864)
INFO:engine.post.parallel_fragments:Performing initial fragment agglomeration until 0.500000
INFO:root:releasing block: octo-s0-subroi_z14112-15680_y17248-18816_x6272-7840_yhalfresionhalfsoma_fragments/3874 with read ROI [9136:10992, 9352:11208, 6544:8400] (1856, 1856, 1856) and write ROI [9632:10496, 9848:10712, 7040:7904] (864, 864, 864)
INFO:root:block read roi begin: (9136, 10216, 7408)
INFO:root:block read roi shape: (1856, 1856, 1856)
INFO:root:block write roi begin: (9632, 10712, 7904)
INFO:root:block write roi shape: (864, 864, 864)
INFO:engine.post.parallel_fragments:Performing initial fragment agglomeration until 0.500000
INFO:root:releasing block: octo-s0-subroi_z14112-15680_y17248-18816_x6272-7840_yhalfresionhalfsoma_fragments/4736 with read ROI [9136:10992, 10216:12072, 7408:9264] (1856, 1856, 1856) and write ROI [9632:10496, 10712:11576, 7904:8768] (864, 864, 864)
INFO:root:block read roi begin: (9136, 11080, 9136)
INFO:root:block read roi shape: (1856, 1184, 1856)
INFO:root:block write roi begin: (9632, 11576, 9632)
INFO:root:block write roi shape: (864, 192, 864)
INFO:engine.post.parallel_fragments:Performing initial fragment agglomeration until 0.500000
INFO:root:releasing block: octo-s0-subroi_z14112-15680_y17248-18816_x6272-7840_yhalfresionhalfsoma_fragments/6247 with read ROI [9136:10992, 11080:12264, 9136:10992] (1856, 1184, 1856) and write ROI [9632:10496, 11576:11768, 9632:10496] (864, 192, 864)
INFO:root:block read roi begin: (10000, 712, 7408)
INFO:root:block read roi shape: (1856, 1856, 1856)
INFO:root:block write roi begin: (10496, 1208, 7904)
INFO:root:block write roi shape: (864, 864, 864)
INFO:engine.post.parallel_fragments:Performing initial fragment agglomeration until 0.500000
INFO:root:releasing block: octo-s0-subroi_z14112-15680_y17248-18816_x6272-7840_yhalfresionhalfsoma_fragments/1407 with read ROI [10000:11856, 712:2568, 7408:9264] (1856, 1856, 1856) and write ROI [10496:11360, 1208:2072, 7904:8768] (864, 864, 864)
INFO:root:block read roi begin: (10000, 1576, 6544)
INFO:root:block read roi shape: (1856, 1856, 1856)
INFO:root:block write roi begin: (10496, 2072, 7040)
INFO:root:block write roi shape: (864, 864, 864)
INFO:engine.post.parallel_fragments:Performing initial fragment agglomeration until 0.500000
INFO:root:releasing block: octo-s0-subroi_z14112-15680_y17248-18816_x6272-7840_yhalfresionhalfsoma_fragments/1419 with read ROI [10000:11856, 1576:3432, 6544:8400] (1856, 1856, 1856) and write ROI [10496:11360, 2072:2936, 7040:7904] (864, 864, 864)
INFO:root:block read roi begin: (10000, 2440, 8272)
INFO:root:block read roi shape: (1856, 1856, 1856)
INFO:root:block write roi begin: (10496, 2936, 8768)
INFO:root:block write roi shape: (864, 864, 864)
INFO:engine.post.parallel_fragments:Performing initial fragment agglomeration until 0.500000
INFO:root:releasing block: octo-s0-subroi_z14112-15680_y17248-18816_x6272-7840_yhalfresionhalfsoma_fragments/2126 with read ROI [10000:11856, 2440:4296, 8272:10128] (1856, 1856, 1856) and write ROI [10496:11360, 2936:3800, 8768:9632] (864, 864, 864)
INFO:root:block read roi begin: (10000, 3304, 9136)
INFO:root:block read roi shape: (1856, 1856, 1856)
INFO:root:block write roi begin: (10496, 3800, 9632)
INFO:root:block write roi shape: (864, 864, 864)
INFO:engine.post.parallel_fragments:Performing initial fragment agglomeration until 0.500000
INFO:root:releasing block: octo-s0-subroi_z14112-15680_y17248-18816_x6272-7840_yhalfresionhalfsoma_fragments/2716 with read ROI [10000:11856, 3304:5160, 9136:10992] (1856, 1856, 1856) and write ROI [10496:11360, 3800:4664, 9632:10496] (864, 864, 864)
INFO:root:block read roi begin: (10000, 4168, 9136)
INFO:root:block read roi shape: (1856, 1856, 1856)
INFO:root:block write roi begin: (10496, 4664, 9632)
INFO:root:block write roi shape: (864, 864, 864)
INFO:engine.post.parallel_fragments:Performing initial fragment agglomeration until 0.500000
INFO:root:releasing block: octo-s0-subroi_z14112-15680_y17248-18816_x6272-7840_yhalfresionhalfsoma_fragments/3056 with read ROI [10000:11856, 4168:6024, 9136:10992] (1856, 1856, 1856) and write ROI [10496:11360, 4664:5528, 9632:10496] (864, 864, 864)
INFO:root:block read roi begin: (10000, 5032, 8272)
INFO:root:block read roi shape: (1856, 1856, 1856)
INFO:root:block write roi begin: (10496, 5528, 8768)
INFO:root:block write roi shape: (864, 864, 864)
INFO:engine.post.parallel_fragments:Performing initial fragment agglomeration until 0.500000
INFO:root:releasing block: octo-s0-subroi_z14112-15680_y17248-18816_x6272-7840_yhalfresionhalfsoma_fragments/3072 with read ROI [10000:11856, 5032:6888, 8272:10128] (1856, 1856, 1856) and write ROI [10496:11360, 5528:6392, 8768:9632] (864, 864, 864)
INFO:root:block read roi begin: (10000, 5896, 6544)
INFO:root:block read roi shape: (1856, 1856, 1856)
INFO:root:block write roi begin: (10496, 6392, 7040)
INFO:root:block write roi shape: (864, 864, 864)
INFO:engine.post.parallel_fragments:Performing initial fragment agglomeration until 0.500000
INFO:root:releasing block: octo-s0-subroi_z14112-15680_y17248-18816_x6272-7840_yhalfresionhalfsoma_fragments/2764 with read ROI [10000:11856, 5896:7752, 6544:8400] (1856, 1856, 1856) and write ROI [10496:11360, 6392:7256, 7040:7904] (864, 864, 864)
INFO:root:block read roi begin: (10000, 6760, 7408)
INFO:root:block read roi shape: (1856, 1856, 1856)
INFO:root:block write roi begin: (10496, 7256, 7904)
INFO:root:block write roi shape: (864, 864, 864)
INFO:engine.post.parallel_fragments:Performing initial fragment agglomeration until 0.500000
INFO:root:releasing block: octo-s0-subroi_z14112-15680_y17248-18816_x6272-7840_yhalfresionhalfsoma_fragments/3458 with read ROI [10000:11856, 6760:8616, 7408:9264] (1856, 1856, 1856) and write ROI [10496:11360, 7256:8120, 7904:8768] (864, 864, 864)
INFO:root:block read roi begin: (10000, 7624, 4816)
INFO:root:block read roi shape: (1856, 1856, 1856)
INFO:root:block write roi begin: (10496, 8120, 5312)
INFO:root:block write roi shape: (864, 864, 864)
INFO:engine.post.parallel_fragments:Performing initial fragment agglomeration until 0.500000
INFO:root:releasing block: octo-s0-subroi_z14112-15680_y17248-18816_x6272-7840_yhalfresionhalfsoma_fragments/2801 with read ROI [10000:11856, 7624:9480, 4816:6672] (1856, 1856, 1856) and write ROI [10496:11360, 8120:8984, 5312:6176] (864, 864, 864)
INFO:root:block read roi begin: (10000, 8488, 3088)
INFO:root:block read roi shape: (1856, 1856, 1856)
INFO:root:block write roi begin: (10496, 8984, 3584)
INFO:root:block write roi shape: (864, 864, 864)
INFO:engine.post.parallel_fragments:Performing initial fragment agglomeration until 0.500000
INFO:root:releasing block: octo-s0-subroi_z14112-15680_y17248-18816_x6272-7840_yhalfresionhalfsoma_fragments/2521 with read ROI [10000:11856, 8488:10344, 3088:4944] (1856, 1856, 1856) and write ROI [10496:11360, 8984:9848, 3584:4448] (864, 864, 864)
INFO:root:block read roi begin: (10000, 9352, 496)
INFO:root:block read roi shape: (1856, 1856, 1856)
INFO:root:block write roi begin: (10496, 9848, 992)
INFO:root:block write roi shape: (864, 864, 864)
INFO:engine.post.parallel_fragments:Performing initial fragment agglomeration until 0.500000
INFO:root:releasing block: octo-s0-subroi_z14112-15680_y17248-18816_x6272-7840_yhalfresionhalfsoma_fragments/2013 with read ROI [10000:11856, 9352:11208, 496:2352] (1856, 1856, 1856) and write ROI [10496:11360, 9848:10712, 992:1856] (864, 864, 864)
INFO:root:block read roi begin: (10000, 9352, 10000)
INFO:root:block read roi shape: (1856, 1856, 1856)
INFO:root:block write roi begin: (10496, 9848, 10496)
INFO:root:block write roi shape: (864, 864, 864)
INFO:engine.post.parallel_fragments:Performing initial fragment agglomeration until 0.500000
INFO:root:releasing block: octo-s0-subroi_z14112-15680_y17248-18816_x6272-7840_yhalfresionhalfsoma_fragments/6226 with read ROI [10000:11856, 9352:11208, 10000:11856] (1856, 1856, 1856) and write ROI [10496:11360, 9848:10712, 10496:11360] (864, 864, 864)
INFO:root:block read roi begin: (10000, 10216, 9136)
INFO:root:block read roi shape: (1856, 1856, 1856)
INFO:root:block write roi begin: (10496, 10712, 9632)
INFO:root:block write roi shape: (864, 864, 864)
INFO:engine.post.parallel_fragments:Performing initial fragment agglomeration until 0.500000
INFO:root:releasing block: octo-s0-subroi_z14112-15680_y17248-18816_x6272-7840_yhalfresionhalfsoma_fragments/6248 with read ROI [10000:11856, 10216:12072, 9136:10992] (1856, 1856, 1856) and write ROI [10496:11360, 10712:11576, 9632:10496] (864, 864, 864)
INFO:root:block read roi begin: (10000, 11080, 4816)
INFO:root:block read roi shape: (1856, 1184, 1856)
INFO:root:block write roi begin: (10496, 11576, 5312)
INFO:root:block write roi shape: (864, 192, 864)
INFO:engine.post.parallel_fragments:Performing initial fragment agglomeration until 0.500000
INFO:root:releasing block: octo-s0-subroi_z14112-15680_y17248-18816_x6272-7840_yhalfresionhalfsoma_fragments/4347 with read ROI [10000:11856, 11080:12264, 4816:6672] (1856, 1184, 1856) and write ROI [10496:11360, 11576:11768, 5312:6176] (864, 192, 864)
INFO:root:block read roi begin: (10864, 712, 3952)
INFO:root:block read roi shape: (1184, 1856, 1856)
INFO:root:block write roi begin: (11360, 1208, 4448)
INFO:root:block write roi shape: (192, 864, 864)
INFO:engine.post.parallel_fragments:Performing initial fragment agglomeration until 0.500000
INFO:root:releasing block: octo-s0-subroi_z14112-15680_y17248-18816_x6272-7840_yhalfresionhalfsoma_fragments/906 with read ROI [10864:12048, 712:2568, 3952:5808] (1184, 1856, 1856) and write ROI [11360:11552, 1208:2072, 4448:5312] (192, 864, 864)
INFO:root:block read roi begin: (10864, 1576, 2224)
INFO:root:block read roi shape: (1184, 1856, 1856)
INFO:root:block write roi begin: (11360, 2072, 2720)
INFO:root:block write roi shape: (192, 864, 864)
INFO:engine.post.parallel_fragments:Performing initial fragment agglomeration until 0.500000
INFO:root:releasing block: octo-s0-subroi_z14112-15680_y17248-18816_x6272-7840_yhalfresionhalfsoma_fragments/783 with read ROI [10864:12048, 1576:3432, 2224:4080] (1184, 1856, 1856) and write ROI [11360:11552, 2072:2936, 2720:3584] (192, 864, 864)
INFO:root:block read roi begin: (10864, 2440, 496)
INFO:root:block read roi shape: (1184, 1856, 1856)
INFO:root:block write roi begin: (11360, 2936, 992)
INFO:root:block write roi shape: (192, 864, 864)
INFO:engine.post.parallel_fragments:Performing initial fragment agglomeration until 0.500000
INFO:root:releasing block: octo-s0-subroi_z14112-15680_y17248-18816_x6272-7840_yhalfresionhalfsoma_fragments/677 with read ROI [10864:12048, 2440:4296, 496:2352] (1184, 1856, 1856) and write ROI [11360:11552, 2936:3800, 992:1856] (192, 864, 864)
INFO:root:block read roi begin: (10864, 2440, 7408)
INFO:root:block read roi shape: (1184, 1856, 1856)
INFO:root:block write roi begin: (11360, 2936, 7904)
INFO:root:block write roi shape: (192, 864, 864)
INFO:engine.post.parallel_fragments:Performing initial fragment agglomeration until 0.500000
INFO:root:releasing block: octo-s0-subroi_z14112-15680_y17248-18816_x6272-7840_yhalfresionhalfsoma_fragments/2141 with read ROI [10864:12048, 2440:4296, 7408:9264] (1184, 1856, 1856) and write ROI [11360:11552, 2936:3800, 7904:8768] (192, 864, 864)
INFO:root:block read roi begin: (10864, 3304, 7408)
INFO:root:block read roi shape: (1184, 1856, 1856)
INFO:root:block write roi begin: (11360, 3800, 7904)
INFO:root:block write roi shape: (192, 864, 864)
INFO:engine.post.parallel_fragments:Performing initial fragment agglomeration until 0.500000
INFO:root:releasing block: octo-s0-subroi_z14112-15680_y17248-18816_x6272-7840_yhalfresionhalfsoma_fragments/2432 with read ROI [10864:12048, 3304:5160, 7408:9264] (1184, 1856, 1856) and write ROI [11360:11552, 3800:4664, 7904:8768] (192, 864, 864)
INFO:root:block read roi begin: (10864, 4168, 4816)
INFO:root:block read roi shape: (1184, 1856, 1856)
INFO:root:block write roi begin: (11360, 4664, 5312)
INFO:root:block write roi shape: (192, 864, 864)
INFO:engine.post.parallel_fragments:Performing initial fragment agglomeration until 0.500000
INFO:root:releasing block: octo-s0-subroi_z14112-15680_y17248-18816_x6272-7840_yhalfresionhalfsoma_fragments/1919 with read ROI [10864:12048, 4168:6024, 4816:6672] (1184, 1856, 1856) and write ROI [11360:11552, 4664:5528, 5312:6176] (192, 864, 864)
INFO:root:block read roi begin: (10864, 5032, 3952)
INFO:root:block read roi shape: (1184, 1856, 1856)
INFO:root:block write roi begin: (11360, 5528, 4448)
INFO:root:block write roi shape: (192, 864, 864)
INFO:engine.post.parallel_fragments:Performing initial fragment agglomeration until 0.500000
INFO:root:releasing block: octo-s0-subroi_z14112-15680_y17248-18816_x6272-7840_yhalfresionhalfsoma_fragments/1936 with read ROI [10864:12048, 5032:6888, 3952:5808] (1184, 1856, 1856) and write ROI [11360:11552, 5528:6392, 4448:5312] (192, 864, 864)
INFO:root:block read roi begin: (10864, 5896, 3952)
INFO:root:block read roi shape: (1184, 1856, 1856)
INFO:root:block write roi begin: (11360, 6392, 4448)
INFO:root:block write roi shape: (192, 864, 864)
INFO:engine.post.parallel_fragments:Performing initial fragment agglomeration until 0.500000
INFO:root:releasing block: octo-s0-subroi_z14112-15680_y17248-18816_x6272-7840_yhalfresionhalfsoma_fragments/2207 with read ROI [10864:12048, 5896:7752, 3952:5808] (1184, 1856, 1856) and write ROI [11360:11552, 6392:7256, 4448:5312] (192, 864, 864)
INFO:root:block read roi begin: (10864, 6760, 5680)
INFO:root:block read roi shape: (1184, 1856, 1856)
INFO:root:block write roi begin: (11360, 7256, 6176)
INFO:root:block write roi shape: (192, 864, 864)
INFO:engine.post.parallel_fragments:Performing initial fragment agglomeration until 0.500000
INFO:root:releasing block: octo-s0-subroi_z14112-15680_y17248-18816_x6272-7840_yhalfresionhalfsoma_fragments/3127 with read ROI [10864:12048, 6760:8616, 5680:7536] (1184, 1856, 1856) and write ROI [11360:11552, 7256:8120, 6176:7040] (192, 864, 864)
INFO:root:block read roi begin: (10864, 7624, 5680)
INFO:root:block read roi shape: (1184, 1856, 1856)
INFO:root:block write roi begin: (11360, 8120, 6176)
INFO:root:block write roi shape: (192, 864, 864)
INFO:engine.post.parallel_fragments:Performing initial fragment agglomeration until 0.500000
INFO:root:releasing block: octo-s0-subroi_z14112-15680_y17248-18816_x6272-7840_yhalfresionhalfsoma_fragments/3498 with read ROI [10864:12048, 7624:9480, 5680:7536] (1184, 1856, 1856) and write ROI [11360:11552, 8120:8984, 6176:7040] (192, 864, 864)
INFO:root:block read roi begin: (10864, 8488, 2224)
INFO:root:block read roi shape: (1184, 1856, 1856)
INFO:root:block write roi begin: (11360, 8984, 2720)
INFO:root:block write roi shape: (192, 864, 864)
INFO:engine.post.parallel_fragments:Performing initial fragment agglomeration until 0.500000
INFO:root:releasing block: octo-s0-subroi_z14112-15680_y17248-18816_x6272-7840_yhalfresionhalfsoma_fragments/2543 with read ROI [10864:12048, 8488:10344, 2224:4080] (1184, 1856, 1856) and write ROI [11360:11552, 8984:9848, 2720:3584] (192, 864, 864)
INFO:root:block read roi begin: (10864, 9352, 496)
INFO:root:block read roi shape: (1184, 1856, 1856)
INFO:root:block write roi begin: (11360, 9848, 992)
INFO:root:block write roi shape: (192, 864, 864)
INFO:engine.post.parallel_fragments:Performing initial fragment agglomeration until 0.500000
INFO:root:releasing block: octo-s0-subroi_z14112-15680_y17248-18816_x6272-7840_yhalfresionhalfsoma_fragments/2289 with read ROI [10864:12048, 9352:11208, 496:2352] (1184, 1856, 1856) and write ROI [11360:11552, 9848:10712, 992:1856] (192, 864, 864)
INFO:root:block read roi begin: (10864, 9352, 10000)
INFO:root:block read roi shape: (1184, 1856, 1856)
INFO:root:block write roi begin: (11360, 9848, 10496)
INFO:root:block write roi shape: (192, 864, 864)
INFO:engine.post.parallel_fragments:Performing initial fragment agglomeration until 0.500000
INFO:root:releasing block: octo-s0-subroi_z14112-15680_y17248-18816_x6272-7840_yhalfresionhalfsoma_fragments/6810 with read ROI [10864:12048, 9352:11208, 10000:11856] (1184, 1856, 1856) and write ROI [11360:11552, 9848:10712, 10496:11360] (192, 864, 864)
INFO:root:block read roi begin: (10864, 10216, 9136)
INFO:root:block read roi shape: (1184, 1856, 1856)
INFO:root:block write roi begin: (11360, 10712, 9632)
INFO:root:block write roi shape: (192, 864, 864)
INFO:engine.post.parallel_fragments:Performing initial fragment agglomeration until 0.500000
INFO:root:releasing block: octo-s0-subroi_z14112-15680_y17248-18816_x6272-7840_yhalfresionhalfsoma_fragments/6833 with read ROI [10864:12048, 10216:12072, 9136:10992] (1184, 1856, 1856) and write ROI [11360:11552, 10712:11576, 9632:10496] (192, 864, 864)
INFO:root:block read roi begin: (10864, 11080, 7408)
INFO:root:block read roi shape: (1184, 1184, 1856)
INFO:root:block write roi begin: (11360, 11576, 7904)
INFO:root:block write roi shape: (192, 192, 864)
INFO:engine.post.parallel_fragments:Performing initial fragment agglomeration until 0.500000
INFO:root:releasing block: octo-s0-subroi_z14112-15680_y17248-18816_x6272-7840_yhalfresionhalfsoma_fragments/6296 with read ROI [10864:12048, 11080:12264, 7408:9264] (1184, 1184, 1856) and write ROI [11360:11552, 11576:11768, 7904:8768] (192, 192, 864)
INFO:root:block read roi begin: (3952, 2440, 9136)
INFO:root:block read roi shape: (1856, 1856, 1856)
INFO:root:block write roi begin: (4448, 2936, 9632)
INFO:root:block write roi shape: (864, 864, 864)
INFO:engine.post.parallel_fragments:Performing initial fragment agglomeration until 0.500000
INFO:root:releasing block: octo-s0-subroi_z14112-15680_y17248-18816_x6272-7840_yhalfresionhalfsoma_fragments/841 with read ROI [3952:5808, 2440:4296, 9136:10992] (1856, 1856, 1856) and write ROI [4448:5312, 2936:3800, 9632:10496] (864, 864, 864)
INFO:root:block read roi begin: (7408, 10216, 7408)
INFO:root:block read roi shape: (1856, 1856, 1856)
INFO:root:block write roi begin: (7904, 10712, 7904)
INFO:root:block write roi shape: (864, 864, 864)
INFO:engine.post.parallel_fragments:Performing initial fragment agglomeration until 0.500000
INFO:root:releasing block: octo-s0-subroi_z14112-15680_y17248-18816_x6272-7840_yhalfresionhalfsoma_fragments/3852 with read ROI [7408:9264, 10216:12072, 7408:9264] (1856, 1856, 1856) and write ROI [7904:8768, 10712:11576, 7904:8768] (864, 864, 864)
