Backend TkAgg is interactive backend. Turning interactive mode on.
MtlsdModel(
  (unet): UNet(
    (l_conv): ModuleList(
      (0): ConvPass(
        (conv_pass): Sequential(
          (0): Conv3d(1, 12, kernel_size=(1, 3, 3), stride=(1, 1, 1))
          (1): ReLU()
          (2): Conv3d(12, 12, kernel_size=(1, 3, 3), stride=(1, 1, 1))
          (3): ReLU()
        )
      )
      (1): ConvPass(
        (conv_pass): Sequential(
          (0): Conv3d(12, 60, kernel_size=(3, 3, 3), stride=(1, 1, 1))
          (1): ReLU()
          (2): Conv3d(60, 60, kernel_size=(3, 3, 3), stride=(1, 1, 1))
          (3): ReLU()
        )
      )
      (2): ConvPass(
        (conv_pass): Sequential(
          (0): Conv3d(60, 300, kernel_size=(3, 3, 3), stride=(1, 1, 1))
          (1): ReLU()
          (2): Conv3d(300, 300, kernel_size=(3, 3, 3), stride=(1, 1, 1))
          (3): ReLU()
        )
      )
      (3): ConvPass(
        (conv_pass): Sequential(
          (0): Conv3d(300, 1500, kernel_size=(3, 3, 3), stride=(1, 1, 1))
          (1): ReLU()
          (2): Conv3d(1500, 1500, kernel_size=(3, 3, 3), stride=(1, 1, 1))
          (3): ReLU()
        )
      )
    )
    (l_down): ModuleList(
      (0): Downsample(
        (down): MaxPool3d(kernel_size=[1, 2, 2], stride=[1, 2, 2], padding=0, dilation=1, ceil_mode=False)
      )
      (1): Downsample(
        (down): MaxPool3d(kernel_size=[2, 2, 2], stride=[2, 2, 2], padding=0, dilation=1, ceil_mode=False)
      )
      (2): Downsample(
        (down): MaxPool3d(kernel_size=[3, 3, 3], stride=[3, 3, 3], padding=0, dilation=1, ceil_mode=False)
      )
    )
    (r_up): ModuleList(
      (0): ModuleList(
        (0): Upsample(
          (up): ConvTranspose3d(60, 60, kernel_size=(1, 2, 2), stride=(1, 2, 2))
        )
        (1): Upsample(
          (up): ConvTranspose3d(300, 300, kernel_size=(2, 2, 2), stride=(2, 2, 2))
        )
        (2): Upsample(
          (up): ConvTranspose3d(1500, 1500, kernel_size=(3, 3, 3), stride=(3, 3, 3))
        )
      )
    )
    (r_conv): ModuleList(
      (0): ModuleList(
        (0): ConvPass(
          (conv_pass): Sequential(
            (0): Conv3d(72, 12, kernel_size=(3, 3, 3), stride=(1, 1, 1))
            (1): ReLU()
            (2): Conv3d(12, 12, kernel_size=(3, 3, 3), stride=(1, 1, 1))
            (3): ReLU()
          )
        )
        (1): ConvPass(
          (conv_pass): Sequential(
            (0): Conv3d(360, 60, kernel_size=(3, 3, 3), stride=(1, 1, 1))
            (1): ReLU()
            (2): Conv3d(60, 60, kernel_size=(3, 3, 3), stride=(1, 1, 1))
            (3): ReLU()
          )
        )
        (2): ConvPass(
          (conv_pass): Sequential(
            (0): Conv3d(1800, 300, kernel_size=(3, 3, 3), stride=(1, 1, 1))
            (1): ReLU()
            (2): Conv3d(300, 300, kernel_size=(3, 3, 3), stride=(1, 1, 1))
            (3): ReLU()
          )
        )
      )
    )
  )
  (lsd_head): ConvPass(
    (conv_pass): Sequential(
      (0): Conv3d(12, 10, kernel_size=(1, 1, 1), stride=(1, 1, 1))
      (1): Sigmoid()
    )
  )
  (aff_head): ConvPass(
    (conv_pass): Sequential(
      (0): Conv3d(12, 3, kernel_size=(1, 1, 1), stride=(1, 1, 1))
      (1): Sigmoid()
    )
  )
)
Model Parameters: 155.143M
Saving outputs to /media/samia/DATA/ark/lsd_outputs/MTLSD/3d/run_unclahed/model_checkpoint_latest/sample_A_padded_20160501_copy.zarr
Recording block-done for sampleAPadded20160501Copy_pred_affs/39 with read ROI [1680:6960, 328:1400, 1480:2552] (5280, 1072, 1072) and write ROI [2880:5760, 576:1152, 1728:2304] (2880, 576, 576)
Recorded block-done for sampleAPadded20160501Copy_pred_affs/39 with read ROI [1680:6960, 328:1400, 1480:2552] (5280, 1072, 1072) and write ROI [2880:5760, 576:1152, 1728:2304] (2880, 576, 576)
Recording block-done for sampleAPadded20160501Copy_pred_affs/124 with read ROI [1680:6960, 328:1400, 3208:4280] (5280, 1072, 1072) and write ROI [2880:5760, 576:1152, 3456:4032] (2880, 576, 576)
Recorded block-done for sampleAPadded20160501Copy_pred_affs/124 with read ROI [1680:6960, 328:1400, 3208:4280] (5280, 1072, 1072) and write ROI [2880:5760, 576:1152, 3456:4032] (2880, 576, 576)
Recording block-done for sampleAPadded20160501Copy_pred_affs/290 with read ROI [1680:6960, 328:1400, 4936:6008] (5280, 1072, 1072) and write ROI [2880:5760, 576:1152, 5184:5760] (2880, 576, 576)
Recorded block-done for sampleAPadded20160501Copy_pred_affs/290 with read ROI [1680:6960, 328:1400, 4936:6008] (5280, 1072, 1072) and write ROI [2880:5760, 576:1152, 5184:5760] (2880, 576, 576)
Recording block-done for sampleAPadded20160501Copy_pred_affs/368 with read ROI [1680:6960, 328:1400, 5512:6584] (5280, 1072, 1072) and write ROI [2880:5760, 576:1152, 5760:6336] (2880, 576, 576)
Recorded block-done for sampleAPadded20160501Copy_pred_affs/368 with read ROI [1680:6960, 328:1400, 5512:6584] (5280, 1072, 1072) and write ROI [2880:5760, 576:1152, 5760:6336] (2880, 576, 576)
Recording block-done for sampleAPadded20160501Copy_pred_affs/564 with read ROI [1680:6960, 328:1400, 6664:7736] (5280, 1072, 1072) and write ROI [2880:5760, 576:1152, 6912:7488] (2880, 576, 576)
Recorded block-done for sampleAPadded20160501Copy_pred_affs/564 with read ROI [1680:6960, 328:1400, 6664:7736] (5280, 1072, 1072) and write ROI [2880:5760, 576:1152, 6912:7488] (2880, 576, 576)
Recording block-done for sampleAPadded20160501Copy_pred_affs/820 with read ROI [1680:6960, 328:1400, 7816:8888] (5280, 1072, 1072) and write ROI [2880:5760, 576:1152, 8064:8640] (2880, 576, 576)
Recorded block-done for sampleAPadded20160501Copy_pred_affs/820 with read ROI [1680:6960, 328:1400, 7816:8888] (5280, 1072, 1072) and write ROI [2880:5760, 576:1152, 8064:8640] (2880, 576, 576)
Recording block-done for sampleAPadded20160501Copy_pred_affs/1334 with read ROI [1680:6960, 328:1400, 9544:10616] (5280, 1072, 1072) and write ROI [2880:5760, 576:1152, 9792:10368] (2880, 576, 576)
Recorded block-done for sampleAPadded20160501Copy_pred_affs/1334 with read ROI [1680:6960, 328:1400, 9544:10616] (5280, 1072, 1072) and write ROI [2880:5760, 576:1152, 9792:10368] (2880, 576, 576)
Recording block-done for sampleAPadded20160501Copy_pred_affs/1544 with read ROI [1680:6960, 328:1400, 10120:11192] (5280, 1072, 1072) and write ROI [2880:5760, 576:1152, 10368:10944] (2880, 576, 576)
Recorded block-done for sampleAPadded20160501Copy_pred_affs/1544 with read ROI [1680:6960, 328:1400, 10120:11192] (5280, 1072, 1072) and write ROI [2880:5760, 576:1152, 10368:10944] (2880, 576, 576)
Recording block-done for sampleAPadded20160501Copy_pred_affs/27 with read ROI [1680:6960, 904:1976, 328:1400] (5280, 1072, 1072) and write ROI [2880:5760, 1152:1728, 576:1152] (2880, 576, 576)
Recorded block-done for sampleAPadded20160501Copy_pred_affs/27 with read ROI [1680:6960, 904:1976, 328:1400] (5280, 1072, 1072) and write ROI [2880:5760, 1152:1728, 576:1152] (2880, 576, 576)
Recording block-done for sampleAPadded20160501Copy_pred_affs/63 with read ROI [1680:6960, 904:1976, 1480:2552] (5280, 1072, 1072) and write ROI [2880:5760, 1152:1728, 1728:2304] (2880, 576, 576)
Recorded block-done for sampleAPadded20160501Copy_pred_affs/63 with read ROI [1680:6960, 904:1976, 1480:2552] (5280, 1072, 1072) and write ROI [2880:5760, 1152:1728, 1728:2304] (2880, 576, 576)
Recording block-done for sampleAPadded20160501Copy_pred_affs/127 with read ROI [1680:6960, 904:1976, 2632:3704] (5280, 1072, 1072) and write ROI [2880:5760, 1152:1728, 2880:3456] (2880, 576, 576)
Recorded block-done for sampleAPadded20160501Copy_pred_affs/127 with read ROI [1680:6960, 904:1976, 2632:3704] (5280, 1072, 1072) and write ROI [2880:5760, 1152:1728, 2880:3456] (2880, 576, 576)
Recording block-done for sampleAPadded20160501Copy_pred_affs/227 with read ROI [1680:6960, 904:1976, 3784:4856] (5280, 1072, 1072) and write ROI [2880:5760, 1152:1728, 4032:4608] (2880, 576, 576)
Recorded block-done for sampleAPadded20160501Copy_pred_affs/227 with read ROI [1680:6960, 904:1976, 3784:4856] (5280, 1072, 1072) and write ROI [2880:5760, 1152:1728, 4032:4608] (2880, 576, 576)
Recording block-done for sampleAPadded20160501Copy_pred_affs/371 with read ROI [1680:6960, 904:1976, 4936:6008] (5280, 1072, 1072) and write ROI [2880:5760, 1152:1728, 5184:5760] (2880, 576, 576)
Recorded block-done for sampleAPadded20160501Copy_pred_affs/371 with read ROI [1680:6960, 904:1976, 4936:6008] (5280, 1072, 1072) and write ROI [2880:5760, 1152:1728, 5184:5760] (2880, 576, 576)
Recording block-done for sampleAPadded20160501Copy_pred_affs/567 with read ROI [1680:6960, 904:1976, 6088:7160] (5280, 1072, 1072) and write ROI [2880:5760, 1152:1728, 6336:6912] (2880, 576, 576)
Recorded block-done for sampleAPadded20160501Copy_pred_affs/567 with read ROI [1680:6960, 904:1976, 6088:7160] (5280, 1072, 1072) and write ROI [2880:5760, 1152:1728, 6336:6912] (2880, 576, 576)
Recording block-done for sampleAPadded20160501Copy_pred_affs/823 with read ROI [1680:6960, 904:1976, 7240:8312] (5280, 1072, 1072) and write ROI [2880:5760, 1152:1728, 7488:8064] (2880, 576, 576)
Recorded block-done for sampleAPadded20160501Copy_pred_affs/823 with read ROI [1680:6960, 904:1976, 7240:8312] (5280, 1072, 1072) and write ROI [2880:5760, 1152:1728, 7488:8064] (2880, 576, 576)
Recording block-done for sampleAPadded20160501Copy_pred_affs/1147 with read ROI [1680:6960, 904:1976, 8392:9464] (5280, 1072, 1072) and write ROI [2880:5760, 1152:1728, 8640:9216] (2880, 576, 576)
Recorded block-done for sampleAPadded20160501Copy_pred_affs/1147 with read ROI [1680:6960, 904:1976, 8392:9464] (5280, 1072, 1072) and write ROI [2880:5760, 1152:1728, 8640:9216] (2880, 576, 576)
Recording block-done for sampleAPadded20160501Copy_pred_affs/1547 with read ROI [1680:6960, 904:1976, 9544:10616] (5280, 1072, 1072) and write ROI [2880:5760, 1152:1728, 9792:10368] (2880, 576, 576)
Recorded block-done for sampleAPadded20160501Copy_pred_affs/1547 with read ROI [1680:6960, 904:1976, 9544:10616] (5280, 1072, 1072) and write ROI [2880:5760, 1152:1728, 9792:10368] (2880, 576, 576)
Recording block-done for sampleAPadded20160501Copy_pred_affs/2031 with read ROI [1680:6960, 904:1976, 10696:11768] (5280, 1072, 1072) and write ROI [2880:5760, 1152:1728, 10944:11520] (2880, 576, 576)
Recorded block-done for sampleAPadded20160501Copy_pred_affs/2031 with read ROI [1680:6960, 904:1976, 10696:11768] (5280, 1072, 1072) and write ROI [2880:5760, 1152:1728, 10944:11520] (2880, 576, 576)
Recording block-done for sampleAPadded20160501Copy_pred_affs/46 with read ROI [1680:6960, 1480:2552, 328:1400] (5280, 1072, 1072) and write ROI [2880:5760, 1728:2304, 576:1152] (2880, 576, 576)
Recorded block-done for sampleAPadded20160501Copy_pred_affs/46 with read ROI [1680:6960, 1480:2552, 328:1400] (5280, 1072, 1072) and write ROI [2880:5760, 1728:2304, 576:1152] (2880, 576, 576)
Recording block-done for sampleAPadded20160501Copy_pred_affs/131 with read ROI [1680:6960, 1480:2552, 2056:3128] (5280, 1072, 1072) and write ROI [2880:5760, 1728:2304, 2304:2880] (2880, 576, 576)
Recorded block-done for sampleAPadded20160501Copy_pred_affs/131 with read ROI [1680:6960, 1480:2552, 2056:3128] (5280, 1072, 1072) and write ROI [2880:5760, 1728:2304, 2304:2880] (2880, 576, 576)
Recording block-done for sampleAPadded20160501Copy_pred_affs/176 with read ROI [1680:6960, 1480:2552, 2632:3704] (5280, 1072, 1072) and write ROI [2880:5760, 1728:2304, 2880:3456] (2880, 576, 576)
Recorded block-done for sampleAPadded20160501Copy_pred_affs/176 with read ROI [1680:6960, 1480:2552, 2632:3704] (5280, 1072, 1072) and write ROI [2880:5760, 1728:2304, 2880:3456] (2880, 576, 576)
Recording block-done for sampleAPadded20160501Copy_pred_affs/375 with read ROI [1680:6960, 1480:2552, 4360:5432] (5280, 1072, 1072) and write ROI [2880:5760, 1728:2304, 4608:5184] (2880, 576, 576)
Recorded block-done for sampleAPadded20160501Copy_pred_affs/375 with read ROI [1680:6960, 1480:2552, 4360:5432] (5280, 1072, 1072) and write ROI [2880:5760, 1728:2304, 4608:5184] (2880, 576, 576)
Recording block-done for sampleAPadded20160501Copy_pred_affs/571 with read ROI [1680:6960, 1480:2552, 5512:6584] (5280, 1072, 1072) and write ROI [2880:5760, 1728:2304, 5760:6336] (2880, 576, 576)
Recorded block-done for sampleAPadded20160501Copy_pred_affs/571 with read ROI [1680:6960, 1480:2552, 5512:6584] (5280, 1072, 1072) and write ROI [2880:5760, 1728:2304, 5760:6336] (2880, 576, 576)
Recording block-done for sampleAPadded20160501Copy_pred_affs/1151 with read ROI [1680:6960, 1480:2552, 7816:8888] (5280, 1072, 1072) and write ROI [2880:5760, 1728:2304, 8064:8640] (2880, 576, 576)
Recorded block-done for sampleAPadded20160501Copy_pred_affs/1151 with read ROI [1680:6960, 1480:2552, 7816:8888] (5280, 1072, 1072) and write ROI [2880:5760, 1728:2304, 8064:8640] (2880, 576, 576)
Recording block-done for sampleAPadded20160501Copy_pred_affs/827 with read ROI [1680:6960, 1480:2552, 6664:7736] (5280, 1072, 1072) and write ROI [2880:5760, 1728:2304, 6912:7488] (2880, 576, 576)
Recorded block-done for sampleAPadded20160501Copy_pred_affs/827 with read ROI [1680:6960, 1480:2552, 6664:7736] (5280, 1072, 1072) and write ROI [2880:5760, 1728:2304, 6912:7488] (2880, 576, 576)
Recording block-done for sampleAPadded20160501Copy_pred_affs/1551 with read ROI [1680:6960, 1480:2552, 8968:10040] (5280, 1072, 1072) and write ROI [2880:5760, 1728:2304, 9216:9792] (2880, 576, 576)
Recorded block-done for sampleAPadded20160501Copy_pred_affs/1551 with read ROI [1680:6960, 1480:2552, 8968:10040] (5280, 1072, 1072) and write ROI [2880:5760, 1728:2304, 9216:9792] (2880, 576, 576)
Recording block-done for sampleAPadded20160501Copy_pred_affs/2035 with read ROI [1680:6960, 1480:2552, 10120:11192] (5280, 1072, 1072) and write ROI [2880:5760, 1728:2304, 10368:10944] (2880, 576, 576)
Recorded block-done for sampleAPadded20160501Copy_pred_affs/2035 with read ROI [1680:6960, 1480:2552, 10120:11192] (5280, 1072, 1072) and write ROI [2880:5760, 1728:2304, 10368:10944] (2880, 576, 576)
Recording block-done for sampleAPadded20160501Copy_pred_affs/72 with read ROI [1680:6960, 2056:3128, 328:1400] (5280, 1072, 1072) and write ROI [2880:5760, 2304:2880, 576:1152] (2880, 576, 576)
Recorded block-done for sampleAPadded20160501Copy_pred_affs/72 with read ROI [1680:6960, 2056:3128, 328:1400] (5280, 1072, 1072) and write ROI [2880:5760, 2304:2880, 576:1152] (2880, 576, 576)
Recording block-done for sampleAPadded20160501Copy_pred_affs/181 with read ROI [1680:6960, 2056:3128, 2056:3128] (5280, 1072, 1072) and write ROI [2880:5760, 2304:2880, 2304:2880] (2880, 576, 576)
Recorded block-done for sampleAPadded20160501Copy_pred_affs/181 with read ROI [1680:6960, 2056:3128, 2056:3128] (5280, 1072, 1072) and write ROI [2880:5760, 2304:2880, 2304:2880] (2880, 576, 576)
Recording block-done for sampleAPadded20160501Copy_pred_affs/236 with read ROI [1680:6960, 2056:3128, 2632:3704] (5280, 1072, 1072) and write ROI [2880:5760, 2304:2880, 2880:3456] (2880, 576, 576)
Recorded block-done for sampleAPadded20160501Copy_pred_affs/236 with read ROI [1680:6960, 2056:3128, 2632:3704] (5280, 1072, 1072) and write ROI [2880:5760, 2304:2880, 2880:3456] (2880, 576, 576)
Recording block-done for sampleAPadded20160501Copy_pred_affs/380 with read ROI [1680:6960, 2056:3128, 3784:4856] (5280, 1072, 1072) and write ROI [2880:5760, 2304:2880, 4032:4608] (2880, 576, 576)
Recorded block-done for sampleAPadded20160501Copy_pred_affs/380 with read ROI [1680:6960, 2056:3128, 3784:4856] (5280, 1072, 1072) and write ROI [2880:5760, 2304:2880, 4032:4608] (2880, 576, 576)
Recording block-done for sampleAPadded20160501Copy_pred_affs/576 with read ROI [1680:6960, 2056:3128, 4936:6008] (5280, 1072, 1072) and write ROI [2880:5760, 2304:2880, 5184:5760] (2880, 576, 576)
Recorded block-done for sampleAPadded20160501Copy_pred_affs/576 with read ROI [1680:6960, 2056:3128, 4936:6008] (5280, 1072, 1072) and write ROI [2880:5760, 2304:2880, 5184:5760] (2880, 576, 576)
Recording block-done for sampleAPadded20160501Copy_pred_affs/832 with read ROI [1680:6960, 2056:3128, 6088:7160] (5280, 1072, 1072) and write ROI [2880:5760, 2304:2880, 6336:6912] (2880, 576, 576)
Recorded block-done for sampleAPadded20160501Copy_pred_affs/832 with read ROI [1680:6960, 2056:3128, 6088:7160] (5280, 1072, 1072) and write ROI [2880:5760, 2304:2880, 6336:6912] (2880, 576, 576)
Recording block-done for sampleAPadded20160501Copy_pred_affs/1156 with read ROI [1680:6960, 2056:3128, 7240:8312] (5280, 1072, 1072) and write ROI [2880:5760, 2304:2880, 7488:8064] (2880, 576, 576)
Recorded block-done for sampleAPadded20160501Copy_pred_affs/1156 with read ROI [1680:6960, 2056:3128, 7240:8312] (5280, 1072, 1072) and write ROI [2880:5760, 2304:2880, 7488:8064] (2880, 576, 576)
Recording block-done for sampleAPadded20160501Copy_pred_affs/2040 with read ROI [1680:6960, 2056:3128, 9544:10616] (5280, 1072, 1072) and write ROI [2880:5760, 2304:2880, 9792:10368] (2880, 576, 576)
Recorded block-done for sampleAPadded20160501Copy_pred_affs/2040 with read ROI [1680:6960, 2056:3128, 9544:10616] (5280, 1072, 1072) and write ROI [2880:5760, 2304:2880, 9792:10368] (2880, 576, 576)
Recording block-done for sampleAPadded20160501Copy_pred_affs/1556 with read ROI [1680:6960, 2056:3128, 8392:9464] (5280, 1072, 1072) and write ROI [2880:5760, 2304:2880, 8640:9216] (2880, 576, 576)
Recorded block-done for sampleAPadded20160501Copy_pred_affs/1556 with read ROI [1680:6960, 2056:3128, 8392:9464] (5280, 1072, 1072) and write ROI [2880:5760, 2304:2880, 8640:9216] (2880, 576, 576)
Recording block-done for sampleAPadded20160501Copy_pred_affs/2616 with read ROI [1680:6960, 2056:3128, 10696:11768] (5280, 1072, 1072) and write ROI [2880:5760, 2304:2880, 10944:11520] (2880, 576, 576)
Recorded block-done for sampleAPadded20160501Copy_pred_affs/2616 with read ROI [1680:6960, 2056:3128, 10696:11768] (5280, 1072, 1072) and write ROI [2880:5760, 2304:2880, 10944:11520] (2880, 576, 576)
Recording block-done for sampleAPadded20160501Copy_pred_affs/142 with read ROI [1680:6960, 2632:3704, 904:1976] (5280, 1072, 1072) and write ROI [2880:5760, 2880:3456, 1152:1728] (2880, 576, 576)
Recorded block-done for sampleAPadded20160501Copy_pred_affs/142 with read ROI [1680:6960, 2632:3704, 904:1976] (5280, 1072, 1072) and write ROI [2880:5760, 2880:3456, 1152:1728] (2880, 576, 576)
Recording block-done for sampleAPadded20160501Copy_pred_affs/242 with read ROI [1680:6960, 2632:3704, 2056:3128] (5280, 1072, 1072) and write ROI [2880:5760, 2880:3456, 2304:2880] (2880, 576, 576)
Recorded block-done for sampleAPadded20160501Copy_pred_affs/242 with read ROI [1680:6960, 2632:3704, 2056:3128] (5280, 1072, 1072) and write ROI [2880:5760, 2880:3456, 2304:2880] (2880, 576, 576)
Recording block-done for sampleAPadded20160501Copy_pred_affs/386 with read ROI [1680:6960, 2632:3704, 3208:4280] (5280, 1072, 1072) and write ROI [2880:5760, 2880:3456, 3456:4032] (2880, 576, 576)
Recorded block-done for sampleAPadded20160501Copy_pred_affs/386 with read ROI [1680:6960, 2632:3704, 3208:4280] (5280, 1072, 1072) and write ROI [2880:5760, 2880:3456, 3456:4032] (2880, 576, 576)
Recording block-done for sampleAPadded20160501Copy_pred_affs/582 with read ROI [1680:6960, 2632:3704, 4360:5432] (5280, 1072, 1072) and write ROI [2880:5760, 2880:3456, 4608:5184] (2880, 576, 576)
Recorded block-done for sampleAPadded20160501Copy_pred_affs/582 with read ROI [1680:6960, 2632:3704, 4360:5432] (5280, 1072, 1072) and write ROI [2880:5760, 2880:3456, 4608:5184] (2880, 576, 576)
Recording block-done for sampleAPadded20160501Copy_pred_affs/702 with read ROI [1680:6960, 2632:3704, 4936:6008] (5280, 1072, 1072) and write ROI [2880:5760, 2880:3456, 5184:5760] (2880, 576, 576)
Recorded block-done for sampleAPadded20160501Copy_pred_affs/702 with read ROI [1680:6960, 2632:3704, 4936:6008] (5280, 1072, 1072) and write ROI [2880:5760, 2880:3456, 5184:5760] (2880, 576, 576)
Recording block-done for sampleAPadded20160501Copy_pred_affs/1162 with read ROI [1680:6960, 2632:3704, 6664:7736] (5280, 1072, 1072) and write ROI [2880:5760, 2880:3456, 6912:7488] (2880, 576, 576)
Recorded block-done for sampleAPadded20160501Copy_pred_affs/1162 with read ROI [1680:6960, 2632:3704, 6664:7736] (5280, 1072, 1072) and write ROI [2880:5760, 2880:3456, 6912:7488] (2880, 576, 576)
Recording block-done for sampleAPadded20160501Copy_pred_affs/1352 with read ROI [1680:6960, 2632:3704, 7240:8312] (5280, 1072, 1072) and write ROI [2880:5760, 2880:3456, 7488:8064] (2880, 576, 576)
Recorded block-done for sampleAPadded20160501Copy_pred_affs/1352 with read ROI [1680:6960, 2632:3704, 7240:8312] (5280, 1072, 1072) and write ROI [2880:5760, 2880:3456, 7488:8064] (2880, 576, 576)
Recording block-done for sampleAPadded20160501Copy_pred_affs/2046 with read ROI [1680:6960, 2632:3704, 8968:10040] (5280, 1072, 1072) and write ROI [2880:5760, 2880:3456, 9216:9792] (2880, 576, 576)
Recorded block-done for sampleAPadded20160501Copy_pred_affs/2046 with read ROI [1680:6960, 2632:3704, 8968:10040] (5280, 1072, 1072) and write ROI [2880:5760, 2880:3456, 9216:9792] (2880, 576, 576)
Recording block-done for sampleAPadded20160501Copy_pred_affs/2622 with read ROI [1680:6960, 2632:3704, 10120:11192] (5280, 1072, 1072) and write ROI [2880:5760, 2880:3456, 10368:10944] (2880, 576, 576)
Recorded block-done for sampleAPadded20160501Copy_pred_affs/2622 with read ROI [1680:6960, 2632:3704, 10120:11192] (5280, 1072, 1072) and write ROI [2880:5760, 2880:3456, 10368:10944] (2880, 576, 576)
Recording block-done for sampleAPadded20160501Copy_pred_affs/149 with read ROI [1680:6960, 3208:4280, 328:1400] (5280, 1072, 1072) and write ROI [2880:5760, 3456:4032, 576:1152] (2880, 576, 576)
Recorded block-done for sampleAPadded20160501Copy_pred_affs/149 with read ROI [1680:6960, 3208:4280, 328:1400] (5280, 1072, 1072) and write ROI [2880:5760, 3456:4032, 576:1152] (2880, 576, 576)
Recording block-done for sampleAPadded20160501Copy_pred_affs/249 with read ROI [1680:6960, 3208:4280, 1480:2552] (5280, 1072, 1072) and write ROI [2880:5760, 3456:4032, 1728:2304] (2880, 576, 576)
Recorded block-done for sampleAPadded20160501Copy_pred_affs/249 with read ROI [1680:6960, 3208:4280, 1480:2552] (5280, 1072, 1072) and write ROI [2880:5760, 3456:4032, 1728:2304] (2880, 576, 576)
Recording block-done for sampleAPadded20160501Copy_pred_affs/393 with read ROI [1680:6960, 3208:4280, 2632:3704] (5280, 1072, 1072) and write ROI [2880:5760, 3456:4032, 2880:3456] (2880, 576, 576)
Recorded block-done for sampleAPadded20160501Copy_pred_affs/393 with read ROI [1680:6960, 3208:4280, 2632:3704] (5280, 1072, 1072) and write ROI [2880:5760, 3456:4032, 2880:3456] (2880, 576, 576)
Recording block-done for sampleAPadded20160501Copy_pred_affs/589 with read ROI [1680:6960, 3208:4280, 3784:4856] (5280, 1072, 1072) and write ROI [2880:5760, 3456:4032, 4032:4608] (2880, 576, 576)
Recorded block-done for sampleAPadded20160501Copy_pred_affs/589 with read ROI [1680:6960, 3208:4280, 3784:4856] (5280, 1072, 1072) and write ROI [2880:5760, 3456:4032, 4032:4608] (2880, 576, 576)
Recording block-done for sampleAPadded20160501Copy_pred_affs/845 with read ROI [1680:6960, 3208:4280, 4936:6008] (5280, 1072, 1072) and write ROI [2880:5760, 3456:4032, 5184:5760] (2880, 576, 576)
Recorded block-done for sampleAPadded20160501Copy_pred_affs/845 with read ROI [1680:6960, 3208:4280, 4936:6008] (5280, 1072, 1072) and write ROI [2880:5760, 3456:4032, 5184:5760] (2880, 576, 576)
Recording block-done for sampleAPadded20160501Copy_pred_affs/1169 with read ROI [1680:6960, 3208:4280, 6088:7160] (5280, 1072, 1072) and write ROI [2880:5760, 3456:4032, 6336:6912] (2880, 576, 576)
Recorded block-done for sampleAPadded20160501Copy_pred_affs/1169 with read ROI [1680:6960, 3208:4280, 6088:7160] (5280, 1072, 1072) and write ROI [2880:5760, 3456:4032, 6336:6912] (2880, 576, 576)
Recording block-done for sampleAPadded20160501Copy_pred_affs/1569 with read ROI [1680:6960, 3208:4280, 7240:8312] (5280, 1072, 1072) and write ROI [2880:5760, 3456:4032, 7488:8064] (2880, 576, 576)
Recorded block-done for sampleAPadded20160501Copy_pred_affs/1569 with read ROI [1680:6960, 3208:4280, 7240:8312] (5280, 1072, 1072) and write ROI [2880:5760, 3456:4032, 7488:8064] (2880, 576, 576)
Recording block-done for sampleAPadded20160501Copy_pred_affs/2053 with read ROI [1680:6960, 3208:4280, 8392:9464] (5280, 1072, 1072) and write ROI [2880:5760, 3456:4032, 8640:9216] (2880, 576, 576)
Recorded block-done for sampleAPadded20160501Copy_pred_affs/2053 with read ROI [1680:6960, 3208:4280, 8392:9464] (5280, 1072, 1072) and write ROI [2880:5760, 3456:4032, 8640:9216] (2880, 576, 576)
Recording block-done for sampleAPadded20160501Copy_pred_affs/2629 with read ROI [1680:6960, 3208:4280, 9544:10616] (5280, 1072, 1072) and write ROI [2880:5760, 3456:4032, 9792:10368] (2880, 576, 576)
Recorded block-done for sampleAPadded20160501Copy_pred_affs/2629 with read ROI [1680:6960, 3208:4280, 9544:10616] (5280, 1072, 1072) and write ROI [2880:5760, 3456:4032, 9792:10368] (2880, 576, 576)
Recording block-done for sampleAPadded20160501Copy_pred_affs/3305 with read ROI [1680:6960, 3208:4280, 10696:11768] (5280, 1072, 1072) and write ROI [2880:5760, 3456:4032, 10944:11520] (2880, 576, 576)
Recorded block-done for sampleAPadded20160501Copy_pred_affs/3305 with read ROI [1680:6960, 3208:4280, 10696:11768] (5280, 1072, 1072) and write ROI [2880:5760, 3456:4032, 10944:11520] (2880, 576, 576)
Recording block-done for sampleAPadded20160501Copy_pred_affs/257 with read ROI [1680:6960, 3784:4856, 904:1976] (5280, 1072, 1072) and write ROI [2880:5760, 4032:4608, 1152:1728] (2880, 576, 576)
Recorded block-done for sampleAPadded20160501Copy_pred_affs/257 with read ROI [1680:6960, 3784:4856, 904:1976] (5280, 1072, 1072) and write ROI [2880:5760, 4032:4608, 1152:1728] (2880, 576, 576)
Recording block-done for sampleAPadded20160501Copy_pred_affs/401 with read ROI [1680:6960, 3784:4856, 2056:3128] (5280, 1072, 1072) and write ROI [2880:5760, 4032:4608, 2304:2880] (2880, 576, 576)
Recorded block-done for sampleAPadded20160501Copy_pred_affs/401 with read ROI [1680:6960, 3784:4856, 2056:3128] (5280, 1072, 1072) and write ROI [2880:5760, 4032:4608, 2304:2880] (2880, 576, 576)
Recording block-done for sampleAPadded20160501Copy_pred_affs/597 with read ROI [1680:6960, 3784:4856, 3208:4280] (5280, 1072, 1072) and write ROI [2880:5760, 4032:4608, 3456:4032] (2880, 576, 576)
Recorded block-done for sampleAPadded20160501Copy_pred_affs/597 with read ROI [1680:6960, 3784:4856, 3208:4280] (5280, 1072, 1072) and write ROI [2880:5760, 4032:4608, 3456:4032] (2880, 576, 576)
Recording block-done for sampleAPadded20160501Copy_pred_affs/853 with read ROI [1680:6960, 3784:4856, 4360:5432] (5280, 1072, 1072) and write ROI [2880:5760, 4032:4608, 4608:5184] (2880, 576, 576)
Recorded block-done for sampleAPadded20160501Copy_pred_affs/853 with read ROI [1680:6960, 3784:4856, 4360:5432] (5280, 1072, 1072) and write ROI [2880:5760, 4032:4608, 4608:5184] (2880, 576, 576)
Recording block-done for sampleAPadded20160501Copy_pred_affs/1177 with read ROI [1680:6960, 3784:4856, 5512:6584] (5280, 1072, 1072) and write ROI [2880:5760, 4032:4608, 5760:6336] (2880, 576, 576)
Recorded block-done for sampleAPadded20160501Copy_pred_affs/1177 with read ROI [1680:6960, 3784:4856, 5512:6584] (5280, 1072, 1072) and write ROI [2880:5760, 4032:4608, 5760:6336] (2880, 576, 576)
Recording block-done for sampleAPadded20160501Copy_pred_affs/1367 with read ROI [1680:6960, 3784:4856, 6088:7160] (5280, 1072, 1072) and write ROI [2880:5760, 4032:4608, 6336:6912] (2880, 576, 576)
Recorded block-done for sampleAPadded20160501Copy_pred_affs/1367 with read ROI [1680:6960, 3784:4856, 6088:7160] (5280, 1072, 1072) and write ROI [2880:5760, 4032:4608, 6336:6912] (2880, 576, 576)
Recording block-done for sampleAPadded20160501Copy_pred_affs/2061 with read ROI [1680:6960, 3784:4856, 7816:8888] (5280, 1072, 1072) and write ROI [2880:5760, 4032:4608, 8064:8640] (2880, 576, 576)
Recorded block-done for sampleAPadded20160501Copy_pred_affs/2061 with read ROI [1680:6960, 3784:4856, 7816:8888] (5280, 1072, 1072) and write ROI [2880:5760, 4032:4608, 8064:8640] (2880, 576, 576)
Recording block-done for sampleAPadded20160501Copy_pred_affs/2962 with read ROI [1680:6960, 3784:4856, 9544:10616] (5280, 1072, 1072) and write ROI [2880:5760, 4032:4608, 9792:10368] (2880, 576, 576)
Recorded block-done for sampleAPadded20160501Copy_pred_affs/2962 with read ROI [1680:6960, 3784:4856, 9544:10616] (5280, 1072, 1072) and write ROI [2880:5760, 4032:4608, 9792:10368] (2880, 576, 576)
Recording block-done for sampleAPadded20160501Copy_pred_affs/2337 with read ROI [1680:6960, 3784:4856, 8392:9464] (5280, 1072, 1072) and write ROI [2880:5760, 4032:4608, 8640:9216] (2880, 576, 576)
Recorded block-done for sampleAPadded20160501Copy_pred_affs/2337 with read ROI [1680:6960, 3784:4856, 8392:9464] (5280, 1072, 1072) and write ROI [2880:5760, 4032:4608, 8640:9216] (2880, 576, 576)
Recording block-done for sampleAPadded20160501Copy_pred_affs/3691 with read ROI [1680:6960, 3784:4856, 10696:11768] (5280, 1072, 1072) and write ROI [2880:5760, 4032:4608, 10944:11520] (2880, 576, 576)
Recorded block-done for sampleAPadded20160501Copy_pred_affs/3691 with read ROI [1680:6960, 3784:4856, 10696:11768] (5280, 1072, 1072) and write ROI [2880:5760, 4032:4608, 10944:11520] (2880, 576, 576)
Recording block-done for sampleAPadded20160501Copy_pred_affs/410 with read ROI [1680:6960, 4360:5432, 1480:2552] (5280, 1072, 1072) and write ROI [2880:5760, 4608:5184, 1728:2304] (2880, 576, 576)
Recorded block-done for sampleAPadded20160501Copy_pred_affs/410 with read ROI [1680:6960, 4360:5432, 1480:2552] (5280, 1072, 1072) and write ROI [2880:5760, 4608:5184, 1728:2304] (2880, 576, 576)
Recording block-done for sampleAPadded20160501Copy_pred_affs/501 with read ROI [1680:6960, 4360:5432, 2056:3128] (5280, 1072, 1072) and write ROI [2880:5760, 4608:5184, 2304:2880] (2880, 576, 576)
Recorded block-done for sampleAPadded20160501Copy_pred_affs/501 with read ROI [1680:6960, 4360:5432, 2056:3128] (5280, 1072, 1072) and write ROI [2880:5760, 4608:5184, 2304:2880] (2880, 576, 576)
Recording block-done for sampleAPadded20160501Copy_pred_affs/726 with read ROI [1680:6960, 4360:5432, 3208:4280] (5280, 1072, 1072) and write ROI [2880:5760, 4608:5184, 3456:4032] (2880, 576, 576)
Recorded block-done for sampleAPadded20160501Copy_pred_affs/726 with read ROI [1680:6960, 4360:5432, 3208:4280] (5280, 1072, 1072) and write ROI [2880:5760, 4608:5184, 3456:4032] (2880, 576, 576)
Recording block-done for sampleAPadded20160501Copy_pred_affs/1015 with read ROI [1680:6960, 4360:5432, 4360:5432] (5280, 1072, 1072) and write ROI [2880:5760, 4608:5184, 4608:5184] (2880, 576, 576)
Recorded block-done for sampleAPadded20160501Copy_pred_affs/1015 with read ROI [1680:6960, 4360:5432, 4360:5432] (5280, 1072, 1072) and write ROI [2880:5760, 4608:5184, 4608:5184] (2880, 576, 576)
Recording block-done for sampleAPadded20160501Copy_pred_affs/1376 with read ROI [1680:6960, 4360:5432, 5512:6584] (5280, 1072, 1072) and write ROI [2880:5760, 4608:5184, 5760:6336] (2880, 576, 576)
Recorded block-done for sampleAPadded20160501Copy_pred_affs/1376 with read ROI [1680:6960, 4360:5432, 5512:6584] (5280, 1072, 1072) and write ROI [2880:5760, 4608:5184, 5760:6336] (2880, 576, 576)
Recording block-done for sampleAPadded20160501Copy_pred_affs/1817 with read ROI [1680:6960, 4360:5432, 6664:7736] (5280, 1072, 1072) and write ROI [2880:5760, 4608:5184, 6912:7488] (2880, 576, 576)
Recorded block-done for sampleAPadded20160501Copy_pred_affs/1817 with read ROI [1680:6960, 4360:5432, 6664:7736] (5280, 1072, 1072) and write ROI [2880:5760, 4608:5184, 6912:7488] (2880, 576, 576)
Recording block-done for sampleAPadded20160501Copy_pred_affs/2346 with read ROI [1680:6960, 4360:5432, 7816:8888] (5280, 1072, 1072) and write ROI [2880:5760, 4608:5184, 8064:8640] (2880, 576, 576)
Recorded block-done for sampleAPadded20160501Copy_pred_affs/2346 with read ROI [1680:6960, 4360:5432, 7816:8888] (5280, 1072, 1072) and write ROI [2880:5760, 4608:5184, 8064:8640] (2880, 576, 576)
Recording block-done for sampleAPadded20160501Copy_pred_affs/2971 with read ROI [1680:6960, 4360:5432, 8968:10040] (5280, 1072, 1072) and write ROI [2880:5760, 4608:5184, 9216:9792] (2880, 576, 576)
Recorded block-done for sampleAPadded20160501Copy_pred_affs/2971 with read ROI [1680:6960, 4360:5432, 8968:10040] (5280, 1072, 1072) and write ROI [2880:5760, 4608:5184, 9216:9792] (2880, 576, 576)
Recording block-done for sampleAPadded20160501Copy_pred_affs/3700 with read ROI [1680:6960, 4360:5432, 10120:11192] (5280, 1072, 1072) and write ROI [2880:5760, 4608:5184, 10368:10944] (2880, 576, 576)
Recorded block-done for sampleAPadded20160501Copy_pred_affs/3700 with read ROI [1680:6960, 4360:5432, 10120:11192] (5280, 1072, 1072) and write ROI [2880:5760, 4608:5184, 10368:10944] (2880, 576, 576)
Recording block-done for sampleAPadded20160501Copy_pred_affs/342 with read ROI [1680:6960, 4936:6008, 328:1400] (5280, 1072, 1072) and write ROI [2880:5760, 5184:5760, 576:1152] (2880, 576, 576)
Recorded block-done for sampleAPadded20160501Copy_pred_affs/342 with read ROI [1680:6960, 4936:6008, 328:1400] (5280, 1072, 1072) and write ROI [2880:5760, 5184:5760, 576:1152] (2880, 576, 576)
Recording block-done for sampleAPadded20160501Copy_pred_affs/616 with read ROI [1680:6960, 4936:6008, 2056:3128] (5280, 1072, 1072) and write ROI [2880:5760, 5184:5760, 2304:2880] (2880, 576, 576)
Recorded block-done for sampleAPadded20160501Copy_pred_affs/616 with read ROI [1680:6960, 4936:6008, 2056:3128] (5280, 1072, 1072) and write ROI [2880:5760, 5184:5760, 2304:2880] (2880, 576, 576)
Recording block-done for sampleAPadded20160501Copy_pred_affs/736 with read ROI [1680:6960, 4936:6008, 2632:3704] (5280, 1072, 1072) and write ROI [2880:5760, 5184:5760, 2880:3456] (2880, 576, 576)
Recorded block-done for sampleAPadded20160501Copy_pred_affs/736 with read ROI [1680:6960, 4936:6008, 2632:3704] (5280, 1072, 1072) and write ROI [2880:5760, 5184:5760, 2880:3456] (2880, 576, 576)
Recording block-done for sampleAPadded20160501Copy_pred_affs/1025 with read ROI [1680:6960, 4936:6008, 3784:4856] (5280, 1072, 1072) and write ROI [2880:5760, 5184:5760, 4032:4608] (2880, 576, 576)
Recorded block-done for sampleAPadded20160501Copy_pred_affs/1025 with read ROI [1680:6960, 4936:6008, 3784:4856] (5280, 1072, 1072) and write ROI [2880:5760, 5184:5760, 4032:4608] (2880, 576, 576)
Recording block-done for sampleAPadded20160501Copy_pred_affs/1386 with read ROI [1680:6960, 4936:6008, 4936:6008] (5280, 1072, 1072) and write ROI [2880:5760, 5184:5760, 5184:5760] (2880, 576, 576)
Recorded block-done for sampleAPadded20160501Copy_pred_affs/1386 with read ROI [1680:6960, 4936:6008, 4936:6008] (5280, 1072, 1072) and write ROI [2880:5760, 5184:5760, 5184:5760] (2880, 576, 576)
Recording block-done for sampleAPadded20160501Copy_pred_affs/1827 with read ROI [1680:6960, 4936:6008, 6088:7160] (5280, 1072, 1072) and write ROI [2880:5760, 5184:5760, 6336:6912] (2880, 576, 576)
Recorded block-done for sampleAPadded20160501Copy_pred_affs/1827 with read ROI [1680:6960, 4936:6008, 6088:7160] (5280, 1072, 1072) and write ROI [2880:5760, 5184:5760, 6336:6912] (2880, 576, 576)
Recording block-done for sampleAPadded20160501Copy_pred_affs/2356 with read ROI [1680:6960, 4936:6008, 7240:8312] (5280, 1072, 1072) and write ROI [2880:5760, 5184:5760, 7488:8064] (2880, 576, 576)
Recorded block-done for sampleAPadded20160501Copy_pred_affs/2356 with read ROI [1680:6960, 4936:6008, 7240:8312] (5280, 1072, 1072) and write ROI [2880:5760, 5184:5760, 7488:8064] (2880, 576, 576)
Recording block-done for sampleAPadded20160501Copy_pred_affs/2981 with read ROI [1680:6960, 4936:6008, 8392:9464] (5280, 1072, 1072) and write ROI [2880:5760, 5184:5760, 8640:9216] (2880, 576, 576)
Recorded block-done for sampleAPadded20160501Copy_pred_affs/2981 with read ROI [1680:6960, 4936:6008, 8392:9464] (5280, 1072, 1072) and write ROI [2880:5760, 5184:5760, 8640:9216] (2880, 576, 576)
Recording block-done for sampleAPadded20160501Copy_pred_affs/4116 with read ROI [1680:6960, 4936:6008, 10120:11192] (5280, 1072, 1072) and write ROI [2880:5760, 5184:5760, 10368:10944] (2880, 576, 576)
Recorded block-done for sampleAPadded20160501Copy_pred_affs/4116 with read ROI [1680:6960, 4936:6008, 10120:11192] (5280, 1072, 1072) and write ROI [2880:5760, 5184:5760, 10368:10944] (2880, 576, 576)
Recording block-done for sampleAPadded20160501Copy_pred_affs/431 with read ROI [1680:6960, 5512:6584, 328:1400] (5280, 1072, 1072) and write ROI [2880:5760, 5760:6336, 576:1152] (2880, 576, 576)
Recorded block-done for sampleAPadded20160501Copy_pred_affs/431 with read ROI [1680:6960, 5512:6584, 328:1400] (5280, 1072, 1072) and write ROI [2880:5760, 5760:6336, 576:1152] (2880, 576, 576)
Recording block-done for sampleAPadded20160501Copy_pred_affs/627 with read ROI [1680:6960, 5512:6584, 1480:2552] (5280, 1072, 1072) and write ROI [2880:5760, 5760:6336, 1728:2304] (2880, 576, 576)
Recorded block-done for sampleAPadded20160501Copy_pred_affs/627 with read ROI [1680:6960, 5512:6584, 1480:2552] (5280, 1072, 1072) and write ROI [2880:5760, 5760:6336, 1728:2304] (2880, 576, 576)
Recording block-done for sampleAPadded20160501Copy_pred_affs/883 with read ROI [1680:6960, 5512:6584, 2632:3704] (5280, 1072, 1072) and write ROI [2880:5760, 5760:6336, 2880:3456] (2880, 576, 576)
Recorded block-done for sampleAPadded20160501Copy_pred_affs/883 with read ROI [1680:6960, 5512:6584, 2632:3704] (5280, 1072, 1072) and write ROI [2880:5760, 5760:6336, 2880:3456] (2880, 576, 576)
Recording block-done for sampleAPadded20160501Copy_pred_affs/1207 with read ROI [1680:6960, 5512:6584, 3784:4856] (5280, 1072, 1072) and write ROI [2880:5760, 5760:6336, 4032:4608] (2880, 576, 576)
Recorded block-done for sampleAPadded20160501Copy_pred_affs/1207 with read ROI [1680:6960, 5512:6584, 3784:4856] (5280, 1072, 1072) and write ROI [2880:5760, 5760:6336, 4032:4608] (2880, 576, 576)
Recording block-done for sampleAPadded20160501Copy_pred_affs/1607 with read ROI [1680:6960, 5512:6584, 4936:6008] (5280, 1072, 1072) and write ROI [2880:5760, 5760:6336, 5184:5760] (2880, 576, 576)
Recorded block-done for sampleAPadded20160501Copy_pred_affs/1607 with read ROI [1680:6960, 5512:6584, 4936:6008] (5280, 1072, 1072) and write ROI [2880:5760, 5760:6336, 5184:5760] (2880, 576, 576)
Recording block-done for sampleAPadded20160501Copy_pred_affs/2091 with read ROI [1680:6960, 5512:6584, 6088:7160] (5280, 1072, 1072) and write ROI [2880:5760, 5760:6336, 6336:6912] (2880, 576, 576)
Recorded block-done for sampleAPadded20160501Copy_pred_affs/2091 with read ROI [1680:6960, 5512:6584, 6088:7160] (5280, 1072, 1072) and write ROI [2880:5760, 5760:6336, 6336:6912] (2880, 576, 576)
Recording block-done for sampleAPadded20160501Copy_pred_affs/2667 with read ROI [1680:6960, 5512:6584, 7240:8312] (5280, 1072, 1072) and write ROI [2880:5760, 5760:6336, 7488:8064] (2880, 576, 576)
Recorded block-done for sampleAPadded20160501Copy_pred_affs/2667 with read ROI [1680:6960, 5512:6584, 7240:8312] (5280, 1072, 1072) and write ROI [2880:5760, 5760:6336, 7488:8064] (2880, 576, 576)
Recording block-done for sampleAPadded20160501Copy_pred_affs/3343 with read ROI [1680:6960, 5512:6584, 8392:9464] (5280, 1072, 1072) and write ROI [2880:5760, 5760:6336, 8640:9216] (2880, 576, 576)
Recorded block-done for sampleAPadded20160501Copy_pred_affs/3343 with read ROI [1680:6960, 5512:6584, 8392:9464] (5280, 1072, 1072) and write ROI [2880:5760, 5760:6336, 8640:9216] (2880, 576, 576)
Recording block-done for sampleAPadded20160501Copy_pred_affs/4127 with read ROI [1680:6960, 5512:6584, 9544:10616] (5280, 1072, 1072) and write ROI [2880:5760, 5760:6336, 9792:10368] (2880, 576, 576)
Recorded block-done for sampleAPadded20160501Copy_pred_affs/4127 with read ROI [1680:6960, 5512:6584, 9544:10616] (5280, 1072, 1072) and write ROI [2880:5760, 5760:6336, 9792:10368] (2880, 576, 576)
Recording block-done for sampleAPadded20160501Copy_pred_affs/5027 with read ROI [1680:6960, 5512:6584, 10696:11768] (5280, 1072, 1072) and write ROI [2880:5760, 5760:6336, 10944:11520] (2880, 576, 576)
Recorded block-done for sampleAPadded20160501Copy_pred_affs/5027 with read ROI [1680:6960, 5512:6584, 10696:11768] (5280, 1072, 1072) and write ROI [2880:5760, 5760:6336, 10944:11520] (2880, 576, 576)
Recording block-done for sampleAPadded20160501Copy_pred_affs/534 with read ROI [1680:6960, 6088:7160, 328:1400] (5280, 1072, 1072) and write ROI [2880:5760, 6336:6912, 576:1152] (2880, 576, 576)
Recorded block-done for sampleAPadded20160501Copy_pred_affs/534 with read ROI [1680:6960, 6088:7160, 328:1400] (5280, 1072, 1072) and write ROI [2880:5760, 6336:6912, 576:1152] (2880, 576, 576)
Recording block-done for sampleAPadded20160501Copy_pred_affs/895 with read ROI [1680:6960, 6088:7160, 2056:3128] (5280, 1072, 1072) and write ROI [2880:5760, 6336:6912, 2304:2880] (2880, 576, 576)
Recorded block-done for sampleAPadded20160501Copy_pred_affs/895 with read ROI [1680:6960, 6088:7160, 2056:3128] (5280, 1072, 1072) and write ROI [2880:5760, 6336:6912, 2304:2880] (2880, 576, 576)
Recording block-done for sampleAPadded20160501Copy_pred_affs/1048 with read ROI [1680:6960, 6088:7160, 2632:3704] (5280, 1072, 1072) and write ROI [2880:5760, 6336:6912, 2880:3456] (2880, 576, 576)
Recorded block-done for sampleAPadded20160501Copy_pred_affs/1048 with read ROI [1680:6960, 6088:7160, 2632:3704] (5280, 1072, 1072) and write ROI [2880:5760, 6336:6912, 2880:3456] (2880, 576, 576)
Recording block-done for sampleAPadded20160501Copy_pred_affs/1619 with read ROI [1680:6960, 6088:7160, 4360:5432] (5280, 1072, 1072) and write ROI [2880:5760, 6336:6912, 4608:5184] (2880, 576, 576)
Recorded block-done for sampleAPadded20160501Copy_pred_affs/1619 with read ROI [1680:6960, 6088:7160, 4360:5432] (5280, 1072, 1072) and write ROI [2880:5760, 6336:6912, 4608:5184] (2880, 576, 576)
Recording block-done for sampleAPadded20160501Copy_pred_affs/2103 with read ROI [1680:6960, 6088:7160, 5512:6584] (5280, 1072, 1072) and write ROI [2880:5760, 6336:6912, 5760:6336] (2880, 576, 576)
Recorded block-done for sampleAPadded20160501Copy_pred_affs/2103 with read ROI [1680:6960, 6088:7160, 5512:6584] (5280, 1072, 1072) and write ROI [2880:5760, 6336:6912, 5760:6336] (2880, 576, 576)
Recording block-done for sampleAPadded20160501Copy_pred_affs/3355 with read ROI [1680:6960, 6088:7160, 7816:8888] (5280, 1072, 1072) and write ROI [2880:5760, 6336:6912, 8064:8640] (2880, 576, 576)
Recorded block-done for sampleAPadded20160501Copy_pred_affs/3355 with read ROI [1680:6960, 6088:7160, 7816:8888] (5280, 1072, 1072) and write ROI [2880:5760, 6336:6912, 8064:8640] (2880, 576, 576)
Recording block-done for sampleAPadded20160501Copy_pred_affs/2679 with read ROI [1680:6960, 6088:7160, 6664:7736] (5280, 1072, 1072) and write ROI [2880:5760, 6336:6912, 6912:7488] (2880, 576, 576)
Recorded block-done for sampleAPadded20160501Copy_pred_affs/2679 with read ROI [1680:6960, 6088:7160, 6664:7736] (5280, 1072, 1072) and write ROI [2880:5760, 6336:6912, 6912:7488] (2880, 576, 576)
Recording block-done for sampleAPadded20160501Copy_pred_affs/4139 with read ROI [1680:6960, 6088:7160, 8968:10040] (5280, 1072, 1072) and write ROI [2880:5760, 6336:6912, 9216:9792] (2880, 576, 576)
Recorded block-done for sampleAPadded20160501Copy_pred_affs/4139 with read ROI [1680:6960, 6088:7160, 8968:10040] (5280, 1072, 1072) and write ROI [2880:5760, 6336:6912, 9216:9792] (2880, 576, 576)
Recording block-done for sampleAPadded20160501Copy_pred_affs/5039 with read ROI [1680:6960, 6088:7160, 10120:11192] (5280, 1072, 1072) and write ROI [2880:5760, 6336:6912, 10368:10944] (2880, 576, 576)
Recorded block-done for sampleAPadded20160501Copy_pred_affs/5039 with read ROI [1680:6960, 6088:7160, 10120:11192] (5280, 1072, 1072) and write ROI [2880:5760, 6336:6912, 10368:10944] (2880, 576, 576)
Recording block-done for sampleAPadded20160501Copy_pred_affs/652 with read ROI [1680:6960, 6664:7736, 328:1400] (5280, 1072, 1072) and write ROI [2880:5760, 6912:7488, 576:1152] (2880, 576, 576)
Recorded block-done for sampleAPadded20160501Copy_pred_affs/652 with read ROI [1680:6960, 6664:7736, 328:1400] (5280, 1072, 1072) and write ROI [2880:5760, 6912:7488, 576:1152] (2880, 576, 576)
Recording block-done for sampleAPadded20160501Copy_pred_affs/908 with read ROI [1680:6960, 6664:7736, 1480:2552] (5280, 1072, 1072) and write ROI [2880:5760, 6912:7488, 1728:2304] (2880, 576, 576)
Recorded block-done for sampleAPadded20160501Copy_pred_affs/908 with read ROI [1680:6960, 6664:7736, 1480:2552] (5280, 1072, 1072) and write ROI [2880:5760, 6912:7488, 1728:2304] (2880, 576, 576)
Recording block-done for sampleAPadded20160501Copy_pred_affs/1232 with read ROI [1680:6960, 6664:7736, 2632:3704] (5280, 1072, 1072) and write ROI [2880:5760, 6912:7488, 2880:3456] (2880, 576, 576)
Recorded block-done for sampleAPadded20160501Copy_pred_affs/1232 with read ROI [1680:6960, 6664:7736, 2632:3704] (5280, 1072, 1072) and write ROI [2880:5760, 6912:7488, 2880:3456] (2880, 576, 576)
Recording block-done for sampleAPadded20160501Copy_pred_affs/1632 with read ROI [1680:6960, 6664:7736, 3784:4856] (5280, 1072, 1072) and write ROI [2880:5760, 6912:7488, 4032:4608] (2880, 576, 576)
Recorded block-done for sampleAPadded20160501Copy_pred_affs/1632 with read ROI [1680:6960, 6664:7736, 3784:4856] (5280, 1072, 1072) and write ROI [2880:5760, 6912:7488, 4032:4608] (2880, 576, 576)
Recording block-done for sampleAPadded20160501Copy_pred_affs/2116 with read ROI [1680:6960, 6664:7736, 4936:6008] (5280, 1072, 1072) and write ROI [2880:5760, 6912:7488, 5184:5760] (2880, 576, 576)
Recorded block-done for sampleAPadded20160501Copy_pred_affs/2116 with read ROI [1680:6960, 6664:7736, 4936:6008] (5280, 1072, 1072) and write ROI [2880:5760, 6912:7488, 5184:5760] (2880, 576, 576)
Recording block-done for sampleAPadded20160501Copy_pred_affs/2692 with read ROI [1680:6960, 6664:7736, 6088:7160] (5280, 1072, 1072) and write ROI [2880:5760, 6912:7488, 6336:6912] (2880, 576, 576)
Recorded block-done for sampleAPadded20160501Copy_pred_affs/2692 with read ROI [1680:6960, 6664:7736, 6088:7160] (5280, 1072, 1072) and write ROI [2880:5760, 6912:7488, 6336:6912] (2880, 576, 576)
Recording block-done for sampleAPadded20160501Copy_pred_affs/3017 with read ROI [1680:6960, 6664:7736, 6664:7736] (5280, 1072, 1072) and write ROI [2880:5760, 6912:7488, 6912:7488] (2880, 576, 576)
Recorded block-done for sampleAPadded20160501Copy_pred_affs/3017 with read ROI [1680:6960, 6664:7736, 6664:7736] (5280, 1072, 1072) and write ROI [2880:5760, 6912:7488, 6912:7488] (2880, 576, 576)
Recording block-done for sampleAPadded20160501Copy_pred_affs/3746 with read ROI [1680:6960, 6664:7736, 7816:8888] (5280, 1072, 1072) and write ROI [2880:5760, 6912:7488, 8064:8640] (2880, 576, 576)
Recorded block-done for sampleAPadded20160501Copy_pred_affs/3746 with read ROI [1680:6960, 6664:7736, 7816:8888] (5280, 1072, 1072) and write ROI [2880:5760, 6912:7488, 8064:8640] (2880, 576, 576)
Recording block-done for sampleAPadded20160501Copy_pred_affs/4587 with read ROI [1680:6960, 6664:7736, 8968:10040] (5280, 1072, 1072) and write ROI [2880:5760, 6912:7488, 9216:9792] (2880, 576, 576)
Recorded block-done for sampleAPadded20160501Copy_pred_affs/4587 with read ROI [1680:6960, 6664:7736, 8968:10040] (5280, 1072, 1072) and write ROI [2880:5760, 6912:7488, 9216:9792] (2880, 576, 576)
Recording block-done for sampleAPadded20160501Copy_pred_affs/5548 with read ROI [1680:6960, 6664:7736, 10120:11192] (5280, 1072, 1072) and write ROI [2880:5760, 6912:7488, 10368:10944] (2880, 576, 576)
Recorded block-done for sampleAPadded20160501Copy_pred_affs/5548 with read ROI [1680:6960, 6664:7736, 10120:11192] (5280, 1072, 1072) and write ROI [2880:5760, 6912:7488, 10368:10944] (2880, 576, 576)
Recording block-done for sampleAPadded20160501Copy_pred_affs/922 with read ROI [1680:6960, 7240:8312, 904:1976] (5280, 1072, 1072) and write ROI [2880:5760, 7488:8064, 1152:1728] (2880, 576, 576)
Recorded block-done for sampleAPadded20160501Copy_pred_affs/922 with read ROI [1680:6960, 7240:8312, 904:1976] (5280, 1072, 1072) and write ROI [2880:5760, 7488:8064, 1152:1728] (2880, 576, 576)
Recording block-done for sampleAPadded20160501Copy_pred_affs/1246 with read ROI [1680:6960, 7240:8312, 2056:3128] (5280, 1072, 1072) and write ROI [2880:5760, 7488:8064, 2304:2880] (2880, 576, 576)
Recorded block-done for sampleAPadded20160501Copy_pred_affs/1246 with read ROI [1680:6960, 7240:8312, 2056:3128] (5280, 1072, 1072) and write ROI [2880:5760, 7488:8064, 2304:2880] (2880, 576, 576)
Recording block-done for sampleAPadded20160501Copy_pred_affs/1646 with read ROI [1680:6960, 7240:8312, 3208:4280] (5280, 1072, 1072) and write ROI [2880:5760, 7488:8064, 3456:4032] (2880, 576, 576)
Recorded block-done for sampleAPadded20160501Copy_pred_affs/1646 with read ROI [1680:6960, 7240:8312, 3208:4280] (5280, 1072, 1072) and write ROI [2880:5760, 7488:8064, 3456:4032] (2880, 576, 576)
Recording block-done for sampleAPadded20160501Copy_pred_affs/2130 with read ROI [1680:6960, 7240:8312, 4360:5432] (5280, 1072, 1072) and write ROI [2880:5760, 7488:8064, 4608:5184] (2880, 576, 576)
Recorded block-done for sampleAPadded20160501Copy_pred_affs/2130 with read ROI [1680:6960, 7240:8312, 4360:5432] (5280, 1072, 1072) and write ROI [2880:5760, 7488:8064, 4608:5184] (2880, 576, 576)
Recording block-done for sampleAPadded20160501Copy_pred_affs/2706 with read ROI [1680:6960, 7240:8312, 5512:6584] (5280, 1072, 1072) and write ROI [2880:5760, 7488:8064, 5760:6336] (2880, 576, 576)
Recorded block-done for sampleAPadded20160501Copy_pred_affs/2706 with read ROI [1680:6960, 7240:8312, 5512:6584] (5280, 1072, 1072) and write ROI [2880:5760, 7488:8064, 5760:6336] (2880, 576, 576)
Recording block-done for sampleAPadded20160501Copy_pred_affs/3382 with read ROI [1680:6960, 7240:8312, 6664:7736] (5280, 1072, 1072) and write ROI [2880:5760, 7488:8064, 6912:7488] (2880, 576, 576)
Recorded block-done for sampleAPadded20160501Copy_pred_affs/3382 with read ROI [1680:6960, 7240:8312, 6664:7736] (5280, 1072, 1072) and write ROI [2880:5760, 7488:8064, 6912:7488] (2880, 576, 576)
Recording block-done for sampleAPadded20160501Copy_pred_affs/4166 with read ROI [1680:6960, 7240:8312, 7816:8888] (5280, 1072, 1072) and write ROI [2880:5760, 7488:8064, 8064:8640] (2880, 576, 576)
Recorded block-done for sampleAPadded20160501Copy_pred_affs/4166 with read ROI [1680:6960, 7240:8312, 7816:8888] (5280, 1072, 1072) and write ROI [2880:5760, 7488:8064, 8064:8640] (2880, 576, 576)
Recording block-done for sampleAPadded20160501Copy_pred_affs/5562 with read ROI [1680:6960, 7240:8312, 9544:10616] (5280, 1072, 1072) and write ROI [2880:5760, 7488:8064, 9792:10368] (2880, 576, 576)
Recorded block-done for sampleAPadded20160501Copy_pred_affs/5562 with read ROI [1680:6960, 7240:8312, 9544:10616] (5280, 1072, 1072) and write ROI [2880:5760, 7488:8064, 9792:10368] (2880, 576, 576)
Recording block-done for sampleAPadded20160501Copy_pred_affs/5066 with read ROI [1680:6960, 7240:8312, 8968:10040] (5280, 1072, 1072) and write ROI [2880:5760, 7488:8064, 9216:9792] (2880, 576, 576)
Recorded block-done for sampleAPadded20160501Copy_pred_affs/5066 with read ROI [1680:6960, 7240:8312, 8968:10040] (5280, 1072, 1072) and write ROI [2880:5760, 7488:8064, 9216:9792] (2880, 576, 576)
Recording block-done for sampleAPadded20160501Copy_pred_affs/1090 with read ROI [1680:6960, 7816:8888, 904:1976] (5280, 1072, 1072) and write ROI [2880:5760, 8064:8640, 1152:1728] (2880, 576, 576)
Recorded block-done for sampleAPadded20160501Copy_pred_affs/1090 with read ROI [1680:6960, 7816:8888, 904:1976] (5280, 1072, 1072) and write ROI [2880:5760, 8064:8640, 1152:1728] (2880, 576, 576)
Recording block-done for sampleAPadded20160501Copy_pred_affs/1261 with read ROI [1680:6960, 7816:8888, 1480:2552] (5280, 1072, 1072) and write ROI [2880:5760, 8064:8640, 1728:2304] (2880, 576, 576)
Recorded block-done for sampleAPadded20160501Copy_pred_affs/1261 with read ROI [1680:6960, 7816:8888, 1480:2552] (5280, 1072, 1072) and write ROI [2880:5760, 8064:8640, 1728:2304] (2880, 576, 576)
Recording block-done for sampleAPadded20160501Copy_pred_affs/1661 with read ROI [1680:6960, 7816:8888, 2632:3704] (5280, 1072, 1072) and write ROI [2880:5760, 8064:8640, 2880:3456] (2880, 576, 576)
Recorded block-done for sampleAPadded20160501Copy_pred_affs/1661 with read ROI [1680:6960, 7816:8888, 2632:3704] (5280, 1072, 1072) and write ROI [2880:5760, 8064:8640, 2880:3456] (2880, 576, 576)
Recording block-done for sampleAPadded20160501Copy_pred_affs/2145 with read ROI [1680:6960, 7816:8888, 3784:4856] (5280, 1072, 1072) and write ROI [2880:5760, 8064:8640, 4032:4608] (2880, 576, 576)
Recorded block-done for sampleAPadded20160501Copy_pred_affs/2145 with read ROI [1680:6960, 7816:8888, 3784:4856] (5280, 1072, 1072) and write ROI [2880:5760, 8064:8640, 4032:4608] (2880, 576, 576)
Recording block-done for sampleAPadded20160501Copy_pred_affs/2721 with read ROI [1680:6960, 7816:8888, 4936:6008] (5280, 1072, 1072) and write ROI [2880:5760, 8064:8640, 5184:5760] (2880, 576, 576)
Recorded block-done for sampleAPadded20160501Copy_pred_affs/2721 with read ROI [1680:6960, 7816:8888, 4936:6008] (5280, 1072, 1072) and write ROI [2880:5760, 8064:8640, 5184:5760] (2880, 576, 576)
Recording block-done for sampleAPadded20160501Copy_pred_affs/3397 with read ROI [1680:6960, 7816:8888, 6088:7160] (5280, 1072, 1072) and write ROI [2880:5760, 8064:8640, 6336:6912] (2880, 576, 576)
Recorded block-done for sampleAPadded20160501Copy_pred_affs/3397 with read ROI [1680:6960, 7816:8888, 6088:7160] (5280, 1072, 1072) and write ROI [2880:5760, 8064:8640, 6336:6912] (2880, 576, 576)
Recording block-done for sampleAPadded20160501Copy_pred_affs/3775 with read ROI [1680:6960, 7816:8888, 6664:7736] (5280, 1072, 1072) and write ROI [2880:5760, 8064:8640, 6912:7488] (2880, 576, 576)
Recorded block-done for sampleAPadded20160501Copy_pred_affs/3775 with read ROI [1680:6960, 7816:8888, 6664:7736] (5280, 1072, 1072) and write ROI [2880:5760, 8064:8640, 6912:7488] (2880, 576, 576)
Recording block-done for sampleAPadded20160501Copy_pred_affs/4616 with read ROI [1680:6960, 7816:8888, 7816:8888] (5280, 1072, 1072) and write ROI [2880:5760, 8064:8640, 8064:8640] (2880, 576, 576)
Recorded block-done for sampleAPadded20160501Copy_pred_affs/4616 with read ROI [1680:6960, 7816:8888, 7816:8888] (5280, 1072, 1072) and write ROI [2880:5760, 8064:8640, 8064:8640] (2880, 576, 576)
Recording block-done for sampleAPadded20160501Copy_pred_affs/5577 with read ROI [1680:6960, 7816:8888, 8968:10040] (5280, 1072, 1072) and write ROI [2880:5760, 8064:8640, 9216:9792] (2880, 576, 576)
Recorded block-done for sampleAPadded20160501Copy_pred_affs/5577 with read ROI [1680:6960, 7816:8888, 8968:10040] (5280, 1072, 1072) and write ROI [2880:5760, 8064:8640, 9216:9792] (2880, 576, 576)
Recording block-done for sampleAPadded20160501Copy_pred_affs/6666 with read ROI [1680:6960, 7816:8888, 10120:11192] (5280, 1072, 1072) and write ROI [2880:5760, 8064:8640, 10368:10944] (2880, 576, 576)
Recorded block-done for sampleAPadded20160501Copy_pred_affs/6666 with read ROI [1680:6960, 7816:8888, 10120:11192] (5280, 1072, 1072) and write ROI [2880:5760, 8064:8640, 10368:10944] (2880, 576, 576)
Recording block-done for sampleAPadded20160501Copy_pred_affs/1106 with read ROI [1680:6960, 8392:9464, 328:1400] (5280, 1072, 1072) and write ROI [2880:5760, 8640:9216, 576:1152] (2880, 576, 576)
Recorded block-done for sampleAPadded20160501Copy_pred_affs/1106 with read ROI [1680:6960, 8392:9464, 328:1400] (5280, 1072, 1072) and write ROI [2880:5760, 8640:9216, 576:1152] (2880, 576, 576)
Recording block-done for sampleAPadded20160501Copy_pred_affs/1677 with read ROI [1680:6960, 8392:9464, 2056:3128] (5280, 1072, 1072) and write ROI [2880:5760, 8640:9216, 2304:2880] (2880, 576, 576)
Recorded block-done for sampleAPadded20160501Copy_pred_affs/1677 with read ROI [1680:6960, 8392:9464, 2056:3128] (5280, 1072, 1072) and write ROI [2880:5760, 8640:9216, 2304:2880] (2880, 576, 576)
Recording block-done for sampleAPadded20160501Copy_pred_affs/2161 with read ROI [1680:6960, 8392:9464, 3208:4280] (5280, 1072, 1072) and write ROI [2880:5760, 8640:9216, 3456:4032] (2880, 576, 576)
Recorded block-done for sampleAPadded20160501Copy_pred_affs/2161 with read ROI [1680:6960, 8392:9464, 3208:4280] (5280, 1072, 1072) and write ROI [2880:5760, 8640:9216, 3456:4032] (2880, 576, 576)
Recording block-done for sampleAPadded20160501Copy_pred_affs/1908 with read ROI [1680:6960, 8392:9464, 2632:3704] (5280, 1072, 1072) and write ROI [2880:5760, 8640:9216, 2880:3456] (2880, 576, 576)
Recorded block-done for sampleAPadded20160501Copy_pred_affs/1908 with read ROI [1680:6960, 8392:9464, 2632:3704] (5280, 1072, 1072) and write ROI [2880:5760, 8640:9216, 2880:3456] (2880, 576, 576)
Recording block-done for sampleAPadded20160501Copy_pred_affs/3062 with read ROI [1680:6960, 8392:9464, 4936:6008] (5280, 1072, 1072) and write ROI [2880:5760, 8640:9216, 5184:5760] (2880, 576, 576)
Recorded block-done for sampleAPadded20160501Copy_pred_affs/3062 with read ROI [1680:6960, 8392:9464, 4936:6008] (5280, 1072, 1072) and write ROI [2880:5760, 8640:9216, 5184:5760] (2880, 576, 576)
Recording block-done for sampleAPadded20160501Copy_pred_affs/3413 with read ROI [1680:6960, 8392:9464, 5512:6584] (5280, 1072, 1072) and write ROI [2880:5760, 8640:9216, 5760:6336] (2880, 576, 576)
Recorded block-done for sampleAPadded20160501Copy_pred_affs/3413 with read ROI [1680:6960, 8392:9464, 5512:6584] (5280, 1072, 1072) and write ROI [2880:5760, 8640:9216, 5760:6336] (2880, 576, 576)
Recording block-done for sampleAPadded20160501Copy_pred_affs/4632 with read ROI [1680:6960, 8392:9464, 7240:8312] (5280, 1072, 1072) and write ROI [2880:5760, 8640:9216, 7488:8064] (2880, 576, 576)
Recorded block-done for sampleAPadded20160501Copy_pred_affs/4632 with read ROI [1680:6960, 8392:9464, 7240:8312] (5280, 1072, 1072) and write ROI [2880:5760, 8640:9216, 7488:8064] (2880, 576, 576)
Recording block-done for sampleAPadded20160501Copy_pred_affs/5097 with read ROI [1680:6960, 8392:9464, 7816:8888] (5280, 1072, 1072) and write ROI [2880:5760, 8640:9216, 8064:8640] (2880, 576, 576)
Recorded block-done for sampleAPadded20160501Copy_pred_affs/5097 with read ROI [1680:6960, 8392:9464, 7816:8888] (5280, 1072, 1072) and write ROI [2880:5760, 8640:9216, 8064:8640] (2880, 576, 576)
Recording block-done for sampleAPadded20160501Copy_pred_affs/6682 with read ROI [1680:6960, 8392:9464, 9544:10616] (5280, 1072, 1072) and write ROI [2880:5760, 8640:9216, 9792:10368] (2880, 576, 576)
Recorded block-done for sampleAPadded20160501Copy_pred_affs/6682 with read ROI [1680:6960, 8392:9464, 9544:10616] (5280, 1072, 1072) and write ROI [2880:5760, 8640:9216, 9792:10368] (2880, 576, 576)
Recording block-done for sampleAPadded20160501Copy_pred_affs/7277 with read ROI [1680:6960, 8392:9464, 10120:11192] (5280, 1072, 1072) and write ROI [2880:5760, 8640:9216, 10368:10944] (2880, 576, 576)
Recorded block-done for sampleAPadded20160501Copy_pred_affs/7277 with read ROI [1680:6960, 8392:9464, 10120:11192] (5280, 1072, 1072) and write ROI [2880:5760, 8640:9216, 10368:10944] (2880, 576, 576)
Recording block-done for sampleAPadded20160501Copy_pred_affs/1484 with read ROI [1680:6960, 8968:10040, 904:1976] (5280, 1072, 1072) and write ROI [2880:5760, 9216:9792, 1152:1728] (2880, 576, 576)
Recorded block-done for sampleAPadded20160501Copy_pred_affs/1484 with read ROI [1680:6960, 8968:10040, 904:1976] (5280, 1072, 1072) and write ROI [2880:5760, 9216:9792, 1152:1728] (2880, 576, 576)
Recording block-done for sampleAPadded20160501Copy_pred_affs/1694 with read ROI [1680:6960, 8968:10040, 1480:2552] (5280, 1072, 1072) and write ROI [2880:5760, 9216:9792, 1728:2304] (2880, 576, 576)
Recorded block-done for sampleAPadded20160501Copy_pred_affs/1694 with read ROI [1680:6960, 8968:10040, 1480:2552] (5280, 1072, 1072) and write ROI [2880:5760, 9216:9792, 1728:2304] (2880, 576, 576)
Recording block-done for sampleAPadded20160501Copy_pred_affs/2454 with read ROI [1680:6960, 8968:10040, 3208:4280] (5280, 1072, 1072) and write ROI [2880:5760, 9216:9792, 3456:4032] (2880, 576, 576)
Recorded block-done for sampleAPadded20160501Copy_pred_affs/2454 with read ROI [1680:6960, 8968:10040, 3208:4280] (5280, 1072, 1072) and write ROI [2880:5760, 9216:9792, 3456:4032] (2880, 576, 576)
Recording block-done for sampleAPadded20160501Copy_pred_affs/2754 with read ROI [1680:6960, 8968:10040, 3784:4856] (5280, 1072, 1072) and write ROI [2880:5760, 9216:9792, 4032:4608] (2880, 576, 576)
Recorded block-done for sampleAPadded20160501Copy_pred_affs/2754 with read ROI [1680:6960, 8968:10040, 3784:4856] (5280, 1072, 1072) and write ROI [2880:5760, 9216:9792, 4032:4608] (2880, 576, 576)
Recording block-done for sampleAPadded20160501Copy_pred_affs/3430 with read ROI [1680:6960, 8968:10040, 4936:6008] (5280, 1072, 1072) and write ROI [2880:5760, 9216:9792, 5184:5760] (2880, 576, 576)
Recorded block-done for sampleAPadded20160501Copy_pred_affs/3430 with read ROI [1680:6960, 8968:10040, 4936:6008] (5280, 1072, 1072) and write ROI [2880:5760, 9216:9792, 5184:5760] (2880, 576, 576)
Recording block-done for sampleAPadded20160501Copy_pred_affs/4214 with read ROI [1680:6960, 8968:10040, 6088:7160] (5280, 1072, 1072) and write ROI [2880:5760, 9216:9792, 6336:6912] (2880, 576, 576)
Recorded block-done for sampleAPadded20160501Copy_pred_affs/4214 with read ROI [1680:6960, 8968:10040, 6088:7160] (5280, 1072, 1072) and write ROI [2880:5760, 9216:9792, 6336:6912] (2880, 576, 576)
Recording block-done for sampleAPadded20160501Copy_pred_affs/5114 with read ROI [1680:6960, 8968:10040, 7240:8312] (5280, 1072, 1072) and write ROI [2880:5760, 9216:9792, 7488:8064] (2880, 576, 576)
Recorded block-done for sampleAPadded20160501Copy_pred_affs/5114 with read ROI [1680:6960, 8968:10040, 7240:8312] (5280, 1072, 1072) and write ROI [2880:5760, 9216:9792, 7488:8064] (2880, 576, 576)
Recording block-done for sampleAPadded20160501Copy_pred_affs/6138 with read ROI [1680:6960, 8968:10040, 8392:9464] (5280, 1072, 1072) and write ROI [2880:5760, 9216:9792, 8640:9216] (2880, 576, 576)
Recorded block-done for sampleAPadded20160501Copy_pred_affs/6138 with read ROI [1680:6960, 8968:10040, 8392:9464] (5280, 1072, 1072) and write ROI [2880:5760, 9216:9792, 8640:9216] (2880, 576, 576)
Recording block-done for sampleAPadded20160501Copy_pred_affs/7924 with read ROI [1680:6960, 8968:10040, 10120:11192] (5280, 1072, 1072) and write ROI [2880:5760, 9216:9792, 10368:10944] (2880, 576, 576)
Recorded block-done for sampleAPadded20160501Copy_pred_affs/7924 with read ROI [1680:6960, 8968:10040, 10120:11192] (5280, 1072, 1072) and write ROI [2880:5760, 9216:9792, 10368:10944] (2880, 576, 576)
Recording block-done for sampleAPadded20160501Copy_pred_affs/8590 with read ROI [1680:6960, 8968:10040, 10696:11768] (5280, 1072, 1072) and write ROI [2880:5760, 9216:9792, 10944:11520] (2880, 576, 576)
Recorded block-done for sampleAPadded20160501Copy_pred_affs/8590 with read ROI [1680:6960, 8968:10040, 10696:11768] (5280, 1072, 1072) and write ROI [2880:5760, 9216:9792, 10944:11520] (2880, 576, 576)
Recording block-done for sampleAPadded20160501Copy_pred_affs/1943 with read ROI [1680:6960, 9544:10616, 1480:2552] (5280, 1072, 1072) and write ROI [2880:5760, 9792:10368, 1728:2304] (2880, 576, 576)
Recorded block-done for sampleAPadded20160501Copy_pred_affs/1943 with read ROI [1680:6960, 9544:10616, 1480:2552] (5280, 1072, 1072) and write ROI [2880:5760, 9792:10368, 1728:2304] (2880, 576, 576)
Recording block-done for sampleAPadded20160501Copy_pred_affs/2196 with read ROI [1680:6960, 9544:10616, 2056:3128] (5280, 1072, 1072) and write ROI [2880:5760, 9792:10368, 2304:2880] (2880, 576, 576)
Recorded block-done for sampleAPadded20160501Copy_pred_affs/2196 with read ROI [1680:6960, 9544:10616, 2056:3128] (5280, 1072, 1072) and write ROI [2880:5760, 9792:10368, 2304:2880] (2880, 576, 576)
Recording block-done for sampleAPadded20160501Copy_pred_affs/3097 with read ROI [1680:6960, 9544:10616, 3784:4856] (5280, 1072, 1072) and write ROI [2880:5760, 9792:10368, 4032:4608] (2880, 576, 576)
Recorded block-done for sampleAPadded20160501Copy_pred_affs/3097 with read ROI [1680:6960, 9544:10616, 3784:4856] (5280, 1072, 1072) and write ROI [2880:5760, 9792:10368, 4032:4608] (2880, 576, 576)
Recording block-done for sampleAPadded20160501Copy_pred_affs/3448 with read ROI [1680:6960, 9544:10616, 4360:5432] (5280, 1072, 1072) and write ROI [2880:5760, 9792:10368, 4608:5184] (2880, 576, 576)
Recorded block-done for sampleAPadded20160501Copy_pred_affs/3448 with read ROI [1680:6960, 9544:10616, 4360:5432] (5280, 1072, 1072) and write ROI [2880:5760, 9792:10368, 4608:5184] (2880, 576, 576)
Recording block-done for sampleAPadded20160501Copy_pred_affs/4232 with read ROI [1680:6960, 9544:10616, 5512:6584] (5280, 1072, 1072) and write ROI [2880:5760, 9792:10368, 5760:6336] (2880, 576, 576)
Recorded block-done for sampleAPadded20160501Copy_pred_affs/4232 with read ROI [1680:6960, 9544:10616, 5512:6584] (5280, 1072, 1072) and write ROI [2880:5760, 9792:10368, 5760:6336] (2880, 576, 576)
Recording block-done for sampleAPadded20160501Copy_pred_affs/5132 with read ROI [1680:6960, 9544:10616, 6664:7736] (5280, 1072, 1072) and write ROI [2880:5760, 9792:10368, 6912:7488] (2880, 576, 576)
Recorded block-done for sampleAPadded20160501Copy_pred_affs/5132 with read ROI [1680:6960, 9544:10616, 6664:7736] (5280, 1072, 1072) and write ROI [2880:5760, 9792:10368, 6912:7488] (2880, 576, 576)
Recording block-done for sampleAPadded20160501Copy_pred_affs/6156 with read ROI [1680:6960, 9544:10616, 7816:8888] (5280, 1072, 1072) and write ROI [2880:5760, 9792:10368, 8064:8640] (2880, 576, 576)
Recorded block-done for sampleAPadded20160501Copy_pred_affs/6156 with read ROI [1680:6960, 9544:10616, 7816:8888] (5280, 1072, 1072) and write ROI [2880:5760, 9792:10368, 8064:8640] (2880, 576, 576)
Recording block-done for sampleAPadded20160501Copy_pred_affs/7312 with read ROI [1680:6960, 9544:10616, 8968:10040] (5280, 1072, 1072) and write ROI [2880:5760, 9792:10368, 9216:9792] (2880, 576, 576)
Recorded block-done for sampleAPadded20160501Copy_pred_affs/7312 with read ROI [1680:6960, 9544:10616, 8968:10040] (5280, 1072, 1072) and write ROI [2880:5760, 9792:10368, 9216:9792] (2880, 576, 576)
Recording block-done for sampleAPadded20160501Copy_pred_affs/8608 with read ROI [1680:6960, 9544:10616, 10120:11192] (5280, 1072, 1072) and write ROI [2880:5760, 9792:10368, 10368:10944] (2880, 576, 576)
Recorded block-done for sampleAPadded20160501Copy_pred_affs/8608 with read ROI [1680:6960, 9544:10616, 10120:11192] (5280, 1072, 1072) and write ROI [2880:5760, 9792:10368, 10368:10944] (2880, 576, 576)
Recording block-done for sampleAPadded20160501Copy_pred_affs/2491 with read ROI [1680:6960, 10120:11192, 2056:3128] (5280, 1072, 1072) and write ROI [2880:5760, 10368:10944, 2304:2880] (2880, 576, 576)
Recorded block-done for sampleAPadded20160501Copy_pred_affs/2491 with read ROI [1680:6960, 10120:11192, 2056:3128] (5280, 1072, 1072) and write ROI [2880:5760, 10368:10944, 2304:2880] (2880, 576, 576)
Recording block-done for sampleAPadded20160501Copy_pred_affs/2215 with read ROI [1680:6960, 10120:11192, 1480:2552] (5280, 1072, 1072) and write ROI [2880:5760, 10368:10944, 1728:2304] (2880, 576, 576)
Recorded block-done for sampleAPadded20160501Copy_pred_affs/2215 with read ROI [1680:6960, 10120:11192, 1480:2552] (5280, 1072, 1072) and write ROI [2880:5760, 10368:10944, 1728:2304] (2880, 576, 576)
Recording block-done for sampleAPadded20160501Copy_pred_affs/3467 with read ROI [1680:6960, 10120:11192, 3784:4856] (5280, 1072, 1072) and write ROI [2880:5760, 10368:10944, 4032:4608] (2880, 576, 576)
Recorded block-done for sampleAPadded20160501Copy_pred_affs/3467 with read ROI [1680:6960, 10120:11192, 3784:4856] (5280, 1072, 1072) and write ROI [2880:5760, 10368:10944, 4032:4608] (2880, 576, 576)
Recording block-done for sampleAPadded20160501Copy_pred_affs/3845 with read ROI [1680:6960, 10120:11192, 4360:5432] (5280, 1072, 1072) and write ROI [2880:5760, 10368:10944, 4608:5184] (2880, 576, 576)
Recorded block-done for sampleAPadded20160501Copy_pred_affs/3845 with read ROI [1680:6960, 10120:11192, 4360:5432] (5280, 1072, 1072) and write ROI [2880:5760, 10368:10944, 4608:5184] (2880, 576, 576)
Recording block-done for sampleAPadded20160501Copy_pred_affs/5151 with read ROI [1680:6960, 10120:11192, 6088:7160] (5280, 1072, 1072) and write ROI [2880:5760, 10368:10944, 6336:6912] (2880, 576, 576)
Recorded block-done for sampleAPadded20160501Copy_pred_affs/5151 with read ROI [1680:6960, 10120:11192, 6088:7160] (5280, 1072, 1072) and write ROI [2880:5760, 10368:10944, 6336:6912] (2880, 576, 576)
Recording block-done for sampleAPadded20160501Copy_pred_affs/5647 with read ROI [1680:6960, 10120:11192, 6664:7736] (5280, 1072, 1072) and write ROI [2880:5760, 10368:10944, 6912:7488] (2880, 576, 576)
Recorded block-done for sampleAPadded20160501Copy_pred_affs/5647 with read ROI [1680:6960, 10120:11192, 6664:7736] (5280, 1072, 1072) and write ROI [2880:5760, 10368:10944, 6912:7488] (2880, 576, 576)
Recording block-done for sampleAPadded20160501Copy_pred_affs/7331 with read ROI [1680:6960, 10120:11192, 8392:9464] (5280, 1072, 1072) and write ROI [2880:5760, 10368:10944, 8640:9216] (2880, 576, 576)
Recorded block-done for sampleAPadded20160501Copy_pred_affs/7331 with read ROI [1680:6960, 10120:11192, 8392:9464] (5280, 1072, 1072) and write ROI [2880:5760, 10368:10944, 8640:9216] (2880, 576, 576)
Recording block-done for sampleAPadded20160501Copy_pred_affs/7961 with read ROI [1680:6960, 10120:11192, 8968:10040] (5280, 1072, 1072) and write ROI [2880:5760, 10368:10944, 9216:9792] (2880, 576, 576)
Recorded block-done for sampleAPadded20160501Copy_pred_affs/7961 with read ROI [1680:6960, 10120:11192, 8968:10040] (5280, 1072, 1072) and write ROI [2880:5760, 10368:10944, 9216:9792] (2880, 576, 576)
Recording block-done for sampleAPadded20160501Copy_pred_affs/10071 with read ROI [1680:6960, 10120:11192, 10696:11768] (5280, 1072, 1072) and write ROI [2880:5760, 10368:10944, 10944:11520] (2880, 576, 576)
Recorded block-done for sampleAPadded20160501Copy_pred_affs/10071 with read ROI [1680:6960, 10120:11192, 10696:11768] (5280, 1072, 1072) and write ROI [2880:5760, 10368:10944, 10944:11520] (2880, 576, 576)
Recording block-done for sampleAPadded20160501Copy_pred_affs/2235 with read ROI [1680:6960, 10696:11768, 904:1976] (5280, 1072, 1072) and write ROI [2880:5760, 10944:11520, 1152:1728] (2880, 576, 576)
Recorded block-done for sampleAPadded20160501Copy_pred_affs/2235 with read ROI [1680:6960, 10696:11768, 904:1976] (5280, 1072, 1072) and write ROI [2880:5760, 10944:11520, 1152:1728] (2880, 576, 576)
Recording block-done for sampleAPadded20160501Copy_pred_affs/2811 with read ROI [1680:6960, 10696:11768, 2056:3128] (5280, 1072, 1072) and write ROI [2880:5760, 10944:11520, 2304:2880] (2880, 576, 576)
Recorded block-done for sampleAPadded20160501Copy_pred_affs/2811 with read ROI [1680:6960, 10696:11768, 2056:3128] (5280, 1072, 1072) and write ROI [2880:5760, 10944:11520, 2304:2880] (2880, 576, 576)
Recording block-done for sampleAPadded20160501Copy_pred_affs/3487 with read ROI [1680:6960, 10696:11768, 3208:4280] (5280, 1072, 1072) and write ROI [2880:5760, 10944:11520, 3456:4032] (2880, 576, 576)
Recorded block-done for sampleAPadded20160501Copy_pred_affs/3487 with read ROI [1680:6960, 10696:11768, 3208:4280] (5280, 1072, 1072) and write ROI [2880:5760, 10944:11520, 3456:4032] (2880, 576, 576)
Recording block-done for sampleAPadded20160501Copy_pred_affs/4271 with read ROI [1680:6960, 10696:11768, 4360:5432] (5280, 1072, 1072) and write ROI [2880:5760, 10944:11520, 4608:5184] (2880, 576, 576)
Recorded block-done for sampleAPadded20160501Copy_pred_affs/4271 with read ROI [1680:6960, 10696:11768, 4360:5432] (5280, 1072, 1072) and write ROI [2880:5760, 10944:11520, 4608:5184] (2880, 576, 576)
Recording block-done for sampleAPadded20160501Copy_pred_affs/5171 with read ROI [1680:6960, 10696:11768, 5512:6584] (5280, 1072, 1072) and write ROI [2880:5760, 10944:11520, 5760:6336] (2880, 576, 576)
Recorded block-done for sampleAPadded20160501Copy_pred_affs/5171 with read ROI [1680:6960, 10696:11768, 5512:6584] (5280, 1072, 1072) and write ROI [2880:5760, 10944:11520, 5760:6336] (2880, 576, 576)
Recording block-done for sampleAPadded20160501Copy_pred_affs/7351 with read ROI [1680:6960, 10696:11768, 7816:8888] (5280, 1072, 1072) and write ROI [2880:5760, 10944:11520, 8064:8640] (2880, 576, 576)
Recorded block-done for sampleAPadded20160501Copy_pred_affs/7351 with read ROI [1680:6960, 10696:11768, 7816:8888] (5280, 1072, 1072) and write ROI [2880:5760, 10944:11520, 8064:8640] (2880, 576, 576)
Recording block-done for sampleAPadded20160501Copy_pred_affs/6756 with read ROI [1680:6960, 10696:11768, 7240:8312] (5280, 1072, 1072) and write ROI [2880:5760, 10944:11520, 7488:8064] (2880, 576, 576)
Recorded block-done for sampleAPadded20160501Copy_pred_affs/6756 with read ROI [1680:6960, 10696:11768, 7240:8312] (5280, 1072, 1072) and write ROI [2880:5760, 10944:11520, 7488:8064] (2880, 576, 576)
Recording block-done for sampleAPadded20160501Copy_pred_affs/9350 with read ROI [1680:6960, 10696:11768, 9544:10616] (5280, 1072, 1072) and write ROI [2880:5760, 10944:11520, 9792:10368] (2880, 576, 576)
Recorded block-done for sampleAPadded20160501Copy_pred_affs/9350 with read ROI [1680:6960, 10696:11768, 9544:10616] (5280, 1072, 1072) and write ROI [2880:5760, 10944:11520, 9792:10368] (2880, 576, 576)
Recording block-done for sampleAPadded20160501Copy_pred_affs/10091 with read ROI [1680:6960, 10696:11768, 10120:11192] (5280, 1072, 1072) and write ROI [2880:5760, 10944:11520, 10368:10944] (2880, 576, 576)
Recorded block-done for sampleAPadded20160501Copy_pred_affs/10091 with read ROI [1680:6960, 10696:11768, 10120:11192] (5280, 1072, 1072) and write ROI [2880:5760, 10944:11520, 10368:10944] (2880, 576, 576)
Recording block-done for sampleAPadded20160501Copy_pred_affs/60 with read ROI [1680:6960, 328:1400, 2056:3128] (5280, 1072, 1072) and write ROI [2880:5760, 576:1152, 2304:2880] (2880, 576, 576)
Recorded block-done for sampleAPadded20160501Copy_pred_affs/60 with read ROI [1680:6960, 328:1400, 2056:3128] (5280, 1072, 1072) and write ROI [2880:5760, 576:1152, 2304:2880] (2880, 576, 576)
