Backend TkAgg is interactive backend. Turning interactive mode on.
MtlsdModel(
  (unet): UNet(
    (l_conv): ModuleList(
      (0): ConvPass(
        (conv_pass): Sequential(
          (0): Conv3d(1, 12, kernel_size=(1, 3, 3), stride=(1, 1, 1))
          (1): ReLU()
          (2): Conv3d(12, 12, kernel_size=(1, 3, 3), stride=(1, 1, 1))
          (3): ReLU()
        )
      )
      (1): ConvPass(
        (conv_pass): Sequential(
          (0): Conv3d(12, 60, kernel_size=(3, 3, 3), stride=(1, 1, 1))
          (1): ReLU()
          (2): Conv3d(60, 60, kernel_size=(3, 3, 3), stride=(1, 1, 1))
          (3): ReLU()
        )
      )
      (2): ConvPass(
        (conv_pass): Sequential(
          (0): Conv3d(60, 300, kernel_size=(3, 3, 3), stride=(1, 1, 1))
          (1): ReLU()
          (2): Conv3d(300, 300, kernel_size=(3, 3, 3), stride=(1, 1, 1))
          (3): ReLU()
        )
      )
      (3): ConvPass(
        (conv_pass): Sequential(
          (0): Conv3d(300, 1500, kernel_size=(3, 3, 3), stride=(1, 1, 1))
          (1): ReLU()
          (2): Conv3d(1500, 1500, kernel_size=(3, 3, 3), stride=(1, 1, 1))
          (3): ReLU()
        )
      )
    )
    (l_down): ModuleList(
      (0): Downsample(
        (down): MaxPool3d(kernel_size=[1, 2, 2], stride=[1, 2, 2], padding=0, dilation=1, ceil_mode=False)
      )
      (1): Downsample(
        (down): MaxPool3d(kernel_size=[2, 2, 2], stride=[2, 2, 2], padding=0, dilation=1, ceil_mode=False)
      )
      (2): Downsample(
        (down): MaxPool3d(kernel_size=[3, 3, 3], stride=[3, 3, 3], padding=0, dilation=1, ceil_mode=False)
      )
    )
    (r_up): ModuleList(
      (0): ModuleList(
        (0): Upsample(
          (up): ConvTranspose3d(60, 60, kernel_size=(1, 2, 2), stride=(1, 2, 2))
        )
        (1): Upsample(
          (up): ConvTranspose3d(300, 300, kernel_size=(2, 2, 2), stride=(2, 2, 2))
        )
        (2): Upsample(
          (up): ConvTranspose3d(1500, 1500, kernel_size=(3, 3, 3), stride=(3, 3, 3))
        )
      )
    )
    (r_conv): ModuleList(
      (0): ModuleList(
        (0): ConvPass(
          (conv_pass): Sequential(
            (0): Conv3d(72, 12, kernel_size=(3, 3, 3), stride=(1, 1, 1))
            (1): ReLU()
            (2): Conv3d(12, 12, kernel_size=(3, 3, 3), stride=(1, 1, 1))
            (3): ReLU()
          )
        )
        (1): ConvPass(
          (conv_pass): Sequential(
            (0): Conv3d(360, 60, kernel_size=(3, 3, 3), stride=(1, 1, 1))
            (1): ReLU()
            (2): Conv3d(60, 60, kernel_size=(3, 3, 3), stride=(1, 1, 1))
            (3): ReLU()
          )
        )
        (2): ConvPass(
          (conv_pass): Sequential(
            (0): Conv3d(1800, 300, kernel_size=(3, 3, 3), stride=(1, 1, 1))
            (1): ReLU()
            (2): Conv3d(300, 300, kernel_size=(3, 3, 3), stride=(1, 1, 1))
            (3): ReLU()
          )
        )
      )
    )
  )
  (lsd_head): ConvPass(
    (conv_pass): Sequential(
      (0): Conv3d(12, 10, kernel_size=(1, 1, 1), stride=(1, 1, 1))
      (1): Sigmoid()
    )
  )
  (aff_head): ConvPass(
    (conv_pass): Sequential(
      (0): Conv3d(12, 3, kernel_size=(1, 1, 1), stride=(1, 1, 1))
      (1): Sigmoid()
    )
  )
)
Model Parameters: 155.143M
Saving outputs to /media/samia/DATA/ark/lsd_outputs/MTLSD/3d/run_unclahed/model_checkpoint_latest/sample_A_padded_20160501_copy.zarr
Recording block-done for sampleAPadded20160501Copy_pred_affs/14 with read ROI [1680:6960, 328:1400, 328:1400] (5280, 1072, 1072) and write ROI [2880:5760, 576:1152, 576:1152] (2880, 576, 576)
Recorded block-done for sampleAPadded20160501Copy_pred_affs/14 with read ROI [1680:6960, 328:1400, 328:1400] (5280, 1072, 1072) and write ROI [2880:5760, 576:1152, 576:1152] (2880, 576, 576)
Recording block-done for sampleAPadded20160501Copy_pred_affs/88 with read ROI [1680:6960, 328:1400, 2632:3704] (5280, 1072, 1072) and write ROI [2880:5760, 576:1152, 2880:3456] (2880, 576, 576)
Recorded block-done for sampleAPadded20160501Copy_pred_affs/88 with read ROI [1680:6960, 328:1400, 2632:3704] (5280, 1072, 1072) and write ROI [2880:5760, 576:1152, 2880:3456] (2880, 576, 576)
Recording block-done for sampleAPadded20160501Copy_pred_affs/169 with read ROI [1680:6960, 328:1400, 3784:4856] (5280, 1072, 1072) and write ROI [2880:5760, 576:1152, 4032:4608] (2880, 576, 576)
Recorded block-done for sampleAPadded20160501Copy_pred_affs/169 with read ROI [1680:6960, 328:1400, 3784:4856] (5280, 1072, 1072) and write ROI [2880:5760, 576:1152, 4032:4608] (2880, 576, 576)
Recording block-done for sampleAPadded20160501Copy_pred_affs/224 with read ROI [1680:6960, 328:1400, 4360:5432] (5280, 1072, 1072) and write ROI [2880:5760, 576:1152, 4608:5184] (2880, 576, 576)
Recorded block-done for sampleAPadded20160501Copy_pred_affs/224 with read ROI [1680:6960, 328:1400, 4360:5432] (5280, 1072, 1072) and write ROI [2880:5760, 576:1152, 4608:5184] (2880, 576, 576)
Recording block-done for sampleAPadded20160501Copy_pred_affs/459 with read ROI [1680:6960, 328:1400, 6088:7160] (5280, 1072, 1072) and write ROI [2880:5760, 576:1152, 6336:6912] (2880, 576, 576)
Recorded block-done for sampleAPadded20160501Copy_pred_affs/459 with read ROI [1680:6960, 328:1400, 6088:7160] (5280, 1072, 1072) and write ROI [2880:5760, 576:1152, 6336:6912] (2880, 576, 576)
Recording block-done for sampleAPadded20160501Copy_pred_affs/684 with read ROI [1680:6960, 328:1400, 7240:8312] (5280, 1072, 1072) and write ROI [2880:5760, 576:1152, 7488:8064] (2880, 576, 576)
Recorded block-done for sampleAPadded20160501Copy_pred_affs/684 with read ROI [1680:6960, 328:1400, 7240:8312] (5280, 1072, 1072) and write ROI [2880:5760, 576:1152, 7488:8064] (2880, 576, 576)
Recording block-done for sampleAPadded20160501Copy_pred_affs/973 with read ROI [1680:6960, 328:1400, 8392:9464] (5280, 1072, 1072) and write ROI [2880:5760, 576:1152, 8640:9216] (2880, 576, 576)
Recorded block-done for sampleAPadded20160501Copy_pred_affs/973 with read ROI [1680:6960, 328:1400, 8392:9464] (5280, 1072, 1072) and write ROI [2880:5760, 576:1152, 8640:9216] (2880, 576, 576)
Recording block-done for sampleAPadded20160501Copy_pred_affs/1144 with read ROI [1680:6960, 328:1400, 8968:10040] (5280, 1072, 1072) and write ROI [2880:5760, 576:1152, 9216:9792] (2880, 576, 576)
Recorded block-done for sampleAPadded20160501Copy_pred_affs/1144 with read ROI [1680:6960, 328:1400, 8968:10040] (5280, 1072, 1072) and write ROI [2880:5760, 576:1152, 9216:9792] (2880, 576, 576)
Recording block-done for sampleAPadded20160501Copy_pred_affs/1775 with read ROI [1680:6960, 328:1400, 10696:11768] (5280, 1072, 1072) and write ROI [2880:5760, 576:1152, 10944:11520] (2880, 576, 576)
Recorded block-done for sampleAPadded20160501Copy_pred_affs/1775 with read ROI [1680:6960, 328:1400, 10696:11768] (5280, 1072, 1072) and write ROI [2880:5760, 576:1152, 10944:11520] (2880, 576, 576)
Recording block-done for sampleAPadded20160501Copy_pred_affs/42 with read ROI [1680:6960, 904:1976, 904:1976] (5280, 1072, 1072) and write ROI [2880:5760, 1152:1728, 1152:1728] (2880, 576, 576)
Recorded block-done for sampleAPadded20160501Copy_pred_affs/42 with read ROI [1680:6960, 904:1976, 904:1976] (5280, 1072, 1072) and write ROI [2880:5760, 1152:1728, 1152:1728] (2880, 576, 576)
Recording block-done for sampleAPadded20160501Copy_pred_affs/91 with read ROI [1680:6960, 904:1976, 2056:3128] (5280, 1072, 1072) and write ROI [2880:5760, 1152:1728, 2304:2880] (2880, 576, 576)
Recorded block-done for sampleAPadded20160501Copy_pred_affs/91 with read ROI [1680:6960, 904:1976, 2056:3128] (5280, 1072, 1072) and write ROI [2880:5760, 1152:1728, 2304:2880] (2880, 576, 576)
Recording block-done for sampleAPadded20160501Copy_pred_affs/172 with read ROI [1680:6960, 904:1976, 3208:4280] (5280, 1072, 1072) and write ROI [2880:5760, 1152:1728, 3456:4032] (2880, 576, 576)
Recorded block-done for sampleAPadded20160501Copy_pred_affs/172 with read ROI [1680:6960, 904:1976, 3208:4280] (5280, 1072, 1072) and write ROI [2880:5760, 1152:1728, 3456:4032] (2880, 576, 576)
Recording block-done for sampleAPadded20160501Copy_pred_affs/293 with read ROI [1680:6960, 904:1976, 4360:5432] (5280, 1072, 1072) and write ROI [2880:5760, 1152:1728, 4608:5184] (2880, 576, 576)
Recorded block-done for sampleAPadded20160501Copy_pred_affs/293 with read ROI [1680:6960, 904:1976, 4360:5432] (5280, 1072, 1072) and write ROI [2880:5760, 1152:1728, 4608:5184] (2880, 576, 576)
Recording block-done for sampleAPadded20160501Copy_pred_affs/462 with read ROI [1680:6960, 904:1976, 5512:6584] (5280, 1072, 1072) and write ROI [2880:5760, 1152:1728, 5760:6336] (2880, 576, 576)
Recorded block-done for sampleAPadded20160501Copy_pred_affs/462 with read ROI [1680:6960, 904:1976, 5512:6584] (5280, 1072, 1072) and write ROI [2880:5760, 1152:1728, 5760:6336] (2880, 576, 576)
Recording block-done for sampleAPadded20160501Copy_pred_affs/687 with read ROI [1680:6960, 904:1976, 6664:7736] (5280, 1072, 1072) and write ROI [2880:5760, 1152:1728, 6912:7488] (2880, 576, 576)
Recorded block-done for sampleAPadded20160501Copy_pred_affs/687 with read ROI [1680:6960, 904:1976, 6664:7736] (5280, 1072, 1072) and write ROI [2880:5760, 1152:1728, 6912:7488] (2880, 576, 576)
Recording block-done for sampleAPadded20160501Copy_pred_affs/976 with read ROI [1680:6960, 904:1976, 7816:8888] (5280, 1072, 1072) and write ROI [2880:5760, 1152:1728, 8064:8640] (2880, 576, 576)
Recorded block-done for sampleAPadded20160501Copy_pred_affs/976 with read ROI [1680:6960, 904:1976, 7816:8888] (5280, 1072, 1072) and write ROI [2880:5760, 1152:1728, 8064:8640] (2880, 576, 576)
Recording block-done for sampleAPadded20160501Copy_pred_affs/1337 with read ROI [1680:6960, 904:1976, 8968:10040] (5280, 1072, 1072) and write ROI [2880:5760, 1152:1728, 9216:9792] (2880, 576, 576)
Recorded block-done for sampleAPadded20160501Copy_pred_affs/1337 with read ROI [1680:6960, 904:1976, 8968:10040] (5280, 1072, 1072) and write ROI [2880:5760, 1152:1728, 9216:9792] (2880, 576, 576)
Recording block-done for sampleAPadded20160501Copy_pred_affs/1778 with read ROI [1680:6960, 904:1976, 10120:11192] (5280, 1072, 1072) and write ROI [2880:5760, 1152:1728, 10368:10944] (2880, 576, 576)
Recorded block-done for sampleAPadded20160501Copy_pred_affs/1778 with read ROI [1680:6960, 904:1976, 10120:11192] (5280, 1072, 1072) and write ROI [2880:5760, 1152:1728, 10368:10944] (2880, 576, 576)
Recording block-done for sampleAPadded20160501Copy_pred_affs/67 with read ROI [1680:6960, 1480:2552, 904:1976] (5280, 1072, 1072) and write ROI [2880:5760, 1728:2304, 1152:1728] (2880, 576, 576)
Recorded block-done for sampleAPadded20160501Copy_pred_affs/67 with read ROI [1680:6960, 1480:2552, 904:1976] (5280, 1072, 1072) and write ROI [2880:5760, 1728:2304, 1152:1728] (2880, 576, 576)
Recording block-done for sampleAPadded20160501Copy_pred_affs/95 with read ROI [1680:6960, 1480:2552, 1480:2552] (5280, 1072, 1072) and write ROI [2880:5760, 1728:2304, 1728:2304] (2880, 576, 576)
Recorded block-done for sampleAPadded20160501Copy_pred_affs/95 with read ROI [1680:6960, 1480:2552, 1480:2552] (5280, 1072, 1072) and write ROI [2880:5760, 1728:2304, 1728:2304] (2880, 576, 576)
Recording block-done for sampleAPadded20160501Copy_pred_affs/231 with read ROI [1680:6960, 1480:2552, 3208:4280] (5280, 1072, 1072) and write ROI [2880:5760, 1728:2304, 3456:4032] (2880, 576, 576)
Recorded block-done for sampleAPadded20160501Copy_pred_affs/231 with read ROI [1680:6960, 1480:2552, 3208:4280] (5280, 1072, 1072) and write ROI [2880:5760, 1728:2304, 3456:4032] (2880, 576, 576)
Recording block-done for sampleAPadded20160501Copy_pred_affs/297 with read ROI [1680:6960, 1480:2552, 3784:4856] (5280, 1072, 1072) and write ROI [2880:5760, 1728:2304, 4032:4608] (2880, 576, 576)
Recorded block-done for sampleAPadded20160501Copy_pred_affs/297 with read ROI [1680:6960, 1480:2552, 3784:4856] (5280, 1072, 1072) and write ROI [2880:5760, 1728:2304, 4032:4608] (2880, 576, 576)
Recording block-done for sampleAPadded20160501Copy_pred_affs/466 with read ROI [1680:6960, 1480:2552, 4936:6008] (5280, 1072, 1072) and write ROI [2880:5760, 1728:2304, 5184:5760] (2880, 576, 576)
Recorded block-done for sampleAPadded20160501Copy_pred_affs/466 with read ROI [1680:6960, 1480:2552, 4936:6008] (5280, 1072, 1072) and write ROI [2880:5760, 1728:2304, 5184:5760] (2880, 576, 576)
Recording block-done for sampleAPadded20160501Copy_pred_affs/691 with read ROI [1680:6960, 1480:2552, 6088:7160] (5280, 1072, 1072) and write ROI [2880:5760, 1728:2304, 6336:6912] (2880, 576, 576)
Recorded block-done for sampleAPadded20160501Copy_pred_affs/691 with read ROI [1680:6960, 1480:2552, 6088:7160] (5280, 1072, 1072) and write ROI [2880:5760, 1728:2304, 6336:6912] (2880, 576, 576)
Recording block-done for sampleAPadded20160501Copy_pred_affs/980 with read ROI [1680:6960, 1480:2552, 7240:8312] (5280, 1072, 1072) and write ROI [2880:5760, 1728:2304, 7488:8064] (2880, 576, 576)
Recorded block-done for sampleAPadded20160501Copy_pred_affs/980 with read ROI [1680:6960, 1480:2552, 7240:8312] (5280, 1072, 1072) and write ROI [2880:5760, 1728:2304, 7488:8064] (2880, 576, 576)
Recording block-done for sampleAPadded20160501Copy_pred_affs/1341 with read ROI [1680:6960, 1480:2552, 8392:9464] (5280, 1072, 1072) and write ROI [2880:5760, 1728:2304, 8640:9216] (2880, 576, 576)
Recorded block-done for sampleAPadded20160501Copy_pred_affs/1341 with read ROI [1680:6960, 1480:2552, 8392:9464] (5280, 1072, 1072) and write ROI [2880:5760, 1728:2304, 8640:9216] (2880, 576, 576)
Recording block-done for sampleAPadded20160501Copy_pred_affs/1782 with read ROI [1680:6960, 1480:2552, 9544:10616] (5280, 1072, 1072) and write ROI [2880:5760, 1728:2304, 9792:10368] (2880, 576, 576)
Recorded block-done for sampleAPadded20160501Copy_pred_affs/1782 with read ROI [1680:6960, 1480:2552, 9544:10616] (5280, 1072, 1072) and write ROI [2880:5760, 1728:2304, 9792:10368] (2880, 576, 576)
Recording block-done for sampleAPadded20160501Copy_pred_affs/2311 with read ROI [1680:6960, 1480:2552, 10696:11768] (5280, 1072, 1072) and write ROI [2880:5760, 1728:2304, 10944:11520] (2880, 576, 576)
Recorded block-done for sampleAPadded20160501Copy_pred_affs/2311 with read ROI [1680:6960, 1480:2552, 10696:11768] (5280, 1072, 1072) and write ROI [2880:5760, 1728:2304, 10944:11520] (2880, 576, 576)
Recording block-done for sampleAPadded20160501Copy_pred_affs/100 with read ROI [1680:6960, 2056:3128, 904:1976] (5280, 1072, 1072) and write ROI [2880:5760, 2304:2880, 1152:1728] (2880, 576, 576)
Recorded block-done for sampleAPadded20160501Copy_pred_affs/100 with read ROI [1680:6960, 2056:3128, 904:1976] (5280, 1072, 1072) and write ROI [2880:5760, 2304:2880, 1152:1728] (2880, 576, 576)
Recording block-done for sampleAPadded20160501Copy_pred_affs/136 with read ROI [1680:6960, 2056:3128, 1480:2552] (5280, 1072, 1072) and write ROI [2880:5760, 2304:2880, 1728:2304] (2880, 576, 576)
Recorded block-done for sampleAPadded20160501Copy_pred_affs/136 with read ROI [1680:6960, 2056:3128, 1480:2552] (5280, 1072, 1072) and write ROI [2880:5760, 2304:2880, 1728:2304] (2880, 576, 576)
Recording block-done for sampleAPadded20160501Copy_pred_affs/302 with read ROI [1680:6960, 2056:3128, 3208:4280] (5280, 1072, 1072) and write ROI [2880:5760, 2304:2880, 3456:4032] (2880, 576, 576)
Recorded block-done for sampleAPadded20160501Copy_pred_affs/302 with read ROI [1680:6960, 2056:3128, 3208:4280] (5280, 1072, 1072) and write ROI [2880:5760, 2304:2880, 3456:4032] (2880, 576, 576)
Recording block-done for sampleAPadded20160501Copy_pred_affs/471 with read ROI [1680:6960, 2056:3128, 4360:5432] (5280, 1072, 1072) and write ROI [2880:5760, 2304:2880, 4608:5184] (2880, 576, 576)
Recorded block-done for sampleAPadded20160501Copy_pred_affs/471 with read ROI [1680:6960, 2056:3128, 4360:5432] (5280, 1072, 1072) and write ROI [2880:5760, 2304:2880, 4608:5184] (2880, 576, 576)
Recording block-done for sampleAPadded20160501Copy_pred_affs/696 with read ROI [1680:6960, 2056:3128, 5512:6584] (5280, 1072, 1072) and write ROI [2880:5760, 2304:2880, 5760:6336] (2880, 576, 576)
Recorded block-done for sampleAPadded20160501Copy_pred_affs/696 with read ROI [1680:6960, 2056:3128, 5512:6584] (5280, 1072, 1072) and write ROI [2880:5760, 2304:2880, 5760:6336] (2880, 576, 576)
Recording block-done for sampleAPadded20160501Copy_pred_affs/985 with read ROI [1680:6960, 2056:3128, 6664:7736] (5280, 1072, 1072) and write ROI [2880:5760, 2304:2880, 6912:7488] (2880, 576, 576)
Recorded block-done for sampleAPadded20160501Copy_pred_affs/985 with read ROI [1680:6960, 2056:3128, 6664:7736] (5280, 1072, 1072) and write ROI [2880:5760, 2304:2880, 6912:7488] (2880, 576, 576)
Recording block-done for sampleAPadded20160501Copy_pred_affs/1346 with read ROI [1680:6960, 2056:3128, 7816:8888] (5280, 1072, 1072) and write ROI [2880:5760, 2304:2880, 8064:8640] (2880, 576, 576)
Recorded block-done for sampleAPadded20160501Copy_pred_affs/1346 with read ROI [1680:6960, 2056:3128, 7816:8888] (5280, 1072, 1072) and write ROI [2880:5760, 2304:2880, 8064:8640] (2880, 576, 576)
Recording block-done for sampleAPadded20160501Copy_pred_affs/1787 with read ROI [1680:6960, 2056:3128, 8968:10040] (5280, 1072, 1072) and write ROI [2880:5760, 2304:2880, 9216:9792] (2880, 576, 576)
Recorded block-done for sampleAPadded20160501Copy_pred_affs/1787 with read ROI [1680:6960, 2056:3128, 8968:10040] (5280, 1072, 1072) and write ROI [2880:5760, 2304:2880, 9216:9792] (2880, 576, 576)
Recording block-done for sampleAPadded20160501Copy_pred_affs/2316 with read ROI [1680:6960, 2056:3128, 10120:11192] (5280, 1072, 1072) and write ROI [2880:5760, 2304:2880, 10368:10944] (2880, 576, 576)
Recorded block-done for sampleAPadded20160501Copy_pred_affs/2316 with read ROI [1680:6960, 2056:3128, 10120:11192] (5280, 1072, 1072) and write ROI [2880:5760, 2304:2880, 10368:10944] (2880, 576, 576)
Recording block-done for sampleAPadded20160501Copy_pred_affs/106 with read ROI [1680:6960, 2632:3704, 328:1400] (5280, 1072, 1072) and write ROI [2880:5760, 2880:3456, 576:1152] (2880, 576, 576)
Recorded block-done for sampleAPadded20160501Copy_pred_affs/106 with read ROI [1680:6960, 2632:3704, 328:1400] (5280, 1072, 1072) and write ROI [2880:5760, 2880:3456, 576:1152] (2880, 576, 576)
Recording block-done for sampleAPadded20160501Copy_pred_affs/187 with read ROI [1680:6960, 2632:3704, 1480:2552] (5280, 1072, 1072) and write ROI [2880:5760, 2880:3456, 1728:2304] (2880, 576, 576)
Recorded block-done for sampleAPadded20160501Copy_pred_affs/187 with read ROI [1680:6960, 2632:3704, 1480:2552] (5280, 1072, 1072) and write ROI [2880:5760, 2880:3456, 1728:2304] (2880, 576, 576)
Recording block-done for sampleAPadded20160501Copy_pred_affs/308 with read ROI [1680:6960, 2632:3704, 2632:3704] (5280, 1072, 1072) and write ROI [2880:5760, 2880:3456, 2880:3456] (2880, 576, 576)
Recorded block-done for sampleAPadded20160501Copy_pred_affs/308 with read ROI [1680:6960, 2632:3704, 2632:3704] (5280, 1072, 1072) and write ROI [2880:5760, 2880:3456, 2880:3456] (2880, 576, 576)
Recording block-done for sampleAPadded20160501Copy_pred_affs/477 with read ROI [1680:6960, 2632:3704, 3784:4856] (5280, 1072, 1072) and write ROI [2880:5760, 2880:3456, 4032:4608] (2880, 576, 576)
Recorded block-done for sampleAPadded20160501Copy_pred_affs/477 with read ROI [1680:6960, 2632:3704, 3784:4856] (5280, 1072, 1072) and write ROI [2880:5760, 2880:3456, 4032:4608] (2880, 576, 576)
Recording block-done for sampleAPadded20160501Copy_pred_affs/838 with read ROI [1680:6960, 2632:3704, 5512:6584] (5280, 1072, 1072) and write ROI [2880:5760, 2880:3456, 5760:6336] (2880, 576, 576)
Recorded block-done for sampleAPadded20160501Copy_pred_affs/838 with read ROI [1680:6960, 2632:3704, 5512:6584] (5280, 1072, 1072) and write ROI [2880:5760, 2880:3456, 5760:6336] (2880, 576, 576)
Recording block-done for sampleAPadded20160501Copy_pred_affs/991 with read ROI [1680:6960, 2632:3704, 6088:7160] (5280, 1072, 1072) and write ROI [2880:5760, 2880:3456, 6336:6912] (2880, 576, 576)
Recorded block-done for sampleAPadded20160501Copy_pred_affs/991 with read ROI [1680:6960, 2632:3704, 6088:7160] (5280, 1072, 1072) and write ROI [2880:5760, 2880:3456, 6336:6912] (2880, 576, 576)
Recording block-done for sampleAPadded20160501Copy_pred_affs/1562 with read ROI [1680:6960, 2632:3704, 7816:8888] (5280, 1072, 1072) and write ROI [2880:5760, 2880:3456, 8064:8640] (2880, 576, 576)
Recorded block-done for sampleAPadded20160501Copy_pred_affs/1562 with read ROI [1680:6960, 2632:3704, 7816:8888] (5280, 1072, 1072) and write ROI [2880:5760, 2880:3456, 8064:8640] (2880, 576, 576)
Recording block-done for sampleAPadded20160501Copy_pred_affs/1793 with read ROI [1680:6960, 2632:3704, 8392:9464] (5280, 1072, 1072) and write ROI [2880:5760, 2880:3456, 8640:9216] (2880, 576, 576)
Recorded block-done for sampleAPadded20160501Copy_pred_affs/1793 with read ROI [1680:6960, 2632:3704, 8392:9464] (5280, 1072, 1072) and write ROI [2880:5760, 2880:3456, 8640:9216] (2880, 576, 576)
Recording block-done for sampleAPadded20160501Copy_pred_affs/2322 with read ROI [1680:6960, 2632:3704, 9544:10616] (5280, 1072, 1072) and write ROI [2880:5760, 2880:3456, 9792:10368] (2880, 576, 576)
Recorded block-done for sampleAPadded20160501Copy_pred_affs/2322 with read ROI [1680:6960, 2632:3704, 9544:10616] (5280, 1072, 1072) and write ROI [2880:5760, 2880:3456, 9792:10368] (2880, 576, 576)
Recording block-done for sampleAPadded20160501Copy_pred_affs/2947 with read ROI [1680:6960, 2632:3704, 10696:11768] (5280, 1072, 1072) and write ROI [2880:5760, 2880:3456, 10944:11520] (2880, 576, 576)
Recorded block-done for sampleAPadded20160501Copy_pred_affs/2947 with read ROI [1680:6960, 2632:3704, 10696:11768] (5280, 1072, 1072) and write ROI [2880:5760, 2880:3456, 10944:11520] (2880, 576, 576)
Recording block-done for sampleAPadded20160501Copy_pred_affs/194 with read ROI [1680:6960, 3208:4280, 904:1976] (5280, 1072, 1072) and write ROI [2880:5760, 3456:4032, 1152:1728] (2880, 576, 576)
Recorded block-done for sampleAPadded20160501Copy_pred_affs/194 with read ROI [1680:6960, 3208:4280, 904:1976] (5280, 1072, 1072) and write ROI [2880:5760, 3456:4032, 1152:1728] (2880, 576, 576)
Recording block-done for sampleAPadded20160501Copy_pred_affs/315 with read ROI [1680:6960, 3208:4280, 2056:3128] (5280, 1072, 1072) and write ROI [2880:5760, 3456:4032, 2304:2880] (2880, 576, 576)
Recorded block-done for sampleAPadded20160501Copy_pred_affs/315 with read ROI [1680:6960, 3208:4280, 2056:3128] (5280, 1072, 1072) and write ROI [2880:5760, 3456:4032, 2304:2880] (2880, 576, 576)
Recording block-done for sampleAPadded20160501Copy_pred_affs/484 with read ROI [1680:6960, 3208:4280, 3208:4280] (5280, 1072, 1072) and write ROI [2880:5760, 3456:4032, 3456:4032] (2880, 576, 576)
Recorded block-done for sampleAPadded20160501Copy_pred_affs/484 with read ROI [1680:6960, 3208:4280, 3208:4280] (5280, 1072, 1072) and write ROI [2880:5760, 3456:4032, 3456:4032] (2880, 576, 576)
Recording block-done for sampleAPadded20160501Copy_pred_affs/709 with read ROI [1680:6960, 3208:4280, 4360:5432] (5280, 1072, 1072) and write ROI [2880:5760, 3456:4032, 4608:5184] (2880, 576, 576)
Recorded block-done for sampleAPadded20160501Copy_pred_affs/709 with read ROI [1680:6960, 3208:4280, 4360:5432] (5280, 1072, 1072) and write ROI [2880:5760, 3456:4032, 4608:5184] (2880, 576, 576)
Recording block-done for sampleAPadded20160501Copy_pred_affs/998 with read ROI [1680:6960, 3208:4280, 5512:6584] (5280, 1072, 1072) and write ROI [2880:5760, 3456:4032, 5760:6336] (2880, 576, 576)
Recorded block-done for sampleAPadded20160501Copy_pred_affs/998 with read ROI [1680:6960, 3208:4280, 5512:6584] (5280, 1072, 1072) and write ROI [2880:5760, 3456:4032, 5760:6336] (2880, 576, 576)
Recording block-done for sampleAPadded20160501Copy_pred_affs/1359 with read ROI [1680:6960, 3208:4280, 6664:7736] (5280, 1072, 1072) and write ROI [2880:5760, 3456:4032, 6912:7488] (2880, 576, 576)
Recorded block-done for sampleAPadded20160501Copy_pred_affs/1359 with read ROI [1680:6960, 3208:4280, 6664:7736] (5280, 1072, 1072) and write ROI [2880:5760, 3456:4032, 6912:7488] (2880, 576, 576)
Recording block-done for sampleAPadded20160501Copy_pred_affs/1800 with read ROI [1680:6960, 3208:4280, 7816:8888] (5280, 1072, 1072) and write ROI [2880:5760, 3456:4032, 8064:8640] (2880, 576, 576)
Recorded block-done for sampleAPadded20160501Copy_pred_affs/1800 with read ROI [1680:6960, 3208:4280, 7816:8888] (5280, 1072, 1072) and write ROI [2880:5760, 3456:4032, 8064:8640] (2880, 576, 576)
Recording block-done for sampleAPadded20160501Copy_pred_affs/2329 with read ROI [1680:6960, 3208:4280, 8968:10040] (5280, 1072, 1072) and write ROI [2880:5760, 3456:4032, 9216:9792] (2880, 576, 576)
Recorded block-done for sampleAPadded20160501Copy_pred_affs/2329 with read ROI [1680:6960, 3208:4280, 8968:10040] (5280, 1072, 1072) and write ROI [2880:5760, 3456:4032, 9216:9792] (2880, 576, 576)
Recording block-done for sampleAPadded20160501Copy_pred_affs/2954 with read ROI [1680:6960, 3208:4280, 10120:11192] (5280, 1072, 1072) and write ROI [2880:5760, 3456:4032, 10368:10944] (2880, 576, 576)
Recorded block-done for sampleAPadded20160501Copy_pred_affs/2954 with read ROI [1680:6960, 3208:4280, 10120:11192] (5280, 1072, 1072) and write ROI [2880:5760, 3456:4032, 10368:10944] (2880, 576, 576)
Recording block-done for sampleAPadded20160501Copy_pred_affs/202 with read ROI [1680:6960, 3784:4856, 328:1400] (5280, 1072, 1072) and write ROI [2880:5760, 4032:4608, 576:1152] (2880, 576, 576)
Recorded block-done for sampleAPadded20160501Copy_pred_affs/202 with read ROI [1680:6960, 3784:4856, 328:1400] (5280, 1072, 1072) and write ROI [2880:5760, 4032:4608, 576:1152] (2880, 576, 576)
Recording block-done for sampleAPadded20160501Copy_pred_affs/323 with read ROI [1680:6960, 3784:4856, 1480:2552] (5280, 1072, 1072) and write ROI [2880:5760, 4032:4608, 1728:2304] (2880, 576, 576)
Recorded block-done for sampleAPadded20160501Copy_pred_affs/323 with read ROI [1680:6960, 3784:4856, 1480:2552] (5280, 1072, 1072) and write ROI [2880:5760, 4032:4608, 1728:2304] (2880, 576, 576)
Recording block-done for sampleAPadded20160501Copy_pred_affs/492 with read ROI [1680:6960, 3784:4856, 2632:3704] (5280, 1072, 1072) and write ROI [2880:5760, 4032:4608, 2880:3456] (2880, 576, 576)
Recorded block-done for sampleAPadded20160501Copy_pred_affs/492 with read ROI [1680:6960, 3784:4856, 2632:3704] (5280, 1072, 1072) and write ROI [2880:5760, 4032:4608, 2880:3456] (2880, 576, 576)
Recording block-done for sampleAPadded20160501Copy_pred_affs/717 with read ROI [1680:6960, 3784:4856, 3784:4856] (5280, 1072, 1072) and write ROI [2880:5760, 4032:4608, 4032:4608] (2880, 576, 576)
Recorded block-done for sampleAPadded20160501Copy_pred_affs/717 with read ROI [1680:6960, 3784:4856, 3784:4856] (5280, 1072, 1072) and write ROI [2880:5760, 4032:4608, 4032:4608] (2880, 576, 576)
Recording block-done for sampleAPadded20160501Copy_pred_affs/1006 with read ROI [1680:6960, 3784:4856, 4936:6008] (5280, 1072, 1072) and write ROI [2880:5760, 4032:4608, 5184:5760] (2880, 576, 576)
Recorded block-done for sampleAPadded20160501Copy_pred_affs/1006 with read ROI [1680:6960, 3784:4856, 4936:6008] (5280, 1072, 1072) and write ROI [2880:5760, 4032:4608, 5184:5760] (2880, 576, 576)
Recording block-done for sampleAPadded20160501Copy_pred_affs/1808 with read ROI [1680:6960, 3784:4856, 7240:8312] (5280, 1072, 1072) and write ROI [2880:5760, 4032:4608, 7488:8064] (2880, 576, 576)
Recorded block-done for sampleAPadded20160501Copy_pred_affs/1808 with read ROI [1680:6960, 3784:4856, 7240:8312] (5280, 1072, 1072) and write ROI [2880:5760, 4032:4608, 7488:8064] (2880, 576, 576)
Recording block-done for sampleAPadded20160501Copy_pred_affs/1577 with read ROI [1680:6960, 3784:4856, 6664:7736] (5280, 1072, 1072) and write ROI [2880:5760, 4032:4608, 6912:7488] (2880, 576, 576)
Recorded block-done for sampleAPadded20160501Copy_pred_affs/1577 with read ROI [1680:6960, 3784:4856, 6664:7736] (5280, 1072, 1072) and write ROI [2880:5760, 4032:4608, 6912:7488] (2880, 576, 576)
Recording block-done for sampleAPadded20160501Copy_pred_affs/2637 with read ROI [1680:6960, 3784:4856, 8968:10040] (5280, 1072, 1072) and write ROI [2880:5760, 4032:4608, 9216:9792] (2880, 576, 576)
Recorded block-done for sampleAPadded20160501Copy_pred_affs/2637 with read ROI [1680:6960, 3784:4856, 8968:10040] (5280, 1072, 1072) and write ROI [2880:5760, 4032:4608, 9216:9792] (2880, 576, 576)
Recording block-done for sampleAPadded20160501Copy_pred_affs/3313 with read ROI [1680:6960, 3784:4856, 10120:11192] (5280, 1072, 1072) and write ROI [2880:5760, 4032:4608, 10368:10944] (2880, 576, 576)
Recorded block-done for sampleAPadded20160501Copy_pred_affs/3313 with read ROI [1680:6960, 3784:4856, 10120:11192] (5280, 1072, 1072) and write ROI [2880:5760, 4032:4608, 10368:10944] (2880, 576, 576)
Recording block-done for sampleAPadded20160501Copy_pred_affs/266 with read ROI [1680:6960, 4360:5432, 328:1400] (5280, 1072, 1072) and write ROI [2880:5760, 4608:5184, 576:1152] (2880, 576, 576)
Recorded block-done for sampleAPadded20160501Copy_pred_affs/266 with read ROI [1680:6960, 4360:5432, 328:1400] (5280, 1072, 1072) and write ROI [2880:5760, 4608:5184, 576:1152] (2880, 576, 576)
Recording block-done for sampleAPadded20160501Copy_pred_affs/332 with read ROI [1680:6960, 4360:5432, 904:1976] (5280, 1072, 1072) and write ROI [2880:5760, 4608:5184, 1152:1728] (2880, 576, 576)
Recorded block-done for sampleAPadded20160501Copy_pred_affs/332 with read ROI [1680:6960, 4360:5432, 904:1976] (5280, 1072, 1072) and write ROI [2880:5760, 4608:5184, 1152:1728] (2880, 576, 576)
Recording block-done for sampleAPadded20160501Copy_pred_affs/606 with read ROI [1680:6960, 4360:5432, 2632:3704] (5280, 1072, 1072) and write ROI [2880:5760, 4608:5184, 2880:3456] (2880, 576, 576)
Recorded block-done for sampleAPadded20160501Copy_pred_affs/606 with read ROI [1680:6960, 4360:5432, 2632:3704] (5280, 1072, 1072) and write ROI [2880:5760, 4608:5184, 2880:3456] (2880, 576, 576)
Recording block-done for sampleAPadded20160501Copy_pred_affs/862 with read ROI [1680:6960, 4360:5432, 3784:4856] (5280, 1072, 1072) and write ROI [2880:5760, 4608:5184, 4032:4608] (2880, 576, 576)
Recorded block-done for sampleAPadded20160501Copy_pred_affs/862 with read ROI [1680:6960, 4360:5432, 3784:4856] (5280, 1072, 1072) and write ROI [2880:5760, 4608:5184, 4032:4608] (2880, 576, 576)
Recording block-done for sampleAPadded20160501Copy_pred_affs/1186 with read ROI [1680:6960, 4360:5432, 4936:6008] (5280, 1072, 1072) and write ROI [2880:5760, 4608:5184, 5184:5760] (2880, 576, 576)
Recorded block-done for sampleAPadded20160501Copy_pred_affs/1186 with read ROI [1680:6960, 4360:5432, 4936:6008] (5280, 1072, 1072) and write ROI [2880:5760, 4608:5184, 5184:5760] (2880, 576, 576)
Recording block-done for sampleAPadded20160501Copy_pred_affs/1586 with read ROI [1680:6960, 4360:5432, 6088:7160] (5280, 1072, 1072) and write ROI [2880:5760, 4608:5184, 6336:6912] (2880, 576, 576)
Recorded block-done for sampleAPadded20160501Copy_pred_affs/1586 with read ROI [1680:6960, 4360:5432, 6088:7160] (5280, 1072, 1072) and write ROI [2880:5760, 4608:5184, 6336:6912] (2880, 576, 576)
Recording block-done for sampleAPadded20160501Copy_pred_affs/2070 with read ROI [1680:6960, 4360:5432, 7240:8312] (5280, 1072, 1072) and write ROI [2880:5760, 4608:5184, 7488:8064] (2880, 576, 576)
Recorded block-done for sampleAPadded20160501Copy_pred_affs/2070 with read ROI [1680:6960, 4360:5432, 7240:8312] (5280, 1072, 1072) and write ROI [2880:5760, 4608:5184, 7488:8064] (2880, 576, 576)
Recording block-done for sampleAPadded20160501Copy_pred_affs/2646 with read ROI [1680:6960, 4360:5432, 8392:9464] (5280, 1072, 1072) and write ROI [2880:5760, 4608:5184, 8640:9216] (2880, 576, 576)
Recorded block-done for sampleAPadded20160501Copy_pred_affs/2646 with read ROI [1680:6960, 4360:5432, 8392:9464] (5280, 1072, 1072) and write ROI [2880:5760, 4608:5184, 8640:9216] (2880, 576, 576)
Recording block-done for sampleAPadded20160501Copy_pred_affs/3322 with read ROI [1680:6960, 4360:5432, 9544:10616] (5280, 1072, 1072) and write ROI [2880:5760, 4608:5184, 9792:10368] (2880, 576, 576)
Recorded block-done for sampleAPadded20160501Copy_pred_affs/3322 with read ROI [1680:6960, 4360:5432, 9544:10616] (5280, 1072, 1072) and write ROI [2880:5760, 4608:5184, 9792:10368] (2880, 576, 576)
Recording block-done for sampleAPadded20160501Copy_pred_affs/4106 with read ROI [1680:6960, 4360:5432, 10696:11768] (5280, 1072, 1072) and write ROI [2880:5760, 4608:5184, 10944:11520] (2880, 576, 576)
Recorded block-done for sampleAPadded20160501Copy_pred_affs/4106 with read ROI [1680:6960, 4360:5432, 10696:11768] (5280, 1072, 1072) and write ROI [2880:5760, 4608:5184, 10944:11520] (2880, 576, 576)
Recording block-done for sampleAPadded20160501Copy_pred_affs/420 with read ROI [1680:6960, 4936:6008, 904:1976] (5280, 1072, 1072) and write ROI [2880:5760, 5184:5760, 1152:1728] (2880, 576, 576)
Recorded block-done for sampleAPadded20160501Copy_pred_affs/420 with read ROI [1680:6960, 4936:6008, 904:1976] (5280, 1072, 1072) and write ROI [2880:5760, 5184:5760, 1152:1728] (2880, 576, 576)
Recording block-done for sampleAPadded20160501Copy_pred_affs/511 with read ROI [1680:6960, 4936:6008, 1480:2552] (5280, 1072, 1072) and write ROI [2880:5760, 5184:5760, 1728:2304] (2880, 576, 576)
Recorded block-done for sampleAPadded20160501Copy_pred_affs/511 with read ROI [1680:6960, 4936:6008, 1480:2552] (5280, 1072, 1072) and write ROI [2880:5760, 5184:5760, 1728:2304] (2880, 576, 576)
Recording block-done for sampleAPadded20160501Copy_pred_affs/872 with read ROI [1680:6960, 4936:6008, 3208:4280] (5280, 1072, 1072) and write ROI [2880:5760, 5184:5760, 3456:4032] (2880, 576, 576)
Recorded block-done for sampleAPadded20160501Copy_pred_affs/872 with read ROI [1680:6960, 4936:6008, 3208:4280] (5280, 1072, 1072) and write ROI [2880:5760, 5184:5760, 3456:4032] (2880, 576, 576)
Recording block-done for sampleAPadded20160501Copy_pred_affs/1196 with read ROI [1680:6960, 4936:6008, 4360:5432] (5280, 1072, 1072) and write ROI [2880:5760, 5184:5760, 4608:5184] (2880, 576, 576)
Recorded block-done for sampleAPadded20160501Copy_pred_affs/1196 with read ROI [1680:6960, 4936:6008, 4360:5432] (5280, 1072, 1072) and write ROI [2880:5760, 5184:5760, 4608:5184] (2880, 576, 576)
Recording block-done for sampleAPadded20160501Copy_pred_affs/1596 with read ROI [1680:6960, 4936:6008, 5512:6584] (5280, 1072, 1072) and write ROI [2880:5760, 5184:5760, 5760:6336] (2880, 576, 576)
Recorded block-done for sampleAPadded20160501Copy_pred_affs/1596 with read ROI [1680:6960, 4936:6008, 5512:6584] (5280, 1072, 1072) and write ROI [2880:5760, 5184:5760, 5760:6336] (2880, 576, 576)
Recording block-done for sampleAPadded20160501Copy_pred_affs/2080 with read ROI [1680:6960, 4936:6008, 6664:7736] (5280, 1072, 1072) and write ROI [2880:5760, 5184:5760, 6912:7488] (2880, 576, 576)
Recorded block-done for sampleAPadded20160501Copy_pred_affs/2080 with read ROI [1680:6960, 4936:6008, 6664:7736] (5280, 1072, 1072) and write ROI [2880:5760, 5184:5760, 6912:7488] (2880, 576, 576)
Recording block-done for sampleAPadded20160501Copy_pred_affs/2656 with read ROI [1680:6960, 4936:6008, 7816:8888] (5280, 1072, 1072) and write ROI [2880:5760, 5184:5760, 8064:8640] (2880, 576, 576)
Recorded block-done for sampleAPadded20160501Copy_pred_affs/2656 with read ROI [1680:6960, 4936:6008, 7816:8888] (5280, 1072, 1072) and write ROI [2880:5760, 5184:5760, 8064:8640] (2880, 576, 576)
Recording block-done for sampleAPadded20160501Copy_pred_affs/3332 with read ROI [1680:6960, 4936:6008, 8968:10040] (5280, 1072, 1072) and write ROI [2880:5760, 5184:5760, 9216:9792] (2880, 576, 576)
Recorded block-done for sampleAPadded20160501Copy_pred_affs/3332 with read ROI [1680:6960, 4936:6008, 8968:10040] (5280, 1072, 1072) and write ROI [2880:5760, 5184:5760, 9216:9792] (2880, 576, 576)
Recording block-done for sampleAPadded20160501Copy_pred_affs/3710 with read ROI [1680:6960, 4936:6008, 9544:10616] (5280, 1072, 1072) and write ROI [2880:5760, 5184:5760, 9792:10368] (2880, 576, 576)
Recorded block-done for sampleAPadded20160501Copy_pred_affs/3710 with read ROI [1680:6960, 4936:6008, 9544:10616] (5280, 1072, 1072) and write ROI [2880:5760, 5184:5760, 9792:10368] (2880, 576, 576)
Recording block-done for sampleAPadded20160501Copy_pred_affs/4551 with read ROI [1680:6960, 4936:6008, 10696:11768] (5280, 1072, 1072) and write ROI [2880:5760, 5184:5760, 10944:11520] (2880, 576, 576)
Recorded block-done for sampleAPadded20160501Copy_pred_affs/4551 with read ROI [1680:6960, 4936:6008, 10696:11768] (5280, 1072, 1072) and write ROI [2880:5760, 5184:5760, 10944:11520] (2880, 576, 576)
Recording block-done for sampleAPadded20160501Copy_pred_affs/522 with read ROI [1680:6960, 5512:6584, 904:1976] (5280, 1072, 1072) and write ROI [2880:5760, 5760:6336, 1152:1728] (2880, 576, 576)
Recorded block-done for sampleAPadded20160501Copy_pred_affs/522 with read ROI [1680:6960, 5512:6584, 904:1976] (5280, 1072, 1072) and write ROI [2880:5760, 5760:6336, 1152:1728] (2880, 576, 576)
Recording block-done for sampleAPadded20160501Copy_pred_affs/747 with read ROI [1680:6960, 5512:6584, 2056:3128] (5280, 1072, 1072) and write ROI [2880:5760, 5760:6336, 2304:2880] (2880, 576, 576)
Recorded block-done for sampleAPadded20160501Copy_pred_affs/747 with read ROI [1680:6960, 5512:6584, 2056:3128] (5280, 1072, 1072) and write ROI [2880:5760, 5760:6336, 2304:2880] (2880, 576, 576)
Recording block-done for sampleAPadded20160501Copy_pred_affs/1036 with read ROI [1680:6960, 5512:6584, 3208:4280] (5280, 1072, 1072) and write ROI [2880:5760, 5760:6336, 3456:4032] (2880, 576, 576)
Recorded block-done for sampleAPadded20160501Copy_pred_affs/1036 with read ROI [1680:6960, 5512:6584, 3208:4280] (5280, 1072, 1072) and write ROI [2880:5760, 5760:6336, 3456:4032] (2880, 576, 576)
Recording block-done for sampleAPadded20160501Copy_pred_affs/1397 with read ROI [1680:6960, 5512:6584, 4360:5432] (5280, 1072, 1072) and write ROI [2880:5760, 5760:6336, 4608:5184] (2880, 576, 576)
Recorded block-done for sampleAPadded20160501Copy_pred_affs/1397 with read ROI [1680:6960, 5512:6584, 4360:5432] (5280, 1072, 1072) and write ROI [2880:5760, 5760:6336, 4608:5184] (2880, 576, 576)
Recording block-done for sampleAPadded20160501Copy_pred_affs/1838 with read ROI [1680:6960, 5512:6584, 5512:6584] (5280, 1072, 1072) and write ROI [2880:5760, 5760:6336, 5760:6336] (2880, 576, 576)
Recorded block-done for sampleAPadded20160501Copy_pred_affs/1838 with read ROI [1680:6960, 5512:6584, 5512:6584] (5280, 1072, 1072) and write ROI [2880:5760, 5760:6336, 5760:6336] (2880, 576, 576)
Recording block-done for sampleAPadded20160501Copy_pred_affs/2367 with read ROI [1680:6960, 5512:6584, 6664:7736] (5280, 1072, 1072) and write ROI [2880:5760, 5760:6336, 6912:7488] (2880, 576, 576)
Recorded block-done for sampleAPadded20160501Copy_pred_affs/2367 with read ROI [1680:6960, 5512:6584, 6664:7736] (5280, 1072, 1072) and write ROI [2880:5760, 5760:6336, 6912:7488] (2880, 576, 576)
Recording block-done for sampleAPadded20160501Copy_pred_affs/2992 with read ROI [1680:6960, 5512:6584, 7816:8888] (5280, 1072, 1072) and write ROI [2880:5760, 5760:6336, 8064:8640] (2880, 576, 576)
Recorded block-done for sampleAPadded20160501Copy_pred_affs/2992 with read ROI [1680:6960, 5512:6584, 7816:8888] (5280, 1072, 1072) and write ROI [2880:5760, 5760:6336, 8064:8640] (2880, 576, 576)
Recording block-done for sampleAPadded20160501Copy_pred_affs/3721 with read ROI [1680:6960, 5512:6584, 8968:10040] (5280, 1072, 1072) and write ROI [2880:5760, 5760:6336, 9216:9792] (2880, 576, 576)
Recorded block-done for sampleAPadded20160501Copy_pred_affs/3721 with read ROI [1680:6960, 5512:6584, 8968:10040] (5280, 1072, 1072) and write ROI [2880:5760, 5760:6336, 9216:9792] (2880, 576, 576)
Recording block-done for sampleAPadded20160501Copy_pred_affs/4562 with read ROI [1680:6960, 5512:6584, 10120:11192] (5280, 1072, 1072) and write ROI [2880:5760, 5760:6336, 10368:10944] (2880, 576, 576)
Recorded block-done for sampleAPadded20160501Copy_pred_affs/4562 with read ROI [1680:6960, 5512:6584, 10120:11192] (5280, 1072, 1072) and write ROI [2880:5760, 5760:6336, 10368:10944] (2880, 576, 576)
Recording block-done for sampleAPadded20160501Copy_pred_affs/639 with read ROI [1680:6960, 6088:7160, 904:1976] (5280, 1072, 1072) and write ROI [2880:5760, 6336:6912, 1152:1728] (2880, 576, 576)
Recorded block-done for sampleAPadded20160501Copy_pred_affs/639 with read ROI [1680:6960, 6088:7160, 904:1976] (5280, 1072, 1072) and write ROI [2880:5760, 6336:6912, 1152:1728] (2880, 576, 576)
Recording block-done for sampleAPadded20160501Copy_pred_affs/759 with read ROI [1680:6960, 6088:7160, 1480:2552] (5280, 1072, 1072) and write ROI [2880:5760, 6336:6912, 1728:2304] (2880, 576, 576)
Recorded block-done for sampleAPadded20160501Copy_pred_affs/759 with read ROI [1680:6960, 6088:7160, 1480:2552] (5280, 1072, 1072) and write ROI [2880:5760, 6336:6912, 1728:2304] (2880, 576, 576)
Recording block-done for sampleAPadded20160501Copy_pred_affs/1219 with read ROI [1680:6960, 6088:7160, 3208:4280] (5280, 1072, 1072) and write ROI [2880:5760, 6336:6912, 3456:4032] (2880, 576, 576)
Recorded block-done for sampleAPadded20160501Copy_pred_affs/1219 with read ROI [1680:6960, 6088:7160, 3208:4280] (5280, 1072, 1072) and write ROI [2880:5760, 6336:6912, 3456:4032] (2880, 576, 576)
Recording block-done for sampleAPadded20160501Copy_pred_affs/1409 with read ROI [1680:6960, 6088:7160, 3784:4856] (5280, 1072, 1072) and write ROI [2880:5760, 6336:6912, 4032:4608] (2880, 576, 576)
Recorded block-done for sampleAPadded20160501Copy_pred_affs/1409 with read ROI [1680:6960, 6088:7160, 3784:4856] (5280, 1072, 1072) and write ROI [2880:5760, 6336:6912, 4032:4608] (2880, 576, 576)
Recording block-done for sampleAPadded20160501Copy_pred_affs/1850 with read ROI [1680:6960, 6088:7160, 4936:6008] (5280, 1072, 1072) and write ROI [2880:5760, 6336:6912, 5184:5760] (2880, 576, 576)
Recorded block-done for sampleAPadded20160501Copy_pred_affs/1850 with read ROI [1680:6960, 6088:7160, 4936:6008] (5280, 1072, 1072) and write ROI [2880:5760, 6336:6912, 5184:5760] (2880, 576, 576)
Recording block-done for sampleAPadded20160501Copy_pred_affs/2379 with read ROI [1680:6960, 6088:7160, 6088:7160] (5280, 1072, 1072) and write ROI [2880:5760, 6336:6912, 6336:6912] (2880, 576, 576)
Recorded block-done for sampleAPadded20160501Copy_pred_affs/2379 with read ROI [1680:6960, 6088:7160, 6088:7160] (5280, 1072, 1072) and write ROI [2880:5760, 6336:6912, 6336:6912] (2880, 576, 576)
Recording block-done for sampleAPadded20160501Copy_pred_affs/3004 with read ROI [1680:6960, 6088:7160, 7240:8312] (5280, 1072, 1072) and write ROI [2880:5760, 6336:6912, 7488:8064] (2880, 576, 576)
Recorded block-done for sampleAPadded20160501Copy_pred_affs/3004 with read ROI [1680:6960, 6088:7160, 7240:8312] (5280, 1072, 1072) and write ROI [2880:5760, 6336:6912, 7488:8064] (2880, 576, 576)
Recording block-done for sampleAPadded20160501Copy_pred_affs/4574 with read ROI [1680:6960, 6088:7160, 9544:10616] (5280, 1072, 1072) and write ROI [2880:5760, 6336:6912, 9792:10368] (2880, 576, 576)
Recorded block-done for sampleAPadded20160501Copy_pred_affs/4574 with read ROI [1680:6960, 6088:7160, 9544:10616] (5280, 1072, 1072) and write ROI [2880:5760, 6336:6912, 9792:10368] (2880, 576, 576)
Recording block-done for sampleAPadded20160501Copy_pred_affs/3733 with read ROI [1680:6960, 6088:7160, 8392:9464] (5280, 1072, 1072) and write ROI [2880:5760, 6336:6912, 8640:9216] (2880, 576, 576)
Recorded block-done for sampleAPadded20160501Copy_pred_affs/3733 with read ROI [1680:6960, 6088:7160, 8392:9464] (5280, 1072, 1072) and write ROI [2880:5760, 6336:6912, 8640:9216] (2880, 576, 576)
Recording block-done for sampleAPadded20160501Copy_pred_affs/5535 with read ROI [1680:6960, 6088:7160, 10696:11768] (5280, 1072, 1072) and write ROI [2880:5760, 6336:6912, 10944:11520] (2880, 576, 576)
Recorded block-done for sampleAPadded20160501Copy_pred_affs/5535 with read ROI [1680:6960, 6088:7160, 10696:11768] (5280, 1072, 1072) and write ROI [2880:5760, 6336:6912, 10944:11520] (2880, 576, 576)
Recording block-done for sampleAPadded20160501Copy_pred_affs/772 with read ROI [1680:6960, 6664:7736, 904:1976] (5280, 1072, 1072) and write ROI [2880:5760, 6912:7488, 1152:1728] (2880, 576, 576)
Recorded block-done for sampleAPadded20160501Copy_pred_affs/772 with read ROI [1680:6960, 6664:7736, 904:1976] (5280, 1072, 1072) and write ROI [2880:5760, 6912:7488, 1152:1728] (2880, 576, 576)
Recording block-done for sampleAPadded20160501Copy_pred_affs/1061 with read ROI [1680:6960, 6664:7736, 2056:3128] (5280, 1072, 1072) and write ROI [2880:5760, 6912:7488, 2304:2880] (2880, 576, 576)
Recorded block-done for sampleAPadded20160501Copy_pred_affs/1061 with read ROI [1680:6960, 6664:7736, 2056:3128] (5280, 1072, 1072) and write ROI [2880:5760, 6912:7488, 2304:2880] (2880, 576, 576)
Recording block-done for sampleAPadded20160501Copy_pred_affs/1422 with read ROI [1680:6960, 6664:7736, 3208:4280] (5280, 1072, 1072) and write ROI [2880:5760, 6912:7488, 3456:4032] (2880, 576, 576)
Recorded block-done for sampleAPadded20160501Copy_pred_affs/1422 with read ROI [1680:6960, 6664:7736, 3208:4280] (5280, 1072, 1072) and write ROI [2880:5760, 6912:7488, 3456:4032] (2880, 576, 576)
Recording block-done for sampleAPadded20160501Copy_pred_affs/1863 with read ROI [1680:6960, 6664:7736, 4360:5432] (5280, 1072, 1072) and write ROI [2880:5760, 6912:7488, 4608:5184] (2880, 576, 576)
Recorded block-done for sampleAPadded20160501Copy_pred_affs/1863 with read ROI [1680:6960, 6664:7736, 4360:5432] (5280, 1072, 1072) and write ROI [2880:5760, 6912:7488, 4608:5184] (2880, 576, 576)
Recording block-done for sampleAPadded20160501Copy_pred_affs/2392 with read ROI [1680:6960, 6664:7736, 5512:6584] (5280, 1072, 1072) and write ROI [2880:5760, 6912:7488, 5760:6336] (2880, 576, 576)
Recorded block-done for sampleAPadded20160501Copy_pred_affs/2392 with read ROI [1680:6960, 6664:7736, 5512:6584] (5280, 1072, 1072) and write ROI [2880:5760, 6912:7488, 5760:6336] (2880, 576, 576)
Recording block-done for sampleAPadded20160501Copy_pred_affs/3368 with read ROI [1680:6960, 6664:7736, 7240:8312] (5280, 1072, 1072) and write ROI [2880:5760, 6912:7488, 7488:8064] (2880, 576, 576)
Recorded block-done for sampleAPadded20160501Copy_pred_affs/3368 with read ROI [1680:6960, 6664:7736, 7240:8312] (5280, 1072, 1072) and write ROI [2880:5760, 6912:7488, 7488:8064] (2880, 576, 576)
Recording block-done for sampleAPadded20160501Copy_pred_affs/4152 with read ROI [1680:6960, 6664:7736, 8392:9464] (5280, 1072, 1072) and write ROI [2880:5760, 6912:7488, 8640:9216] (2880, 576, 576)
Recorded block-done for sampleAPadded20160501Copy_pred_affs/4152 with read ROI [1680:6960, 6664:7736, 8392:9464] (5280, 1072, 1072) and write ROI [2880:5760, 6912:7488, 8640:9216] (2880, 576, 576)
Recording block-done for sampleAPadded20160501Copy_pred_affs/5052 with read ROI [1680:6960, 6664:7736, 9544:10616] (5280, 1072, 1072) and write ROI [2880:5760, 6912:7488, 9792:10368] (2880, 576, 576)
Recorded block-done for sampleAPadded20160501Copy_pred_affs/5052 with read ROI [1680:6960, 6664:7736, 9544:10616] (5280, 1072, 1072) and write ROI [2880:5760, 6912:7488, 9792:10368] (2880, 576, 576)
Recording block-done for sampleAPadded20160501Copy_pred_affs/6076 with read ROI [1680:6960, 6664:7736, 10696:11768] (5280, 1072, 1072) and write ROI [2880:5760, 6912:7488, 10944:11520] (2880, 576, 576)
Recorded block-done for sampleAPadded20160501Copy_pred_affs/6076 with read ROI [1680:6960, 6664:7736, 10696:11768] (5280, 1072, 1072) and write ROI [2880:5760, 6912:7488, 10944:11520] (2880, 576, 576)
Recording block-done for sampleAPadded20160501Copy_pred_affs/786 with read ROI [1680:6960, 7240:8312, 328:1400] (5280, 1072, 1072) and write ROI [2880:5760, 7488:8064, 576:1152] (2880, 576, 576)
Recorded block-done for sampleAPadded20160501Copy_pred_affs/786 with read ROI [1680:6960, 7240:8312, 328:1400] (5280, 1072, 1072) and write ROI [2880:5760, 7488:8064, 576:1152] (2880, 576, 576)
Recording block-done for sampleAPadded20160501Copy_pred_affs/1075 with read ROI [1680:6960, 7240:8312, 1480:2552] (5280, 1072, 1072) and write ROI [2880:5760, 7488:8064, 1728:2304] (2880, 576, 576)
Recorded block-done for sampleAPadded20160501Copy_pred_affs/1075 with read ROI [1680:6960, 7240:8312, 1480:2552] (5280, 1072, 1072) and write ROI [2880:5760, 7488:8064, 1728:2304] (2880, 576, 576)
Recording block-done for sampleAPadded20160501Copy_pred_affs/1436 with read ROI [1680:6960, 7240:8312, 2632:3704] (5280, 1072, 1072) and write ROI [2880:5760, 7488:8064, 2880:3456] (2880, 576, 576)
Recorded block-done for sampleAPadded20160501Copy_pred_affs/1436 with read ROI [1680:6960, 7240:8312, 2632:3704] (5280, 1072, 1072) and write ROI [2880:5760, 7488:8064, 2880:3456] (2880, 576, 576)
Recording block-done for sampleAPadded20160501Copy_pred_affs/1877 with read ROI [1680:6960, 7240:8312, 3784:4856] (5280, 1072, 1072) and write ROI [2880:5760, 7488:8064, 4032:4608] (2880, 576, 576)
Recorded block-done for sampleAPadded20160501Copy_pred_affs/1877 with read ROI [1680:6960, 7240:8312, 3784:4856] (5280, 1072, 1072) and write ROI [2880:5760, 7488:8064, 4032:4608] (2880, 576, 576)
Recording block-done for sampleAPadded20160501Copy_pred_affs/2406 with read ROI [1680:6960, 7240:8312, 4936:6008] (5280, 1072, 1072) and write ROI [2880:5760, 7488:8064, 5184:5760] (2880, 576, 576)
Recorded block-done for sampleAPadded20160501Copy_pred_affs/2406 with read ROI [1680:6960, 7240:8312, 4936:6008] (5280, 1072, 1072) and write ROI [2880:5760, 7488:8064, 5184:5760] (2880, 576, 576)
Recording block-done for sampleAPadded20160501Copy_pred_affs/3031 with read ROI [1680:6960, 7240:8312, 6088:7160] (5280, 1072, 1072) and write ROI [2880:5760, 7488:8064, 6336:6912] (2880, 576, 576)
Recorded block-done for sampleAPadded20160501Copy_pred_affs/3031 with read ROI [1680:6960, 7240:8312, 6088:7160] (5280, 1072, 1072) and write ROI [2880:5760, 7488:8064, 6336:6912] (2880, 576, 576)
Recording block-done for sampleAPadded20160501Copy_pred_affs/3760 with read ROI [1680:6960, 7240:8312, 7240:8312] (5280, 1072, 1072) and write ROI [2880:5760, 7488:8064, 7488:8064] (2880, 576, 576)
Recorded block-done for sampleAPadded20160501Copy_pred_affs/3760 with read ROI [1680:6960, 7240:8312, 7240:8312] (5280, 1072, 1072) and write ROI [2880:5760, 7488:8064, 7488:8064] (2880, 576, 576)
Recording block-done for sampleAPadded20160501Copy_pred_affs/4601 with read ROI [1680:6960, 7240:8312, 8392:9464] (5280, 1072, 1072) and write ROI [2880:5760, 7488:8064, 8640:9216] (2880, 576, 576)
Recorded block-done for sampleAPadded20160501Copy_pred_affs/4601 with read ROI [1680:6960, 7240:8312, 8392:9464] (5280, 1072, 1072) and write ROI [2880:5760, 7488:8064, 8640:9216] (2880, 576, 576)
Recording block-done for sampleAPadded20160501Copy_pred_affs/6090 with read ROI [1680:6960, 7240:8312, 10120:11192] (5280, 1072, 1072) and write ROI [2880:5760, 7488:8064, 10368:10944] (2880, 576, 576)
Recorded block-done for sampleAPadded20160501Copy_pred_affs/6090 with read ROI [1680:6960, 7240:8312, 10120:11192] (5280, 1072, 1072) and write ROI [2880:5760, 7488:8064, 10368:10944] (2880, 576, 576)
Recording block-done for sampleAPadded20160501Copy_pred_affs/937 with read ROI [1680:6960, 7816:8888, 328:1400] (5280, 1072, 1072) and write ROI [2880:5760, 8064:8640, 576:1152] (2880, 576, 576)
Recorded block-done for sampleAPadded20160501Copy_pred_affs/937 with read ROI [1680:6960, 7816:8888, 328:1400] (5280, 1072, 1072) and write ROI [2880:5760, 8064:8640, 576:1152] (2880, 576, 576)
Recording block-done for sampleAPadded20160501Copy_pred_affs/6651 with read ROI [1680:6960, 7240:8312, 10696:11768] (5280, 1072, 1072) and write ROI [2880:5760, 7488:8064, 10944:11520] (2880, 576, 576)
Recorded block-done for sampleAPadded20160501Copy_pred_affs/6651 with read ROI [1680:6960, 7240:8312, 10696:11768] (5280, 1072, 1072) and write ROI [2880:5760, 7488:8064, 10944:11520] (2880, 576, 576)
Recording block-done for sampleAPadded20160501Copy_pred_affs/1892 with read ROI [1680:6960, 7816:8888, 3208:4280] (5280, 1072, 1072) and write ROI [2880:5760, 8064:8640, 3456:4032] (2880, 576, 576)
Recorded block-done for sampleAPadded20160501Copy_pred_affs/1892 with read ROI [1680:6960, 7816:8888, 3208:4280] (5280, 1072, 1072) and write ROI [2880:5760, 8064:8640, 3456:4032] (2880, 576, 576)
Recording block-done for sampleAPadded20160501Copy_pred_affs/1451 with read ROI [1680:6960, 7816:8888, 2056:3128] (5280, 1072, 1072) and write ROI [2880:5760, 8064:8640, 2304:2880] (2880, 576, 576)
Recorded block-done for sampleAPadded20160501Copy_pred_affs/1451 with read ROI [1680:6960, 7816:8888, 2056:3128] (5280, 1072, 1072) and write ROI [2880:5760, 8064:8640, 2304:2880] (2880, 576, 576)
Recording block-done for sampleAPadded20160501Copy_pred_affs/2421 with read ROI [1680:6960, 7816:8888, 4360:5432] (5280, 1072, 1072) and write ROI [2880:5760, 8064:8640, 4608:5184] (2880, 576, 576)
Recorded block-done for sampleAPadded20160501Copy_pred_affs/2421 with read ROI [1680:6960, 7816:8888, 4360:5432] (5280, 1072, 1072) and write ROI [2880:5760, 8064:8640, 4608:5184] (2880, 576, 576)
Recording block-done for sampleAPadded20160501Copy_pred_affs/3046 with read ROI [1680:6960, 7816:8888, 5512:6584] (5280, 1072, 1072) and write ROI [2880:5760, 8064:8640, 5760:6336] (2880, 576, 576)
Recorded block-done for sampleAPadded20160501Copy_pred_affs/3046 with read ROI [1680:6960, 7816:8888, 5512:6584] (5280, 1072, 1072) and write ROI [2880:5760, 8064:8640, 5760:6336] (2880, 576, 576)
Recording block-done for sampleAPadded20160501Copy_pred_affs/4181 with read ROI [1680:6960, 7816:8888, 7240:8312] (5280, 1072, 1072) and write ROI [2880:5760, 8064:8640, 7488:8064] (2880, 576, 576)
Recorded block-done for sampleAPadded20160501Copy_pred_affs/4181 with read ROI [1680:6960, 7816:8888, 7240:8312] (5280, 1072, 1072) and write ROI [2880:5760, 8064:8640, 7488:8064] (2880, 576, 576)
Recording block-done for sampleAPadded20160501Copy_pred_affs/5081 with read ROI [1680:6960, 7816:8888, 8392:9464] (5280, 1072, 1072) and write ROI [2880:5760, 8064:8640, 8640:9216] (2880, 576, 576)
Recorded block-done for sampleAPadded20160501Copy_pred_affs/5081 with read ROI [1680:6960, 7816:8888, 8392:9464] (5280, 1072, 1072) and write ROI [2880:5760, 8064:8640, 8640:9216] (2880, 576, 576)
Recording block-done for sampleAPadded20160501Copy_pred_affs/6105 with read ROI [1680:6960, 7816:8888, 9544:10616] (5280, 1072, 1072) and write ROI [2880:5760, 8064:8640, 9792:10368] (2880, 576, 576)
Recorded block-done for sampleAPadded20160501Copy_pred_affs/6105 with read ROI [1680:6960, 7816:8888, 9544:10616] (5280, 1072, 1072) and write ROI [2880:5760, 8064:8640, 9792:10368] (2880, 576, 576)
Recording block-done for sampleAPadded20160501Copy_pred_affs/7261 with read ROI [1680:6960, 7816:8888, 10696:11768] (5280, 1072, 1072) and write ROI [2880:5760, 8064:8640, 10944:11520] (2880, 576, 576)
Recorded block-done for sampleAPadded20160501Copy_pred_affs/7261 with read ROI [1680:6960, 7816:8888, 10696:11768] (5280, 1072, 1072) and write ROI [2880:5760, 8064:8640, 10944:11520] (2880, 576, 576)
Recording block-done for sampleAPadded20160501Copy_pred_affs/1277 with read ROI [1680:6960, 8392:9464, 904:1976] (5280, 1072, 1072) and write ROI [2880:5760, 8640:9216, 1152:1728] (2880, 576, 576)
Recorded block-done for sampleAPadded20160501Copy_pred_affs/1277 with read ROI [1680:6960, 8392:9464, 904:1976] (5280, 1072, 1072) and write ROI [2880:5760, 8640:9216, 1152:1728] (2880, 576, 576)
Recording block-done for sampleAPadded20160501Copy_pred_affs/1467 with read ROI [1680:6960, 8392:9464, 1480:2552] (5280, 1072, 1072) and write ROI [2880:5760, 8640:9216, 1728:2304] (2880, 576, 576)
Recorded block-done for sampleAPadded20160501Copy_pred_affs/1467 with read ROI [1680:6960, 8392:9464, 1480:2552] (5280, 1072, 1072) and write ROI [2880:5760, 8640:9216, 1728:2304] (2880, 576, 576)
Recording block-done for sampleAPadded20160501Copy_pred_affs/2437 with read ROI [1680:6960, 8392:9464, 3784:4856] (5280, 1072, 1072) and write ROI [2880:5760, 8640:9216, 4032:4608] (2880, 576, 576)
Recorded block-done for sampleAPadded20160501Copy_pred_affs/2437 with read ROI [1680:6960, 8392:9464, 3784:4856] (5280, 1072, 1072) and write ROI [2880:5760, 8640:9216, 4032:4608] (2880, 576, 576)
Recording block-done for sampleAPadded20160501Copy_pred_affs/2737 with read ROI [1680:6960, 8392:9464, 4360:5432] (5280, 1072, 1072) and write ROI [2880:5760, 8640:9216, 4608:5184] (2880, 576, 576)
Recorded block-done for sampleAPadded20160501Copy_pred_affs/2737 with read ROI [1680:6960, 8392:9464, 4360:5432] (5280, 1072, 1072) and write ROI [2880:5760, 8640:9216, 4608:5184] (2880, 576, 576)
Recording block-done for sampleAPadded20160501Copy_pred_affs/3791 with read ROI [1680:6960, 8392:9464, 6088:7160] (5280, 1072, 1072) and write ROI [2880:5760, 8640:9216, 6336:6912] (2880, 576, 576)
Recorded block-done for sampleAPadded20160501Copy_pred_affs/3791 with read ROI [1680:6960, 8392:9464, 6088:7160] (5280, 1072, 1072) and write ROI [2880:5760, 8640:9216, 6336:6912] (2880, 576, 576)
Recording block-done for sampleAPadded20160501Copy_pred_affs/4197 with read ROI [1680:6960, 8392:9464, 6664:7736] (5280, 1072, 1072) and write ROI [2880:5760, 8640:9216, 6912:7488] (2880, 576, 576)
Recorded block-done for sampleAPadded20160501Copy_pred_affs/4197 with read ROI [1680:6960, 8392:9464, 6664:7736] (5280, 1072, 1072) and write ROI [2880:5760, 8640:9216, 6912:7488] (2880, 576, 576)
Recording block-done for sampleAPadded20160501Copy_pred_affs/5593 with read ROI [1680:6960, 8392:9464, 8392:9464] (5280, 1072, 1072) and write ROI [2880:5760, 8640:9216, 8640:9216] (2880, 576, 576)
Recorded block-done for sampleAPadded20160501Copy_pred_affs/5593 with read ROI [1680:6960, 8392:9464, 8392:9464] (5280, 1072, 1072) and write ROI [2880:5760, 8640:9216, 8640:9216] (2880, 576, 576)
Recording block-done for sampleAPadded20160501Copy_pred_affs/6121 with read ROI [1680:6960, 8392:9464, 8968:10040] (5280, 1072, 1072) and write ROI [2880:5760, 8640:9216, 9216:9792] (2880, 576, 576)
Recorded block-done for sampleAPadded20160501Copy_pred_affs/6121 with read ROI [1680:6960, 8392:9464, 8968:10040] (5280, 1072, 1072) and write ROI [2880:5760, 8640:9216, 9216:9792] (2880, 576, 576)
Recording block-done for sampleAPadded20160501Copy_pred_affs/7907 with read ROI [1680:6960, 8392:9464, 10696:11768] (5280, 1072, 1072) and write ROI [2880:5760, 8640:9216, 10944:11520] (2880, 576, 576)
Recorded block-done for sampleAPadded20160501Copy_pred_affs/7907 with read ROI [1680:6960, 8392:9464, 10696:11768] (5280, 1072, 1072) and write ROI [2880:5760, 8640:9216, 10944:11520] (2880, 576, 576)
Recording block-done for sampleAPadded20160501Copy_pred_affs/1294 with read ROI [1680:6960, 8968:10040, 328:1400] (5280, 1072, 1072) and write ROI [2880:5760, 9216:9792, 576:1152] (2880, 576, 576)
Recorded block-done for sampleAPadded20160501Copy_pred_affs/1294 with read ROI [1680:6960, 8968:10040, 328:1400] (5280, 1072, 1072) and write ROI [2880:5760, 9216:9792, 576:1152] (2880, 576, 576)
Recording block-done for sampleAPadded20160501Copy_pred_affs/1925 with read ROI [1680:6960, 8968:10040, 2056:3128] (5280, 1072, 1072) and write ROI [2880:5760, 9216:9792, 2304:2880] (2880, 576, 576)
Recorded block-done for sampleAPadded20160501Copy_pred_affs/1925 with read ROI [1680:6960, 8968:10040, 2056:3128] (5280, 1072, 1072) and write ROI [2880:5760, 9216:9792, 2304:2880] (2880, 576, 576)
Recording block-done for sampleAPadded20160501Copy_pred_affs/2178 with read ROI [1680:6960, 8968:10040, 2632:3704] (5280, 1072, 1072) and write ROI [2880:5760, 9216:9792, 2880:3456] (2880, 576, 576)
Recorded block-done for sampleAPadded20160501Copy_pred_affs/2178 with read ROI [1680:6960, 8968:10040, 2632:3704] (5280, 1072, 1072) and write ROI [2880:5760, 9216:9792, 2880:3456] (2880, 576, 576)
Recording block-done for sampleAPadded20160501Copy_pred_affs/3079 with read ROI [1680:6960, 8968:10040, 4360:5432] (5280, 1072, 1072) and write ROI [2880:5760, 9216:9792, 4608:5184] (2880, 576, 576)
Recorded block-done for sampleAPadded20160501Copy_pred_affs/3079 with read ROI [1680:6960, 8968:10040, 4360:5432] (5280, 1072, 1072) and write ROI [2880:5760, 9216:9792, 4608:5184] (2880, 576, 576)
Recording block-done for sampleAPadded20160501Copy_pred_affs/3808 with read ROI [1680:6960, 8968:10040, 5512:6584] (5280, 1072, 1072) and write ROI [2880:5760, 9216:9792, 5760:6336] (2880, 576, 576)
Recorded block-done for sampleAPadded20160501Copy_pred_affs/3808 with read ROI [1680:6960, 8968:10040, 5512:6584] (5280, 1072, 1072) and write ROI [2880:5760, 9216:9792, 5760:6336] (2880, 576, 576)
Recording block-done for sampleAPadded20160501Copy_pred_affs/4649 with read ROI [1680:6960, 8968:10040, 6664:7736] (5280, 1072, 1072) and write ROI [2880:5760, 9216:9792, 6912:7488] (2880, 576, 576)
Recorded block-done for sampleAPadded20160501Copy_pred_affs/4649 with read ROI [1680:6960, 8968:10040, 6664:7736] (5280, 1072, 1072) and write ROI [2880:5760, 9216:9792, 6912:7488] (2880, 576, 576)
Recording block-done for sampleAPadded20160501Copy_pred_affs/5610 with read ROI [1680:6960, 8968:10040, 7816:8888] (5280, 1072, 1072) and write ROI [2880:5760, 9216:9792, 8064:8640] (2880, 576, 576)
Recorded block-done for sampleAPadded20160501Copy_pred_affs/5610 with read ROI [1680:6960, 8968:10040, 7816:8888] (5280, 1072, 1072) and write ROI [2880:5760, 9216:9792, 8064:8640] (2880, 576, 576)
Recording block-done for sampleAPadded20160501Copy_pred_affs/6699 with read ROI [1680:6960, 8968:10040, 8968:10040] (5280, 1072, 1072) and write ROI [2880:5760, 9216:9792, 9216:9792] (2880, 576, 576)
Recorded block-done for sampleAPadded20160501Copy_pred_affs/6699 with read ROI [1680:6960, 8968:10040, 8968:10040] (5280, 1072, 1072) and write ROI [2880:5760, 9216:9792, 9216:9792] (2880, 576, 576)
Recording block-done for sampleAPadded20160501Copy_pred_affs/7294 with read ROI [1680:6960, 8968:10040, 9544:10616] (5280, 1072, 1072) and write ROI [2880:5760, 9216:9792, 9792:10368] (2880, 576, 576)
Recorded block-done for sampleAPadded20160501Copy_pred_affs/7294 with read ROI [1680:6960, 8968:10040, 9544:10616] (5280, 1072, 1072) and write ROI [2880:5760, 9216:9792, 9792:10368] (2880, 576, 576)
Recording block-done for sampleAPadded20160501Copy_pred_affs/1502 with read ROI [1680:6960, 9544:10616, 328:1400] (5280, 1072, 1072) and write ROI [2880:5760, 9792:10368, 576:1152] (2880, 576, 576)
Recorded block-done for sampleAPadded20160501Copy_pred_affs/1502 with read ROI [1680:6960, 9544:10616, 328:1400] (5280, 1072, 1072) and write ROI [2880:5760, 9792:10368, 576:1152] (2880, 576, 576)
Recording block-done for sampleAPadded20160501Copy_pred_affs/1712 with read ROI [1680:6960, 9544:10616, 904:1976] (5280, 1072, 1072) and write ROI [2880:5760, 9792:10368, 1152:1728] (2880, 576, 576)
Recorded block-done for sampleAPadded20160501Copy_pred_affs/1712 with read ROI [1680:6960, 9544:10616, 904:1976] (5280, 1072, 1072) and write ROI [2880:5760, 9792:10368, 1152:1728] (2880, 576, 576)
Recording block-done for sampleAPadded20160501Copy_pred_affs/2472 with read ROI [1680:6960, 9544:10616, 2632:3704] (5280, 1072, 1072) and write ROI [2880:5760, 9792:10368, 2880:3456] (2880, 576, 576)
Recorded block-done for sampleAPadded20160501Copy_pred_affs/2472 with read ROI [1680:6960, 9544:10616, 2632:3704] (5280, 1072, 1072) and write ROI [2880:5760, 9792:10368, 2880:3456] (2880, 576, 576)
Recording block-done for sampleAPadded20160501Copy_pred_affs/2772 with read ROI [1680:6960, 9544:10616, 3208:4280] (5280, 1072, 1072) and write ROI [2880:5760, 9792:10368, 3456:4032] (2880, 576, 576)
Recorded block-done for sampleAPadded20160501Copy_pred_affs/2772 with read ROI [1680:6960, 9544:10616, 3208:4280] (5280, 1072, 1072) and write ROI [2880:5760, 9792:10368, 3456:4032] (2880, 576, 576)
Recording block-done for sampleAPadded20160501Copy_pred_affs/3826 with read ROI [1680:6960, 9544:10616, 4936:6008] (5280, 1072, 1072) and write ROI [2880:5760, 9792:10368, 5184:5760] (2880, 576, 576)
Recorded block-done for sampleAPadded20160501Copy_pred_affs/3826 with read ROI [1680:6960, 9544:10616, 4936:6008] (5280, 1072, 1072) and write ROI [2880:5760, 9792:10368, 5184:5760] (2880, 576, 576)
Recording block-done for sampleAPadded20160501Copy_pred_affs/4667 with read ROI [1680:6960, 9544:10616, 6088:7160] (5280, 1072, 1072) and write ROI [2880:5760, 9792:10368, 6336:6912] (2880, 576, 576)
Recorded block-done for sampleAPadded20160501Copy_pred_affs/4667 with read ROI [1680:6960, 9544:10616, 6088:7160] (5280, 1072, 1072) and write ROI [2880:5760, 9792:10368, 6336:6912] (2880, 576, 576)
Recording block-done for sampleAPadded20160501Copy_pred_affs/5628 with read ROI [1680:6960, 9544:10616, 7240:8312] (5280, 1072, 1072) and write ROI [2880:5760, 9792:10368, 7488:8064] (2880, 576, 576)
Recorded block-done for sampleAPadded20160501Copy_pred_affs/5628 with read ROI [1680:6960, 9544:10616, 7240:8312] (5280, 1072, 1072) and write ROI [2880:5760, 9792:10368, 7488:8064] (2880, 576, 576)
Recording block-done for sampleAPadded20160501Copy_pred_affs/6717 with read ROI [1680:6960, 9544:10616, 8392:9464] (5280, 1072, 1072) and write ROI [2880:5760, 9792:10368, 8640:9216] (2880, 576, 576)
Recorded block-done for sampleAPadded20160501Copy_pred_affs/6717 with read ROI [1680:6960, 9544:10616, 8392:9464] (5280, 1072, 1072) and write ROI [2880:5760, 9792:10368, 8640:9216] (2880, 576, 576)
Recording block-done for sampleAPadded20160501Copy_pred_affs/7942 with read ROI [1680:6960, 9544:10616, 9544:10616] (5280, 1072, 1072) and write ROI [2880:5760, 9792:10368, 9792:10368] (2880, 576, 576)
Recorded block-done for sampleAPadded20160501Copy_pred_affs/7942 with read ROI [1680:6960, 9544:10616, 9544:10616] (5280, 1072, 1072) and write ROI [2880:5760, 9792:10368, 9792:10368] (2880, 576, 576)
Recording block-done for sampleAPadded20160501Copy_pred_affs/9311 with read ROI [1680:6960, 9544:10616, 10696:11768] (5280, 1072, 1072) and write ROI [2880:5760, 9792:10368, 10944:11520] (2880, 576, 576)
Recorded block-done for sampleAPadded20160501Copy_pred_affs/9311 with read ROI [1680:6960, 9544:10616, 10696:11768] (5280, 1072, 1072) and write ROI [2880:5760, 9792:10368, 10944:11520] (2880, 576, 576)
Recording block-done for sampleAPadded20160501Copy_pred_affs/1731 with read ROI [1680:6960, 10120:11192, 328:1400] (5280, 1072, 1072) and write ROI [2880:5760, 10368:10944, 576:1152] (2880, 576, 576)
Recorded block-done for sampleAPadded20160501Copy_pred_affs/1731 with read ROI [1680:6960, 10120:11192, 328:1400] (5280, 1072, 1072) and write ROI [2880:5760, 10368:10944, 576:1152] (2880, 576, 576)
Recording block-done for sampleAPadded20160501Copy_pred_affs/1962 with read ROI [1680:6960, 10120:11192, 904:1976] (5280, 1072, 1072) and write ROI [2880:5760, 10368:10944, 1152:1728] (2880, 576, 576)
Recorded block-done for sampleAPadded20160501Copy_pred_affs/1962 with read ROI [1680:6960, 10120:11192, 904:1976] (5280, 1072, 1072) and write ROI [2880:5760, 10368:10944, 1152:1728] (2880, 576, 576)
Recording block-done for sampleAPadded20160501Copy_pred_affs/2791 with read ROI [1680:6960, 10120:11192, 2632:3704] (5280, 1072, 1072) and write ROI [2880:5760, 10368:10944, 2880:3456] (2880, 576, 576)
Recorded block-done for sampleAPadded20160501Copy_pred_affs/2791 with read ROI [1680:6960, 10120:11192, 2632:3704] (5280, 1072, 1072) and write ROI [2880:5760, 10368:10944, 2880:3456] (2880, 576, 576)
Recording block-done for sampleAPadded20160501Copy_pred_affs/3116 with read ROI [1680:6960, 10120:11192, 3208:4280] (5280, 1072, 1072) and write ROI [2880:5760, 10368:10944, 3456:4032] (2880, 576, 576)
Recorded block-done for sampleAPadded20160501Copy_pred_affs/3116 with read ROI [1680:6960, 10120:11192, 3208:4280] (5280, 1072, 1072) and write ROI [2880:5760, 10368:10944, 3456:4032] (2880, 576, 576)
Recording block-done for sampleAPadded20160501Copy_pred_affs/4251 with read ROI [1680:6960, 10120:11192, 4936:6008] (5280, 1072, 1072) and write ROI [2880:5760, 10368:10944, 5184:5760] (2880, 576, 576)
Recorded block-done for sampleAPadded20160501Copy_pred_affs/4251 with read ROI [1680:6960, 10120:11192, 4936:6008] (5280, 1072, 1072) and write ROI [2880:5760, 10368:10944, 5184:5760] (2880, 576, 576)
Recording block-done for sampleAPadded20160501Copy_pred_affs/4686 with read ROI [1680:6960, 10120:11192, 5512:6584] (5280, 1072, 1072) and write ROI [2880:5760, 10368:10944, 5760:6336] (2880, 576, 576)
Recorded block-done for sampleAPadded20160501Copy_pred_affs/4686 with read ROI [1680:6960, 10120:11192, 5512:6584] (5280, 1072, 1072) and write ROI [2880:5760, 10368:10944, 5760:6336] (2880, 576, 576)
Recording block-done for sampleAPadded20160501Copy_pred_affs/6175 with read ROI [1680:6960, 10120:11192, 7240:8312] (5280, 1072, 1072) and write ROI [2880:5760, 10368:10944, 7488:8064] (2880, 576, 576)
Recorded block-done for sampleAPadded20160501Copy_pred_affs/6175 with read ROI [1680:6960, 10120:11192, 7240:8312] (5280, 1072, 1072) and write ROI [2880:5760, 10368:10944, 7488:8064] (2880, 576, 576)
Recording block-done for sampleAPadded20160501Copy_pred_affs/6736 with read ROI [1680:6960, 10120:11192, 7816:8888] (5280, 1072, 1072) and write ROI [2880:5760, 10368:10944, 8064:8640] (2880, 576, 576)
Recorded block-done for sampleAPadded20160501Copy_pred_affs/6736 with read ROI [1680:6960, 10120:11192, 7816:8888] (5280, 1072, 1072) and write ROI [2880:5760, 10368:10944, 8064:8640] (2880, 576, 576)
Recording block-done for sampleAPadded20160501Copy_pred_affs/8627 with read ROI [1680:6960, 10120:11192, 9544:10616] (5280, 1072, 1072) and write ROI [2880:5760, 10368:10944, 9792:10368] (2880, 576, 576)
Recorded block-done for sampleAPadded20160501Copy_pred_affs/8627 with read ROI [1680:6960, 10120:11192, 9544:10616] (5280, 1072, 1072) and write ROI [2880:5760, 10368:10944, 9792:10368] (2880, 576, 576)
Recording block-done for sampleAPadded20160501Copy_pred_affs/9330 with read ROI [1680:6960, 10120:11192, 10120:11192] (5280, 1072, 1072) and write ROI [2880:5760, 10368:10944, 10368:10944] (2880, 576, 576)
Recorded block-done for sampleAPadded20160501Copy_pred_affs/9330 with read ROI [1680:6960, 10120:11192, 10120:11192] (5280, 1072, 1072) and write ROI [2880:5760, 10368:10944, 10368:10944] (2880, 576, 576)
Recording block-done for sampleAPadded20160501Copy_pred_affs/1982 with read ROI [1680:6960, 10696:11768, 328:1400] (5280, 1072, 1072) and write ROI [2880:5760, 10944:11520, 576:1152] (2880, 576, 576)
Recorded block-done for sampleAPadded20160501Copy_pred_affs/1982 with read ROI [1680:6960, 10696:11768, 328:1400] (5280, 1072, 1072) and write ROI [2880:5760, 10944:11520, 576:1152] (2880, 576, 576)
Recording block-done for sampleAPadded20160501Copy_pred_affs/2511 with read ROI [1680:6960, 10696:11768, 1480:2552] (5280, 1072, 1072) and write ROI [2880:5760, 10944:11520, 1728:2304] (2880, 576, 576)
Recorded block-done for sampleAPadded20160501Copy_pred_affs/2511 with read ROI [1680:6960, 10696:11768, 1480:2552] (5280, 1072, 1072) and write ROI [2880:5760, 10944:11520, 1728:2304] (2880, 576, 576)
Recording block-done for sampleAPadded20160501Copy_pred_affs/3136 with read ROI [1680:6960, 10696:11768, 2632:3704] (5280, 1072, 1072) and write ROI [2880:5760, 10944:11520, 2880:3456] (2880, 576, 576)
Recorded block-done for sampleAPadded20160501Copy_pred_affs/3136 with read ROI [1680:6960, 10696:11768, 2632:3704] (5280, 1072, 1072) and write ROI [2880:5760, 10944:11520, 2880:3456] (2880, 576, 576)
Recording block-done for sampleAPadded20160501Copy_pred_affs/3865 with read ROI [1680:6960, 10696:11768, 3784:4856] (5280, 1072, 1072) and write ROI [2880:5760, 10944:11520, 4032:4608] (2880, 576, 576)
Recorded block-done for sampleAPadded20160501Copy_pred_affs/3865 with read ROI [1680:6960, 10696:11768, 3784:4856] (5280, 1072, 1072) and write ROI [2880:5760, 10944:11520, 4032:4608] (2880, 576, 576)
Recording block-done for sampleAPadded20160501Copy_pred_affs/4706 with read ROI [1680:6960, 10696:11768, 4936:6008] (5280, 1072, 1072) and write ROI [2880:5760, 10944:11520, 5184:5760] (2880, 576, 576)
Recorded block-done for sampleAPadded20160501Copy_pred_affs/4706 with read ROI [1680:6960, 10696:11768, 4936:6008] (5280, 1072, 1072) and write ROI [2880:5760, 10944:11520, 5184:5760] (2880, 576, 576)
Recording block-done for sampleAPadded20160501Copy_pred_affs/5667 with read ROI [1680:6960, 10696:11768, 6088:7160] (5280, 1072, 1072) and write ROI [2880:5760, 10944:11520, 6336:6912] (2880, 576, 576)
Recorded block-done for sampleAPadded20160501Copy_pred_affs/5667 with read ROI [1680:6960, 10696:11768, 6088:7160] (5280, 1072, 1072) and write ROI [2880:5760, 10944:11520, 6336:6912] (2880, 576, 576)
Recording block-done for sampleAPadded20160501Copy_pred_affs/6195 with read ROI [1680:6960, 10696:11768, 6664:7736] (5280, 1072, 1072) and write ROI [2880:5760, 10944:11520, 6912:7488] (2880, 576, 576)
Recorded block-done for sampleAPadded20160501Copy_pred_affs/6195 with read ROI [1680:6960, 10696:11768, 6664:7736] (5280, 1072, 1072) and write ROI [2880:5760, 10944:11520, 6912:7488] (2880, 576, 576)
Recording block-done for sampleAPadded20160501Copy_pred_affs/7981 with read ROI [1680:6960, 10696:11768, 8392:9464] (5280, 1072, 1072) and write ROI [2880:5760, 10944:11520, 8640:9216] (2880, 576, 576)
Recorded block-done for sampleAPadded20160501Copy_pred_affs/7981 with read ROI [1680:6960, 10696:11768, 8392:9464] (5280, 1072, 1072) and write ROI [2880:5760, 10944:11520, 8640:9216] (2880, 576, 576)
Recording block-done for sampleAPadded20160501Copy_pred_affs/8647 with read ROI [1680:6960, 10696:11768, 8968:10040] (5280, 1072, 1072) and write ROI [2880:5760, 10944:11520, 9216:9792] (2880, 576, 576)
Recorded block-done for sampleAPadded20160501Copy_pred_affs/8647 with read ROI [1680:6960, 10696:11768, 8968:10040] (5280, 1072, 1072) and write ROI [2880:5760, 10944:11520, 9216:9792] (2880, 576, 576)
Recording block-done for sampleAPadded20160501Copy_pred_affs/10871 with read ROI [1680:6960, 10696:11768, 10696:11768] (5280, 1072, 1072) and write ROI [2880:5760, 10944:11520, 10944:11520] (2880, 576, 576)
Recorded block-done for sampleAPadded20160501Copy_pred_affs/10871 with read ROI [1680:6960, 10696:11768, 10696:11768] (5280, 1072, 1072) and write ROI [2880:5760, 10944:11520, 10944:11520] (2880, 576, 576)
Recording block-done for sampleAPadded20160501Copy_pred_affs/24 with read ROI [1680:6960, 328:1400, 904:1976] (5280, 1072, 1072) and write ROI [2880:5760, 576:1152, 1152:1728] (2880, 576, 576)
Recorded block-done for sampleAPadded20160501Copy_pred_affs/24 with read ROI [1680:6960, 328:1400, 904:1976] (5280, 1072, 1072) and write ROI [2880:5760, 576:1152, 1152:1728] (2880, 576, 576)
