Re-using already compiled waterz version
Preparing segmentation volume...
counting regions and sizes...
creating region graph for 1270 nodes
creating statistics provider
extracting region graph...
Region graph number of edges: 7571
merging until threshold 0.5
computing initial scores
merging until 0.5
min edge score 0.00195312
threshold exceeded
merged 241 edges
extracting segmentation
Re-using already compiled waterz version
Preparing segmentation volume...
counting regions and sizes...
creating region graph for 1089 nodes
creating statistics provider
extracting region graph...
Region graph number of edges: 6464
merging until threshold 0.5
computing initial scores
merging until 0.5
min edge score 0.00195312
threshold exceeded
merged 211 edges
extracting segmentation
Re-using already compiled waterz version
Preparing segmentation volume...
counting regions and sizes...
creating region graph for 1945 nodes
creating statistics provider
extracting region graph...
Region graph number of edges: 12213
merging until threshold 0.5
computing initial scores
merging until 0.5
min edge score 0.00195312
threshold exceeded
merged 373 edges
extracting segmentation
Re-using already compiled waterz version
Preparing segmentation volume...
counting regions and sizes...
creating region graph for 1993 nodes
creating statistics provider
extracting region graph...
Region graph number of edges: 12764
merging until threshold 0.5
computing initial scores
merging until 0.5
min edge score 0.00195312
threshold exceeded
merged 388 edges
extracting segmentation
Re-using already compiled waterz version
Preparing segmentation volume...
counting regions and sizes...
creating region graph for 1659 nodes
creating statistics provider
extracting region graph...
Region graph number of edges: 10375
merging until threshold 0.5
computing initial scores
merging until 0.5
min edge score 0.00195312
threshold exceeded
merged 421 edges
extracting segmentation
Re-using already compiled waterz version
Preparing segmentation volume...
counting regions and sizes...
creating region graph for 1708 nodes
creating statistics provider
extracting region graph...
Region graph number of edges: 10665
merging until threshold 0.5
computing initial scores
merging until 0.5
min edge score 0.00195312
threshold exceeded
merged 363 edges
extracting segmentation
Re-using already compiled waterz version
Preparing segmentation volume...
counting regions and sizes...
creating region graph for 1524 nodes
creating statistics provider
extracting region graph...
Region graph number of edges: 9554
merging until threshold 0.5
computing initial scores
merging until 0.5
min edge score 0.00195312
threshold exceeded
merged 230 edges
extracting segmentation
Re-using already compiled waterz version
Preparing segmentation volume...
counting regions and sizes...
creating region graph for 1623 nodes
creating statistics provider
extracting region graph...
Region graph number of edges: 10013
merging until threshold 0.5
computing initial scores
merging until 0.5
min edge score 0.00195312
threshold exceeded
merged 403 edges
extracting segmentation
Re-using already compiled waterz version
Preparing segmentation volume...
counting regions and sizes...
creating region graph for 1513 nodes
creating statistics provider
extracting region graph...
Region graph number of edges: 9506
merging until threshold 0.5
computing initial scores
merging until 0.5
min edge score 0.00195312
threshold exceeded
merged 336 edges
extracting segmentation
Re-using already compiled waterz version
Preparing segmentation volume...
counting regions and sizes...
creating region graph for 681 nodes
creating statistics provider
extracting region graph...
Region graph number of edges: 3910
merging until threshold 0.5
computing initial scores
merging until 0.5
min edge score 0.00195312
threshold exceeded
merged 172 edges
extracting segmentation
Re-using already compiled waterz version
Preparing segmentation volume...
counting regions and sizes...
creating region graph for 2157 nodes
creating statistics provider
extracting region graph...
Region graph number of edges: 13962
merging until threshold 0.5
computing initial scores
merging until 0.5
min edge score 0.00195312
threshold exceeded
merged 409 edges
extracting segmentation
Re-using already compiled waterz version
Preparing segmentation volume...
counting regions and sizes...
creating region graph for 1797 nodes
creating statistics provider
extracting region graph...
Region graph number of edges: 11127
merging until threshold 0.5
computing initial scores
merging until 0.5
min edge score 0.00195312
threshold exceeded
merged 359 edges
extracting segmentation
Re-using already compiled waterz version
Preparing segmentation volume...
counting regions and sizes...
creating region graph for 1224 nodes
creating statistics provider
extracting region graph...
Region graph number of edges: 7672
merging until threshold 0.5
computing initial scores
merging until 0.5
min edge score 0.00195312
threshold exceeded
merged 399 edges
extracting segmentation
Re-using already compiled waterz version
Preparing segmentation volume...
counting regions and sizes...
creating region graph for 1240 nodes
creating statistics provider
extracting region graph...
Region graph number of edges: 8034
merging until threshold 0.5
computing initial scores
merging until 0.5
min edge score 0.00195312
threshold exceeded
merged 445 edges
extracting segmentation
Re-using already compiled waterz version
Preparing segmentation volume...
counting regions and sizes...
creating region graph for 1585 nodes
creating statistics provider
extracting region graph...
Region graph number of edges: 9936
merging until threshold 0.5
computing initial scores
merging until 0.5
min edge score 0.00195312
threshold exceeded
merged 300 edges
extracting segmentation
Re-using already compiled waterz version
Preparing segmentation volume...
counting regions and sizes...
creating region graph for 2269 nodes
creating statistics provider
extracting region graph...
Region graph number of edges: 14857
merging until threshold 0.5
computing initial scores
merging until 0.5
min edge score 0.00195312
threshold exceeded
merged 436 edges
extracting segmentation
Re-using already compiled waterz version
Preparing segmentation volume...
counting regions and sizes...
creating region graph for 1815 nodes
creating statistics provider
extracting region graph...
Region graph number of edges: 11485
merging until threshold 0.5
computing initial scores
merging until 0.5
min edge score 0.00195312
threshold exceeded
merged 389 edges
extracting segmentation
Re-using already compiled waterz version
Preparing segmentation volume...
counting regions and sizes...
creating region graph for 1836 nodes
creating statistics provider
extracting region graph...
Region graph number of edges: 11665
merging until threshold 0.5
computing initial scores
merging until 0.5
min edge score 0.00195312
threshold exceeded
merged 359 edges
extracting segmentation
Re-using already compiled waterz version
Preparing segmentation volume...
counting regions and sizes...
creating region graph for 1519 nodes
creating statistics provider
extracting region graph...
Region graph number of edges: 9147
merging until threshold 0.5
computing initial scores
merging until 0.5
min edge score 0.00195312
threshold exceeded
merged 351 edges
extracting segmentation
Re-using already compiled waterz version
Preparing segmentation volume...
counting regions and sizes...
creating region graph for 1568 nodes
creating statistics provider
extracting region graph...
Region graph number of edges: 9754
merging until threshold 0.5
computing initial scores
merging until 0.5
min edge score 0.00195312
threshold exceeded
merged 265 edges
extracting segmentation
Re-using already compiled waterz version
Preparing segmentation volume...
counting regions and sizes...
creating region graph for 1704 nodes
creating statistics provider
extracting region graph...
Region graph number of edges: 10355
merging until threshold 0.5
computing initial scores
merging until 0.5
min edge score 0.00195312
threshold exceeded
merged 298 edges
extracting segmentation
Re-using already compiled waterz version
Preparing segmentation volume...
counting regions and sizes...
creating region graph for 1655 nodes
creating statistics provider
extracting region graph...
Region graph number of edges: 10432
merging until threshold 0.5
computing initial scores
merging until 0.5
min edge score 0.00195312
threshold exceeded
merged 410 edges
extracting segmentation
Re-using already compiled waterz version
Preparing segmentation volume...
counting regions and sizes...
creating region graph for 852 nodes
creating statistics provider
extracting region graph...
Region graph number of edges: 5201
merging until threshold 0.5
computing initial scores
merging until 0.5
min edge score 0.00195312
threshold exceeded
merged 208 edges
extracting segmentation
Re-using already compiled waterz version
Preparing segmentation volume...
counting regions and sizes...
creating region graph for 1970 nodes
creating statistics provider
extracting region graph...
Region graph number of edges: 12879
merging until threshold 0.5
computing initial scores
merging until 0.5
min edge score 0.00195312
threshold exceeded
merged 390 edges
extracting segmentation
Re-using already compiled waterz version
Preparing segmentation volume...
counting regions and sizes...
creating region graph for 1604 nodes
creating statistics provider
extracting region graph...
Region graph number of edges: 9957
merging until threshold 0.5
computing initial scores
merging until 0.5
min edge score 0.00195312
threshold exceeded
merged 285 edges
extracting segmentation
Re-using already compiled waterz version
Preparing segmentation volume...
counting regions and sizes...
creating region graph for 1966 nodes
creating statistics provider
extracting region graph...
Region graph number of edges: 12597
merging until threshold 0.5
computing initial scores
merging until 0.5
min edge score 0.00195312
threshold exceeded
merged 377 edges
extracting segmentation
Re-using already compiled waterz version
Preparing segmentation volume...
counting regions and sizes...
creating region graph for 1755 nodes
creating statistics provider
extracting region graph...
Region graph number of edges: 11028
merging until threshold 0.5
computing initial scores
merging until 0.5
min edge score 0.00195312
threshold exceeded
merged 410 edges
extracting segmentation
Re-using already compiled waterz version
Preparing segmentation volume...
counting regions and sizes...
creating region graph for 2058 nodes
creating statistics provider
extracting region graph...
Region graph number of edges: 13179
merging until threshold 0.5
computing initial scores
merging until 0.5
min edge score 0.00195312
threshold exceeded
merged 445 edges
extracting segmentation
Re-using already compiled waterz version
Preparing segmentation volume...
counting regions and sizes...
creating region graph for 1954 nodes
creating statistics provider
extracting region graph...
Region graph number of edges: 12162
merging until threshold 0.5
computing initial scores
merging until 0.5
min edge score 0.00195312
threshold exceeded
merged 391 edges
extracting segmentation
Re-using already compiled waterz version
Preparing segmentation volume...
counting regions and sizes...
creating region graph for 1894 nodes
creating statistics provider
extracting region graph...
Region graph number of edges: 12156
merging until threshold 0.5
computing initial scores
merging until 0.5
min edge score 0.00195312
threshold exceeded
merged 335 edges
extracting segmentation
Re-using already compiled waterz version
Preparing segmentation volume...
counting regions and sizes...
creating region graph for 2237 nodes
creating statistics provider
extracting region graph...
Region graph number of edges: 14498
merging until threshold 0.5
computing initial scores
merging until 0.5
min edge score 0.00195312
threshold exceeded
merged 439 edges
extracting segmentation
Re-using already compiled waterz version
Preparing segmentation volume...
counting regions and sizes...
creating region graph for 1992 nodes
creating statistics provider
extracting region graph...
Region graph number of edges: 12749
merging until threshold 0.5
computing initial scores
merging until 0.5
min edge score 0.00195312
threshold exceeded
merged 418 edges
extracting segmentation
Re-using already compiled waterz version
Preparing segmentation volume...
counting regions and sizes...
creating region graph for 1692 nodes
creating statistics provider
extracting region graph...
Region graph number of edges: 10541
merging until threshold 0.5
computing initial scores
merging until 0.5
min edge score 0.00195312
threshold exceeded
merged 433 edges
extracting segmentation
Re-using already compiled waterz version
Preparing segmentation volume...
counting regions and sizes...
creating region graph for 1409 nodes
creating statistics provider
extracting region graph...
Region graph number of edges: 8456
merging until threshold 0.5
computing initial scores
merging until 0.5
min edge score 0.00195312
threshold exceeded
merged 297 edges
extracting segmentation
Re-using already compiled waterz version
Preparing segmentation volume...
counting regions and sizes...
creating region graph for 1683 nodes
creating statistics provider
extracting region graph...
Region graph number of edges: 10376
merging until threshold 0.5
computing initial scores
merging until 0.5
min edge score 0.00195312
threshold exceeded
merged 286 edges
extracting segmentation
Re-using already compiled waterz version
Preparing segmentation volume...
counting regions and sizes...
creating region graph for 1378 nodes
creating statistics provider
extracting region graph...
Region graph number of edges: 8631
merging until threshold 0.5
computing initial scores
merging until 0.5
min edge score 0.00195312
threshold exceeded
merged 218 edges
extracting segmentation
Re-using already compiled waterz version
Preparing segmentation volume...
counting regions and sizes...
creating region graph for 1515 nodes
creating statistics provider
extracting region graph...
Region graph number of edges: 9542
merging until threshold 0.5
computing initial scores
merging until 0.5
min edge score 0.00195312
threshold exceeded
merged 259 edges
extracting segmentation
Re-using already compiled waterz version
Preparing segmentation volume...
counting regions and sizes...
creating region graph for 1050 nodes
creating statistics provider
extracting region graph...
Region graph number of edges: 6347
merging until threshold 0.5
computing initial scores
merging until 0.5
min edge score 0.00195312
threshold exceeded
merged 183 edges
extracting segmentation
Re-using already compiled waterz version
Preparing segmentation volume...
counting regions and sizes...
creating region graph for 1431 nodes
creating statistics provider
extracting region graph...
Region graph number of edges: 9077
merging until threshold 0.5
computing initial scores
merging until 0.5
min edge score 0.00195312
threshold exceeded
merged 263 edges
extracting segmentation
Re-using already compiled waterz version
Preparing segmentation volume...
counting regions and sizes...
creating region graph for 1764 nodes
creating statistics provider
extracting region graph...
Region graph number of edges: 11318
merging until threshold 0.5
computing initial scores
merging until 0.5
min edge score 0.00195312
threshold exceeded
merged 343 edges
extracting segmentation
Re-using already compiled waterz version
Preparing segmentation volume...
counting regions and sizes...
creating region graph for 1781 nodes
creating statistics provider
extracting region graph...
Region graph number of edges: 11064
merging until threshold 0.5
computing initial scores
merging until 0.5
min edge score 0.00195312
threshold exceeded
merged 336 edges
extracting segmentation
Re-using already compiled waterz version
Preparing segmentation volume...
counting regions and sizes...
creating region graph for 1574 nodes
creating statistics provider
extracting region graph...
Region graph number of edges: 9791
merging until threshold 0.5
computing initial scores
merging until 0.5
min edge score 0.00195312
threshold exceeded
merged 244 edges
extracting segmentation
Re-using already compiled waterz version
Preparing segmentation volume...
counting regions and sizes...
creating region graph for 1727 nodes
creating statistics provider
extracting region graph...
Region graph number of edges: 10681
merging until threshold 0.5
computing initial scores
merging until 0.5
min edge score 0.00195312
threshold exceeded
merged 286 edges
extracting segmentation
Re-using already compiled waterz version
Preparing segmentation volume...
counting regions and sizes...
creating region graph for 1168 nodes
creating statistics provider
extracting region graph...
Region graph number of edges: 7229
merging until threshold 0.5
computing initial scores
merging until 0.5
min edge score 0.00195312
threshold exceeded
merged 298 edges
extracting segmentation
Re-using already compiled waterz version
Preparing segmentation volume...
counting regions and sizes...
creating region graph for 1055 nodes
creating statistics provider
extracting region graph...
Region graph number of edges: 6366
merging until threshold 0.5
computing initial scores
merging until 0.5
min edge score 0.00195312
threshold exceeded
merged 267 edges
extracting segmentation
Re-using already compiled waterz version
Preparing segmentation volume...
counting regions and sizes...
creating region graph for 1631 nodes
creating statistics provider
extracting region graph...
Region graph number of edges: 10225
merging until threshold 0.5
computing initial scores
merging until 0.5
min edge score 0.00195312
threshold exceeded
merged 375 edges
extracting segmentation
Re-using already compiled waterz version
Preparing segmentation volume...
counting regions and sizes...
creating region graph for 1409 nodes
creating statistics provider
extracting region graph...
Region graph number of edges: 8630
merging until threshold 0.5
computing initial scores
merging until 0.5
min edge score 0.00195312
threshold exceeded
merged 263 edges
extracting segmentation
Re-using already compiled waterz version
Preparing segmentation volume...
counting regions and sizes...
creating region graph for 1135 nodes
creating statistics provider
extracting region graph...
Region graph number of edges: 6838
merging until threshold 0.5
computing initial scores
merging until 0.5
min edge score 0.00195312
threshold exceeded
merged 255 edges
extracting segmentation
Re-using already compiled waterz version
Preparing segmentation volume...
counting regions and sizes...
creating region graph for 1320 nodes
creating statistics provider
extracting region graph...
Region graph number of edges: 8122
merging until threshold 0.5
computing initial scores
merging until 0.5
min edge score 0.00195312
threshold exceeded
merged 225 edges
extracting segmentation
Re-using already compiled waterz version
Preparing segmentation volume...
counting regions and sizes...
creating region graph for 1727 nodes
creating statistics provider
extracting region graph...
Region graph number of edges: 11083
merging until threshold 0.5
computing initial scores
merging until 0.5
min edge score 0.00195312
threshold exceeded
merged 294 edges
extracting segmentation
Re-using already compiled waterz version
Preparing segmentation volume...
counting regions and sizes...
creating region graph for 1576 nodes
creating statistics provider
extracting region graph...
Region graph number of edges: 9880
merging until threshold 0.5
computing initial scores
merging until 0.5
min edge score 0.00195312
threshold exceeded
merged 351 edges
extracting segmentation
