Re-using already compiled waterz version
Preparing segmentation volume...
counting regions and sizes...
creating region graph for 2012 nodes
creating statistics provider
extracting region graph...
Region graph number of edges: 12666
merging until threshold 0.5
computing initial scores
merging until 0.5
min edge score 0.00195312
threshold exceeded
merged 343 edges
extracting segmentation
Re-using already compiled waterz version
Preparing segmentation volume...
counting regions and sizes...
creating region graph for 1866 nodes
creating statistics provider
extracting region graph...
Region graph number of edges: 11765
merging until threshold 0.5
computing initial scores
merging until 0.5
min edge score 0.00195312
threshold exceeded
merged 396 edges
extracting segmentation
Re-using already compiled waterz version
Preparing segmentation volume...
counting regions and sizes...
creating region graph for 2195 nodes
creating statistics provider
extracting region graph...
Region graph number of edges: 14253
merging until threshold 0.5
computing initial scores
merging until 0.5
min edge score 0.00195312
threshold exceeded
merged 461 edges
extracting segmentation
Re-using already compiled waterz version
Preparing segmentation volume...
counting regions and sizes...
creating region graph for 2010 nodes
creating statistics provider
extracting region graph...
Region graph number of edges: 12912
merging until threshold 0.5
computing initial scores
merging until 0.5
min edge score 0.00195312
threshold exceeded
merged 282 edges
extracting segmentation
Re-using already compiled waterz version
Preparing segmentation volume...
counting regions and sizes...
creating region graph for 1714 nodes
creating statistics provider
extracting region graph...
Region graph number of edges: 10686
merging until threshold 0.5
computing initial scores
merging until 0.5
min edge score 0.00195312
threshold exceeded
merged 310 edges
extracting segmentation
Re-using already compiled waterz version
Preparing segmentation volume...
counting regions and sizes...
creating region graph for 2248 nodes
creating statistics provider
extracting region graph...
Region graph number of edges: 14907
merging until threshold 0.5
computing initial scores
merging until 0.5
min edge score 0.00195312
threshold exceeded
merged 566 edges
extracting segmentation
Re-using already compiled waterz version
Preparing segmentation volume...
counting regions and sizes...
creating region graph for 2019 nodes
creating statistics provider
extracting region graph...
Region graph number of edges: 12990
merging until threshold 0.5
computing initial scores
merging until 0.5
min edge score 0.00195312
threshold exceeded
merged 416 edges
extracting segmentation
Re-using already compiled waterz version
Preparing segmentation volume...
counting regions and sizes...
creating region graph for 1958 nodes
creating statistics provider
extracting region graph...
Region graph number of edges: 12235
merging until threshold 0.5
computing initial scores
merging until 0.5
min edge score 0.00195312
threshold exceeded
merged 441 edges
extracting segmentation
Re-using already compiled waterz version
Preparing segmentation volume...
counting regions and sizes...
creating region graph for 1590 nodes
creating statistics provider
extracting region graph...
Region graph number of edges: 10087
merging until threshold 0.5
computing initial scores
merging until 0.5
min edge score 0.00195312
threshold exceeded
merged 439 edges
extracting segmentation
Re-using already compiled waterz version
Preparing segmentation volume...
counting regions and sizes...
creating region graph for 1484 nodes
creating statistics provider
extracting region graph...
Region graph number of edges: 9336
merging until threshold 0.5
computing initial scores
merging until 0.5
min edge score 0.00195312
threshold exceeded
merged 399 edges
extracting segmentation
Re-using already compiled waterz version
Preparing segmentation volume...
counting regions and sizes...
creating region graph for 971 nodes
creating statistics provider
extracting region graph...
Region graph number of edges: 5999
merging until threshold 0.5
computing initial scores
merging until 0.5
min edge score 0.00195312
threshold exceeded
merged 327 edges
extracting segmentation
Re-using already compiled waterz version
Preparing segmentation volume...
counting regions and sizes...
creating region graph for 940 nodes
creating statistics provider
extracting region graph...
Region graph number of edges: 5676
merging until threshold 0.5
computing initial scores
merging until 0.5
min edge score 0.00195312
threshold exceeded
merged 282 edges
extracting segmentation
Re-using already compiled waterz version
Preparing segmentation volume...
counting regions and sizes...
creating region graph for 1810 nodes
creating statistics provider
extracting region graph...
Region graph number of edges: 11311
merging until threshold 0.5
computing initial scores
merging until 0.5
min edge score 0.00195312
threshold exceeded
merged 314 edges
extracting segmentation
Re-using already compiled waterz version
Preparing segmentation volume...
counting regions and sizes...
creating region graph for 945 nodes
creating statistics provider
extracting region graph...
Region graph number of edges: 5521
merging until threshold 0.5
computing initial scores
merging until 0.5
min edge score 0.00195312
threshold exceeded
merged 192 edges
extracting segmentation
Re-using already compiled waterz version
Preparing segmentation volume...
counting regions and sizes...
creating region graph for 1886 nodes
creating statistics provider
extracting region graph...
Region graph number of edges: 12035
merging until threshold 0.5
computing initial scores
merging until 0.5
min edge score 0.00195312
threshold exceeded
merged 380 edges
extracting segmentation
Re-using already compiled waterz version
Preparing segmentation volume...
counting regions and sizes...
creating region graph for 1845 nodes
creating statistics provider
extracting region graph...
Region graph number of edges: 11750
merging until threshold 0.5
computing initial scores
merging until 0.5
min edge score 0.00195312
threshold exceeded
merged 329 edges
extracting segmentation
Re-using already compiled waterz version
Preparing segmentation volume...
counting regions and sizes...
creating region graph for 2030 nodes
creating statistics provider
extracting region graph...
Region graph number of edges: 13082
merging until threshold 0.5
computing initial scores
merging until 0.5
min edge score 0.00195312
threshold exceeded
merged 412 edges
extracting segmentation
Re-using already compiled waterz version
Preparing segmentation volume...
counting regions and sizes...
creating region graph for 1546 nodes
creating statistics provider
extracting region graph...
Region graph number of edges: 9656
merging until threshold 0.5
computing initial scores
merging until 0.5
min edge score 0.00195312
threshold exceeded
merged 246 edges
extracting segmentation
Re-using already compiled waterz version
Preparing segmentation volume...
counting regions and sizes...
creating region graph for 1637 nodes
creating statistics provider
extracting region graph...
Region graph number of edges: 10357
merging until threshold 0.5
computing initial scores
merging until 0.5
min edge score 0.00195312
threshold exceeded
merged 263 edges
extracting segmentation
Re-using already compiled waterz version
Preparing segmentation volume...
counting regions and sizes...
creating region graph for 1239 nodes
creating statistics provider
extracting region graph...
Region graph number of edges: 7773
merging until threshold 0.5
computing initial scores
merging until 0.5
min edge score 0.00195312
threshold exceeded
merged 230 edges
extracting segmentation
Re-using already compiled waterz version
Preparing segmentation volume...
counting regions and sizes...
creating region graph for 1164 nodes
creating statistics provider
extracting region graph...
Region graph number of edges: 7115
merging until threshold 0.5
computing initial scores
merging until 0.5
min edge score 0.00195312
threshold exceeded
merged 317 edges
extracting segmentation
Re-using already compiled waterz version
Preparing segmentation volume...
counting regions and sizes...
creating region graph for 1801 nodes
creating statistics provider
extracting region graph...
Region graph number of edges: 11763
merging until threshold 0.5
computing initial scores
merging until 0.5
min edge score 0.00195312
threshold exceeded
merged 406 edges
extracting segmentation
Re-using already compiled waterz version
Preparing segmentation volume...
counting regions and sizes...
creating region graph for 1800 nodes
creating statistics provider
extracting region graph...
Region graph number of edges: 11303
merging until threshold 0.5
computing initial scores
merging until 0.5
min edge score 0.00195312
threshold exceeded
merged 307 edges
extracting segmentation
Re-using already compiled waterz version
Preparing segmentation volume...
counting regions and sizes...
creating region graph for 1351 nodes
creating statistics provider
extracting region graph...
Region graph number of edges: 8413
merging until threshold 0.5
computing initial scores
merging until 0.5
min edge score 0.00195312
threshold exceeded
merged 290 edges
extracting segmentation
Re-using already compiled waterz version
Preparing segmentation volume...
counting regions and sizes...
creating region graph for 1346 nodes
creating statistics provider
extracting region graph...
Region graph number of edges: 8124
merging until threshold 0.5
computing initial scores
merging until 0.5
min edge score 0.00195312
threshold exceeded
merged 221 edges
extracting segmentation
Re-using already compiled waterz version
Preparing segmentation volume...
counting regions and sizes...
creating region graph for 1711 nodes
creating statistics provider
extracting region graph...
Region graph number of edges: 10625
merging until threshold 0.5
computing initial scores
merging until 0.5
min edge score 0.00195312
threshold exceeded
merged 249 edges
extracting segmentation
Re-using already compiled waterz version
Preparing segmentation volume...
counting regions and sizes...
creating region graph for 1695 nodes
creating statistics provider
extracting region graph...
Region graph number of edges: 10530
merging until threshold 0.5
computing initial scores
merging until 0.5
min edge score 0.00195312
threshold exceeded
merged 254 edges
extracting segmentation
Re-using already compiled waterz version
Preparing segmentation volume...
counting regions and sizes...
creating region graph for 1704 nodes
creating statistics provider
extracting region graph...
Region graph number of edges: 10658
merging until threshold 0.5
computing initial scores
merging until 0.5
min edge score 0.00195312
threshold exceeded
merged 302 edges
extracting segmentation
Re-using already compiled waterz version
Preparing segmentation volume...
counting regions and sizes...
creating region graph for 1211 nodes
creating statistics provider
extracting region graph...
Region graph number of edges: 7427
merging until threshold 0.5
computing initial scores
merging until 0.5
min edge score 0.00195312
threshold exceeded
merged 162 edges
extracting segmentation
Re-using already compiled waterz version
Preparing segmentation volume...
counting regions and sizes...
creating region graph for 1764 nodes
creating statistics provider
extracting region graph...
Region graph number of edges: 11450
merging until threshold 0.5
computing initial scores
merging until 0.5
min edge score 0.00195312
threshold exceeded
merged 354 edges
extracting segmentation
Re-using already compiled waterz version
Preparing segmentation volume...
counting regions and sizes...
creating region graph for 1727 nodes
creating statistics provider
extracting region graph...
Region graph number of edges: 11083
merging until threshold 0.5
computing initial scores
merging until 0.5
min edge score 0.00195312
threshold exceeded
merged 294 edges
extracting segmentation
Re-using already compiled waterz version
Preparing segmentation volume...
counting regions and sizes...
creating region graph for 1272 nodes
creating statistics provider
extracting region graph...
Region graph number of edges: 7617
merging until threshold 0.5
computing initial scores
merging until 0.5
min edge score 0.00195312
threshold exceeded
merged 225 edges
extracting segmentation
Re-using already compiled waterz version
Preparing segmentation volume...
counting regions and sizes...
creating region graph for 1081 nodes
creating statistics provider
extracting region graph...
Region graph number of edges: 6485
merging until threshold 0.5
computing initial scores
merging until 0.5
min edge score 0.00195312
threshold exceeded
merged 173 edges
extracting segmentation
Re-using already compiled waterz version
Preparing segmentation volume...
counting regions and sizes...
creating region graph for 1165 nodes
creating statistics provider
extracting region graph...
Region graph number of edges: 7073
merging until threshold 0.5
computing initial scores
merging until 0.5
min edge score 0.00195312
threshold exceeded
merged 176 edges
extracting segmentation
Re-using already compiled waterz version
Preparing segmentation volume...
counting regions and sizes...
creating region graph for 2028 nodes
creating statistics provider
extracting region graph...
Region graph number of edges: 13044
merging until threshold 0.5
computing initial scores
merging until 0.5
min edge score 0.00195312
threshold exceeded
merged 502 edges
extracting segmentation
Re-using already compiled waterz version
Preparing segmentation volume...
counting regions and sizes...
creating region graph for 2095 nodes
creating statistics provider
extracting region graph...
Region graph number of edges: 13329
merging until threshold 0.5
computing initial scores
merging until 0.5
min edge score 0.00195312
threshold exceeded
merged 342 edges
extracting segmentation
Re-using already compiled waterz version
Preparing segmentation volume...
counting regions and sizes...
creating region graph for 2323 nodes
creating statistics provider
extracting region graph...
Region graph number of edges: 15167
merging until threshold 0.5
computing initial scores
merging until 0.5
min edge score 0.00195312
threshold exceeded
merged 323 edges
extracting segmentation
Re-using already compiled waterz version
Preparing segmentation volume...
counting regions and sizes...
creating region graph for 2174 nodes
creating statistics provider
extracting region graph...
Region graph number of edges: 14025
merging until threshold 0.5
computing initial scores
merging until 0.5
min edge score 0.00195312
threshold exceeded
merged 312 edges
extracting segmentation
Re-using already compiled waterz version
Preparing segmentation volume...
counting regions and sizes...
creating region graph for 1288 nodes
creating statistics provider
extracting region graph...
Region graph number of edges: 7878
merging until threshold 0.5
computing initial scores
merging until 0.5
min edge score 0.00195312
threshold exceeded
merged 243 edges
extracting segmentation
Re-using already compiled waterz version
Preparing segmentation volume...
counting regions and sizes...
creating region graph for 1583 nodes
creating statistics provider
extracting region graph...
Region graph number of edges: 9962
merging until threshold 0.5
computing initial scores
merging until 0.5
min edge score 0.00195312
threshold exceeded
merged 256 edges
extracting segmentation
Re-using already compiled waterz version
Preparing segmentation volume...
counting regions and sizes...
creating region graph for 1162 nodes
creating statistics provider
extracting region graph...
Region graph number of edges: 7278
merging until threshold 0.5
computing initial scores
merging until 0.5
min edge score 0.00195312
threshold exceeded
merged 248 edges
extracting segmentation
Re-using already compiled waterz version
Preparing segmentation volume...
counting regions and sizes...
creating region graph for 1469 nodes
creating statistics provider
extracting region graph...
Region graph number of edges: 9015
merging until threshold 0.5
computing initial scores
merging until 0.5
min edge score 0.00195312
threshold exceeded
merged 203 edges
extracting segmentation
Re-using already compiled waterz version
Preparing segmentation volume...
counting regions and sizes...
creating region graph for 1630 nodes
creating statistics provider
extracting region graph...
Region graph number of edges: 9999
merging until threshold 0.5
computing initial scores
merging until 0.5
min edge score 0.00195312
threshold exceeded
merged 262 edges
extracting segmentation
Re-using already compiled waterz version
Preparing segmentation volume...
counting regions and sizes...
creating region graph for 2044 nodes
creating statistics provider
extracting region graph...
Region graph number of edges: 13075
merging until threshold 0.5
computing initial scores
merging until 0.5
min edge score 0.00195312
threshold exceeded
merged 338 edges
extracting segmentation
Re-using already compiled waterz version
Preparing segmentation volume...
counting regions and sizes...
creating region graph for 2307 nodes
creating statistics provider
extracting region graph...
Region graph number of edges: 14692
merging until threshold 0.5
computing initial scores
merging until 0.5
min edge score 0.00195312
threshold exceeded
merged 327 edges
extracting segmentation
Re-using already compiled waterz version
Preparing segmentation volume...
counting regions and sizes...
creating region graph for 1836 nodes
creating statistics provider
extracting region graph...
Region graph number of edges: 11579
merging until threshold 0.5
computing initial scores
merging until 0.5
min edge score 0.00195312
threshold exceeded
merged 310 edges
extracting segmentation
Re-using already compiled waterz version
Preparing segmentation volume...
counting regions and sizes...
creating region graph for 1434 nodes
creating statistics provider
extracting region graph...
Region graph number of edges: 9222
merging until threshold 0.5
computing initial scores
merging until 0.5
min edge score 0.00195312
threshold exceeded
merged 324 edges
extracting segmentation
Re-using already compiled waterz version
Preparing segmentation volume...
counting regions and sizes...
creating region graph for 1080 nodes
creating statistics provider
extracting region graph...
Region graph number of edges: 7080
merging until threshold 0.5
computing initial scores
merging until 0.5
min edge score 0.00195312
threshold exceeded
merged 263 edges
extracting segmentation
Re-using already compiled waterz version
Preparing segmentation volume...
counting regions and sizes...
creating region graph for 1154 nodes
creating statistics provider
extracting region graph...
Region graph number of edges: 6978
merging until threshold 0.5
computing initial scores
merging until 0.5
min edge score 0.00195312
threshold exceeded
merged 241 edges
extracting segmentation
Re-using already compiled waterz version
Preparing segmentation volume...
counting regions and sizes...
creating region graph for 1278 nodes
creating statistics provider
extracting region graph...
Region graph number of edges: 7817
merging until threshold 0.5
computing initial scores
merging until 0.5
min edge score 0.00195312
threshold exceeded
merged 285 edges
extracting segmentation
Re-using already compiled waterz version
Preparing segmentation volume...
counting regions and sizes...
creating region graph for 2101 nodes
creating statistics provider
extracting region graph...
Region graph number of edges: 13369
merging until threshold 0.5
computing initial scores
merging until 0.5
min edge score 0.00195312
threshold exceeded
merged 356 edges
extracting segmentation
Re-using already compiled waterz version
Preparing segmentation volume...
counting regions and sizes...
creating region graph for 1911 nodes
creating statistics provider
extracting region graph...
Region graph number of edges: 12260
merging until threshold 0.5
computing initial scores
merging until 0.5
min edge score 0.00195312
threshold exceeded
merged 415 edges
extracting segmentation
Re-using already compiled waterz version
Preparing segmentation volume...
counting regions and sizes...
creating region graph for 1468 nodes
creating statistics provider
extracting region graph...
Region graph number of edges: 9092
merging until threshold 0.5
computing initial scores
merging until 0.5
min edge score 0.00195312
threshold exceeded
merged 278 edges
extracting segmentation
Re-using already compiled waterz version
Preparing segmentation volume...
counting regions and sizes...
creating region graph for 1658 nodes
creating statistics provider
extracting region graph...
Region graph number of edges: 10397
merging until threshold 0.5
computing initial scores
merging until 0.5
min edge score 0.00195312
threshold exceeded
merged 276 edges
extracting segmentation
Re-using already compiled waterz version
Preparing segmentation volume...
counting regions and sizes...
creating region graph for 1628 nodes
creating statistics provider
extracting region graph...
Region graph number of edges: 10111
merging until threshold 0.5
computing initial scores
merging until 0.5
min edge score 0.00195312
threshold exceeded
merged 270 edges
extracting segmentation
Re-using already compiled waterz version
Preparing segmentation volume...
counting regions and sizes...
creating region graph for 1789 nodes
creating statistics provider
extracting region graph...
Region graph number of edges: 11523
merging until threshold 0.5
computing initial scores
merging until 0.5
min edge score 0.00195312
threshold exceeded
merged 356 edges
extracting segmentation
Re-using already compiled waterz version
Preparing segmentation volume...
counting regions and sizes...
creating region graph for 1339 nodes
creating statistics provider
extracting region graph...
Region graph number of edges: 7894
merging until threshold 0.5
computing initial scores
merging until 0.5
min edge score 0.00195312
threshold exceeded
merged 251 edges
extracting segmentation
Re-using already compiled waterz version
Preparing segmentation volume...
counting regions and sizes...
creating region graph for 681 nodes
creating statistics provider
extracting region graph...
Region graph number of edges: 3789
merging until threshold 0.5
computing initial scores
merging until 0.5
min edge score 0.00195312
threshold exceeded
merged 113 edges
extracting segmentation
Re-using already compiled waterz version
Preparing segmentation volume...
counting regions and sizes...
creating region graph for 2097 nodes
creating statistics provider
extracting region graph...
Region graph number of edges: 13626
merging until threshold 0.5
computing initial scores
merging until 0.5
min edge score 0.00195312
threshold exceeded
merged 356 edges
extracting segmentation
Re-using already compiled waterz version
Preparing segmentation volume...
counting regions and sizes...
creating region graph for 2120 nodes
creating statistics provider
extracting region graph...
Region graph number of edges: 13775
merging until threshold 0.5
computing initial scores
merging until 0.5
min edge score 0.00195312
threshold exceeded
merged 378 edges
extracting segmentation
Re-using already compiled waterz version
Preparing segmentation volume...
counting regions and sizes...
creating region graph for 1942 nodes
creating statistics provider
extracting region graph...
Region graph number of edges: 12753
merging until threshold 0.5
computing initial scores
merging until 0.5
min edge score 0.00195312
threshold exceeded
merged 373 edges
extracting segmentation
Re-using already compiled waterz version
Preparing segmentation volume...
counting regions and sizes...
creating region graph for 1444 nodes
creating statistics provider
extracting region graph...
Region graph number of edges: 8966
merging until threshold 0.5
computing initial scores
merging until 0.5
min edge score 0.00195312
threshold exceeded
merged 266 edges
extracting segmentation
Re-using already compiled waterz version
Preparing segmentation volume...
counting regions and sizes...
creating region graph for 1369 nodes
creating statistics provider
extracting region graph...
Region graph number of edges: 8636
merging until threshold 0.5
computing initial scores
merging until 0.5
min edge score 0.00195312
threshold exceeded
merged 316 edges
extracting segmentation
Re-using already compiled waterz version
Preparing segmentation volume...
counting regions and sizes...
creating region graph for 1298 nodes
creating statistics provider
extracting region graph...
Region graph number of edges: 8267
merging until threshold 0.5
computing initial scores
merging until 0.5
min edge score 0.00195312
threshold exceeded
merged 477 edges
extracting segmentation
Re-using already compiled waterz version
Preparing segmentation volume...
counting regions and sizes...
creating region graph for 1421 nodes
creating statistics provider
extracting region graph...
Region graph number of edges: 9377
merging until threshold 0.5
computing initial scores
merging until 0.5
min edge score 0.00195312
threshold exceeded
merged 577 edges
extracting segmentation
Re-using already compiled waterz version
Preparing segmentation volume...
counting regions and sizes...
creating region graph for 1459 nodes
creating statistics provider
extracting region graph...
Region graph number of edges: 9793
merging until threshold 0.5
computing initial scores
merging until 0.5
min edge score 0.00195312
threshold exceeded
merged 581 edges
extracting segmentation
Re-using already compiled waterz version
Preparing segmentation volume...
counting regions and sizes...
creating region graph for 1375 nodes
creating statistics provider
extracting region graph...
Region graph number of edges: 8831
merging until threshold 0.5
computing initial scores
merging until 0.5
min edge score 0.00195312
threshold exceeded
merged 444 edges
extracting segmentation
Re-using already compiled waterz version
Preparing segmentation volume...
counting regions and sizes...
creating region graph for 1340 nodes
creating statistics provider
extracting region graph...
Region graph number of edges: 8433
merging until threshold 0.5
computing initial scores
merging until 0.5
min edge score 0.00195312
threshold exceeded
merged 286 edges
extracting segmentation
Re-using already compiled waterz version
Preparing segmentation volume...
counting regions and sizes...
creating region graph for 1483 nodes
creating statistics provider
extracting region graph...
Region graph number of edges: 9544
merging until threshold 0.5
computing initial scores
merging until 0.5
min edge score 0.00195312
threshold exceeded
merged 295 edges
extracting segmentation
Re-using already compiled waterz version
Preparing segmentation volume...
counting regions and sizes...
creating region graph for 1135 nodes
creating statistics provider
extracting region graph...
Region graph number of edges: 6931
merging until threshold 0.5
computing initial scores
merging until 0.5
min edge score 0.00195312
threshold exceeded
merged 245 edges
extracting segmentation
Re-using already compiled waterz version
Preparing segmentation volume...
counting regions and sizes...
creating region graph for 1046 nodes
creating statistics provider
extracting region graph...
Region graph number of edges: 6353
merging until threshold 0.5
computing initial scores
merging until 0.5
min edge score 0.00195312
threshold exceeded
merged 218 edges
extracting segmentation
Re-using already compiled waterz version
Preparing segmentation volume...
counting regions and sizes...
creating region graph for 1249 nodes
creating statistics provider
extracting region graph...
Region graph number of edges: 7890
merging until threshold 0.5
computing initial scores
merging until 0.5
min edge score 0.00195312
threshold exceeded
merged 269 edges
extracting segmentation
Re-using already compiled waterz version
Preparing segmentation volume...
counting regions and sizes...
creating region graph for 1574 nodes
creating statistics provider
extracting region graph...
Region graph number of edges: 9971
merging until threshold 0.5
computing initial scores
merging until 0.5
min edge score 0.00195312
threshold exceeded
merged 269 edges
extracting segmentation
Re-using already compiled waterz version
Preparing segmentation volume...
counting regions and sizes...
creating region graph for 1380 nodes
creating statistics provider
extracting region graph...
Region graph number of edges: 8450
merging until threshold 0.5
computing initial scores
merging until 0.5
min edge score 0.00195312
threshold exceeded
merged 358 edges
extracting segmentation
Re-using already compiled waterz version
Preparing segmentation volume...
counting regions and sizes...
creating region graph for 1219 nodes
creating statistics provider
extracting region graph...
Region graph number of edges: 8117
merging until threshold 0.5
computing initial scores
merging until 0.5
min edge score 0.00195312
threshold exceeded
merged 442 edges
extracting segmentation
Re-using already compiled waterz version
Preparing segmentation volume...
counting regions and sizes...
creating region graph for 934 nodes
creating statistics provider
extracting region graph...
Region graph number of edges: 5921
merging until threshold 0.5
computing initial scores
merging until 0.5
min edge score 0.00195312
threshold exceeded
merged 341 edges
extracting segmentation
Re-using already compiled waterz version
Preparing segmentation volume...
counting regions and sizes...
creating region graph for 1022 nodes
creating statistics provider
extracting region graph...
Region graph number of edges: 6571
merging until threshold 0.5
computing initial scores
merging until 0.5
min edge score 0.00195312
threshold exceeded
merged 375 edges
extracting segmentation
Re-using already compiled waterz version
Preparing segmentation volume...
counting regions and sizes...
creating region graph for 1130 nodes
creating statistics provider
extracting region graph...
Region graph number of edges: 6554
merging until threshold 0.5
computing initial scores
merging until 0.5
min edge score 0.00195312
threshold exceeded
merged 237 edges
extracting segmentation
Re-using already compiled waterz version
Preparing segmentation volume...
counting regions and sizes...
creating region graph for 1146 nodes
creating statistics provider
extracting region graph...
Region graph number of edges: 6909
merging until threshold 0.5
computing initial scores
merging until 0.5
min edge score 0.00195312
threshold exceeded
merged 182 edges
extracting segmentation
Re-using already compiled waterz version
Preparing segmentation volume...
counting regions and sizes...
creating region graph for 1400 nodes
creating statistics provider
extracting region graph...
Region graph number of edges: 8843
merging until threshold 0.5
computing initial scores
merging until 0.5
min edge score 0.00195312
threshold exceeded
merged 303 edges
extracting segmentation
Re-using already compiled waterz version
Preparing segmentation volume...
counting regions and sizes...
creating region graph for 1722 nodes
creating statistics provider
extracting region graph...
Region graph number of edges: 10866
merging until threshold 0.5
computing initial scores
merging until 0.5
min edge score 0.00195312
threshold exceeded
merged 420 edges
extracting segmentation
Re-using already compiled waterz version
Preparing segmentation volume...
counting regions and sizes...
creating region graph for 1915 nodes
creating statistics provider
extracting region graph...
Region graph number of edges: 12204
merging until threshold 0.5
computing initial scores
merging until 0.5
min edge score 0.00195312
threshold exceeded
merged 544 edges
extracting segmentation
Re-using already compiled waterz version
Preparing segmentation volume...
counting regions and sizes...
creating region graph for 1688 nodes
creating statistics provider
extracting region graph...
Region graph number of edges: 10701
merging until threshold 0.5
computing initial scores
merging until 0.5
min edge score 0.00195312
threshold exceeded
merged 367 edges
extracting segmentation
Re-using already compiled waterz version
Preparing segmentation volume...
counting regions and sizes...
creating region graph for 1547 nodes
creating statistics provider
extracting region graph...
Region graph number of edges: 9517
merging until threshold 0.5
computing initial scores
merging until 0.5
min edge score 0.00195312
threshold exceeded
merged 268 edges
extracting segmentation
Re-using already compiled waterz version
Preparing segmentation volume...
counting regions and sizes...
creating region graph for 1397 nodes
creating statistics provider
extracting region graph...
Region graph number of edges: 8577
merging until threshold 0.5
computing initial scores
merging until 0.5
min edge score 0.00195312
threshold exceeded
merged 295 edges
extracting segmentation
Re-using already compiled waterz version
Preparing segmentation volume...
counting regions and sizes...
creating region graph for 1060 nodes
creating statistics provider
extracting region graph...
Region graph number of edges: 6563
merging until threshold 0.5
computing initial scores
merging until 0.5
min edge score 0.00195312
threshold exceeded
merged 282 edges
extracting segmentation
Re-using already compiled waterz version
Preparing segmentation volume...
counting regions and sizes...
creating region graph for 831 nodes
creating statistics provider
extracting region graph...
Region graph number of edges: 4924
merging until threshold 0.5
computing initial scores
merging until 0.5
min edge score 0.00195312
threshold exceeded
merged 197 edges
extracting segmentation
Re-using already compiled waterz version
Preparing segmentation volume...
counting regions and sizes...
creating region graph for 1317 nodes
creating statistics provider
extracting region graph...
Region graph number of edges: 8145
merging until threshold 0.5
computing initial scores
merging until 0.5
min edge score 0.00195312
threshold exceeded
merged 317 edges
extracting segmentation
Re-using already compiled waterz version
Preparing segmentation volume...
counting regions and sizes...
creating region graph for 1194 nodes
creating statistics provider
extracting region graph...
Region graph number of edges: 7699
merging until threshold 0.5
computing initial scores
merging until 0.5
min edge score 0.00195312
threshold exceeded
merged 436 edges
extracting segmentation
Re-using already compiled waterz version
Preparing segmentation volume...
counting regions and sizes...
creating region graph for 1291 nodes
creating statistics provider
extracting region graph...
Region graph number of edges: 7972
merging until threshold 0.5
computing initial scores
merging until 0.5
min edge score 0.00195312
threshold exceeded
merged 307 edges
extracting segmentation
Re-using already compiled waterz version
Preparing segmentation volume...
counting regions and sizes...
creating region graph for 1242 nodes
creating statistics provider
extracting region graph...
Region graph number of edges: 7959
merging until threshold 0.5
computing initial scores
merging until 0.5
min edge score 0.00195312
threshold exceeded
merged 396 edges
extracting segmentation
Re-using already compiled waterz version
Preparing segmentation volume...
counting regions and sizes...
creating region graph for 1741 nodes
creating statistics provider
extracting region graph...
Region graph number of edges: 11432
merging until threshold 0.5
computing initial scores
merging until 0.5
min edge score 0.00195312
threshold exceeded
merged 432 edges
extracting segmentation
Re-using already compiled waterz version
Preparing segmentation volume...
counting regions and sizes...
creating region graph for 1885 nodes
creating statistics provider
extracting region graph...
Region graph number of edges: 12130
merging until threshold 0.5
computing initial scores
merging until 0.5
min edge score 0.00195312
threshold exceeded
merged 257 edges
extracting segmentation
Re-using already compiled waterz version
Preparing segmentation volume...
counting regions and sizes...
creating region graph for 2156 nodes
creating statistics provider
extracting region graph...
Region graph number of edges: 13766
merging until threshold 0.5
computing initial scores
merging until 0.5
min edge score 0.00195312
threshold exceeded
merged 406 edges
extracting segmentation
Re-using already compiled waterz version
Preparing segmentation volume...
counting regions and sizes...
creating region graph for 1860 nodes
creating statistics provider
extracting region graph...
Region graph number of edges: 11767
merging until threshold 0.5
computing initial scores
merging until 0.5
min edge score 0.00195312
threshold exceeded
merged 388 edges
extracting segmentation
Re-using already compiled waterz version
Preparing segmentation volume...
counting regions and sizes...
creating region graph for 1937 nodes
creating statistics provider
extracting region graph...
Region graph number of edges: 12571
merging until threshold 0.5
computing initial scores
merging until 0.5
min edge score 0.00195312
threshold exceeded
merged 388 edges
extracting segmentation
Re-using already compiled waterz version
Preparing segmentation volume...
counting regions and sizes...
creating region graph for 1776 nodes
creating statistics provider
extracting region graph...
Region graph number of edges: 11285
merging until threshold 0.5
computing initial scores
merging until 0.5
min edge score 0.00195312
threshold exceeded
merged 310 edges
extracting segmentation
Re-using already compiled waterz version
Preparing segmentation volume...
counting regions and sizes...
creating region graph for 1675 nodes
creating statistics provider
extracting region graph...
Region graph number of edges: 10448
merging until threshold 0.5
computing initial scores
merging until 0.5
min edge score 0.00195312
threshold exceeded
merged 316 edges
extracting segmentation
Re-using already compiled waterz version
Preparing segmentation volume...
counting regions and sizes...
creating region graph for 1665 nodes
creating statistics provider
extracting region graph...
Region graph number of edges: 10716
merging until threshold 0.5
computing initial scores
merging until 0.5
min edge score 0.00195312
threshold exceeded
merged 387 edges
extracting segmentation
Re-using already compiled waterz version
Preparing segmentation volume...
counting regions and sizes...
creating region graph for 677 nodes
creating statistics provider
extracting region graph...
Region graph number of edges: 3917
merging until threshold 0.5
computing initial scores
merging until 0.5
min edge score 0.00195312
threshold exceeded
merged 157 edges
extracting segmentation
Re-using already compiled waterz version
Preparing segmentation volume...
counting regions and sizes...
creating region graph for 2012 nodes
creating statistics provider
extracting region graph...
Region graph number of edges: 12909
merging until threshold 0.5
computing initial scores
merging until 0.5
min edge score 0.00195312
threshold exceeded
merged 368 edges
extracting segmentation
Re-using already compiled waterz version
Preparing segmentation volume...
counting regions and sizes...
creating region graph for 1862 nodes
creating statistics provider
extracting region graph...
Region graph number of edges: 11834
merging until threshold 0.5
computing initial scores
merging until 0.5
min edge score 0.00195312
threshold exceeded
merged 336 edges
extracting segmentation
Re-using already compiled waterz version
Preparing segmentation volume...
counting regions and sizes...
creating region graph for 1651 nodes
creating statistics provider
extracting region graph...
Region graph number of edges: 10213
merging until threshold 0.5
computing initial scores
merging until 0.5
min edge score 0.00195312
threshold exceeded
merged 314 edges
extracting segmentation
Re-using already compiled waterz version
Preparing segmentation volume...
counting regions and sizes...
creating region graph for 1971 nodes
creating statistics provider
extracting region graph...
Region graph number of edges: 12544
merging until threshold 0.5
computing initial scores
merging until 0.5
min edge score 0.00195312
threshold exceeded
merged 466 edges
extracting segmentation
Re-using already compiled waterz version
Preparing segmentation volume...
counting regions and sizes...
creating region graph for 2024 nodes
creating statistics provider
extracting region graph...
Region graph number of edges: 13139
merging until threshold 0.5
computing initial scores
merging until 0.5
min edge score 0.00195312
threshold exceeded
merged 403 edges
extracting segmentation
Re-using already compiled waterz version
Preparing segmentation volume...
counting regions and sizes...
creating region graph for 2122 nodes
creating statistics provider
extracting region graph...
Region graph number of edges: 13599
merging until threshold 0.5
computing initial scores
merging until 0.5
min edge score 0.00195312
threshold exceeded
merged 343 edges
extracting segmentation
Re-using already compiled waterz version
Preparing segmentation volume...
counting regions and sizes...
creating region graph for 1498 nodes
creating statistics provider
extracting region graph...
Region graph number of edges: 9427
merging until threshold 0.5
computing initial scores
merging until 0.5
min edge score 0.00195312
threshold exceeded
merged 263 edges
extracting segmentation
Re-using already compiled waterz version
Preparing segmentation volume...
counting regions and sizes...
creating region graph for 1805 nodes
creating statistics provider
extracting region graph...
Region graph number of edges: 11339
merging until threshold 0.5
computing initial scores
merging until 0.5
min edge score 0.00195312
threshold exceeded
merged 379 edges
extracting segmentation
Re-using already compiled waterz version
Preparing segmentation volume...
counting regions and sizes...
creating region graph for 1894 nodes
creating statistics provider
extracting region graph...
Region graph number of edges: 11767
merging until threshold 0.5
computing initial scores
merging until 0.5
min edge score 0.00195312
threshold exceeded
merged 324 edges
extracting segmentation
Re-using already compiled waterz version
Preparing segmentation volume...
counting regions and sizes...
creating region graph for 1647 nodes
creating statistics provider
extracting region graph...
Region graph number of edges: 10397
merging until threshold 0.5
computing initial scores
merging until 0.5
min edge score 0.00195312
threshold exceeded
merged 387 edges
extracting segmentation
Re-using already compiled waterz version
Preparing segmentation volume...
counting regions and sizes...
creating region graph for 1715 nodes
creating statistics provider
extracting region graph...
Region graph number of edges: 10578
merging until threshold 0.5
computing initial scores
merging until 0.5
min edge score 0.00195312
threshold exceeded
merged 294 edges
extracting segmentation
Re-using already compiled waterz version
Preparing segmentation volume...
counting regions and sizes...
creating region graph for 1278 nodes
creating statistics provider
extracting region graph...
Region graph number of edges: 7824
merging until threshold 0.5
computing initial scores
merging until 0.5
min edge score 0.00195312
threshold exceeded
merged 274 edges
extracting segmentation
Re-using already compiled waterz version
Preparing segmentation volume...
counting regions and sizes...
creating region graph for 844 nodes
creating statistics provider
extracting region graph...
Region graph number of edges: 4986
merging until threshold 0.5
computing initial scores
merging until 0.5
min edge score 0.00195312
threshold exceeded
merged 254 edges
extracting segmentation
Re-using already compiled waterz version
Preparing segmentation volume...
counting regions and sizes...
creating region graph for 1116 nodes
creating statistics provider
extracting region graph...
Region graph number of edges: 6973
merging until threshold 0.5
computing initial scores
merging until 0.5
min edge score 0.00195312
threshold exceeded
merged 182 edges
extracting segmentation
Re-using already compiled waterz version
Preparing segmentation volume...
counting regions and sizes...
creating region graph for 1168 nodes
creating statistics provider
extracting region graph...
Region graph number of edges: 7420
merging until threshold 0.5
computing initial scores
merging until 0.5
min edge score 0.00195312
threshold exceeded
merged 297 edges
extracting segmentation
Re-using already compiled waterz version
Preparing segmentation volume...
counting regions and sizes...
creating region graph for 740 nodes
creating statistics provider
extracting region graph...
Region graph number of edges: 4945
merging until threshold 0.5
computing initial scores
merging until 0.5
min edge score 0.00195312
threshold exceeded
merged 323 edges
extracting segmentation
Re-using already compiled waterz version
Preparing segmentation volume...
counting regions and sizes...
creating region graph for 1322 nodes
creating statistics provider
extracting region graph...
Region graph number of edges: 8499
merging until threshold 0.5
computing initial scores
merging until 0.5
min edge score 0.00195312
threshold exceeded
merged 283 edges
extracting segmentation
Re-using already compiled waterz version
Preparing segmentation volume...
counting regions and sizes...
creating region graph for 2201 nodes
creating statistics provider
extracting region graph...
Region graph number of edges: 14222
merging until threshold 0.5
computing initial scores
merging until 0.5
min edge score 0.00195312
threshold exceeded
merged 360 edges
extracting segmentation
Re-using already compiled waterz version
Preparing segmentation volume...
counting regions and sizes...
creating region graph for 1633 nodes
creating statistics provider
extracting region graph...
Region graph number of edges: 10192
merging until threshold 0.5
computing initial scores
merging until 0.5
min edge score 0.00195312
threshold exceeded
merged 400 edges
extracting segmentation
Re-using already compiled waterz version
Preparing segmentation volume...
counting regions and sizes...
creating region graph for 1522 nodes
creating statistics provider
extracting region graph...
Region graph number of edges: 9535
merging until threshold 0.5
computing initial scores
merging until 0.5
min edge score 0.00195312
threshold exceeded
merged 326 edges
extracting segmentation
Re-using already compiled waterz version
Preparing segmentation volume...
counting regions and sizes...
creating region graph for 1560 nodes
creating statistics provider
extracting region graph...
Region graph number of edges: 9764
merging until threshold 0.5
computing initial scores
merging until 0.5
min edge score 0.00195312
threshold exceeded
merged 310 edges
extracting segmentation
Re-using already compiled waterz version
Preparing segmentation volume...
counting regions and sizes...
creating region graph for 1360 nodes
creating statistics provider
extracting region graph...
Region graph number of edges: 8098
merging until threshold 0.5
computing initial scores
merging until 0.5
min edge score 0.00195312
threshold exceeded
merged 348 edges
extracting segmentation
Re-using already compiled waterz version
Preparing segmentation volume...
counting regions and sizes...
creating region graph for 1445 nodes
creating statistics provider
extracting region graph...
Region graph number of edges: 9025
merging until threshold 0.5
computing initial scores
merging until 0.5
min edge score 0.00195312
threshold exceeded
merged 312 edges
extracting segmentation
Re-using already compiled waterz version
Preparing segmentation volume...
counting regions and sizes...
creating region graph for 1280 nodes
creating statistics provider
extracting region graph...
Region graph number of edges: 7779
merging until threshold 0.5
computing initial scores
merging until 0.5
min edge score 0.00195312
threshold exceeded
merged 284 edges
extracting segmentation
Re-using already compiled waterz version
Preparing segmentation volume...
counting regions and sizes...
creating region graph for 1065 nodes
creating statistics provider
extracting region graph...
Region graph number of edges: 6517
merging until threshold 0.5
computing initial scores
merging until 0.5
min edge score 0.00195312
threshold exceeded
merged 180 edges
extracting segmentation
Re-using already compiled waterz version
Preparing segmentation volume...
counting regions and sizes...
creating region graph for 1313 nodes
creating statistics provider
extracting region graph...
Region graph number of edges: 8292
merging until threshold 0.5
computing initial scores
merging until 0.5
min edge score 0.00195312
threshold exceeded
merged 235 edges
extracting segmentation
Re-using already compiled waterz version
Preparing segmentation volume...
counting regions and sizes...
creating region graph for 1556 nodes
creating statistics provider
extracting region graph...
Region graph number of edges: 9799
merging until threshold 0.5
computing initial scores
merging until 0.5
min edge score 0.00195312
threshold exceeded
merged 275 edges
extracting segmentation
Re-using already compiled waterz version
Preparing segmentation volume...
counting regions and sizes...
creating region graph for 1086 nodes
creating statistics provider
extracting region graph...
Region graph number of edges: 6682
merging until threshold 0.5
computing initial scores
merging until 0.5
min edge score 0.00195312
threshold exceeded
merged 158 edges
extracting segmentation
