INFO:root:worker 12 started...
INFO:root:epsilon_agglomerate: 0.6
INFO:root:mask_file: None
INFO:root:mask_dataset: None
INFO:root:filter_fragments: 0.0
INFO:root:Running block with config daisy_logs/octoS0SubroiZ1411215680Y1724818816X62727840Yhalfresionhalfsoma_fragments/config_12.yaml...
INFO:root:Reading affs from /media/samia/DATA/ark/lsd_outputs/MTLSD/3d/run-aclsd-together/model_checkpoint_300000/octo-s0-subroi_z14112-15680_y17248-18816_x6272-7840_yhalfresionhalfsoma.zarr
INFO:root:Reading fragments from /media/samia/DATA/ark/lsd_outputs/MTLSD/3d/run-aclsd-together/model_checkpoint_300000/octo-s0-subroi_z14112-15680_y17248-18816_x6272-7840_yhalfresionhalfsoma.zarr
INFO:root:Opening RAG DB...
INFO:root:RAG DB opened
INFO:root:block read roi begin: (1360, 7624, 2224)
INFO:root:block read roi shape: (1856, 1856, 1856)
INFO:root:block write roi begin: (1856, 8120, 2720)
INFO:root:block write roi shape: (864, 864, 864)
ERROR:daisy.client:Block octoS0SubroiZ1411215680Y1724818816X62727840Yhalfresionhalfsoma_fragments/332 with read ROI [1360:3216, 7624:9480, 2224:4080] (1856, 1856, 1856) and write ROI [1856:2720, 8120:8984, 2720:3584] (864, 864, 864) failed in worker 12
Traceback (most recent call last):
  File "/home/samia/anaconda3/envs/funkelsd/lib/python3.8/site-packages/daisy/client.py", line 85, in acquire_block
    yield block
  File "./engine/post/extract_fragments_worker.py", line 98, in extract_fragments_worker
    run_waterz_parallel(affs=affs,
  File "/media/samia/DATA/PhD/codebases/restructured_packages/local_shape_descriptors/engine/post/run_waterz.py", line 47, in run_waterz_parallel
    logger.debug("reading affs from %s", block.read_roi)
NameError: name 'logger' is not defined
INFO:root:block read roi begin: (1360, 8488, 1360)
INFO:root:block read roi shape: (1856, 1856, 1856)
INFO:root:block write roi begin: (1856, 8984, 1856)
INFO:root:block write roi shape: (864, 864, 864)
ERROR:daisy.client:Block octoS0SubroiZ1411215680Y1724818816X62727840Yhalfresionhalfsoma_fragments/342 with read ROI [1360:3216, 8488:10344, 1360:3216] (1856, 1856, 1856) and write ROI [1856:2720, 8984:9848, 1856:2720] (864, 864, 864) failed in worker 12
Traceback (most recent call last):
  File "/home/samia/anaconda3/envs/funkelsd/lib/python3.8/site-packages/daisy/client.py", line 85, in acquire_block
    yield block
  File "./engine/post/extract_fragments_worker.py", line 98, in extract_fragments_worker
    run_waterz_parallel(affs=affs,
  File "/media/samia/DATA/PhD/codebases/restructured_packages/local_shape_descriptors/engine/post/run_waterz.py", line 47, in run_waterz_parallel
    logger.debug("reading affs from %s", block.read_roi)
NameError: name 'logger' is not defined
INFO:root:block read roi begin: (1360, 9352, 496)
INFO:root:block read roi shape: (1856, 1856, 1856)
INFO:root:block write roi begin: (1856, 9848, 992)
INFO:root:block write roi shape: (864, 864, 864)
ERROR:daisy.client:Block octoS0SubroiZ1411215680Y1724818816X62727840Yhalfresionhalfsoma_fragments/353 with read ROI [1360:3216, 9352:11208, 496:2352] (1856, 1856, 1856) and write ROI [1856:2720, 9848:10712, 992:1856] (864, 864, 864) failed in worker 12
Traceback (most recent call last):
  File "/home/samia/anaconda3/envs/funkelsd/lib/python3.8/site-packages/daisy/client.py", line 85, in acquire_block
    yield block
  File "./engine/post/extract_fragments_worker.py", line 98, in extract_fragments_worker
    run_waterz_parallel(affs=affs,
  File "/media/samia/DATA/PhD/codebases/restructured_packages/local_shape_descriptors/engine/post/run_waterz.py", line 47, in run_waterz_parallel
    logger.debug("reading affs from %s", block.read_roi)
NameError: name 'logger' is not defined
INFO:root:block read roi begin: (1360, 9352, 10864)
INFO:root:block read roi shape: (1856, 1856, 1184)
INFO:root:block write roi begin: (1856, 9848, 11360)
INFO:root:block write roi shape: (864, 864, 192)
ERROR:daisy.client:Block octoS0SubroiZ1411215680Y1724818816X62727840Yhalfresionhalfsoma_fragments/2367 with read ROI [1360:3216, 9352:11208, 10864:12048] (1856, 1856, 1184) and write ROI [1856:2720, 9848:10712, 11360:11552] (864, 864, 192) failed in worker 12
Traceback (most recent call last):
  File "/home/samia/anaconda3/envs/funkelsd/lib/python3.8/site-packages/daisy/client.py", line 85, in acquire_block
    yield block
  File "./engine/post/extract_fragments_worker.py", line 98, in extract_fragments_worker
    run_waterz_parallel(affs=affs,
  File "/media/samia/DATA/PhD/codebases/restructured_packages/local_shape_descriptors/engine/post/run_waterz.py", line 47, in run_waterz_parallel
    logger.debug("reading affs from %s", block.read_roi)
NameError: name 'logger' is not defined
INFO:root:block read roi begin: (1360, 10216, 10000)
INFO:root:block read roi shape: (1856, 1856, 1856)
INFO:root:block write roi begin: (1856, 10712, 10496)
INFO:root:block write roi shape: (864, 864, 864)
ERROR:daisy.client:Block octoS0SubroiZ1411215680Y1724818816X62727840Yhalfresionhalfsoma_fragments/2379 with read ROI [1360:3216, 10216:12072, 10000:11856] (1856, 1856, 1856) and write ROI [1856:2720, 10712:11576, 10496:11360] (864, 864, 864) failed in worker 12
Traceback (most recent call last):
  File "/home/samia/anaconda3/envs/funkelsd/lib/python3.8/site-packages/daisy/client.py", line 85, in acquire_block
    yield block
  File "./engine/post/extract_fragments_worker.py", line 98, in extract_fragments_worker
    run_waterz_parallel(affs=affs,
  File "/media/samia/DATA/PhD/codebases/restructured_packages/local_shape_descriptors/engine/post/run_waterz.py", line 47, in run_waterz_parallel
    logger.debug("reading affs from %s", block.read_roi)
NameError: name 'logger' is not defined
INFO:root:block read roi begin: (1360, 11080, 9136)
INFO:root:block read roi shape: (1856, 1184, 1856)
INFO:root:block write roi begin: (1856, 11576, 9632)
INFO:root:block write roi shape: (864, 192, 864)
ERROR:daisy.client:Block octoS0SubroiZ1411215680Y1724818816X62727840Yhalfresionhalfsoma_fragments/2392 with read ROI [1360:3216, 11080:12264, 9136:10992] (1856, 1184, 1856) and write ROI [1856:2720, 11576:11768, 9632:10496] (864, 192, 864) failed in worker 12
Traceback (most recent call last):
  File "/home/samia/anaconda3/envs/funkelsd/lib/python3.8/site-packages/daisy/client.py", line 85, in acquire_block
    yield block
  File "./engine/post/extract_fragments_worker.py", line 98, in extract_fragments_worker
    run_waterz_parallel(affs=affs,
  File "/media/samia/DATA/PhD/codebases/restructured_packages/local_shape_descriptors/engine/post/run_waterz.py", line 47, in run_waterz_parallel
    logger.debug("reading affs from %s", block.read_roi)
NameError: name 'logger' is not defined
INFO:root:block read roi begin: (2224, 712, 8272)
INFO:root:block read roi shape: (1856, 1856, 1856)
INFO:root:block write roi begin: (2720, 1208, 8768)
INFO:root:block write roi shape: (864, 864, 864)
ERROR:daisy.client:Block octoS0SubroiZ1411215680Y1724818816X62727840Yhalfresionhalfsoma_fragments/291 with read ROI [2224:4080, 712:2568, 8272:10128] (1856, 1856, 1856) and write ROI [2720:3584, 1208:2072, 8768:9632] (864, 864, 864) failed in worker 12
Traceback (most recent call last):
  File "/home/samia/anaconda3/envs/funkelsd/lib/python3.8/site-packages/daisy/client.py", line 85, in acquire_block
    yield block
  File "./engine/post/extract_fragments_worker.py", line 98, in extract_fragments_worker
    run_waterz_parallel(affs=affs,
  File "/media/samia/DATA/PhD/codebases/restructured_packages/local_shape_descriptors/engine/post/run_waterz.py", line 47, in run_waterz_parallel
    logger.debug("reading affs from %s", block.read_roi)
NameError: name 'logger' is not defined
INFO:root:block read roi begin: (2224, 1576, 7408)
INFO:root:block read roi shape: (1856, 1856, 1856)
INFO:root:block write roi begin: (2720, 2072, 7904)
INFO:root:block write roi shape: (864, 864, 864)
ERROR:daisy.client:Block octoS0SubroiZ1411215680Y1724818816X62727840Yhalfresionhalfsoma_fragments/294 with read ROI [2224:4080, 1576:3432, 7408:9264] (1856, 1856, 1856) and write ROI [2720:3584, 2072:2936, 7904:8768] (864, 864, 864) failed in worker 12
Traceback (most recent call last):
  File "/home/samia/anaconda3/envs/funkelsd/lib/python3.8/site-packages/daisy/client.py", line 85, in acquire_block
    yield block
  File "./engine/post/extract_fragments_worker.py", line 98, in extract_fragments_worker
    run_waterz_parallel(affs=affs,
  File "/media/samia/DATA/PhD/codebases/restructured_packages/local_shape_descriptors/engine/post/run_waterz.py", line 47, in run_waterz_parallel
    logger.debug("reading affs from %s", block.read_roi)
NameError: name 'logger' is not defined
INFO:root:block read roi begin: (2224, 2440, 8272)
INFO:root:block read roi shape: (1856, 1856, 1856)
INFO:root:block write roi begin: (2720, 2936, 8768)
INFO:root:block write roi shape: (864, 864, 864)
ERROR:daisy.client:Block octoS0SubroiZ1411215680Y1724818816X62727840Yhalfresionhalfsoma_fragments/467 with read ROI [2224:4080, 2440:4296, 8272:10128] (1856, 1856, 1856) and write ROI [2720:3584, 2936:3800, 8768:9632] (864, 864, 864) failed in worker 12
Traceback (most recent call last):
  File "/home/samia/anaconda3/envs/funkelsd/lib/python3.8/site-packages/daisy/client.py", line 85, in acquire_block
    yield block
  File "./engine/post/extract_fragments_worker.py", line 98, in extract_fragments_worker
    run_waterz_parallel(affs=affs,
  File "/media/samia/DATA/PhD/codebases/restructured_packages/local_shape_descriptors/engine/post/run_waterz.py", line 47, in run_waterz_parallel
    logger.debug("reading affs from %s", block.read_roi)
NameError: name 'logger' is not defined
INFO:root:block read roi begin: (2224, 3304, 9136)
INFO:root:block read roi shape: (1856, 1856, 1856)
INFO:root:block write roi begin: (2720, 3800, 9632)
INFO:root:block write roi shape: (864, 864, 864)
ERROR:daisy.client:Block octoS0SubroiZ1411215680Y1724818816X62727840Yhalfresionhalfsoma_fragments/697 with read ROI [2224:4080, 3304:5160, 9136:10992] (1856, 1856, 1856) and write ROI [2720:3584, 3800:4664, 9632:10496] (864, 864, 864) failed in worker 12
Traceback (most recent call last):
  File "/home/samia/anaconda3/envs/funkelsd/lib/python3.8/site-packages/daisy/client.py", line 85, in acquire_block
    yield block
  File "./engine/post/extract_fragments_worker.py", line 98, in extract_fragments_worker
    run_waterz_parallel(affs=affs,
  File "/media/samia/DATA/PhD/codebases/restructured_packages/local_shape_descriptors/engine/post/run_waterz.py", line 47, in run_waterz_parallel
    logger.debug("reading affs from %s", block.read_roi)
NameError: name 'logger' is not defined
INFO:root:block read roi begin: (2224, 4168, 10864)
INFO:root:block read roi shape: (1856, 1856, 1184)
INFO:root:block write roi begin: (2720, 4664, 11360)
INFO:root:block write roi shape: (864, 864, 192)
ERROR:daisy.client:Block octoS0SubroiZ1411215680Y1724818816X62727840Yhalfresionhalfsoma_fragments/1163 with read ROI [2224:4080, 4168:6024, 10864:12048] (1856, 1856, 1184) and write ROI [2720:3584, 4664:5528, 11360:11552] (864, 864, 192) failed in worker 12
Traceback (most recent call last):
  File "/home/samia/anaconda3/envs/funkelsd/lib/python3.8/site-packages/daisy/client.py", line 85, in acquire_block
    yield block
  File "./engine/post/extract_fragments_worker.py", line 98, in extract_fragments_worker
    run_waterz_parallel(affs=affs,
  File "/media/samia/DATA/PhD/codebases/restructured_packages/local_shape_descriptors/engine/post/run_waterz.py", line 47, in run_waterz_parallel
    logger.debug("reading affs from %s", block.read_roi)
NameError: name 'logger' is not defined
INFO:root:block read roi begin: (2224, 5896, 496)
INFO:root:block read roi shape: (1856, 1856, 1856)
INFO:root:block write roi begin: (2720, 6392, 992)
INFO:root:block write roi shape: (864, 864, 864)
ERROR:daisy.client:Block octoS0SubroiZ1411215680Y1724818816X62727840Yhalfresionhalfsoma_fragments/158 with read ROI [2224:4080, 5896:7752, 496:2352] (1856, 1856, 1856) and write ROI [2720:3584, 6392:7256, 992:1856] (864, 864, 864) failed in worker 12
Traceback (most recent call last):
  File "/home/samia/anaconda3/envs/funkelsd/lib/python3.8/site-packages/daisy/client.py", line 85, in acquire_block
    yield block
  File "./engine/post/extract_fragments_worker.py", line 98, in extract_fragments_worker
    run_waterz_parallel(affs=affs,
  File "/media/samia/DATA/PhD/codebases/restructured_packages/local_shape_descriptors/engine/post/run_waterz.py", line 47, in run_waterz_parallel
    logger.debug("reading affs from %s", block.read_roi)
NameError: name 'logger' is not defined
INFO:root:block read roi begin: (2224, 5896, 10864)
INFO:root:block read roi shape: (1856, 1856, 1184)
INFO:root:block write roi begin: (2720, 6392, 11360)
INFO:root:block write roi shape: (864, 864, 192)
ERROR:daisy.client:Block octoS0SubroiZ1411215680Y1724818816X62727840Yhalfresionhalfsoma_fragments/1578 with read ROI [2224:4080, 5896:7752, 10864:12048] (1856, 1856, 1184) and write ROI [2720:3584, 6392:7256, 11360:11552] (864, 864, 192) failed in worker 12
Traceback (most recent call last):
  File "/home/samia/anaconda3/envs/funkelsd/lib/python3.8/site-packages/daisy/client.py", line 85, in acquire_block
    yield block
  File "./engine/post/extract_fragments_worker.py", line 98, in extract_fragments_worker
    run_waterz_parallel(affs=affs,
  File "/media/samia/DATA/PhD/codebases/restructured_packages/local_shape_descriptors/engine/post/run_waterz.py", line 47, in run_waterz_parallel
    logger.debug("reading affs from %s", block.read_roi)
NameError: name 'logger' is not defined
INFO:root:block read roi begin: (2224, 7624, 1360)
INFO:root:block read roi shape: (1856, 1856, 1856)
INFO:root:block write roi begin: (2720, 8120, 1856)
INFO:root:block write roi shape: (864, 864, 864)
ERROR:daisy.client:Block octoS0SubroiZ1411215680Y1724818816X62727840Yhalfresionhalfsoma_fragments/343 with read ROI [2224:4080, 7624:9480, 1360:3216] (1856, 1856, 1856) and write ROI [2720:3584, 8120:8984, 1856:2720] (864, 864, 864) failed in worker 12
Traceback (most recent call last):
  File "/home/samia/anaconda3/envs/funkelsd/lib/python3.8/site-packages/daisy/client.py", line 85, in acquire_block
    yield block
  File "./engine/post/extract_fragments_worker.py", line 98, in extract_fragments_worker
    run_waterz_parallel(affs=affs,
  File "/media/samia/DATA/PhD/codebases/restructured_packages/local_shape_descriptors/engine/post/run_waterz.py", line 47, in run_waterz_parallel
    logger.debug("reading affs from %s", block.read_roi)
NameError: name 'logger' is not defined
INFO:root:block read roi begin: (2224, 8488, 3088)
INFO:root:block read roi shape: (1856, 1856, 1856)
INFO:root:block write roi begin: (2720, 8984, 3584)
INFO:root:block write roi shape: (864, 864, 864)
ERROR:daisy.client:Block octoS0SubroiZ1411215680Y1724818816X62727840Yhalfresionhalfsoma_fragments/628 with read ROI [2224:4080, 8488:10344, 3088:4944] (1856, 1856, 1856) and write ROI [2720:3584, 8984:9848, 3584:4448] (864, 864, 864) failed in worker 12
Traceback (most recent call last):
  File "/home/samia/anaconda3/envs/funkelsd/lib/python3.8/site-packages/daisy/client.py", line 85, in acquire_block
    yield block
  File "./engine/post/extract_fragments_worker.py", line 98, in extract_fragments_worker
    run_waterz_parallel(affs=affs,
  File "/media/samia/DATA/PhD/codebases/restructured_packages/local_shape_descriptors/engine/post/run_waterz.py", line 47, in run_waterz_parallel
    logger.debug("reading affs from %s", block.read_roi)
NameError: name 'logger' is not defined
INFO:root:block read roi begin: (2224, 9352, 4816)
INFO:root:block read roi shape: (1856, 1856, 1856)
INFO:root:block write roi begin: (2720, 9848, 5312)
INFO:root:block write roi shape: (864, 864, 864)
ERROR:daisy.client:Block octoS0SubroiZ1411215680Y1724818816X62727840Yhalfresionhalfsoma_fragments/1049 with read ROI [2224:4080, 9352:11208, 4816:6672] (1856, 1856, 1856) and write ROI [2720:3584, 9848:10712, 5312:6176] (864, 864, 864) failed in worker 12
Traceback (most recent call last):
  File "/home/samia/anaconda3/envs/funkelsd/lib/python3.8/site-packages/daisy/client.py", line 85, in acquire_block
    yield block
  File "./engine/post/extract_fragments_worker.py", line 98, in extract_fragments_worker
    run_waterz_parallel(affs=affs,
  File "/media/samia/DATA/PhD/codebases/restructured_packages/local_shape_descriptors/engine/post/run_waterz.py", line 47, in run_waterz_parallel
    logger.debug("reading affs from %s", block.read_roi)
NameError: name 'logger' is not defined
