INFO:root:worker 4 started...
INFO:root:epsilon_agglomerate: 0.6
INFO:root:mask_file: None
INFO:root:mask_dataset: None
INFO:root:filter_fragments: 0.0
INFO:root:Running block with config daisy_logs/octoS0SubroiZ1411215680Y1724818816X62727840Yhalfresionhalfsoma_fragments/config_4.yaml...
INFO:root:Reading affs from /media/samia/DATA/ark/lsd_outputs/MTLSD/3d/run-aclsd-together/model_checkpoint_300000/octo-s0-subroi_z14112-15680_y17248-18816_x6272-7840_yhalfresionhalfsoma.zarr
INFO:root:Reading fragments from /media/samia/DATA/ark/lsd_outputs/MTLSD/3d/run-aclsd-together/model_checkpoint_300000/octo-s0-subroi_z14112-15680_y17248-18816_x6272-7840_yhalfresionhalfsoma.zarr
INFO:root:Opening RAG DB...
INFO:root:RAG DB opened
INFO:root:block read roi begin: (496, 712, 5680)
INFO:root:block read roi shape: (1856, 1856, 1856)
INFO:root:block write roi begin: (992, 1208, 6176)
INFO:root:block write roi shape: (864, 864, 864)
/home/samia/anaconda3/envs/funkelsd/lib/python3.8/site-packages/scipy/ndimage/_measurements.py:1534: RuntimeWarning: invalid value encountered in divide
  results = [sum(input * grids[dir].astype(float), labels, index) / normalizer
INFO:root:releasing block: octoS0SubroiZ1411215680Y1724818816X62727840Yhalfresionhalfsoma_fragments/56 with read ROI [496:2352, 712:2568, 5680:7536] (1856, 1856, 1856) and write ROI [992:1856, 1208:2072, 6176:7040] (864, 864, 864)
INFO:root:block read roi begin: (496, 1576, 1360)
INFO:root:block read roi shape: (1856, 1856, 1856)
INFO:root:block write roi begin: (992, 2072, 1856)
INFO:root:block write roi shape: (864, 864, 864)
INFO:root:releasing block: octoS0SubroiZ1411215680Y1724818816X62727840Yhalfresionhalfsoma_fragments/5 with read ROI [496:2352, 1576:3432, 1360:3216] (1856, 1856, 1856) and write ROI [992:1856, 2072:2936, 1856:2720] (864, 864, 864)
INFO:root:block read roi begin: (496, 1576, 7408)
INFO:root:block read roi shape: (1856, 1856, 1856)
INFO:root:block write roi begin: (992, 2072, 7904)
INFO:root:block write roi shape: (864, 864, 864)
INFO:root:releasing block: octoS0SubroiZ1411215680Y1724818816X62727840Yhalfresionhalfsoma_fragments/166 with read ROI [496:2352, 1576:3432, 7408:9264] (1856, 1856, 1856) and write ROI [992:1856, 2072:2936, 7904:8768] (864, 864, 864)
INFO:root:block read roi begin: (496, 2440, 7408)
INFO:root:block read roi shape: (1856, 1856, 1856)
INFO:root:block write roi begin: (992, 2936, 7904)
INFO:root:block write roi shape: (864, 864, 864)
INFO:root:releasing block: octoS0SubroiZ1411215680Y1724818816X62727840Yhalfresionhalfsoma_fragments/223 with read ROI [496:2352, 2440:4296, 7408:9264] (1856, 1856, 1856) and write ROI [992:1856, 2936:3800, 7904:8768] (864, 864, 864)
INFO:root:block read roi begin: (496, 3304, 5680)
INFO:root:block read roi shape: (1856, 1856, 1856)
INFO:root:block write roi begin: (992, 3800, 6176)
INFO:root:block write roi shape: (864, 864, 864)
INFO:root:releasing block: octoS0SubroiZ1411215680Y1724818816X62727840Yhalfresionhalfsoma_fragments/171 with read ROI [496:2352, 3304:5160, 5680:7536] (1856, 1856, 1856) and write ROI [992:1856, 3800:4664, 6176:7040] (864, 864, 864)
INFO:root:block read roi begin: (496, 4168, 4816)
INFO:root:block read roi shape: (1856, 1856, 1856)
INFO:root:block write roi begin: (992, 4664, 5312)
INFO:root:block write roi shape: (864, 864, 864)
INFO:root:releasing block: octoS0SubroiZ1411215680Y1724818816X62727840Yhalfresionhalfsoma_fragments/175 with read ROI [496:2352, 4168:6024, 4816:6672] (1856, 1856, 1856) and write ROI [992:1856, 4664:5528, 5312:6176] (864, 864, 864)
INFO:root:block read roi begin: (496, 5032, 3088)
INFO:root:block read roi shape: (1856, 1856, 1856)
INFO:root:block write roi begin: (992, 5528, 3584)
INFO:root:block write roi shape: (864, 864, 864)
INFO:root:releasing block: octoS0SubroiZ1411215680Y1724818816X62727840Yhalfresionhalfsoma_fragments/135 with read ROI [496:2352, 5032:6888, 3088:4944] (1856, 1856, 1856) and write ROI [992:1856, 5528:6392, 3584:4448] (864, 864, 864)
INFO:root:block read roi begin: (496, 5896, 496)
INFO:root:block read roi shape: (1856, 1856, 1856)
INFO:root:block write roi begin: (992, 6392, 992)
INFO:root:block write roi shape: (864, 864, 864)
INFO:root:releasing block: octoS0SubroiZ1411215680Y1724818816X62727840Yhalfresionhalfsoma_fragments/77 with read ROI [496:2352, 5896:7752, 496:2352] (1856, 1856, 1856) and write ROI [992:1856, 6392:7256, 992:1856] (864, 864, 864)
INFO:root:block read roi begin: (496, 5896, 9136)
INFO:root:block read roi shape: (1856, 1856, 1856)
INFO:root:block write roi begin: (992, 6392, 9632)
INFO:root:block write roi shape: (864, 864, 864)
INFO:root:releasing block: octoS0SubroiZ1411215680Y1724818816X62727840Yhalfresionhalfsoma_fragments/837 with read ROI [496:2352, 5896:7752, 9136:10992] (1856, 1856, 1856) and write ROI [992:1856, 6392:7256, 9632:10496] (864, 864, 864)
INFO:root:block read roi begin: (496, 6760, 6544)
INFO:root:block read roi shape: (1856, 1856, 1856)
INFO:root:block write roi begin: (992, 7256, 7040)
INFO:root:block write roi shape: (864, 864, 864)
INFO:root:releasing block: octoS0SubroiZ1411215680Y1724818816X62727840Yhalfresionhalfsoma_fragments/588 with read ROI [496:2352, 6760:8616, 6544:8400] (1856, 1856, 1856) and write ROI [992:1856, 7256:8120, 7040:7904] (864, 864, 864)
INFO:root:block read roi begin: (496, 7624, 5680)
INFO:root:block read roi shape: (1856, 1856, 1856)
INFO:root:block write roi begin: (992, 8120, 6176)
INFO:root:block write roi shape: (864, 864, 864)
INFO:root:releasing block: octoS0SubroiZ1411215680Y1724818816X62727840Yhalfresionhalfsoma_fragments/596 with read ROI [496:2352, 7624:9480, 5680:7536] (1856, 1856, 1856) and write ROI [992:1856, 8120:8984, 6176:7040] (864, 864, 864)
INFO:root:block read roi begin: (496, 8488, 3952)
INFO:root:block read roi shape: (1856, 1856, 1856)
INFO:root:block write roi begin: (992, 8984, 4448)
INFO:root:block write roi shape: (864, 864, 864)
INFO:root:releasing block: octoS0SubroiZ1411215680Y1724818816X62727840Yhalfresionhalfsoma_fragments/500 with read ROI [496:2352, 8488:10344, 3952:5808] (1856, 1856, 1856) and write ROI [992:1856, 8984:9848, 4448:5312] (864, 864, 864)
INFO:root:block read roi begin: (496, 9352, 1360)
INFO:root:block read roi shape: (1856, 1856, 1856)
INFO:root:block write roi begin: (992, 9848, 1856)
INFO:root:block write roi shape: (864, 864, 864)
INFO:root:releasing block: octoS0SubroiZ1411215680Y1724818816X62727840Yhalfresionhalfsoma_fragments/341 with read ROI [496:2352, 9352:11208, 1360:3216] (1856, 1856, 1856) and write ROI [992:1856, 9848:10712, 1856:2720] (864, 864, 864)
INFO:root:block read roi begin: (496, 9352, 10000)
INFO:root:block read roi shape: (1856, 1856, 1856)
INFO:root:block write roi begin: (992, 9848, 10496)
INFO:root:block write roi shape: (864, 864, 864)
INFO:root:releasing block: octoS0SubroiZ1411215680Y1724818816X62727840Yhalfresionhalfsoma_fragments/1826 with read ROI [496:2352, 9352:11208, 10000:11856] (1856, 1856, 1856) and write ROI [992:1856, 9848:10712, 10496:11360] (864, 864, 864)
INFO:root:block read roi begin: (496, 10216, 8272)
INFO:root:block read roi shape: (1856, 1856, 1856)
INFO:root:block write roi begin: (992, 10712, 8768)
INFO:root:block write roi shape: (864, 864, 864)
INFO:root:releasing block: octoS0SubroiZ1411215680Y1724818816X62727840Yhalfresionhalfsoma_fragments/1606 with read ROI [496:2352, 10216:12072, 8272:10128] (1856, 1856, 1856) and write ROI [992:1856, 10712:11576, 8768:9632] (864, 864, 864)
INFO:root:block read roi begin: (496, 11080, 6544)
INFO:root:block read roi shape: (1856, 1184, 1856)
INFO:root:block write roi begin: (992, 11576, 7040)
INFO:root:block write roi shape: (864, 192, 864)
INFO:root:releasing block: octoS0SubroiZ1411215680Y1724818816X62727840Yhalfresionhalfsoma_fragments/1408 with read ROI [496:2352, 11080:12264, 6544:8400] (1856, 1184, 1856) and write ROI [992:1856, 11576:11768, 7040:7904] (864, 192, 864)
INFO:root:block read roi begin: (1360, 712, 3088)
INFO:root:block read roi shape: (1856, 1856, 1856)
INFO:root:block write roi begin: (1856, 1208, 3584)
INFO:root:block write roi shape: (864, 864, 864)
INFO:root:releasing block: octoS0SubroiZ1411215680Y1724818816X62727840Yhalfresionhalfsoma_fragments/22 with read ROI [1360:3216, 712:2568, 3088:4944] (1856, 1856, 1856) and write ROI [1856:2720, 1208:2072, 3584:4448] (864, 864, 864)
INFO:root:block read roi begin: (1360, 1576, 1360)
INFO:root:block read roi shape: (1856, 1856, 1856)
INFO:root:block write roi begin: (1856, 2072, 1856)
INFO:root:block write roi shape: (864, 864, 864)
INFO:root:releasing block: octoS0SubroiZ1411215680Y1724818816X62727840Yhalfresionhalfsoma_fragments/14 with read ROI [1360:3216, 1576:3432, 1360:3216] (1856, 1856, 1856) and write ROI [1856:2720, 2072:2936, 1856:2720] (864, 864, 864)
INFO:root:block read roi begin: (1360, 1576, 10000)
INFO:root:block read roi shape: (1856, 1856, 1856)
INFO:root:block write roi begin: (1856, 2072, 10496)
INFO:root:block write roi shape: (864, 864, 864)
INFO:root:releasing block: octoS0SubroiZ1411215680Y1724818816X62727840Yhalfresionhalfsoma_fragments/459 with read ROI [1360:3216, 1576:3432, 10000:11856] (1856, 1856, 1856) and write ROI [1856:2720, 2072:2936, 10496:11360] (864, 864, 864)
INFO:root:block read roi begin: (1360, 2440, 8272)
INFO:root:block read roi shape: (1856, 1856, 1856)
INFO:root:block write roi begin: (1856, 2936, 8768)
INFO:root:block write roi shape: (864, 864, 864)
INFO:root:releasing block: octoS0SubroiZ1411215680Y1724818816X62727840Yhalfresionhalfsoma_fragments/371 with read ROI [1360:3216, 2440:4296, 8272:10128] (1856, 1856, 1856) and write ROI [1856:2720, 2936:3800, 8768:9632] (864, 864, 864)
INFO:root:block read roi begin: (1360, 3304, 6544)
INFO:root:block read roi shape: (1856, 1856, 1856)
INFO:root:block write roi begin: (1856, 3800, 7040)
INFO:root:block write roi shape: (864, 864, 864)
INFO:root:releasing block: octoS0SubroiZ1411215680Y1724818816X62727840Yhalfresionhalfsoma_fragments/297 with read ROI [1360:3216, 3304:5160, 6544:8400] (1856, 1856, 1856) and write ROI [1856:2720, 3800:4664, 7040:7904] (864, 864, 864)
INFO:root:block read roi begin: (1360, 4168, 3952)
INFO:root:block read roi shape: (1856, 1856, 1856)
INFO:root:block write roi begin: (1856, 4664, 4448)
INFO:root:block write roi shape: (864, 864, 864)
INFO:root:releasing block: octoS0SubroiZ1411215680Y1724818816X62727840Yhalfresionhalfsoma_fragments/181 with read ROI [1360:3216, 4168:6024, 3952:5808] (1856, 1856, 1856) and write ROI [1856:2720, 4664:5528, 4448:5312] (864, 864, 864)
INFO:root:block read roi begin: (1360, 5032, 1360)
INFO:root:block read roi shape: (1856, 1856, 1856)
INFO:root:block write roi begin: (1856, 5528, 1856)
INFO:root:block write roi shape: (864, 864, 864)
INFO:root:releasing block: octoS0SubroiZ1411215680Y1724818816X62727840Yhalfresionhalfsoma_fragments/106 with read ROI [1360:3216, 5032:6888, 1360:3216] (1856, 1856, 1856) and write ROI [1856:2720, 5528:6392, 1856:2720] (864, 864, 864)
INFO:root:block read roi begin: (1360, 5032, 10000)
INFO:root:block read roi shape: (1856, 1856, 1856)
INFO:root:block write roi begin: (1856, 5528, 10496)
INFO:root:block write roi shape: (864, 864, 864)
INFO:root:releasing block: octoS0SubroiZ1411215680Y1724818816X62727840Yhalfresionhalfsoma_fragments/991 with read ROI [1360:3216, 5032:6888, 10000:11856] (1856, 1856, 1856) and write ROI [1856:2720, 5528:6392, 10496:11360] (864, 864, 864)
INFO:root:block read roi begin: (1360, 5896, 7408)
INFO:root:block read roi shape: (1856, 1856, 1856)
INFO:root:block write roi begin: (1856, 6392, 7904)
INFO:root:block write roi shape: (864, 864, 864)
INFO:root:releasing block: octoS0SubroiZ1411215680Y1724818816X62727840Yhalfresionhalfsoma_fragments/709 with read ROI [1360:3216, 5896:7752, 7408:9264] (1856, 1856, 1856) and write ROI [1856:2720, 6392:7256, 7904:8768] (864, 864, 864)
INFO:root:block read roi begin: (1360, 6760, 5680)
INFO:root:block read roi shape: (1856, 1856, 1856)
INFO:root:block write roi begin: (1856, 7256, 6176)
INFO:root:block write roi shape: (864, 864, 864)
INFO:root:releasing block: octoS0SubroiZ1411215680Y1724818816X62727840Yhalfresionhalfsoma_fragments/597 with read ROI [1360:3216, 6760:8616, 5680:7536] (1856, 1856, 1856) and write ROI [1856:2720, 7256:8120, 6176:7040] (864, 864, 864)
INFO:root:block read roi begin: (1360, 7624, 3088)
INFO:root:block read roi shape: (1856, 1856, 1856)
INFO:root:block write roi begin: (1856, 8120, 3584)
INFO:root:block write roi shape: (864, 864, 864)
INFO:root:releasing block: octoS0SubroiZ1411215680Y1724818816X62727840Yhalfresionhalfsoma_fragments/410 with read ROI [1360:3216, 7624:9480, 3088:4944] (1856, 1856, 1856) and write ROI [1856:2720, 8120:8984, 3584:4448] (864, 864, 864)
INFO:root:block read roi begin: (1360, 8488, 496)
INFO:root:block read roi shape: (1856, 1856, 1856)
INFO:root:block write roi begin: (1856, 8984, 992)
INFO:root:block write roi shape: (864, 864, 864)
INFO:root:releasing block: octoS0SubroiZ1411215680Y1724818816X62727840Yhalfresionhalfsoma_fragments/276 with read ROI [1360:3216, 8488:10344, 496:2352] (1856, 1856, 1856) and write ROI [1856:2720, 8984:9848, 992:1856] (864, 864, 864)
INFO:root:block read roi begin: (1360, 8488, 9136)
INFO:root:block read roi shape: (1856, 1856, 1856)
INFO:root:block write roi begin: (1856, 8984, 9632)
INFO:root:block write roi shape: (864, 864, 864)
INFO:root:releasing block: octoS0SubroiZ1411215680Y1724818816X62727840Yhalfresionhalfsoma_fragments/1596 with read ROI [1360:3216, 8488:10344, 9136:10992] (1856, 1856, 1856) and write ROI [1856:2720, 8984:9848, 9632:10496] (864, 864, 864)
INFO:root:block read roi begin: (1360, 9352, 7408)
INFO:root:block read roi shape: (1856, 1856, 1856)
INFO:root:block write roi begin: (1856, 9848, 7904)
INFO:root:block write roi shape: (864, 864, 864)
INFO:root:releasing block: octoS0SubroiZ1411215680Y1724818816X62727840Yhalfresionhalfsoma_fragments/1397 with read ROI [1360:3216, 9352:11208, 7408:9264] (1856, 1856, 1856) and write ROI [1856:2720, 9848:10712, 7904:8768] (864, 864, 864)
INFO:root:block read roi begin: (1360, 10216, 4816)
INFO:root:block read roi shape: (1856, 1856, 1856)
INFO:root:block write roi begin: (1856, 10712, 5312)
INFO:root:block write roi shape: (864, 864, 864)
INFO:root:releasing block: octoS0SubroiZ1411215680Y1724818816X62727840Yhalfresionhalfsoma_fragments/1048 with read ROI [1360:3216, 10216:12072, 4816:6672] (1856, 1856, 1856) and write ROI [1856:2720, 10712:11576, 5312:6176] (864, 864, 864)
INFO:root:block read roi begin: (1360, 11080, 2224)
INFO:root:block read roi shape: (1856, 1184, 1856)
INFO:root:block write roi begin: (1856, 11576, 2720)
INFO:root:block write roi shape: (864, 192, 864)
INFO:root:releasing block: octoS0SubroiZ1411215680Y1724818816X62727840Yhalfresionhalfsoma_fragments/772 with read ROI [1360:3216, 11080:12264, 2224:4080] (1856, 1184, 1856) and write ROI [1856:2720, 11576:11768, 2720:3584] (864, 192, 864)
INFO:root:block read roi begin: (1360, 11080, 10000)
INFO:root:block read roi shape: (1856, 1184, 1856)
INFO:root:block write roi begin: (1856, 11576, 10496)
INFO:root:block write roi shape: (864, 192, 864)
INFO:root:releasing block: octoS0SubroiZ1411215680Y1724818816X62727840Yhalfresionhalfsoma_fragments/2692 with read ROI [1360:3216, 11080:12264, 10000:11856] (1856, 1184, 1856) and write ROI [1856:2720, 11576:11768, 10496:11360] (864, 192, 864)
INFO:root:block read roi begin: (2224, 712, 7408)
INFO:root:block read roi shape: (1856, 1856, 1856)
INFO:root:block write roi begin: (2720, 1208, 7904)
INFO:root:block write roi shape: (864, 864, 864)
ERROR:daisy.client:Block octoS0SubroiZ1411215680Y1724818816X62727840Yhalfresionhalfsoma_fragments/225 with read ROI [2224:4080, 712:2568, 7408:9264] (1856, 1856, 1856) and write ROI [2720:3584, 1208:2072, 7904:8768] (864, 864, 864) failed in worker 4
Traceback (most recent call last):
  File "/home/samia/anaconda3/envs/funkelsd/lib/python3.8/site-packages/daisy/client.py", line 85, in acquire_block
    yield block
  File "./engine/post/extract_fragments_worker.py", line 98, in extract_fragments_worker
    run_waterz_parallel(affs=affs,
  File "/media/samia/DATA/PhD/codebases/restructured_packages/local_shape_descriptors/engine/post/run_waterz.py", line 104, in run_waterz_parallel
    logger.debug("writing fragments to %s", block.write_roi)
  File "/home/samia/anaconda3/envs/funkelsd/lib/python3.8/site-packages/funlib/persistence/arrays/array.py", line 207, in __setitem__
    target[target_slices] = source[source_slices]
  File "/home/samia/anaconda3/envs/funkelsd/lib/python3.8/site-packages/zarr/core.py", line 1391, in __setitem__
    self.set_basic_selection(pure_selection, value, fields=fields)
  File "/home/samia/anaconda3/envs/funkelsd/lib/python3.8/site-packages/zarr/core.py", line 1486, in set_basic_selection
    return self._set_basic_selection_nd(selection, value, fields=fields)
  File "/home/samia/anaconda3/envs/funkelsd/lib/python3.8/site-packages/zarr/core.py", line 1790, in _set_basic_selection_nd
    self._set_selection(indexer, value, fields=fields)
  File "/home/samia/anaconda3/envs/funkelsd/lib/python3.8/site-packages/zarr/core.py", line 1842, in _set_selection
    self._chunk_setitem(chunk_coords, chunk_selection, chunk_value, fields=fields)
  File "/home/samia/anaconda3/envs/funkelsd/lib/python3.8/site-packages/zarr/core.py", line 2137, in _chunk_setitem
    self._chunk_setitem_nosync(chunk_coords, chunk_selection, value,
  File "/home/samia/anaconda3/envs/funkelsd/lib/python3.8/site-packages/zarr/core.py", line 2142, in _chunk_setitem_nosync
    cdata = self._process_for_setitem(ckey, chunk_selection, value, fields=fields)
  File "/home/samia/anaconda3/envs/funkelsd/lib/python3.8/site-packages/zarr/core.py", line 2176, in _process_for_setitem
    cdata = self.chunk_store[ckey]
  File "/home/samia/anaconda3/envs/funkelsd/lib/python3.8/site-packages/zarr/storage.py", line 1085, in __getitem__
    return self._fromfile(filepath)
  File "/home/samia/anaconda3/envs/funkelsd/lib/python3.8/site-packages/zarr/storage.py", line 1059, in _fromfile
    with open(fn, 'rb') as f:
FileNotFoundError: [Errno 2] No such file or directory: '/media/samia/DATA/ark/lsd_outputs/MTLSD/3d/run-aclsd-together/model_checkpoint_300000/octo-s0-subroi_z14112-15680_y17248-18816_x6272-7840_yhalfresionhalfsoma.zarr/volumes/segmentation_06/3.2.9'
INFO:root:block read roi begin: (2224, 1576, 3952)
INFO:root:block read roi shape: (1856, 1856, 1856)
INFO:root:block write roi begin: (2720, 2072, 4448)
INFO:root:block write roi shape: (864, 864, 864)
INFO:root:releasing block: octoS0SubroiZ1411215680Y1724818816X62727840Yhalfresionhalfsoma_fragments/92 with read ROI [2224:4080, 1576:3432, 3952:5808] (1856, 1856, 1856) and write ROI [2720:3584, 2072:2936, 4448:5312] (864, 864, 864)
INFO:root:block read roi begin: (2224, 1576, 10864)
INFO:root:block read roi shape: (1856, 1856, 1184)
INFO:root:block write roi begin: (2720, 2072, 11360)
INFO:root:block write roi shape: (864, 864, 192)
INFO:root:releasing block: octoS0SubroiZ1411215680Y1724818816X62727840Yhalfresionhalfsoma_fragments/688 with read ROI [2224:4080, 1576:3432, 10864:12048] (1856, 1856, 1184) and write ROI [2720:3584, 2072:2936, 11360:11552] (864, 864, 192)
INFO:root:block read roi begin: (2224, 2440, 7408)
INFO:root:block read roi shape: (1856, 1856, 1856)
INFO:root:block write roi begin: (2720, 2936, 7904)
INFO:root:block write roi shape: (864, 864, 864)
INFO:root:releasing block: octoS0SubroiZ1411215680Y1724818816X62727840Yhalfresionhalfsoma_fragments/376 with read ROI [2224:4080, 2440:4296, 7408:9264] (1856, 1856, 1856) and write ROI [2720:3584, 2936:3800, 7904:8768] (864, 864, 864)
INFO:root:block read roi begin: (2224, 3304, 6544)
INFO:root:block read roi shape: (1856, 1856, 1856)
INFO:root:block write roi begin: (2720, 3800, 7040)
INFO:root:block write roi shape: (864, 864, 864)
INFO:root:releasing block: octoS0SubroiZ1411215680Y1724818816X62727840Yhalfresionhalfsoma_fragments/381 with read ROI [2224:4080, 3304:5160, 6544:8400] (1856, 1856, 1856) and write ROI [2720:3584, 3800:4664, 7040:7904] (864, 864, 864)
INFO:root:block read roi begin: (2224, 4168, 4816)
INFO:root:block read roi shape: (1856, 1856, 1856)
INFO:root:block write roi begin: (2720, 4664, 5312)
INFO:root:block write roi shape: (864, 864, 864)
INFO:root:releasing block: octoS0SubroiZ1411215680Y1724818816X62727840Yhalfresionhalfsoma_fragments/309 with read ROI [2224:4080, 4168:6024, 4816:6672] (1856, 1856, 1856) and write ROI [2720:3584, 4664:5528, 5312:6176] (864, 864, 864)
INFO:root:block read roi begin: (2224, 5032, 2224)
INFO:root:block read roi shape: (1856, 1856, 1856)
INFO:root:block write roi begin: (2720, 5528, 2720)
INFO:root:block write roi shape: (864, 864, 864)
