INFO:root:worker 5 started...
INFO:root:epsilon_agglomerate: 0.6
INFO:root:mask_file: None
INFO:root:mask_dataset: None
INFO:root:filter_fragments: 0.0
INFO:root:Running block with config daisy_logs/octoS0SubroiZ1411215680Y1724818816X62727840Yhalfresionhalfsoma_fragments/config_5.yaml...
INFO:root:Reading affs from /media/samia/DATA/ark/lsd_outputs/MTLSD/3d/run-aclsd-together/model_checkpoint_300000/octo-s0-subroi_z14112-15680_y17248-18816_x6272-7840_yhalfresionhalfsoma.zarr
INFO:root:Reading fragments from /media/samia/DATA/ark/lsd_outputs/MTLSD/3d/run-aclsd-together/model_checkpoint_300000/octo-s0-subroi_z14112-15680_y17248-18816_x6272-7840_yhalfresionhalfsoma.zarr
INFO:root:Opening RAG DB...
INFO:root:RAG DB opened
INFO:root:block read roi begin: (496, 712, 3952)
INFO:root:block read roi shape: (1856, 1856, 1856)
INFO:root:block write roi begin: (992, 1208, 4448)
INFO:root:block write roi shape: (864, 864, 864)
/home/samia/anaconda3/envs/funkelsd/lib/python3.8/site-packages/scipy/ndimage/_measurements.py:1534: RuntimeWarning: invalid value encountered in divide
  results = [sum(input * grids[dir].astype(float), labels, index) / normalizer
INFO:root:releasing block: octoS0SubroiZ1411215680Y1724818816X62727840Yhalfresionhalfsoma_fragments/20 with read ROI [496:2352, 712:2568, 3952:5808] (1856, 1856, 1856) and write ROI [992:1856, 1208:2072, 4448:5312] (864, 864, 864)
INFO:root:block read roi begin: (496, 1576, 3952)
INFO:root:block read roi shape: (1856, 1856, 1856)
INFO:root:block write roi begin: (992, 2072, 4448)
INFO:root:block write roi shape: (864, 864, 864)
INFO:root:releasing block: octoS0SubroiZ1411215680Y1724818816X62727840Yhalfresionhalfsoma_fragments/36 with read ROI [496:2352, 1576:3432, 3952:5808] (1856, 1856, 1856) and write ROI [992:1856, 2072:2936, 4448:5312] (864, 864, 864)
INFO:root:block read roi begin: (496, 1576, 9136)
INFO:root:block read roi shape: (1856, 1856, 1856)
INFO:root:block write roi begin: (992, 2072, 9632)
INFO:root:block write roi shape: (864, 864, 864)
INFO:root:releasing block: octoS0SubroiZ1411215680Y1724818816X62727840Yhalfresionhalfsoma_fragments/287 with read ROI [496:2352, 1576:3432, 9136:10992] (1856, 1856, 1856) and write ROI [992:1856, 2072:2936, 9632:10496] (864, 864, 864)
INFO:root:block read roi begin: (496, 2440, 5680)
INFO:root:block read roi shape: (1856, 1856, 1856)
INFO:root:block write roi begin: (992, 2936, 6176)
INFO:root:block write roi shape: (864, 864, 864)
INFO:root:releasing block: octoS0SubroiZ1411215680Y1724818816X62727840Yhalfresionhalfsoma_fragments/123 with read ROI [496:2352, 2440:4296, 5680:7536] (1856, 1856, 1856) and write ROI [992:1856, 2936:3800, 6176:7040] (864, 864, 864)
INFO:root:block read roi begin: (496, 3304, 3952)
INFO:root:block read roi shape: (1856, 1856, 1856)
INFO:root:block write roi begin: (992, 3800, 4448)
INFO:root:block write roi shape: (864, 864, 864)
INFO:root:releasing block: octoS0SubroiZ1411215680Y1724818816X62727840Yhalfresionhalfsoma_fragments/90 with read ROI [496:2352, 3304:5160, 3952:5808] (1856, 1856, 1856) and write ROI [992:1856, 3800:4664, 4448:5312] (864, 864, 864)
INFO:root:block read roi begin: (496, 4168, 1360)
INFO:root:block read roi shape: (1856, 1856, 1856)
INFO:root:block write roi begin: (992, 4664, 1856)
INFO:root:block write roi shape: (864, 864, 864)
INFO:root:releasing block: octoS0SubroiZ1411215680Y1724818816X62727840Yhalfresionhalfsoma_fragments/45 with read ROI [496:2352, 4168:6024, 1360:3216] (1856, 1856, 1856) and write ROI [992:1856, 4664:5528, 1856:2720] (864, 864, 864)
INFO:root:block read roi begin: (496, 4168, 10000)
INFO:root:block read roi shape: (1856, 1856, 1856)
INFO:root:block write roi begin: (992, 4664, 10496)
INFO:root:block write roi shape: (864, 864, 864)
INFO:root:releasing block: octoS0SubroiZ1411215680Y1724818816X62727840Yhalfresionhalfsoma_fragments/690 with read ROI [496:2352, 4168:6024, 10000:11856] (1856, 1856, 1856) and write ROI [992:1856, 4664:5528, 10496:11360] (864, 864, 864)
INFO:root:block read roi begin: (496, 5032, 9136)
INFO:root:block read roi shape: (1856, 1856, 1856)
INFO:root:block write roi begin: (992, 5528, 9632)
INFO:root:block write roi shape: (864, 864, 864)
INFO:root:releasing block: octoS0SubroiZ1411215680Y1724818816X62727840Yhalfresionhalfsoma_fragments/695 with read ROI [496:2352, 5032:6888, 9136:10992] (1856, 1856, 1856) and write ROI [992:1856, 5528:6392, 9632:10496] (864, 864, 864)
INFO:root:block read roi begin: (496, 5896, 4816)
INFO:root:block read roi shape: (1856, 1856, 1856)
INFO:root:block write roi begin: (992, 6392, 5312)
INFO:root:block write roi shape: (864, 864, 864)
INFO:root:releasing block: octoS0SubroiZ1411215680Y1724818816X62727840Yhalfresionhalfsoma_fragments/307 with read ROI [496:2352, 5896:7752, 4816:6672] (1856, 1856, 1856) and write ROI [992:1856, 6392:7256, 5312:6176] (864, 864, 864)
INFO:root:block read roi begin: (496, 6760, 2224)
INFO:root:block read roi shape: (1856, 1856, 1856)
INFO:root:block write roi begin: (992, 7256, 2720)
INFO:root:block write roi shape: (864, 864, 864)
INFO:root:releasing block: octoS0SubroiZ1411215680Y1724818816X62727840Yhalfresionhalfsoma_fragments/193 with read ROI [496:2352, 6760:8616, 2224:4080] (1856, 1856, 1856) and write ROI [992:1856, 7256:8120, 2720:3584] (864, 864, 864)
INFO:root:block read roi begin: (496, 6760, 10864)
INFO:root:block read roi shape: (1856, 1856, 1184)
INFO:root:block write roi begin: (992, 7256, 11360)
INFO:root:block write roi shape: (864, 864, 192)
INFO:root:releasing block: octoS0SubroiZ1411215680Y1724818816X62727840Yhalfresionhalfsoma_fragments/1358 with read ROI [496:2352, 6760:8616, 10864:12048] (1856, 1856, 1184) and write ROI [992:1856, 7256:8120, 11360:11552] (864, 864, 192)
INFO:root:block read roi begin: (496, 7624, 6544)
INFO:root:block read roi shape: (1856, 1856, 1856)
INFO:root:block write roi begin: (992, 8120, 7040)
INFO:root:block write roi shape: (864, 864, 864)
INFO:root:releasing block: octoS0SubroiZ1411215680Y1724818816X62727840Yhalfresionhalfsoma_fragments/716 with read ROI [496:2352, 7624:9480, 6544:8400] (1856, 1856, 1856) and write ROI [992:1856, 8120:8984, 7040:7904] (864, 864, 864)
INFO:root:block read roi begin: (496, 8488, 4816)
INFO:root:block read roi shape: (1856, 1856, 1856)
INFO:root:block write roi begin: (992, 8984, 5312)
INFO:root:block write roi shape: (864, 864, 864)
INFO:root:releasing block: octoS0SubroiZ1411215680Y1724818816X62727840Yhalfresionhalfsoma_fragments/605 with read ROI [496:2352, 8488:10344, 4816:6672] (1856, 1856, 1856) and write ROI [992:1856, 8984:9848, 5312:6176] (864, 864, 864)
INFO:root:block read roi begin: (496, 9352, 2224)
INFO:root:block read roi shape: (1856, 1856, 1856)
INFO:root:block write roi begin: (992, 9848, 2720)
INFO:root:block write roi shape: (864, 864, 864)
INFO:root:releasing block: octoS0SubroiZ1411215680Y1724818816X62727840Yhalfresionhalfsoma_fragments/419 with read ROI [496:2352, 9352:11208, 2224:4080] (1856, 1856, 1856) and write ROI [992:1856, 9848:10712, 2720:3584] (864, 864, 864)
INFO:root:block read roi begin: (496, 9352, 10864)
INFO:root:block read roi shape: (1856, 1856, 1184)
INFO:root:block write roi begin: (992, 9848, 11360)
INFO:root:block write roi shape: (864, 864, 192)
INFO:root:releasing block: octoS0SubroiZ1411215680Y1724818816X62727840Yhalfresionhalfsoma_fragments/2079 with read ROI [496:2352, 9352:11208, 10864:12048] (1856, 1856, 1184) and write ROI [992:1856, 9848:10712, 11360:11552] (864, 864, 192)
INFO:root:block read roi begin: (496, 10216, 5680)
INFO:root:block read roi shape: (1856, 1856, 1856)
INFO:root:block write roi begin: (992, 10712, 6176)
INFO:root:block write roi shape: (864, 864, 864)
INFO:root:releasing block: octoS0SubroiZ1411215680Y1724818816X62727840Yhalfresionhalfsoma_fragments/1035 with read ROI [496:2352, 10216:12072, 5680:7536] (1856, 1856, 1856) and write ROI [992:1856, 10712:11576, 6176:7040] (864, 864, 864)
INFO:root:block read roi begin: (496, 11080, 3952)
INFO:root:block read roi shape: (1856, 1184, 1856)
INFO:root:block write roi begin: (992, 11576, 4448)
INFO:root:block write roi shape: (864, 192, 864)
INFO:root:releasing block: octoS0SubroiZ1411215680Y1724818816X62727840Yhalfresionhalfsoma_fragments/894 with read ROI [496:2352, 11080:12264, 3952:5808] (1856, 1184, 1856) and write ROI [992:1856, 11576:11768, 4448:5312] (864, 192, 864)
INFO:root:block read roi begin: (1360, 712, 1360)
INFO:root:block read roi shape: (1856, 1856, 1856)
INFO:root:block write roi begin: (1856, 1208, 1856)
INFO:root:block write roi shape: (864, 864, 864)
INFO:root:releasing block: octoS0SubroiZ1411215680Y1724818816X62727840Yhalfresionhalfsoma_fragments/6 with read ROI [1360:3216, 712:2568, 1360:3216] (1856, 1856, 1856) and write ROI [1856:2720, 1208:2072, 1856:2720] (864, 864, 864)
INFO:root:block read roi begin: (1360, 712, 10000)
INFO:root:block read roi shape: (1856, 1856, 1856)
INFO:root:block write roi begin: (1856, 1208, 10496)
INFO:root:block write roi shape: (864, 864, 864)
INFO:root:releasing block: octoS0SubroiZ1411215680Y1724818816X62727840Yhalfresionhalfsoma_fragments/366 with read ROI [1360:3216, 712:2568, 10000:11856] (1856, 1856, 1856) and write ROI [1856:2720, 1208:2072, 10496:11360] (864, 864, 864)
INFO:root:block read roi begin: (1360, 1576, 8272)
INFO:root:block read roi shape: (1856, 1856, 1856)
INFO:root:block write roi begin: (1856, 2072, 8768)
INFO:root:block write roi shape: (864, 864, 864)
INFO:root:releasing block: octoS0SubroiZ1411215680Y1724818816X62727840Yhalfresionhalfsoma_fragments/290 with read ROI [1360:3216, 1576:3432, 8272:10128] (1856, 1856, 1856) and write ROI [1856:2720, 2072:2936, 8768:9632] (864, 864, 864)
INFO:root:block read roi begin: (1360, 2440, 4816)
INFO:root:block read roi shape: (1856, 1856, 1856)
INFO:root:block write roi begin: (1856, 2936, 5312)
INFO:root:block write roi shape: (864, 864, 864)
INFO:root:releasing block: octoS0SubroiZ1411215680Y1724818816X62727840Yhalfresionhalfsoma_fragments/127 with read ROI [1360:3216, 2440:4296, 4816:6672] (1856, 1856, 1856) and write ROI [1856:2720, 2936:3800, 5312:6176] (864, 864, 864)
INFO:root:block read roi begin: (1360, 3304, 2224)
INFO:root:block read roi shape: (1856, 1856, 1856)
INFO:root:block write roi begin: (1856, 3800, 2720)
INFO:root:block write roi shape: (864, 864, 864)
INFO:root:releasing block: octoS0SubroiZ1411215680Y1724818816X62727840Yhalfresionhalfsoma_fragments/67 with read ROI [1360:3216, 3304:5160, 2224:4080] (1856, 1856, 1856) and write ROI [1856:2720, 3800:4664, 2720:3584] (864, 864, 864)
INFO:root:block read roi begin: (1360, 3304, 10864)
INFO:root:block read roi shape: (1856, 1856, 1184)
INFO:root:block write roi begin: (1856, 3800, 11360)
INFO:root:block write roi shape: (864, 864, 192)
INFO:root:releasing block: octoS0SubroiZ1411215680Y1724818816X62727840Yhalfresionhalfsoma_fragments/827 with read ROI [1360:3216, 3304:5160, 10864:12048] (1856, 1856, 1184) and write ROI [1856:2720, 3800:4664, 11360:11552] (864, 864, 192)
INFO:root:block read roi begin: (1360, 4168, 5680)
INFO:root:block read roi shape: (1856, 1856, 1856)
INFO:root:block write roi begin: (1856, 4664, 6176)
INFO:root:block write roi shape: (864, 864, 864)
INFO:root:releasing block: octoS0SubroiZ1411215680Y1724818816X62727840Yhalfresionhalfsoma_fragments/302 with read ROI [1360:3216, 4168:6024, 5680:7536] (1856, 1856, 1856) and write ROI [1856:2720, 4664:5528, 6176:7040] (864, 864, 864)
INFO:root:block read roi begin: (1360, 5032, 5680)
INFO:root:block read roi shape: (1856, 1856, 1856)
INFO:root:block write roi begin: (1856, 5528, 6176)
INFO:root:block write roi shape: (864, 864, 864)
INFO:root:releasing block: octoS0SubroiZ1411215680Y1724818816X62727840Yhalfresionhalfsoma_fragments/386 with read ROI [1360:3216, 5032:6888, 5680:7536] (1856, 1856, 1856) and write ROI [1856:2720, 5528:6392, 6176:7040] (864, 864, 864)
INFO:root:block read roi begin: (1360, 5896, 3088)
INFO:root:block read roi shape: (1856, 1856, 1856)
INFO:root:block write roi begin: (1856, 6392, 3584)
INFO:root:block write roi shape: (864, 864, 864)
INFO:root:releasing block: octoS0SubroiZ1411215680Y1724818816X62727840Yhalfresionhalfsoma_fragments/249 with read ROI [1360:3216, 5896:7752, 3088:4944] (1856, 1856, 1856) and write ROI [1856:2720, 6392:7256, 3584:4448] (864, 864, 864)
INFO:root:block read roi begin: (1360, 6760, 496)
INFO:root:block read roi shape: (1856, 1856, 1856)
INFO:root:block write roi begin: (1856, 7256, 992)
INFO:root:block write roi shape: (864, 864, 864)
INFO:root:releasing block: octoS0SubroiZ1411215680Y1724818816X62727840Yhalfresionhalfsoma_fragments/157 with read ROI [1360:3216, 6760:8616, 496:2352] (1856, 1856, 1856) and write ROI [1856:2720, 7256:8120, 992:1856] (864, 864, 864)
INFO:root:block read roi begin: (1360, 6760, 9136)
INFO:root:block read roi shape: (1856, 1856, 1856)
INFO:root:block write roi begin: (1856, 7256, 9632)
INFO:root:block write roi shape: (864, 864, 864)
INFO:root:releasing block: octoS0SubroiZ1411215680Y1724818816X62727840Yhalfresionhalfsoma_fragments/1177 with read ROI [1360:3216, 6760:8616, 9136:10992] (1856, 1856, 1856) and write ROI [1856:2720, 7256:8120, 9632:10496] (864, 864, 864)
INFO:root:block read roi begin: (1360, 7624, 4816)
INFO:root:block read roi shape: (1856, 1856, 1856)
INFO:root:block write roi begin: (1856, 8120, 5312)
INFO:root:block write roi shape: (864, 864, 864)
INFO:root:releasing block: octoS0SubroiZ1411215680Y1724818816X62727840Yhalfresionhalfsoma_fragments/606 with read ROI [1360:3216, 7624:9480, 4816:6672] (1856, 1856, 1856) and write ROI [1856:2720, 8120:8984, 5312:6176] (864, 864, 864)
INFO:root:block read roi begin: (1360, 8488, 1360)
INFO:root:block read roi shape: (1856, 1856, 1856)
INFO:root:block write roi begin: (1856, 8984, 1856)
INFO:root:block write roi shape: (864, 864, 864)
INFO:root:releasing block: octoS0SubroiZ1411215680Y1724818816X62727840Yhalfresionhalfsoma_fragments/342 with read ROI [1360:3216, 8488:10344, 1360:3216] (1856, 1856, 1856) and write ROI [1856:2720, 8984:9848, 1856:2720] (864, 864, 864)
INFO:root:block read roi begin: (1360, 8488, 10000)
INFO:root:block read roi shape: (1856, 1856, 1856)
INFO:root:block write roi begin: (1856, 8984, 10496)
INFO:root:block write roi shape: (864, 864, 864)
INFO:root:releasing block: octoS0SubroiZ1411215680Y1724818816X62727840Yhalfresionhalfsoma_fragments/1827 with read ROI [1360:3216, 8488:10344, 10000:11856] (1856, 1856, 1856) and write ROI [1856:2720, 8984:9848, 10496:11360] (864, 864, 864)
INFO:root:block read roi begin: (1360, 9352, 9136)
INFO:root:block read roi shape: (1856, 1856, 1856)
INFO:root:block write roi begin: (1856, 9848, 9632)
INFO:root:block write roi shape: (864, 864, 864)
INFO:root:releasing block: octoS0SubroiZ1411215680Y1724818816X62727840Yhalfresionhalfsoma_fragments/1838 with read ROI [1360:3216, 9352:11208, 9136:10992] (1856, 1856, 1856) and write ROI [1856:2720, 9848:10712, 9632:10496] (864, 864, 864)
INFO:root:block read roi begin: (1360, 10216, 6544)
INFO:root:block read roi shape: (1856, 1856, 1856)
INFO:root:block write roi begin: (1856, 10712, 7040)
INFO:root:block write roi shape: (864, 864, 864)
INFO:root:releasing block: octoS0SubroiZ1411215680Y1724818816X62727840Yhalfresionhalfsoma_fragments/1409 with read ROI [1360:3216, 10216:12072, 6544:8400] (1856, 1856, 1856) and write ROI [1856:2720, 10712:11576, 7040:7904] (864, 864, 864)
INFO:root:block read roi begin: (1360, 11080, 3088)
INFO:root:block read roi shape: (1856, 1184, 1856)
INFO:root:block write roi begin: (1856, 11576, 3584)
INFO:root:block write roi shape: (864, 192, 864)
INFO:root:releasing block: octoS0SubroiZ1411215680Y1724818816X62727840Yhalfresionhalfsoma_fragments/908 with read ROI [1360:3216, 11080:12264, 3088:4944] (1856, 1184, 1856) and write ROI [1856:2720, 11576:11768, 3584:4448] (864, 192, 864)
INFO:root:block read roi begin: (1360, 11080, 10864)
INFO:root:block read roi shape: (1856, 1184, 1184)
INFO:root:block write roi begin: (1856, 11576, 11360)
INFO:root:block write roi shape: (864, 192, 192)
INFO:root:releasing block: octoS0SubroiZ1411215680Y1724818816X62727840Yhalfresionhalfsoma_fragments/3017 with read ROI [1360:3216, 11080:12264, 10864:12048] (1856, 1184, 1184) and write ROI [1856:2720, 11576:11768, 11360:11552] (864, 192, 192)
INFO:root:block read roi begin: (2224, 712, 4816)
INFO:root:block read roi shape: (1856, 1856, 1856)
INFO:root:block write roi begin: (2720, 1208, 5312)
INFO:root:block write roi shape: (864, 864, 864)
INFO:root:releasing block: octoS0SubroiZ1411215680Y1724818816X62727840Yhalfresionhalfsoma_fragments/89 with read ROI [2224:4080, 712:2568, 4816:6672] (1856, 1856, 1856) and write ROI [2720:3584, 1208:2072, 5312:6176] (864, 864, 864)
INFO:root:block read roi begin: (2224, 1576, 2224)
INFO:root:block read roi shape: (1856, 1856, 1856)
INFO:root:block write roi begin: (2720, 2072, 2720)
INFO:root:block write roi shape: (864, 864, 864)
INFO:root:releasing block: octoS0SubroiZ1411215680Y1724818816X62727840Yhalfresionhalfsoma_fragments/43 with read ROI [2224:4080, 1576:3432, 2224:4080] (1856, 1856, 1856) and write ROI [2720:3584, 2072:2936, 2720:3584] (864, 864, 864)
INFO:root:block read roi begin: (2224, 2440, 496)
INFO:root:block read roi shape: (1856, 1856, 1856)
INFO:root:block write roi begin: (2720, 2936, 992)
INFO:root:block write roi shape: (864, 864, 864)
INFO:root:releasing block: octoS0SubroiZ1411215680Y1724818816X62727840Yhalfresionhalfsoma_fragments/32 with read ROI [2224:4080, 2440:4296, 496:2352] (1856, 1856, 1856) and write ROI [2720:3584, 2936:3800, 992:1856] (864, 864, 864)
INFO:root:block read roi begin: (2224, 2440, 9136)
INFO:root:block read roi shape: (1856, 1856, 1856)
INFO:root:block write roi begin: (2720, 2936, 9632)
INFO:root:block write roi shape: (864, 864, 864)
INFO:root:releasing block: octoS0SubroiZ1411215680Y1724818816X62727840Yhalfresionhalfsoma_fragments/572 with read ROI [2224:4080, 2440:4296, 9136:10992] (1856, 1856, 1856) and write ROI [2720:3584, 2936:3800, 9632:10496] (864, 864, 864)
INFO:root:block read roi begin: (2224, 3304, 5680)
INFO:root:block read roi shape: (1856, 1856, 1856)
INFO:root:block write roi begin: (2720, 3800, 6176)
INFO:root:block write roi shape: (864, 864, 864)
INFO:root:releasing block: octoS0SubroiZ1411215680Y1724818816X62727840Yhalfresionhalfsoma_fragments/303 with read ROI [2224:4080, 3304:5160, 5680:7536] (1856, 1856, 1856) and write ROI [2720:3584, 3800:4664, 6176:7040] (864, 864, 864)
INFO:root:block read roi begin: (2224, 4168, 3088)
INFO:root:block read roi shape: (1856, 1856, 1856)
INFO:root:block write roi begin: (2720, 4664, 3584)
INFO:root:block write roi shape: (864, 864, 864)
INFO:root:releasing block: octoS0SubroiZ1411215680Y1724818816X62727840Yhalfresionhalfsoma_fragments/188 with read ROI [2224:4080, 4168:6024, 3088:4944] (1856, 1856, 1856) and write ROI [2720:3584, 4664:5528, 3584:4448] (864, 864, 864)
INFO:root:block read roi begin: (2224, 5032, 496)
INFO:root:block read roi shape: (1856, 1856, 1856)
INFO:root:block write roi begin: (2720, 5528, 992)
INFO:root:block write roi shape: (864, 864, 864)
