INFO:root:worker 11 started...
INFO:root:epsilon_agglomerate: 0.6
INFO:root:mask_file: None
INFO:root:mask_dataset: None
INFO:root:filter_fragments: 0.0
INFO:root:Running block with config daisy_logs/octoS0SubroiZ1411215680Y1724818816X62727840Yhalfresionhalfsoma_fragments/config_11.yaml...
INFO:root:Reading affs from /media/samia/DATA/ark/lsd_outputs/MTLSD/3d/run-aclsd-together/model_checkpoint_300000/octo-s0-subroi_z14112-15680_y17248-18816_x6272-7840_yhalfresionhalfsoma.zarr
INFO:root:Reading fragments from /media/samia/DATA/ark/lsd_outputs/MTLSD/3d/run-aclsd-together/model_checkpoint_300000/octo-s0-subroi_z14112-15680_y17248-18816_x6272-7840_yhalfresionhalfsoma.zarr
INFO:root:Opening RAG DB...
INFO:root:RAG DB opened
INFO:root:block read roi begin: (2224, 1576, 10864)
INFO:root:block read roi shape: (1856, 1856, 1184)
INFO:root:block write roi begin: (2720, 2072, 11360)
INFO:root:block write roi shape: (864, 864, 192)
ERROR:daisy.client:Block octoS0SubroiZ1411215680Y1724818816X62727840Yhalfresionhalfsoma_fragments/688 with read ROI [2224:4080, 1576:3432, 10864:12048] (1856, 1856, 1184) and write ROI [2720:3584, 2072:2936, 11360:11552] (864, 864, 192) failed in worker 11
Traceback (most recent call last):
  File "/home/samia/anaconda3/envs/funkelsd/lib/python3.8/site-packages/daisy/client.py", line 85, in acquire_block
    yield block
  File "./engine/post/extract_fragments_worker.py", line 98, in extract_fragments_worker
    run_waterz_parallel(affs=affs,
  File "/media/samia/DATA/PhD/codebases/restructured_packages/local_shape_descriptors/engine/post/run_waterz.py", line 47, in run_waterz_parallel
    logger.debug("reading affs from %s", block.read_roi)
NameError: name 'logger' is not defined
INFO:root:block read roi begin: (2224, 3304, 496)
INFO:root:block read roi shape: (1856, 1856, 1856)
INFO:root:block write roi begin: (2720, 3800, 992)
INFO:root:block write roi shape: (864, 864, 864)
ERROR:daisy.client:Block octoS0SubroiZ1411215680Y1724818816X62727840Yhalfresionhalfsoma_fragments/52 with read ROI [2224:4080, 3304:5160, 496:2352] (1856, 1856, 1856) and write ROI [2720:3584, 3800:4664, 992:1856] (864, 864, 864) failed in worker 11
Traceback (most recent call last):
  File "/home/samia/anaconda3/envs/funkelsd/lib/python3.8/site-packages/daisy/client.py", line 85, in acquire_block
    yield block
  File "./engine/post/extract_fragments_worker.py", line 98, in extract_fragments_worker
    run_waterz_parallel(affs=affs,
  File "/media/samia/DATA/PhD/codebases/restructured_packages/local_shape_descriptors/engine/post/run_waterz.py", line 47, in run_waterz_parallel
    logger.debug("reading affs from %s", block.read_roi)
NameError: name 'logger' is not defined
INFO:root:block read roi begin: (2224, 3304, 10864)
INFO:root:block read roi shape: (1856, 1856, 1184)
INFO:root:block write roi begin: (2720, 3800, 11360)
INFO:root:block write roi shape: (864, 864, 192)
ERROR:daisy.client:Block octoS0SubroiZ1411215680Y1724818816X62727840Yhalfresionhalfsoma_fragments/986 with read ROI [2224:4080, 3304:5160, 10864:12048] (1856, 1856, 1184) and write ROI [2720:3584, 3800:4664, 11360:11552] (864, 864, 192) failed in worker 11
Traceback (most recent call last):
  File "/home/samia/anaconda3/envs/funkelsd/lib/python3.8/site-packages/daisy/client.py", line 85, in acquire_block
    yield block
  File "./engine/post/extract_fragments_worker.py", line 98, in extract_fragments_worker
    run_waterz_parallel(affs=affs,
  File "/media/samia/DATA/PhD/codebases/restructured_packages/local_shape_descriptors/engine/post/run_waterz.py", line 47, in run_waterz_parallel
    logger.debug("reading affs from %s", block.read_roi)
NameError: name 'logger' is not defined
INFO:root:block read roi begin: (2224, 5032, 496)
INFO:root:block read roi shape: (1856, 1856, 1856)
INFO:root:block write roi begin: (2720, 5528, 992)
INFO:root:block write roi shape: (864, 864, 864)
ERROR:daisy.client:Block octoS0SubroiZ1411215680Y1724818816X62727840Yhalfresionhalfsoma_fragments/114 with read ROI [2224:4080, 5032:6888, 496:2352] (1856, 1856, 1856) and write ROI [2720:3584, 5528:6392, 992:1856] (864, 864, 864) failed in worker 11
Traceback (most recent call last):
  File "/home/samia/anaconda3/envs/funkelsd/lib/python3.8/site-packages/daisy/client.py", line 85, in acquire_block
    yield block
  File "./engine/post/extract_fragments_worker.py", line 98, in extract_fragments_worker
    run_waterz_parallel(affs=affs,
  File "/media/samia/DATA/PhD/codebases/restructured_packages/local_shape_descriptors/engine/post/run_waterz.py", line 47, in run_waterz_parallel
    logger.debug("reading affs from %s", block.read_roi)
NameError: name 'logger' is not defined
INFO:root:block read roi begin: (2224, 5896, 1360)
INFO:root:block read roi shape: (1856, 1856, 1856)
INFO:root:block write roi begin: (2720, 6392, 1856)
INFO:root:block write roi shape: (864, 864, 864)
ERROR:daisy.client:Block octoS0SubroiZ1411215680Y1724818816X62727840Yhalfresionhalfsoma_fragments/203 with read ROI [2224:4080, 5896:7752, 1360:3216] (1856, 1856, 1856) and write ROI [2720:3584, 6392:7256, 1856:2720] (864, 864, 864) failed in worker 11
Traceback (most recent call last):
  File "/home/samia/anaconda3/envs/funkelsd/lib/python3.8/site-packages/daisy/client.py", line 85, in acquire_block
    yield block
  File "./engine/post/extract_fragments_worker.py", line 98, in extract_fragments_worker
    run_waterz_parallel(affs=affs,
  File "/media/samia/DATA/PhD/codebases/restructured_packages/local_shape_descriptors/engine/post/run_waterz.py", line 47, in run_waterz_parallel
    logger.debug("reading affs from %s", block.read_roi)
NameError: name 'logger' is not defined
INFO:root:block read roi begin: (2224, 6760, 2224)
INFO:root:block read roi shape: (1856, 1856, 1856)
INFO:root:block write roi begin: (2720, 7256, 2720)
INFO:root:block write roi shape: (864, 864, 864)
ERROR:daisy.client:Block octoS0SubroiZ1411215680Y1724818816X62727840Yhalfresionhalfsoma_fragments/333 with read ROI [2224:4080, 6760:8616, 2224:4080] (1856, 1856, 1856) and write ROI [2720:3584, 7256:8120, 2720:3584] (864, 864, 864) failed in worker 11
Traceback (most recent call last):
  File "/home/samia/anaconda3/envs/funkelsd/lib/python3.8/site-packages/daisy/client.py", line 85, in acquire_block
    yield block
  File "./engine/post/extract_fragments_worker.py", line 98, in extract_fragments_worker
    run_waterz_parallel(affs=affs,
  File "/media/samia/DATA/PhD/codebases/restructured_packages/local_shape_descriptors/engine/post/run_waterz.py", line 47, in run_waterz_parallel
    logger.debug("reading affs from %s", block.read_roi)
NameError: name 'logger' is not defined
INFO:root:block read roi begin: (2224, 7624, 3952)
INFO:root:block read roi shape: (1856, 1856, 1856)
INFO:root:block write roi begin: (2720, 8120, 4448)
INFO:root:block write roi shape: (864, 864, 864)
ERROR:daisy.client:Block octoS0SubroiZ1411215680Y1724818816X62727840Yhalfresionhalfsoma_fragments/617 with read ROI [2224:4080, 7624:9480, 3952:5808] (1856, 1856, 1856) and write ROI [2720:3584, 8120:8984, 4448:5312] (864, 864, 864) failed in worker 11
Traceback (most recent call last):
  File "/home/samia/anaconda3/envs/funkelsd/lib/python3.8/site-packages/daisy/client.py", line 85, in acquire_block
    yield block
  File "./engine/post/extract_fragments_worker.py", line 98, in extract_fragments_worker
    run_waterz_parallel(affs=affs,
  File "/media/samia/DATA/PhD/codebases/restructured_packages/local_shape_descriptors/engine/post/run_waterz.py", line 47, in run_waterz_parallel
    logger.debug("reading affs from %s", block.read_roi)
NameError: name 'logger' is not defined
INFO:root:block read roi begin: (2224, 8488, 5680)
INFO:root:block read roi shape: (1856, 1856, 1856)
INFO:root:block write roi begin: (2720, 8984, 6176)
INFO:root:block write roi shape: (864, 864, 864)
ERROR:daisy.client:Block octoS0SubroiZ1411215680Y1724818816X62727840Yhalfresionhalfsoma_fragments/1037 with read ROI [2224:4080, 8488:10344, 5680:7536] (1856, 1856, 1856) and write ROI [2720:3584, 8984:9848, 6176:7040] (864, 864, 864) failed in worker 11
Traceback (most recent call last):
  File "/home/samia/anaconda3/envs/funkelsd/lib/python3.8/site-packages/daisy/client.py", line 85, in acquire_block
    yield block
  File "./engine/post/extract_fragments_worker.py", line 98, in extract_fragments_worker
    run_waterz_parallel(affs=affs,
  File "/media/samia/DATA/PhD/codebases/restructured_packages/local_shape_descriptors/engine/post/run_waterz.py", line 47, in run_waterz_parallel
    logger.debug("reading affs from %s", block.read_roi)
NameError: name 'logger' is not defined
INFO:root:block read roi begin: (2224, 9352, 7408)
INFO:root:block read roi shape: (1856, 1856, 1856)
INFO:root:block write roi begin: (2720, 9848, 7904)
INFO:root:block write roi shape: (864, 864, 864)
ERROR:daisy.client:Block octoS0SubroiZ1411215680Y1724818816X62727840Yhalfresionhalfsoma_fragments/1620 with read ROI [2224:4080, 9352:11208, 7408:9264] (1856, 1856, 1856) and write ROI [2720:3584, 9848:10712, 7904:8768] (864, 864, 864) failed in worker 11
Traceback (most recent call last):
  File "/home/samia/anaconda3/envs/funkelsd/lib/python3.8/site-packages/daisy/client.py", line 85, in acquire_block
    yield block
  File "./engine/post/extract_fragments_worker.py", line 98, in extract_fragments_worker
    run_waterz_parallel(affs=affs,
  File "/media/samia/DATA/PhD/codebases/restructured_packages/local_shape_descriptors/engine/post/run_waterz.py", line 47, in run_waterz_parallel
    logger.debug("reading affs from %s", block.read_roi)
NameError: name 'logger' is not defined
