INFO:root:worker 2 started...
INFO:root:epsilon_agglomerate: 0.6
INFO:root:mask_file: None
INFO:root:mask_dataset: None
INFO:root:filter_fragments: 0.0
INFO:root:Running block with config daisy_logs/octoS0SubroiZ1411215680Y1724818816X62727840Yhalfresionhalfsoma_fragments/config_2.yaml...
INFO:root:Reading affs from /media/samia/DATA/ark/lsd_outputs/MTLSD/3d/run-aclsd-together/model_checkpoint_300000/octo-s0-subroi_z14112-15680_y17248-18816_x6272-7840_yhalfresionhalfsoma.zarr
INFO:root:Reading fragments from /media/samia/DATA/ark/lsd_outputs/MTLSD/3d/run-aclsd-together/model_checkpoint_300000/octo-s0-subroi_z14112-15680_y17248-18816_x6272-7840_yhalfresionhalfsoma.zarr
INFO:root:Opening RAG DB...
INFO:root:RAG DB opened
INFO:root:block read roi begin: (496, 712, 1360)
INFO:root:block read roi shape: (1856, 1856, 1856)
INFO:root:block write roi begin: (992, 1208, 1856)
INFO:root:block write roi shape: (864, 864, 864)
/home/samia/anaconda3/envs/funkelsd/lib/python3.8/site-packages/scipy/ndimage/_measurements.py:1534: RuntimeWarning: invalid value encountered in divide
  results = [sum(input * grids[dir].astype(float), labels, index) / normalizer
INFO:root:releasing block: octoS0SubroiZ1411215680Y1724818816X62727840Yhalfresionhalfsoma_fragments/1 with read ROI [496:2352, 712:2568, 1360:3216] (1856, 1856, 1856) and write ROI [992:1856, 1208:2072, 1856:2720] (864, 864, 864)
INFO:root:block read roi begin: (496, 1576, 5680)
INFO:root:block read roi shape: (1856, 1856, 1856)
INFO:root:block write roi begin: (992, 2072, 6176)
INFO:root:block write roi shape: (864, 864, 864)
INFO:root:releasing block: octoS0SubroiZ1411215680Y1724818816X62727840Yhalfresionhalfsoma_fragments/85 with read ROI [496:2352, 1576:3432, 5680:7536] (1856, 1856, 1856) and write ROI [992:1856, 2072:2936, 6176:7040] (864, 864, 864)
INFO:root:block read roi begin: (496, 2440, 2224)
INFO:root:block read roi shape: (1856, 1856, 1856)
INFO:root:block write roi begin: (992, 2936, 2720)
INFO:root:block write roi shape: (864, 864, 864)
INFO:root:releasing block: octoS0SubroiZ1411215680Y1724818816X62727840Yhalfresionhalfsoma_fragments/23 with read ROI [496:2352, 2440:4296, 2224:4080] (1856, 1856, 1856) and write ROI [992:1856, 2936:3800, 2720:3584] (864, 864, 864)
INFO:root:block read roi begin: (496, 3304, 496)
INFO:root:block read roi shape: (1856, 1856, 1856)
INFO:root:block write roi begin: (992, 3800, 992)
INFO:root:block write roi shape: (864, 864, 864)
INFO:root:releasing block: octoS0SubroiZ1411215680Y1724818816X62727840Yhalfresionhalfsoma_fragments/16 with read ROI [496:2352, 3304:5160, 496:2352] (1856, 1856, 1856) and write ROI [992:1856, 3800:4664, 992:1856] (864, 864, 864)
INFO:root:block read roi begin: (496, 3304, 9136)
INFO:root:block read roi shape: (1856, 1856, 1856)
INFO:root:block write roi begin: (992, 3800, 9632)
INFO:root:block write roi shape: (864, 864, 864)
INFO:root:releasing block: octoS0SubroiZ1411215680Y1724818816X62727840Yhalfresionhalfsoma_fragments/461 with read ROI [496:2352, 3304:5160, 9136:10992] (1856, 1856, 1856) and write ROI [992:1856, 3800:4664, 9632:10496] (864, 864, 864)
INFO:root:block read roi begin: (496, 4168, 6544)
INFO:root:block read roi shape: (1856, 1856, 1856)
INFO:root:block write roi begin: (992, 4664, 7040)
INFO:root:block write roi shape: (864, 864, 864)
INFO:root:releasing block: octoS0SubroiZ1411215680Y1724818816X62727840Yhalfresionhalfsoma_fragments/296 with read ROI [496:2352, 4168:6024, 6544:8400] (1856, 1856, 1856) and write ROI [992:1856, 4664:5528, 7040:7904] (864, 864, 864)
INFO:root:block read roi begin: (496, 5032, 3952)
INFO:root:block read roi shape: (1856, 1856, 1856)
INFO:root:block write roi begin: (992, 5528, 4448)
INFO:root:block write roi shape: (864, 864, 864)
INFO:root:releasing block: octoS0SubroiZ1411215680Y1724818816X62727840Yhalfresionhalfsoma_fragments/180 with read ROI [496:2352, 5032:6888, 3952:5808] (1856, 1856, 1856) and write ROI [992:1856, 5528:6392, 4448:5312] (864, 864, 864)
INFO:root:block read roi begin: (496, 5896, 1360)
INFO:root:block read roi shape: (1856, 1856, 1856)
INFO:root:block write roi begin: (992, 6392, 1856)
INFO:root:block write roi shape: (864, 864, 864)
INFO:root:releasing block: octoS0SubroiZ1411215680Y1724818816X62727840Yhalfresionhalfsoma_fragments/105 with read ROI [496:2352, 5896:7752, 1360:3216] (1856, 1856, 1856) and write ROI [992:1856, 6392:7256, 1856:2720] (864, 864, 864)
INFO:root:block read roi begin: (496, 5896, 10000)
INFO:root:block read roi shape: (1856, 1856, 1856)
INFO:root:block write roi begin: (992, 6392, 10496)
INFO:root:block write roi shape: (864, 864, 864)
INFO:root:releasing block: octoS0SubroiZ1411215680Y1724818816X62727840Yhalfresionhalfsoma_fragments/990 with read ROI [496:2352, 5896:7752, 10000:11856] (1856, 1856, 1856) and write ROI [992:1856, 6392:7256, 10496:11360] (864, 864, 864)
INFO:root:block read roi begin: (496, 6760, 7408)
INFO:root:block read roi shape: (1856, 1856, 1856)
INFO:root:block write roi begin: (992, 7256, 7904)
INFO:root:block write roi shape: (864, 864, 864)
INFO:root:releasing block: octoS0SubroiZ1411215680Y1724818816X62727840Yhalfresionhalfsoma_fragments/708 with read ROI [496:2352, 6760:8616, 7408:9264] (1856, 1856, 1856) and write ROI [992:1856, 7256:8120, 7904:8768] (864, 864, 864)
INFO:root:block read roi begin: (496, 7624, 3952)
INFO:root:block read roi shape: (1856, 1856, 1856)
INFO:root:block write roi begin: (992, 8120, 4448)
INFO:root:block write roi shape: (864, 864, 864)
INFO:root:releasing block: octoS0SubroiZ1411215680Y1724818816X62727840Yhalfresionhalfsoma_fragments/400 with read ROI [496:2352, 7624:9480, 3952:5808] (1856, 1856, 1856) and write ROI [992:1856, 8120:8984, 4448:5312] (864, 864, 864)
INFO:root:block read roi begin: (496, 8488, 1360)
INFO:root:block read roi shape: (1856, 1856, 1856)
INFO:root:block write roi begin: (992, 8984, 1856)
INFO:root:block write roi shape: (864, 864, 864)
INFO:root:releasing block: octoS0SubroiZ1411215680Y1724818816X62727840Yhalfresionhalfsoma_fragments/265 with read ROI [496:2352, 8488:10344, 1360:3216] (1856, 1856, 1856) and write ROI [992:1856, 8984:9848, 1856:2720] (864, 864, 864)
INFO:root:block read roi begin: (496, 8488, 10000)
INFO:root:block read roi shape: (1856, 1856, 1856)
INFO:root:block write roi begin: (992, 8984, 10496)
INFO:root:block write roi shape: (864, 864, 864)
INFO:root:releasing block: octoS0SubroiZ1411215680Y1724818816X62727840Yhalfresionhalfsoma_fragments/1585 with read ROI [496:2352, 8488:10344, 10000:11856] (1856, 1856, 1856) and write ROI [992:1856, 8984:9848, 10496:11360] (864, 864, 864)
INFO:root:block read roi begin: (496, 9352, 8272)
INFO:root:block read roi shape: (1856, 1856, 1856)
INFO:root:block write roi begin: (992, 9848, 8768)
INFO:root:block write roi shape: (864, 864, 864)
INFO:root:releasing block: octoS0SubroiZ1411215680Y1724818816X62727840Yhalfresionhalfsoma_fragments/1385 with read ROI [496:2352, 9352:11208, 8272:10128] (1856, 1856, 1856) and write ROI [992:1856, 9848:10712, 8768:9632] (864, 864, 864)
INFO:root:block read roi begin: (496, 10216, 6544)
INFO:root:block read roi shape: (1856, 1856, 1856)
INFO:root:block write roi begin: (992, 10712, 7040)
INFO:root:block write roi shape: (864, 864, 864)
INFO:root:releasing block: octoS0SubroiZ1411215680Y1724818816X62727840Yhalfresionhalfsoma_fragments/1206 with read ROI [496:2352, 10216:12072, 6544:8400] (1856, 1856, 1856) and write ROI [992:1856, 10712:11576, 7040:7904] (864, 864, 864)
INFO:root:block read roi begin: (496, 11080, 3088)
INFO:root:block read roi shape: (1856, 1184, 1856)
INFO:root:block write roi begin: (992, 11576, 3584)
INFO:root:block write roi shape: (864, 192, 864)
INFO:root:releasing block: octoS0SubroiZ1411215680Y1724818816X62727840Yhalfresionhalfsoma_fragments/758 with read ROI [496:2352, 11080:12264, 3088:4944] (1856, 1184, 1856) and write ROI [992:1856, 11576:11768, 3584:4448] (864, 192, 864)
INFO:root:block read roi begin: (496, 11080, 10864)
INFO:root:block read roi shape: (1856, 1184, 1184)
INFO:root:block write roi begin: (992, 11576, 11360)
INFO:root:block write roi shape: (864, 192, 192)
INFO:root:releasing block: octoS0SubroiZ1411215680Y1724818816X62727840Yhalfresionhalfsoma_fragments/2678 with read ROI [496:2352, 11080:12264, 10864:12048] (1856, 1184, 1184) and write ROI [992:1856, 11576:11768, 11360:11552] (864, 192, 192)
INFO:root:block read roi begin: (1360, 712, 5680)
INFO:root:block read roi shape: (1856, 1856, 1856)
INFO:root:block write roi begin: (1856, 1208, 6176)
INFO:root:block write roi shape: (864, 864, 864)
INFO:root:releasing block: octoS0SubroiZ1411215680Y1724818816X62727840Yhalfresionhalfsoma_fragments/86 with read ROI [1360:3216, 712:2568, 5680:7536] (1856, 1856, 1856) and write ROI [1856:2720, 1208:2072, 6176:7040] (864, 864, 864)
INFO:root:block read roi begin: (1360, 1576, 3952)
INFO:root:block read roi shape: (1856, 1856, 1856)
INFO:root:block write roi begin: (1856, 2072, 4448)
INFO:root:block write roi shape: (864, 864, 864)
INFO:root:releasing block: octoS0SubroiZ1411215680Y1724818816X62727840Yhalfresionhalfsoma_fragments/60 with read ROI [1360:3216, 1576:3432, 3952:5808] (1856, 1856, 1856) and write ROI [1856:2720, 2072:2936, 4448:5312] (864, 864, 864)
INFO:root:block read roi begin: (1360, 2440, 496)
INFO:root:block read roi shape: (1856, 1856, 1856)
INFO:root:block write roi begin: (1856, 2936, 992)
INFO:root:block write roi shape: (864, 864, 864)
INFO:root:releasing block: octoS0SubroiZ1411215680Y1724818816X62727840Yhalfresionhalfsoma_fragments/17 with read ROI [1360:3216, 2440:4296, 496:2352] (1856, 1856, 1856) and write ROI [1856:2720, 2936:3800, 992:1856] (864, 864, 864)
INFO:root:block read roi begin: (1360, 2440, 9136)
INFO:root:block read roi shape: (1856, 1856, 1856)
INFO:root:block write roi begin: (1856, 2936, 9632)
INFO:root:block write roi shape: (864, 864, 864)
INFO:root:releasing block: octoS0SubroiZ1411215680Y1724818816X62727840Yhalfresionhalfsoma_fragments/462 with read ROI [1360:3216, 2440:4296, 9136:10992] (1856, 1856, 1856) and write ROI [1856:2720, 2936:3800, 9632:10496] (864, 864, 864)
INFO:root:block read roi begin: (1360, 3304, 7408)
INFO:root:block read roi shape: (1856, 1856, 1856)
INFO:root:block write roi begin: (1856, 3800, 7904)
INFO:root:block write roi shape: (864, 864, 864)
INFO:root:releasing block: octoS0SubroiZ1411215680Y1724818816X62727840Yhalfresionhalfsoma_fragments/375 with read ROI [1360:3216, 3304:5160, 7408:9264] (1856, 1856, 1856) and write ROI [1856:2720, 3800:4664, 7904:8768] (864, 864, 864)
INFO:root:block read roi begin: (1360, 4168, 4816)
INFO:root:block read roi shape: (1856, 1856, 1856)
INFO:root:block write roi begin: (1856, 4664, 5312)
INFO:root:block write roi shape: (864, 864, 864)
INFO:root:releasing block: octoS0SubroiZ1411215680Y1724818816X62727840Yhalfresionhalfsoma_fragments/236 with read ROI [1360:3216, 4168:6024, 4816:6672] (1856, 1856, 1856) and write ROI [1856:2720, 4664:5528, 5312:6176] (864, 864, 864)
INFO:root:block read roi begin: (1360, 5032, 3952)
INFO:root:block read roi shape: (1856, 1856, 1856)
INFO:root:block write roi begin: (1856, 5528, 4448)
INFO:root:block write roi shape: (864, 864, 864)
INFO:root:releasing block: octoS0SubroiZ1411215680Y1724818816X62727840Yhalfresionhalfsoma_fragments/242 with read ROI [1360:3216, 5032:6888, 3952:5808] (1856, 1856, 1856) and write ROI [1856:2720, 5528:6392, 4448:5312] (864, 864, 864)
INFO:root:block read roi begin: (1360, 5896, 1360)
INFO:root:block read roi shape: (1856, 1856, 1856)
INFO:root:block write roi begin: (1856, 6392, 1856)
INFO:root:block write roi shape: (864, 864, 864)
INFO:root:releasing block: octoS0SubroiZ1411215680Y1724818816X62727840Yhalfresionhalfsoma_fragments/149 with read ROI [1360:3216, 5896:7752, 1360:3216] (1856, 1856, 1856) and write ROI [1856:2720, 6392:7256, 1856:2720] (864, 864, 864)
INFO:root:block read roi begin: (1360, 5896, 10000)
INFO:root:block read roi shape: (1856, 1856, 1856)
INFO:root:block write roi begin: (1856, 6392, 10496)
INFO:root:block write roi shape: (864, 864, 864)
INFO:root:releasing block: octoS0SubroiZ1411215680Y1724818816X62727840Yhalfresionhalfsoma_fragments/1169 with read ROI [1360:3216, 5896:7752, 10000:11856] (1856, 1856, 1856) and write ROI [1856:2720, 6392:7256, 10496:11360] (864, 864, 864)
INFO:root:block read roi begin: (1360, 6760, 8272)
INFO:root:block read roi shape: (1856, 1856, 1856)
INFO:root:block write roi begin: (1856, 7256, 8768)
INFO:root:block write roi shape: (864, 864, 864)
INFO:root:releasing block: octoS0SubroiZ1411215680Y1724818816X62727840Yhalfresionhalfsoma_fragments/1006 with read ROI [1360:3216, 6760:8616, 8272:10128] (1856, 1856, 1856) and write ROI [1856:2720, 7256:8120, 8768:9632] (864, 864, 864)
INFO:root:block read roi begin: (1360, 7624, 3952)
INFO:root:block read roi shape: (1856, 1856, 1856)
INFO:root:block write roi begin: (1856, 8120, 4448)
INFO:root:block write roi shape: (864, 864, 864)
INFO:root:releasing block: octoS0SubroiZ1411215680Y1724818816X62727840Yhalfresionhalfsoma_fragments/501 with read ROI [1360:3216, 7624:9480, 3952:5808] (1856, 1856, 1856) and write ROI [1856:2720, 8120:8984, 4448:5312] (864, 864, 864)
INFO:root:block read roi begin: (1360, 8488, 2224)
INFO:root:block read roi shape: (1856, 1856, 1856)
INFO:root:block write roi begin: (1856, 8984, 2720)
INFO:root:block write roi shape: (864, 864, 864)
INFO:root:releasing block: octoS0SubroiZ1411215680Y1724818816X62727840Yhalfresionhalfsoma_fragments/420 with read ROI [1360:3216, 8488:10344, 2224:4080] (1856, 1856, 1856) and write ROI [1856:2720, 8984:9848, 2720:3584] (864, 864, 864)
INFO:root:block read roi begin: (1360, 8488, 10864)
INFO:root:block read roi shape: (1856, 1856, 1184)
INFO:root:block write roi begin: (1856, 8984, 11360)
INFO:root:block write roi shape: (864, 864, 192)
INFO:root:releasing block: octoS0SubroiZ1411215680Y1724818816X62727840Yhalfresionhalfsoma_fragments/2080 with read ROI [1360:3216, 8488:10344, 10864:12048] (1856, 1856, 1184) and write ROI [1856:2720, 8984:9848, 11360:11552] (864, 864, 192)
INFO:root:block read roi begin: (1360, 9352, 6544)
INFO:root:block read roi shape: (1856, 1856, 1856)
INFO:root:block write roi begin: (1856, 9848, 7040)
INFO:root:block write roi shape: (864, 864, 864)
INFO:root:releasing block: octoS0SubroiZ1411215680Y1724818816X62727840Yhalfresionhalfsoma_fragments/1207 with read ROI [1360:3216, 9352:11208, 6544:8400] (1856, 1856, 1856) and write ROI [1856:2720, 9848:10712, 7040:7904] (864, 864, 864)
INFO:root:block read roi begin: (1360, 10216, 3088)
INFO:root:block read roi shape: (1856, 1856, 1856)
INFO:root:block write roi begin: (1856, 10712, 3584)
INFO:root:block write roi shape: (864, 864, 864)
INFO:root:releasing block: octoS0SubroiZ1411215680Y1724818816X62727840Yhalfresionhalfsoma_fragments/759 with read ROI [1360:3216, 10216:12072, 3088:4944] (1856, 1856, 1856) and write ROI [1856:2720, 10712:11576, 3584:4448] (864, 864, 864)
INFO:root:block read roi begin: (1360, 10216, 10864)
INFO:root:block read roi shape: (1856, 1856, 1184)
INFO:root:block write roi begin: (1856, 10712, 11360)
INFO:root:block write roi shape: (864, 864, 192)
INFO:root:releasing block: octoS0SubroiZ1411215680Y1724818816X62727840Yhalfresionhalfsoma_fragments/2679 with read ROI [1360:3216, 10216:12072, 10864:12048] (1856, 1856, 1184) and write ROI [1856:2720, 10712:11576, 11360:11552] (864, 864, 192)
INFO:root:block read roi begin: (1360, 11080, 6544)
INFO:root:block read roi shape: (1856, 1184, 1856)
INFO:root:block write roi begin: (1856, 11576, 7040)
INFO:root:block write roi shape: (864, 192, 864)
INFO:root:releasing block: octoS0SubroiZ1411215680Y1724818816X62727840Yhalfresionhalfsoma_fragments/1632 with read ROI [1360:3216, 11080:12264, 6544:8400] (1856, 1184, 1856) and write ROI [1856:2720, 11576:11768, 7040:7904] (864, 192, 864)
INFO:root:block read roi begin: (2224, 712, 3088)
INFO:root:block read roi shape: (1856, 1856, 1856)
INFO:root:block write roi begin: (2720, 1208, 3584)
INFO:root:block write roi shape: (864, 864, 864)
INFO:root:releasing block: octoS0SubroiZ1411215680Y1724818816X62727840Yhalfresionhalfsoma_fragments/40 with read ROI [2224:4080, 712:2568, 3088:4944] (1856, 1856, 1856) and write ROI [2720:3584, 1208:2072, 3584:4448] (864, 864, 864)
INFO:root:block read roi begin: (2224, 1576, 1360)
INFO:root:block read roi shape: (1856, 1856, 1856)
INFO:root:block write roi begin: (2720, 2072, 1856)
INFO:root:block write roi shape: (864, 864, 864)
INFO:root:releasing block: octoS0SubroiZ1411215680Y1724818816X62727840Yhalfresionhalfsoma_fragments/28 with read ROI [2224:4080, 1576:3432, 1360:3216] (1856, 1856, 1856) and write ROI [2720:3584, 2072:2936, 1856:2720] (864, 864, 864)
INFO:root:block read roi begin: (2224, 1576, 10000)
INFO:root:block read roi shape: (1856, 1856, 1856)
INFO:root:block write roi begin: (2720, 2072, 10496)
INFO:root:block write roi shape: (864, 864, 864)
INFO:root:releasing block: octoS0SubroiZ1411215680Y1724818816X62727840Yhalfresionhalfsoma_fragments/568 with read ROI [2224:4080, 1576:3432, 10000:11856] (1856, 1856, 1856) and write ROI [2720:3584, 2072:2936, 10496:11360] (864, 864, 864)
INFO:root:block read roi begin: (2224, 2440, 8272)
INFO:root:block read roi shape: (1856, 1856, 1856)
INFO:root:block write roi begin: (2720, 2936, 8768)
INFO:root:block write roi shape: (864, 864, 864)
INFO:root:releasing block: octoS0SubroiZ1411215680Y1724818816X62727840Yhalfresionhalfsoma_fragments/467 with read ROI [2224:4080, 2440:4296, 8272:10128] (1856, 1856, 1856) and write ROI [2720:3584, 2936:3800, 8768:9632] (864, 864, 864)
INFO:root:block read roi begin: (2224, 3304, 8272)
INFO:root:block read roi shape: (1856, 1856, 1856)
INFO:root:block write roi begin: (2720, 3800, 8768)
INFO:root:block write roi shape: (864, 864, 864)
INFO:root:releasing block: octoS0SubroiZ1411215680Y1724818816X62727840Yhalfresionhalfsoma_fragments/577 with read ROI [2224:4080, 3304:5160, 8272:10128] (1856, 1856, 1856) and write ROI [2720:3584, 3800:4664, 8768:9632] (864, 864, 864)
INFO:root:block read roi begin: (2224, 4168, 5680)
INFO:root:block read roi shape: (1856, 1856, 1856)
INFO:root:block write roi begin: (2720, 4664, 6176)
INFO:root:block write roi shape: (864, 864, 864)
INFO:root:releasing block: octoS0SubroiZ1411215680Y1724818816X62727840Yhalfresionhalfsoma_fragments/387 with read ROI [2224:4080, 4168:6024, 5680:7536] (1856, 1856, 1856) and write ROI [2720:3584, 4664:5528, 6176:7040] (864, 864, 864)
INFO:root:block read roi begin: (2224, 5032, 3952)
INFO:root:block read roi shape: (1856, 1856, 1856)
INFO:root:block write roi begin: (2720, 5528, 4448)
INFO:root:block write roi shape: (864, 864, 864)
Traceback (most recent call last):
  File "/home/samia/anaconda3/envs/funkelsd/lib/python3.8/site-packages/daisy/client.py", line 85, in acquire_block
    yield block
  File "./engine/post/extract_fragments_worker.py", line 98, in extract_fragments_worker
    run_waterz_parallel(affs=affs,
  File "/media/samia/DATA/PhD/codebases/restructured_packages/local_shape_descriptors/engine/post/run_waterz.py", line 56, in run_waterz_parallel
    affs.materialize()
  File "/home/samia/anaconda3/envs/funkelsd/lib/python3.8/site-packages/funlib/persistence/arrays/array.py", line 218, in materialize
    self.data = self.to_ndarray()
  File "/home/samia/anaconda3/envs/funkelsd/lib/python3.8/site-packages/funlib/persistence/arrays/array.py", line 240, in to_ndarray
    return self.data[self.__slices(self.roi)]
  File "/home/samia/anaconda3/envs/funkelsd/lib/python3.8/site-packages/zarr/core.py", line 821, in __getitem__
    result = self.get_basic_selection(pure_selection, fields=fields)
  File "/home/samia/anaconda3/envs/funkelsd/lib/python3.8/site-packages/zarr/core.py", line 947, in get_basic_selection
    return self._get_basic_selection_nd(selection=selection, out=out,
  File "/home/samia/anaconda3/envs/funkelsd/lib/python3.8/site-packages/zarr/core.py", line 990, in _get_basic_selection_nd
    return self._get_selection(indexer=indexer, out=out, fields=fields)
  File "/home/samia/anaconda3/envs/funkelsd/lib/python3.8/site-packages/zarr/core.py", line 1285, in _get_selection
    self._chunk_getitem(chunk_coords, chunk_selection, out, out_selection,
  File "/home/samia/anaconda3/envs/funkelsd/lib/python3.8/site-packages/zarr/core.py", line 1994, in _chunk_getitem
    cdata = self.chunk_store[ckey]
  File "/home/samia/anaconda3/envs/funkelsd/lib/python3.8/site-packages/zarr/storage.py", line 1085, in __getitem__
    return self._fromfile(filepath)
  File "/home/samia/anaconda3/envs/funkelsd/lib/python3.8/site-packages/zarr/storage.py", line 1060, in _fromfile
    return f.read()
KeyboardInterrupt

During handling of the above exception, another exception occurred:

Traceback (most recent call last):
  File "/home/samia/anaconda3/envs/funkelsd/lib/python3.8/contextlib.py", line 131, in __exit__
    self.gen.throw(type, value, traceback)
  File "/home/samia/anaconda3/envs/funkelsd/lib/python3.8/site-packages/daisy/client.py", line 104, in acquire_block
    self.release_block(block)
  File "/home/samia/anaconda3/envs/funkelsd/lib/python3.8/site-packages/daisy/client.py", line 114, in release_block
    self.tcp_client.send_message(ReleaseBlock(block))
  File "/home/samia/anaconda3/envs/funkelsd/lib/python3.8/site-packages/daisy/tcp/tcp_client.py", line 90, in send_message
    self._check_for_errors()
  File "/home/samia/anaconda3/envs/funkelsd/lib/python3.8/site-packages/daisy/tcp/tcp_client.py", line 126, in _check_for_errors
    raise exception
  File "/home/samia/anaconda3/envs/funkelsd/lib/python3.8/site-packages/daisy/tcp/tcp_client.py", line 151, in _receive
    message = await self.stream._get_message()
  File "/home/samia/anaconda3/envs/funkelsd/lib/python3.8/site-packages/daisy/tcp/tcp_stream.py", line 104, in _get_message
    raise StreamClosedError(*self.address)
daisy.tcp.exceptions.StreamClosedError: ('10.31.32.156', 40961)
