INFO:root:worker 13 started...
INFO:root:epsilon_agglomerate: 0.6
INFO:root:mask_file: None
INFO:root:mask_dataset: None
INFO:root:filter_fragments: 0.0
INFO:root:Running block with config daisy_logs/octoS0SubroiZ1411215680Y1724818816X62727840Yhalfresionhalfsoma_fragments/config_13.yaml...
INFO:root:Reading affs from /media/samia/DATA/ark/lsd_outputs/MTLSD/3d/run-aclsd-together/model_checkpoint_300000/octo-s0-subroi_z14112-15680_y17248-18816_x6272-7840_yhalfresionhalfsoma.zarr
INFO:root:Reading fragments from /media/samia/DATA/ark/lsd_outputs/MTLSD/3d/run-aclsd-together/model_checkpoint_300000/octo-s0-subroi_z14112-15680_y17248-18816_x6272-7840_yhalfresionhalfsoma.zarr
INFO:root:Opening RAG DB...
INFO:root:RAG DB opened
INFO:root:block read roi begin: (2224, 1576, 9136)
INFO:root:block read roi shape: (1856, 1856, 1856)
INFO:root:block write roi begin: (2720, 2072, 9632)
INFO:root:block write roi shape: (864, 864, 864)
ERROR:daisy.client:Block octoS0SubroiZ1411215680Y1724818816X62727840Yhalfresionhalfsoma_fragments/463 with read ROI [2224:4080, 1576:3432, 9136:10992] (1856, 1856, 1856) and write ROI [2720:3584, 2072:2936, 9632:10496] (864, 864, 864) failed in worker 13
Traceback (most recent call last):
  File "/home/samia/anaconda3/envs/funkelsd/lib/python3.8/site-packages/daisy/client.py", line 85, in acquire_block
    yield block
  File "./engine/post/extract_fragments_worker.py", line 98, in extract_fragments_worker
    run_waterz_parallel(affs=affs,
  File "/media/samia/DATA/PhD/codebases/restructured_packages/local_shape_descriptors/engine/post/run_waterz.py", line 47, in run_waterz_parallel
    logger.debug("reading affs from %s", block.read_roi)
NameError: name 'logger' is not defined
INFO:root:block read roi begin: (2224, 2440, 10000)
INFO:root:block read roi shape: (1856, 1856, 1856)
INFO:root:block write roi begin: (2720, 2936, 10496)
INFO:root:block write roi shape: (864, 864, 864)
ERROR:daisy.client:Block octoS0SubroiZ1411215680Y1724818816X62727840Yhalfresionhalfsoma_fragments/692 with read ROI [2224:4080, 2440:4296, 10000:11856] (1856, 1856, 1856) and write ROI [2720:3584, 2936:3800, 10496:11360] (864, 864, 864) failed in worker 13
Traceback (most recent call last):
  File "/home/samia/anaconda3/envs/funkelsd/lib/python3.8/site-packages/daisy/client.py", line 85, in acquire_block
    yield block
  File "./engine/post/extract_fragments_worker.py", line 98, in extract_fragments_worker
    run_waterz_parallel(affs=affs,
  File "/media/samia/DATA/PhD/codebases/restructured_packages/local_shape_descriptors/engine/post/run_waterz.py", line 47, in run_waterz_parallel
    logger.debug("reading affs from %s", block.read_roi)
NameError: name 'logger' is not defined
INFO:root:block read roi begin: (2224, 4168, 1360)
INFO:root:block read roi shape: (1856, 1856, 1856)
INFO:root:block write roi begin: (2720, 4664, 1856)
INFO:root:block write roi shape: (864, 864, 864)
ERROR:daisy.client:Block octoS0SubroiZ1411215680Y1724818816X62727840Yhalfresionhalfsoma_fragments/107 with read ROI [2224:4080, 4168:6024, 1360:3216] (1856, 1856, 1856) and write ROI [2720:3584, 4664:5528, 1856:2720] (864, 864, 864) failed in worker 13
Traceback (most recent call last):
  File "/home/samia/anaconda3/envs/funkelsd/lib/python3.8/site-packages/daisy/client.py", line 85, in acquire_block
    yield block
  File "./engine/post/extract_fragments_worker.py", line 98, in extract_fragments_worker
    run_waterz_parallel(affs=affs,
  File "/media/samia/DATA/PhD/codebases/restructured_packages/local_shape_descriptors/engine/post/run_waterz.py", line 47, in run_waterz_parallel
    logger.debug("reading affs from %s", block.read_roi)
NameError: name 'logger' is not defined
INFO:root:block read roi begin: (2224, 5032, 2224)
INFO:root:block read roi shape: (1856, 1856, 1856)
INFO:root:block write roi begin: (2720, 5528, 2720)
INFO:root:block write roi shape: (864, 864, 864)
ERROR:daisy.client:Block octoS0SubroiZ1411215680Y1724818816X62727840Yhalfresionhalfsoma_fragments/195 with read ROI [2224:4080, 5032:6888, 2224:4080] (1856, 1856, 1856) and write ROI [2720:3584, 5528:6392, 2720:3584] (864, 864, 864) failed in worker 13
Traceback (most recent call last):
  File "/home/samia/anaconda3/envs/funkelsd/lib/python3.8/site-packages/daisy/client.py", line 85, in acquire_block
    yield block
  File "./engine/post/extract_fragments_worker.py", line 98, in extract_fragments_worker
    run_waterz_parallel(affs=affs,
  File "/media/samia/DATA/PhD/codebases/restructured_packages/local_shape_descriptors/engine/post/run_waterz.py", line 47, in run_waterz_parallel
    logger.debug("reading affs from %s", block.read_roi)
NameError: name 'logger' is not defined
INFO:root:block read roi begin: (2224, 5896, 2224)
INFO:root:block read roi shape: (1856, 1856, 1856)
INFO:root:block write roi begin: (2720, 6392, 2720)
INFO:root:block write roi shape: (864, 864, 864)
ERROR:daisy.client:Block octoS0SubroiZ1411215680Y1724818816X62727840Yhalfresionhalfsoma_fragments/258 with read ROI [2224:4080, 5896:7752, 2224:4080] (1856, 1856, 1856) and write ROI [2720:3584, 6392:7256, 2720:3584] (864, 864, 864) failed in worker 13
Traceback (most recent call last):
  File "/home/samia/anaconda3/envs/funkelsd/lib/python3.8/site-packages/daisy/client.py", line 85, in acquire_block
    yield block
  File "./engine/post/extract_fragments_worker.py", line 98, in extract_fragments_worker
    run_waterz_parallel(affs=affs,
  File "/media/samia/DATA/PhD/codebases/restructured_packages/local_shape_descriptors/engine/post/run_waterz.py", line 47, in run_waterz_parallel
    logger.debug("reading affs from %s", block.read_roi)
NameError: name 'logger' is not defined
INFO:root:block read roi begin: (2224, 6760, 3088)
INFO:root:block read roi shape: (1856, 1856, 1856)
INFO:root:block write roi begin: (2720, 7256, 3584)
INFO:root:block write roi shape: (864, 864, 864)
ERROR:daisy.client:Block octoS0SubroiZ1411215680Y1724818816X62727840Yhalfresionhalfsoma_fragments/411 with read ROI [2224:4080, 6760:8616, 3088:4944] (1856, 1856, 1856) and write ROI [2720:3584, 7256:8120, 3584:4448] (864, 864, 864) failed in worker 13
Traceback (most recent call last):
  File "/home/samia/anaconda3/envs/funkelsd/lib/python3.8/site-packages/daisy/client.py", line 85, in acquire_block
    yield block
  File "./engine/post/extract_fragments_worker.py", line 98, in extract_fragments_worker
    run_waterz_parallel(affs=affs,
  File "/media/samia/DATA/PhD/codebases/restructured_packages/local_shape_descriptors/engine/post/run_waterz.py", line 47, in run_waterz_parallel
    logger.debug("reading affs from %s", block.read_roi)
NameError: name 'logger' is not defined
INFO:root:block read roi begin: (2224, 7624, 4816)
INFO:root:block read roi shape: (1856, 1856, 1856)
INFO:root:block write roi begin: (2720, 8120, 5312)
INFO:root:block write roi shape: (864, 864, 864)
ERROR:daisy.client:Block octoS0SubroiZ1411215680Y1724818816X62727840Yhalfresionhalfsoma_fragments/737 with read ROI [2224:4080, 7624:9480, 4816:6672] (1856, 1856, 1856) and write ROI [2720:3584, 8120:8984, 5312:6176] (864, 864, 864) failed in worker 13
Traceback (most recent call last):
  File "/home/samia/anaconda3/envs/funkelsd/lib/python3.8/site-packages/daisy/client.py", line 85, in acquire_block
    yield block
  File "./engine/post/extract_fragments_worker.py", line 98, in extract_fragments_worker
    run_waterz_parallel(affs=affs,
  File "/media/samia/DATA/PhD/codebases/restructured_packages/local_shape_descriptors/engine/post/run_waterz.py", line 47, in run_waterz_parallel
    logger.debug("reading affs from %s", block.read_roi)
NameError: name 'logger' is not defined
INFO:root:block read roi begin: (2224, 8488, 6544)
INFO:root:block read roi shape: (1856, 1856, 1856)
INFO:root:block write roi begin: (2720, 8984, 7040)
INFO:root:block write roi shape: (864, 864, 864)
ERROR:daisy.client:Block octoS0SubroiZ1411215680Y1724818816X62727840Yhalfresionhalfsoma_fragments/1208 with read ROI [2224:4080, 8488:10344, 6544:8400] (1856, 1856, 1856) and write ROI [2720:3584, 8984:9848, 7040:7904] (864, 864, 864) failed in worker 13
Traceback (most recent call last):
  File "/home/samia/anaconda3/envs/funkelsd/lib/python3.8/site-packages/daisy/client.py", line 85, in acquire_block
    yield block
  File "./engine/post/extract_fragments_worker.py", line 98, in extract_fragments_worker
    run_waterz_parallel(affs=affs,
  File "/media/samia/DATA/PhD/codebases/restructured_packages/local_shape_descriptors/engine/post/run_waterz.py", line 47, in run_waterz_parallel
    logger.debug("reading affs from %s", block.read_roi)
NameError: name 'logger' is not defined
INFO:root:block read roi begin: (2224, 9352, 8272)
INFO:root:block read roi shape: (1856, 1856, 1856)
INFO:root:block write roi begin: (2720, 9848, 8768)
INFO:root:block write roi shape: (864, 864, 864)
ERROR:daisy.client:Block octoS0SubroiZ1411215680Y1724818816X62727840Yhalfresionhalfsoma_fragments/1851 with read ROI [2224:4080, 9352:11208, 8272:10128] (1856, 1856, 1856) and write ROI [2720:3584, 9848:10712, 8768:9632] (864, 864, 864) failed in worker 13
Traceback (most recent call last):
  File "/home/samia/anaconda3/envs/funkelsd/lib/python3.8/site-packages/daisy/client.py", line 85, in acquire_block
    yield block
  File "./engine/post/extract_fragments_worker.py", line 98, in extract_fragments_worker
    run_waterz_parallel(affs=affs,
  File "/media/samia/DATA/PhD/codebases/restructured_packages/local_shape_descriptors/engine/post/run_waterz.py", line 47, in run_waterz_parallel
    logger.debug("reading affs from %s", block.read_roi)
NameError: name 'logger' is not defined
