INFO:root:worker 2 started...
INFO:root:epsilon_agglomerate: 0.25
INFO:root:mask_file: None
INFO:root:mask_dataset: None
INFO:root:filter_fragments: 0.0
INFO:root:cfg.INS_SEGMENT.THRESHOLD 0.5
INFO:root:Running block with config daisy_logs/octoCube21248513164Y62316901Z39714640_fragments/config_2.yaml...
wandb: Currently logged in as: sm2667 (iconnect). Use `wandb login --relogin` to force relogin
INFO:root:Reading affs from /media/samia/DATA/mounts/zstore1/lsd_outputs/OCTO_3CUBES_ZYX/MTLSD/3d/clahed_hemi_mito_unproof/model_checkpoint_300000/octo_cube2_12485_13164_y6231_6901_z3971_4640.zarr
INFO:root:Opening RAG DB...
INFO:root:RAG DB opened
INFO:engine.post.parallel_aff_agglomerate:Agglomerating in block [0:2048, 0:2048, 4096:5432] (2048, 2048, 1336) with context of [-128:2176, -128:2176, 3968:5560] (2304, 2304, 1592)
INFO:engine.post.parallel_aff_agglomerate:merged 4158 edges
INFO:engine.post.parallel_aff_agglomerate:Agglomerating in block [0:2048, 2048:4096, 0:2048] (2048, 2048, 2048) with context of [-128:2176, 1920:4224, -128:2176] (2304, 2304, 2304)
INFO:engine.post.parallel_aff_agglomerate:did not merge (138, 160)
INFO:engine.post.parallel_aff_agglomerate:did not merge (456, 460)
INFO:engine.post.parallel_aff_agglomerate:did not merge (497, 499)
INFO:engine.post.parallel_aff_agglomerate:did not merge (504, 528)
INFO:engine.post.parallel_aff_agglomerate:did not merge (504, 685)
INFO:engine.post.parallel_aff_agglomerate:did not merge (538, 685)
INFO:engine.post.parallel_aff_agglomerate:did not merge (546, 685)
INFO:engine.post.parallel_aff_agglomerate:did not merge (581, 685)
INFO:engine.post.parallel_aff_agglomerate:did not merge (586, 685)
INFO:engine.post.parallel_aff_agglomerate:did not merge (589, 685)
INFO:engine.post.parallel_aff_agglomerate:did not merge (593, 685)
INFO:engine.post.parallel_aff_agglomerate:did not merge (624, 685)
INFO:engine.post.parallel_aff_agglomerate:did not merge (678, 685)
INFO:engine.post.parallel_aff_agglomerate:did not merge (760, 970)
INFO:engine.post.parallel_aff_agglomerate:did not merge (1081, 50331875)
INFO:engine.post.parallel_aff_agglomerate:merged 13536 edges
INFO:engine.post.parallel_aff_agglomerate:Agglomerating in block [0:2048, 4096:5360, 0:2048] (2048, 1264, 2048) with context of [-128:2176, 3968:5488, -128:2176] (2304, 1520, 2304)
INFO:engine.post.parallel_aff_agglomerate:did not merge (33554498, 33554512)
INFO:engine.post.parallel_aff_agglomerate:did not merge (33554498, 33554587)
INFO:engine.post.parallel_aff_agglomerate:did not merge (33554630, 33554665)
INFO:engine.post.parallel_aff_agglomerate:did not merge (33554774, 33554809)
INFO:engine.post.parallel_aff_agglomerate:did not merge (33554814, 33554829)
INFO:engine.post.parallel_aff_agglomerate:did not merge (33554814, 33554853)
INFO:engine.post.parallel_aff_agglomerate:did not merge (33554814, 33554970)
INFO:engine.post.parallel_aff_agglomerate:did not merge (33554814, 33555012)
INFO:engine.post.parallel_aff_agglomerate:did not merge (33555001, 33555025)
INFO:engine.post.parallel_aff_agglomerate:did not merge (33554986, 33555012)
INFO:engine.post.parallel_aff_agglomerate:did not merge (33555056, 33555081)
INFO:engine.post.parallel_aff_agglomerate:did not merge (33555056, 33555090)
INFO:engine.post.parallel_aff_agglomerate:did not merge (33555056, 33555310)
INFO:engine.post.parallel_aff_agglomerate:did not merge (33555076, 33555136)
INFO:engine.post.parallel_aff_agglomerate:did not merge (33555076, 33555137)
INFO:engine.post.parallel_aff_agglomerate:did not merge (33555076, 33555153)
INFO:engine.post.parallel_aff_agglomerate:did not merge (33555251, 33555310)
INFO:engine.post.parallel_aff_agglomerate:did not merge (33555367, 33555482)
INFO:engine.post.parallel_aff_agglomerate:did not merge (33555431, 33555482)
INFO:engine.post.parallel_aff_agglomerate:did not merge (33555431, 33555494)
INFO:engine.post.parallel_aff_agglomerate:did not merge (33555431, 33555500)
INFO:engine.post.parallel_aff_agglomerate:did not merge (33555431, 33555502)
INFO:engine.post.parallel_aff_agglomerate:did not merge (33555400, 33555500)
INFO:engine.post.parallel_aff_agglomerate:did not merge (33555473, 33555482)
INFO:engine.post.parallel_aff_agglomerate:did not merge (33555473, 33555494)
INFO:engine.post.parallel_aff_agglomerate:did not merge (33555473, 33555502)
INFO:engine.post.parallel_aff_agglomerate:did not merge (33555593, 33555607)
INFO:engine.post.parallel_aff_agglomerate:did not merge (33555593, 33555616)
INFO:engine.post.parallel_aff_agglomerate:did not merge (33555593, 33555631)
INFO:engine.post.parallel_aff_agglomerate:did not merge (33555593, 33555643)
INFO:engine.post.parallel_aff_agglomerate:did not merge (33555593, 33555650)
INFO:engine.post.parallel_aff_agglomerate:did not merge (33555593, 33555743)
INFO:engine.post.parallel_aff_agglomerate:did not merge (33555593, 33555782)
INFO:engine.post.parallel_aff_agglomerate:did not merge (33555593, 33555865)
INFO:engine.post.parallel_aff_agglomerate:did not merge (33555807, 33555865)
INFO:engine.post.parallel_aff_agglomerate:did not merge (33555807, 33555901)
INFO:engine.post.parallel_aff_agglomerate:did not merge (33555807, 33555969)
INFO:engine.post.parallel_aff_agglomerate:did not merge (33555807, 33556131)
INFO:engine.post.parallel_aff_agglomerate:did not merge (33555859, 33555989)
INFO:engine.post.parallel_aff_agglomerate:did not merge (33555859, 33556030)
INFO:engine.post.parallel_aff_agglomerate:did not merge (33555959, 33556131)
INFO:engine.post.parallel_aff_agglomerate:merged 3860 edges
INFO:engine.post.parallel_aff_agglomerate:Agglomerating in block [0:2048, 4096:5360, 4096:5432] (2048, 1264, 1336) with context of [-128:2176, 3968:5488, 3968:5560] (2304, 1520, 1592)
INFO:engine.post.parallel_aff_agglomerate:did not merge (83886658, 83886792)
INFO:engine.post.parallel_aff_agglomerate:did not merge (83888212, 83888214)
INFO:engine.post.parallel_aff_agglomerate:did not merge (83888212, 83888241)
INFO:engine.post.parallel_aff_agglomerate:did not merge (83888212, 83888301)
INFO:engine.post.parallel_aff_agglomerate:did not merge (83888212, 83888315)
INFO:engine.post.parallel_aff_agglomerate:did not merge (83888212, 83888326)
INFO:engine.post.parallel_aff_agglomerate:did not merge (83888212, 83888381)
INFO:engine.post.parallel_aff_agglomerate:did not merge (83888212, 83888525)
INFO:engine.post.parallel_aff_agglomerate:did not merge (83888212, 83888838)
INFO:engine.post.parallel_aff_agglomerate:did not merge (83888212, 218104349)
INFO:engine.post.parallel_aff_agglomerate:did not merge (83888212, 218104403)
INFO:engine.post.parallel_aff_agglomerate:did not merge (83888212, 218104439)
INFO:engine.post.parallel_aff_agglomerate:merged 1355 edges
INFO:engine.post.parallel_aff_agglomerate:Agglomerating in block [2048:4096, 0:2048, 4096:5432] (2048, 2048, 1336) with context of [1920:4224, -128:2176, 3968:5560] (2304, 2304, 1592)
INFO:engine.post.parallel_aff_agglomerate:did not merge (16778434, 16778513)
INFO:engine.post.parallel_aff_agglomerate:did not merge (16778540, 16778557)
INFO:engine.post.parallel_aff_agglomerate:did not merge (16778540, 16778558)
INFO:engine.post.parallel_aff_agglomerate:did not merge (16778540, 16778724)
INFO:engine.post.parallel_aff_agglomerate:did not merge (16778540, 100663519)
INFO:engine.post.parallel_aff_agglomerate:did not merge (16778540, 100663564)
INFO:engine.post.parallel_aff_agglomerate:did not merge (16778540, 100663894)
INFO:engine.post.parallel_aff_agglomerate:did not merge (16778556, 16778557)
INFO:engine.post.parallel_aff_agglomerate:merged 7422 edges
INFO:engine.post.parallel_aff_agglomerate:Agglomerating in block [2048:4096, 2048:4096, 2048:4096] (2048, 2048, 2048) with context of [1920:4224, 1920:4224, 1920:4224] (2304, 2304, 2304)
INFO:engine.post.parallel_aff_agglomerate:did not merge (83888201, 184550046)
INFO:engine.post.parallel_aff_agglomerate:did not merge (83888304, 184550010)
INFO:engine.post.parallel_aff_agglomerate:did not merge (83888304, 184550020)
INFO:engine.post.parallel_aff_agglomerate:did not merge (83888304, 184550035)
INFO:engine.post.parallel_aff_agglomerate:did not merge (83888304, 184550036)
INFO:engine.post.parallel_aff_agglomerate:did not merge (83888270, 184550030)
INFO:engine.post.parallel_aff_agglomerate:did not merge (83888171, 83888185)
INFO:engine.post.parallel_aff_agglomerate:did not merge (83888171, 83888186)
INFO:engine.post.parallel_aff_agglomerate:did not merge (83888171, 83888188)
INFO:engine.post.parallel_aff_agglomerate:did not merge (83888171, 83888189)
INFO:engine.post.parallel_aff_agglomerate:did not merge (218104432, 218104438)
INFO:engine.post.parallel_aff_agglomerate:did not merge (184550119, 184550124)
INFO:engine.post.parallel_aff_agglomerate:did not merge (184550119, 184550151)
INFO:engine.post.parallel_aff_agglomerate:did not merge (218104445, 218104453)
INFO:engine.post.parallel_aff_agglomerate:did not merge (16778519, 16778678)
INFO:engine.post.parallel_aff_agglomerate:did not merge (16778603, 16778678)
INFO:engine.post.parallel_aff_agglomerate:did not merge (33556040, 33556176)
INFO:engine.post.parallel_aff_agglomerate:did not merge (33556040, 33556204)
INFO:engine.post.parallel_aff_agglomerate:did not merge (100663661, 100663677)
INFO:engine.post.parallel_aff_agglomerate:did not merge (201326688, 201326700)
INFO:engine.post.parallel_aff_agglomerate:did not merge (201326688, 201326706)
INFO:engine.post.parallel_aff_agglomerate:did not merge (201326688, 201326707)
INFO:engine.post.parallel_aff_agglomerate:did not merge (201326688, 201326743)
INFO:engine.post.parallel_aff_agglomerate:did not merge (100663728, 100663866)
INFO:engine.post.parallel_aff_agglomerate:did not merge (100663839, 100663861)
INFO:engine.post.parallel_aff_agglomerate:did not merge (50332086, 50332125)
INFO:engine.post.parallel_aff_agglomerate:did not merge (100663887, 100663908)
INFO:engine.post.parallel_aff_agglomerate:did not merge (100663887, 100663986)
INFO:engine.post.parallel_aff_agglomerate:did not merge (100663898, 100664119)
INFO:engine.post.parallel_aff_agglomerate:did not merge (50332239, 50332242)
INFO:engine.post.parallel_aff_agglomerate:did not merge (50332239, 50332252)
INFO:engine.post.parallel_aff_agglomerate:did not merge (50332239, 50332258)
INFO:engine.post.parallel_aff_agglomerate:did not merge (50332239, 50332264)
INFO:engine.post.parallel_aff_agglomerate:did not merge (50332239, 50332272)
INFO:engine.post.parallel_aff_agglomerate:did not merge (50332239, 50332321)
INFO:engine.post.parallel_aff_agglomerate:did not merge (50332239, 50332357)
INFO:engine.post.parallel_aff_agglomerate:did not merge (50332239, 50332398)
INFO:engine.post.parallel_aff_agglomerate:did not merge (50332239, 134218770)
INFO:engine.post.parallel_aff_agglomerate:did not merge (50332239, 134218890)
INFO:engine.post.parallel_aff_agglomerate:did not merge (100664360, 100664401)
INFO:engine.post.parallel_aff_agglomerate:did not merge (100664360, 100664468)
INFO:engine.post.parallel_aff_agglomerate:did not merge (100664328, 100664413)
INFO:engine.post.parallel_aff_agglomerate:did not merge (100664328, 100664437)
INFO:engine.post.parallel_aff_agglomerate:did not merge (100664328, 100664511)
INFO:engine.post.parallel_aff_agglomerate:did not merge (100664423, 100664474)
INFO:engine.post.parallel_aff_agglomerate:did not merge (100664423, 100664511)
INFO:engine.post.parallel_aff_agglomerate:did not merge (100664423, 100664556)
INFO:engine.post.parallel_aff_agglomerate:did not merge (100664483, 100664493)
INFO:engine.post.parallel_aff_agglomerate:did not merge (100664483, 100664593)
INFO:engine.post.parallel_aff_agglomerate:did not merge (100664483, 100664635)
INFO:engine.post.parallel_aff_agglomerate:did not merge (100664483, 100664651)
INFO:engine.post.parallel_aff_agglomerate:did not merge (100664483, 100664750)
INFO:engine.post.parallel_aff_agglomerate:did not merge (100664483, 100664751)
INFO:engine.post.parallel_aff_agglomerate:did not merge (100664512, 100664556)
INFO:engine.post.parallel_aff_agglomerate:did not merge (100664553, 100664568)
INFO:engine.post.parallel_aff_agglomerate:did not merge (100664553, 100664604)
INFO:engine.post.parallel_aff_agglomerate:did not merge (100664553, 100664715)
INFO:engine.post.parallel_aff_agglomerate:did not merge (100664553, 201326967)
INFO:engine.post.parallel_aff_agglomerate:did not merge (100664553, 201326976)
INFO:engine.post.parallel_aff_agglomerate:did not merge (100664553, 201327021)
INFO:engine.post.parallel_aff_agglomerate:did not merge (201326964, 201326967)
INFO:engine.post.parallel_aff_agglomerate:did not merge (50332439, 50332632)
INFO:engine.post.parallel_aff_agglomerate:did not merge (50332439, 50332633)
INFO:engine.post.parallel_aff_agglomerate:did not merge (50332439, 50332634)
INFO:engine.post.parallel_aff_agglomerate:did not merge (50332439, 50332648)
INFO:engine.post.parallel_aff_agglomerate:did not merge (50332439, 50332718)
INFO:engine.post.parallel_aff_agglomerate:did not merge (100664596, 100664620)
INFO:engine.post.parallel_aff_agglomerate:did not merge (100664596, 100664643)
INFO:engine.post.parallel_aff_agglomerate:did not merge (100664596, 100664669)
INFO:engine.post.parallel_aff_agglomerate:did not merge (100664596, 100664684)
INFO:engine.post.parallel_aff_agglomerate:did not merge (100664699, 100664749)
INFO:engine.post.parallel_aff_agglomerate:did not merge (100664699, 100664810)
INFO:engine.post.parallel_aff_agglomerate:did not merge (100664872, 100664924)
INFO:engine.post.parallel_aff_agglomerate:did not merge (100664872, 100664951)
INFO:engine.post.parallel_aff_agglomerate:did not merge (100664872, 100665095)
INFO:engine.post.parallel_aff_agglomerate:did not merge (100664872, 100665208)
INFO:engine.post.parallel_aff_agglomerate:did not merge (201327016, 201327059)
INFO:engine.post.parallel_aff_agglomerate:did not merge (100664828, 100664843)
INFO:engine.post.parallel_aff_agglomerate:did not merge (100664828, 100664864)
INFO:engine.post.parallel_aff_agglomerate:did not merge (100664828, 100664924)
INFO:engine.post.parallel_aff_agglomerate:did not merge (100664828, 100664943)
INFO:engine.post.parallel_aff_agglomerate:did not merge (100664828, 100664951)
INFO:engine.post.parallel_aff_agglomerate:did not merge (50332905, 50333001)
INFO:engine.post.parallel_aff_agglomerate:did not merge (100664971, 100665095)
INFO:engine.post.parallel_aff_agglomerate:did not merge (100665010, 100665102)
INFO:engine.post.parallel_aff_agglomerate:did not merge (100665048, 100665185)
INFO:engine.post.parallel_aff_agglomerate:did not merge (100665063, 100665067)
INFO:engine.post.parallel_aff_agglomerate:did not merge (100665054, 100665102)
INFO:engine.post.parallel_aff_agglomerate:did not merge (100665035, 100665047)
INFO:engine.post.parallel_aff_agglomerate:did not merge (100665035, 100665102)
INFO:engine.post.parallel_aff_agglomerate:did not merge (50333017, 50333030)
INFO:engine.post.parallel_aff_agglomerate:did not merge (50333017, 50333073)
INFO:engine.post.parallel_aff_agglomerate:did not merge (50333017, 50333077)
INFO:engine.post.parallel_aff_agglomerate:did not merge (50333017, 50333085)
INFO:engine.post.parallel_aff_agglomerate:did not merge (50333017, 50333086)
INFO:engine.post.parallel_aff_agglomerate:did not merge (50333017, 50333091)
INFO:engine.post.parallel_aff_agglomerate:did not merge (50333017, 50333097)
INFO:engine.post.parallel_aff_agglomerate:did not merge (50333017, 50333165)
INFO:engine.post.parallel_aff_agglomerate:did not merge (50333017, 100665230)
INFO:engine.post.parallel_aff_agglomerate:did not merge (50333017, 134219711)
INFO:engine.post.parallel_aff_agglomerate:did not merge (201327220, 201327307)
INFO:engine.post.parallel_aff_agglomerate:did not merge (201327220, 201327335)
INFO:engine.post.parallel_aff_agglomerate:did not merge (201327220, 201327336)
INFO:engine.post.parallel_aff_agglomerate:did not merge (201327220, 201327374)
INFO:engine.post.parallel_aff_agglomerate:did not merge (201327220, 201327391)
INFO:engine.post.parallel_aff_agglomerate:did not merge (201327220, 402654270)
INFO:engine.post.parallel_aff_agglomerate:did not merge (201327220, 402654304)
INFO:engine.post.parallel_aff_agglomerate:did not merge (100665104, 100665212)
INFO:engine.post.parallel_aff_agglomerate:did not merge (100665104, 100665230)
INFO:engine.post.parallel_aff_agglomerate:did not merge (100665104, 100665400)
INFO:engine.post.parallel_aff_agglomerate:did not merge (100665197, 100665222)
INFO:engine.post.parallel_aff_agglomerate:did not merge (100665197, 100665238)
INFO:engine.post.parallel_aff_agglomerate:did not merge (100665370, 100665376)
INFO:engine.post.parallel_aff_agglomerate:did not merge (100665370, 100665378)
INFO:engine.post.parallel_aff_agglomerate:did not merge (100665370, 201327371)
INFO:engine.post.parallel_aff_agglomerate:did not merge (100665370, 201327374)
INFO:engine.post.parallel_aff_agglomerate:did not merge (201327379, 201327391)
INFO:engine.post.parallel_aff_agglomerate:did not merge (100665485, 100665515)
INFO:engine.post.parallel_aff_agglomerate:did not merge (100665485, 100665793)
INFO:engine.post.parallel_aff_agglomerate:did not merge (100665485, 100665808)
INFO:engine.post.parallel_aff_agglomerate:did not merge (100665485, 201327374)
INFO:engine.post.parallel_aff_agglomerate:did not merge (100665485, 251658601)
INFO:engine.post.parallel_aff_agglomerate:did not merge (100665485, 251658858)
INFO:engine.post.parallel_aff_agglomerate:did not merge (100665379, 100665670)
INFO:engine.post.parallel_aff_agglomerate:did not merge (201327398, 201327411)
INFO:engine.post.parallel_aff_agglomerate:did not merge (201327438, 201327459)
INFO:engine.post.parallel_aff_agglomerate:did not merge (201327438, 419430600)
INFO:engine.post.parallel_aff_agglomerate:did not merge (201327441, 419430507)
INFO:engine.post.parallel_aff_agglomerate:merged 27196 edges
INFO:engine.post.parallel_aff_agglomerate:Agglomerating in block [4096:5352, 0:2048, 0:2048] (1256, 2048, 2048) with context of [3968:5480, -128:2176, -128:2176] (1512, 2304, 2304)
INFO:engine.post.parallel_aff_agglomerate:did not merge (100665257, 100665266)
INFO:engine.post.parallel_aff_agglomerate:did not merge (100665257, 100665492)
INFO:engine.post.parallel_aff_agglomerate:did not merge (100665353, 100665424)
INFO:engine.post.parallel_aff_agglomerate:did not merge (100665353, 100665436)
INFO:engine.post.parallel_aff_agglomerate:did not merge (100665804, 251658620)
INFO:engine.post.parallel_aff_agglomerate:did not merge (234884092, 234884188)
INFO:engine.post.parallel_aff_agglomerate:did not merge (234884092, 469762189)
INFO:engine.post.parallel_aff_agglomerate:did not merge (234884092, 469762228)
INFO:engine.post.parallel_aff_agglomerate:did not merge (234884092, 469762238)
INFO:engine.post.parallel_aff_agglomerate:merged 3240 edges
INFO:engine.post.parallel_aff_agglomerate:Agglomerating in block [4096:5352, 0:2048, 4096:5432] (1256, 2048, 1336) with context of [3968:5480, -128:2176, 3968:5560] (1512, 2304, 1592)
INFO:engine.post.parallel_aff_agglomerate:did not merge (100665362, 100665384)
INFO:engine.post.parallel_aff_agglomerate:did not merge (100665362, 100665404)
INFO:engine.post.parallel_aff_agglomerate:did not merge (100665362, 100665412)
INFO:engine.post.parallel_aff_agglomerate:did not merge (100665362, 100665429)
INFO:engine.post.parallel_aff_agglomerate:did not merge (100665362, 100665430)
INFO:engine.post.parallel_aff_agglomerate:did not merge (100665362, 100665433)
INFO:engine.post.parallel_aff_agglomerate:did not merge (100665362, 100665443)
INFO:engine.post.parallel_aff_agglomerate:did not merge (100665362, 100665453)
INFO:engine.post.parallel_aff_agglomerate:did not merge (100665362, 100665463)
INFO:engine.post.parallel_aff_agglomerate:did not merge (100665362, 100665508)
INFO:engine.post.parallel_aff_agglomerate:did not merge (100665362, 100665509)
INFO:engine.post.parallel_aff_agglomerate:did not merge (100665362, 100665582)
INFO:engine.post.parallel_aff_agglomerate:did not merge (100665362, 201327159)
INFO:engine.post.parallel_aff_agglomerate:did not merge (100665362, 251658519)
INFO:engine.post.parallel_aff_agglomerate:did not merge (100665362, 251658549)
INFO:engine.post.parallel_aff_agglomerate:did not merge (100665362, 251658594)
INFO:engine.post.parallel_aff_agglomerate:did not merge (100665362, 251658595)
INFO:engine.post.parallel_aff_agglomerate:did not merge (100665362, 251658668)
INFO:engine.post.parallel_aff_agglomerate:did not merge (100665362, 251658685)
INFO:engine.post.parallel_aff_agglomerate:did not merge (402654305, 402654319)
INFO:engine.post.parallel_aff_agglomerate:did not merge (100665354, 100665375)
INFO:engine.post.parallel_aff_agglomerate:did not merge (100665354, 100665478)
INFO:engine.post.parallel_aff_agglomerate:did not merge (100665354, 100665482)
INFO:engine.post.parallel_aff_agglomerate:did not merge (100665354, 100665573)
INFO:engine.post.parallel_aff_agglomerate:did not merge (100665354, 201327279)
INFO:engine.post.parallel_aff_agglomerate:did not merge (100665354, 251658568)
INFO:engine.post.parallel_aff_agglomerate:did not merge (402654316, 402654319)
INFO:engine.post.parallel_aff_agglomerate:did not merge (201327372, 402654203)
INFO:engine.post.parallel_aff_agglomerate:did not merge (234884044, 234884136)
INFO:engine.post.parallel_aff_agglomerate:did not merge (234884044, 234884147)
INFO:engine.post.parallel_aff_agglomerate:did not merge (402654318, 402654319)
INFO:engine.post.parallel_aff_agglomerate:did not merge (100665445, 100665618)
INFO:engine.post.parallel_aff_agglomerate:did not merge (100665605, 100665618)
INFO:engine.post.parallel_aff_agglomerate:merged 3682 edges
INFO:engine.post.parallel_aff_agglomerate:Agglomerating in block [4096:5352, 2048:4096, 2048:4096] (1256, 2048, 2048) with context of [3968:5480, 1920:4224, 1920:4224] (1512, 2304, 2304)
INFO:engine.post.parallel_aff_agglomerate:did not merge (134219871, 134219919)
INFO:engine.post.parallel_aff_agglomerate:did not merge (134219871, 134219983)
INFO:engine.post.parallel_aff_agglomerate:did not merge (234883948, 234883985)
INFO:engine.post.parallel_aff_agglomerate:did not merge (452985734, 452985752)
INFO:engine.post.parallel_aff_agglomerate:did not merge (452985734, 704643315)
INFO:engine.post.parallel_aff_agglomerate:did not merge (452985734, 788529195)
INFO:engine.post.parallel_aff_agglomerate:did not merge (201327379, 201327391)
INFO:engine.post.parallel_aff_agglomerate:did not merge (402654305, 402654316)
INFO:engine.post.parallel_aff_agglomerate:did not merge (402654305, 402654318)
INFO:engine.post.parallel_aff_agglomerate:did not merge (402654305, 402654319)
INFO:engine.post.parallel_aff_agglomerate:did not merge (134220060, 134220069)
INFO:engine.post.parallel_aff_agglomerate:did not merge (134220060, 234883887)
INFO:engine.post.parallel_aff_agglomerate:did not merge (234883990, 452985724)
INFO:engine.post.parallel_aff_agglomerate:did not merge (452985751, 452985752)
INFO:engine.post.parallel_aff_agglomerate:did not merge (452985751, 452985754)
INFO:engine.post.parallel_aff_agglomerate:did not merge (452985747, 452985755)
INFO:engine.post.parallel_aff_agglomerate:did not merge (402654289, 402654359)
INFO:engine.post.parallel_aff_agglomerate:did not merge (402654289, 402654369)
INFO:engine.post.parallel_aff_agglomerate:did not merge (402654289, 402654404)
INFO:engine.post.parallel_aff_agglomerate:did not merge (402654289, 721420410)
INFO:engine.post.parallel_aff_agglomerate:did not merge (134219937, 134219978)
INFO:engine.post.parallel_aff_agglomerate:did not merge (134220009, 134220017)
INFO:engine.post.parallel_aff_agglomerate:did not merge (134220108, 234883912)
INFO:engine.post.parallel_aff_agglomerate:did not merge (100665485, 100665515)
INFO:engine.post.parallel_aff_agglomerate:did not merge (100665485, 100665793)
INFO:engine.post.parallel_aff_agglomerate:did not merge (100665485, 100665808)
INFO:engine.post.parallel_aff_agglomerate:did not merge (100665485, 201327374)
INFO:engine.post.parallel_aff_agglomerate:did not merge (100665485, 251658601)
INFO:engine.post.parallel_aff_agglomerate:did not merge (100665485, 251658858)
INFO:engine.post.parallel_aff_agglomerate:did not merge (402654375, 402654380)
INFO:engine.post.parallel_aff_agglomerate:did not merge (100665379, 100665670)
INFO:engine.post.parallel_aff_agglomerate:did not merge (201327398, 201327411)
INFO:engine.post.parallel_aff_agglomerate:did not merge (201327438, 201327459)
INFO:engine.post.parallel_aff_agglomerate:did not merge (201327438, 419430600)
INFO:engine.post.parallel_aff_agglomerate:did not merge (201327441, 419430507)
INFO:engine.post.parallel_aff_agglomerate:did not merge (402654385, 402654407)
INFO:engine.post.parallel_aff_agglomerate:did not merge (402654385, 721420448)
INFO:engine.post.parallel_aff_agglomerate:did not merge (402654411, 402654495)
INFO:engine.post.parallel_aff_agglomerate:did not merge (419430539, 419430544)
INFO:engine.post.parallel_aff_agglomerate:did not merge (251658431, 251658463)
INFO:engine.post.parallel_aff_agglomerate:did not merge (251658431, 251658696)
INFO:engine.post.parallel_aff_agglomerate:did not merge (419430540, 721420409)
INFO:engine.post.parallel_aff_agglomerate:did not merge (419430571, 419430585)
INFO:engine.post.parallel_aff_agglomerate:did not merge (419430571, 419430591)
INFO:engine.post.parallel_aff_agglomerate:did not merge (419430571, 419430592)
INFO:engine.post.parallel_aff_agglomerate:did not merge (419430571, 419430600)
INFO:engine.post.parallel_aff_agglomerate:did not merge (301990125, 301990171)
INFO:engine.post.parallel_aff_agglomerate:did not merge (301990134, 301990143)
INFO:engine.post.parallel_aff_agglomerate:did not merge (301990134, 301990178)
INFO:engine.post.parallel_aff_agglomerate:did not merge (251658952, 251659105)
INFO:engine.post.parallel_aff_agglomerate:did not merge (301990234, 301990238)
INFO:engine.post.parallel_aff_agglomerate:did not merge (301990261, 301990330)
INFO:engine.post.parallel_aff_agglomerate:did not merge (301990261, 301990442)
INFO:engine.post.parallel_aff_agglomerate:did not merge (419430709, 419430728)
INFO:engine.post.parallel_aff_agglomerate:did not merge (419430709, 419430734)
INFO:engine.post.parallel_aff_agglomerate:did not merge (419430709, 419430737)
INFO:engine.post.parallel_aff_agglomerate:did not merge (419430709, 419430757)
INFO:engine.post.parallel_aff_agglomerate:did not merge (419430709, 419430765)
INFO:engine.post.parallel_aff_agglomerate:did not merge (301990372, 301990383)
INFO:engine.post.parallel_aff_agglomerate:did not merge (301990372, 301990462)
INFO:engine.post.parallel_aff_agglomerate:did not merge (301990402, 301990483)
INFO:engine.post.parallel_aff_agglomerate:did not merge (251659112, 251659168)
INFO:engine.post.parallel_aff_agglomerate:did not merge (251659112, 251659200)
INFO:engine.post.parallel_aff_agglomerate:did not merge (301990490, 301990571)
INFO:engine.post.parallel_aff_agglomerate:did not merge (419430767, 419430776)
INFO:engine.post.parallel_aff_agglomerate:did not merge (419430767, 721420635)
INFO:engine.post.parallel_aff_agglomerate:merged 7919 edges
