INFO:root:worker 1 started...
INFO:root:epsilon_agglomerate: 0.25
INFO:root:mask_file: None
INFO:root:mask_dataset: None
INFO:root:filter_fragments: 0.0
INFO:root:cfg.INS_SEGMENT.THRESHOLD 0.5
INFO:root:Running block with config daisy_logs/octoCube21248513164Y62316901Z39714640_fragments/config_1.yaml...
wandb: Currently logged in as: sm2667 (iconnect). Use `wandb login --relogin` to force relogin
INFO:root:Reading affs from /media/samia/DATA/mounts/zstore1/lsd_outputs/OCTO_3CUBES_ZYX/MTLSD/3d/clahed_hemi_mito_unproof/model_checkpoint_300000/octo_cube2_12485_13164_y6231_6901_z3971_4640.zarr
INFO:root:Opening RAG DB...
INFO:root:RAG DB opened
INFO:engine.post.parallel_aff_agglomerate:Agglomerating in block [0:2048, 0:2048, 0:2048] (2048, 2048, 2048) with context of [-128:2176, -128:2176, -128:2176] (2304, 2304, 2304)
INFO:engine.post.parallel_aff_agglomerate:merged 7544 edges
INFO:engine.post.parallel_aff_agglomerate:Agglomerating in block [0:2048, 2048:4096, 2048:4096] (2048, 2048, 2048) with context of [-128:2176, 1920:4224, 1920:4224] (2304, 2304, 2304)
INFO:engine.post.parallel_aff_agglomerate:did not merge (16777256, 16777322)
INFO:engine.post.parallel_aff_agglomerate:did not merge (138, 160)
INFO:engine.post.parallel_aff_agglomerate:did not merge (16777492, 16777531)
INFO:engine.post.parallel_aff_agglomerate:did not merge (16777481, 16777501)
INFO:engine.post.parallel_aff_agglomerate:did not merge (16777481, 16777535)
INFO:engine.post.parallel_aff_agglomerate:did not merge (16777502, 16777531)
INFO:engine.post.parallel_aff_agglomerate:did not merge (16777502, 16777617)
INFO:engine.post.parallel_aff_agglomerate:did not merge (16777502, 16777646)
INFO:engine.post.parallel_aff_agglomerate:did not merge (16777667, 16777705)
INFO:engine.post.parallel_aff_agglomerate:did not merge (16777707, 16777743)
INFO:engine.post.parallel_aff_agglomerate:did not merge (16777733, 16777743)
INFO:engine.post.parallel_aff_agglomerate:did not merge (16777733, 16777908)
INFO:engine.post.parallel_aff_agglomerate:did not merge (16777758, 16777808)
INFO:engine.post.parallel_aff_agglomerate:did not merge (16777828, 16777901)
INFO:engine.post.parallel_aff_agglomerate:did not merge (16777967, 16777989)
INFO:engine.post.parallel_aff_agglomerate:did not merge (16777967, 16777997)
INFO:engine.post.parallel_aff_agglomerate:did not merge (16777967, 16778003)
INFO:engine.post.parallel_aff_agglomerate:did not merge (16777967, 16778107)
INFO:engine.post.parallel_aff_agglomerate:did not merge (67109113, 67109133)
INFO:engine.post.parallel_aff_agglomerate:did not merge (16778045, 16778062)
INFO:engine.post.parallel_aff_agglomerate:did not merge (16778257, 16778269)
INFO:engine.post.parallel_aff_agglomerate:did not merge (16778257, 16778270)
INFO:engine.post.parallel_aff_agglomerate:did not merge (16778231, 16778349)
INFO:engine.post.parallel_aff_agglomerate:did not merge (67109323, 67109326)
INFO:engine.post.parallel_aff_agglomerate:did not merge (16778271, 16778281)
INFO:engine.post.parallel_aff_agglomerate:did not merge (16778271, 16778282)
INFO:engine.post.parallel_aff_agglomerate:did not merge (16778271, 16778291)
INFO:engine.post.parallel_aff_agglomerate:did not merge (16778271, 16778359)
INFO:engine.post.parallel_aff_agglomerate:did not merge (16778375, 16778382)
INFO:engine.post.parallel_aff_agglomerate:did not merge (16778519, 16778678)
INFO:engine.post.parallel_aff_agglomerate:did not merge (16778603, 16778678)
INFO:engine.post.parallel_aff_agglomerate:merged 20797 edges
INFO:engine.post.parallel_aff_agglomerate:Agglomerating in block [2048:4096, 0:2048, 0:2048] (2048, 2048, 2048) with context of [1920:4224, -128:2176, -128:2176] (2304, 2304, 2304)
INFO:engine.post.parallel_aff_agglomerate:did not merge (16778453, 16778478)
INFO:engine.post.parallel_aff_agglomerate:did not merge (16778453, 16778610)
INFO:engine.post.parallel_aff_agglomerate:did not merge (16778453, 16778611)
INFO:engine.post.parallel_aff_agglomerate:did not merge (16778453, 100663616)
INFO:engine.post.parallel_aff_agglomerate:did not merge (867, 33555791)
INFO:engine.post.parallel_aff_agglomerate:did not merge (33555873, 33555915)
INFO:engine.post.parallel_aff_agglomerate:did not merge (33555873, 33555962)
INFO:engine.post.parallel_aff_agglomerate:did not merge (33555873, 33556040)
INFO:engine.post.parallel_aff_agglomerate:did not merge (817, 16778100)
INFO:engine.post.parallel_aff_agglomerate:did not merge (983, 16778187)
INFO:engine.post.parallel_aff_agglomerate:did not merge (33555978, 33556069)
INFO:engine.post.parallel_aff_agglomerate:did not merge (33555978, 33556160)
INFO:engine.post.parallel_aff_agglomerate:did not merge (33555978, 134218005)
INFO:engine.post.parallel_aff_agglomerate:did not merge (33556052, 134217746)
INFO:engine.post.parallel_aff_agglomerate:did not merge (16778642, 100663621)
INFO:engine.post.parallel_aff_agglomerate:did not merge (33555948, 134217746)
INFO:engine.post.parallel_aff_agglomerate:did not merge (33556033, 33556107)
INFO:engine.post.parallel_aff_agglomerate:did not merge (33556033, 33556108)
INFO:engine.post.parallel_aff_agglomerate:did not merge (33556001, 33556069)
INFO:engine.post.parallel_aff_agglomerate:did not merge (33556001, 134218005)
INFO:engine.post.parallel_aff_agglomerate:did not merge (33556062, 33556160)
INFO:engine.post.parallel_aff_agglomerate:merged 12625 edges
INFO:engine.post.parallel_aff_agglomerate:Agglomerating in block [2048:4096, 2048:4096, 0:2048] (2048, 2048, 2048) with context of [1920:4224, 1920:4224, -128:2176] (2304, 2304, 2304)
INFO:engine.post.parallel_aff_agglomerate:did not merge (867, 33555791)
INFO:engine.post.parallel_aff_agglomerate:did not merge (83888345, 83888371)
INFO:engine.post.parallel_aff_agglomerate:did not merge (83888345, 83888438)
INFO:engine.post.parallel_aff_agglomerate:did not merge (83888345, 83888454)
INFO:engine.post.parallel_aff_agglomerate:did not merge (83888345, 83888583)
INFO:engine.post.parallel_aff_agglomerate:did not merge (1081, 50331875)
INFO:engine.post.parallel_aff_agglomerate:did not merge (16778653, 100663552)
INFO:engine.post.parallel_aff_agglomerate:did not merge (50331695, 50331770)
INFO:engine.post.parallel_aff_agglomerate:did not merge (50331695, 50331779)
INFO:engine.post.parallel_aff_agglomerate:did not merge (50331695, 50331839)
INFO:engine.post.parallel_aff_agglomerate:did not merge (50331695, 50331857)
INFO:engine.post.parallel_aff_agglomerate:did not merge (50331966, 50331974)
INFO:engine.post.parallel_aff_agglomerate:did not merge (50331966, 50331999)
INFO:engine.post.parallel_aff_agglomerate:did not merge (50332001, 50332036)
INFO:engine.post.parallel_aff_agglomerate:did not merge (50331982, 50332036)
INFO:engine.post.parallel_aff_agglomerate:did not merge (50331982, 50332042)
INFO:engine.post.parallel_aff_agglomerate:did not merge (50331982, 50332066)
INFO:engine.post.parallel_aff_agglomerate:did not merge (50332046, 50332100)
INFO:engine.post.parallel_aff_agglomerate:did not merge (50332053, 50332100)
INFO:engine.post.parallel_aff_agglomerate:did not merge (50332074, 50332100)
INFO:engine.post.parallel_aff_agglomerate:did not merge (50332125, 50332172)
INFO:engine.post.parallel_aff_agglomerate:did not merge (50332369, 50332390)
INFO:engine.post.parallel_aff_agglomerate:did not merge (50332369, 50332427)
INFO:engine.post.parallel_aff_agglomerate:did not merge (50332369, 50332465)
INFO:engine.post.parallel_aff_agglomerate:did not merge (50332415, 50332420)
INFO:engine.post.parallel_aff_agglomerate:did not merge (50332422, 50332465)
INFO:engine.post.parallel_aff_agglomerate:did not merge (50332421, 50332492)
INFO:engine.post.parallel_aff_agglomerate:did not merge (50332493, 50332519)
INFO:engine.post.parallel_aff_agglomerate:did not merge (50332493, 50332557)
INFO:engine.post.parallel_aff_agglomerate:did not merge (50332493, 50332562)
INFO:engine.post.parallel_aff_agglomerate:did not merge (50332493, 50332576)
INFO:engine.post.parallel_aff_agglomerate:did not merge (50332493, 50332652)
INFO:engine.post.parallel_aff_agglomerate:did not merge (50332507, 50332615)
INFO:engine.post.parallel_aff_agglomerate:did not merge (50332538, 50332631)
INFO:engine.post.parallel_aff_agglomerate:did not merge (50332439, 50332632)
INFO:engine.post.parallel_aff_agglomerate:did not merge (50332439, 50332633)
INFO:engine.post.parallel_aff_agglomerate:did not merge (50332439, 50332634)
INFO:engine.post.parallel_aff_agglomerate:did not merge (50332439, 50332648)
INFO:engine.post.parallel_aff_agglomerate:did not merge (50332439, 50332718)
INFO:engine.post.parallel_aff_agglomerate:did not merge (50332905, 50333001)
INFO:engine.post.parallel_aff_agglomerate:did not merge (50332834, 50332858)
INFO:engine.post.parallel_aff_agglomerate:did not merge (50332859, 50332936)
INFO:engine.post.parallel_aff_agglomerate:did not merge (50332917, 50332968)
INFO:engine.post.parallel_aff_agglomerate:did not merge (50332917, 50333013)
INFO:engine.post.parallel_aff_agglomerate:did not merge (50332917, 50333014)
INFO:engine.post.parallel_aff_agglomerate:did not merge (50333017, 50333030)
INFO:engine.post.parallel_aff_agglomerate:did not merge (50333017, 50333073)
INFO:engine.post.parallel_aff_agglomerate:did not merge (50333017, 50333077)
INFO:engine.post.parallel_aff_agglomerate:did not merge (50333017, 50333085)
INFO:engine.post.parallel_aff_agglomerate:did not merge (50333017, 50333086)
INFO:engine.post.parallel_aff_agglomerate:did not merge (50333017, 50333091)
INFO:engine.post.parallel_aff_agglomerate:did not merge (50333017, 50333097)
INFO:engine.post.parallel_aff_agglomerate:did not merge (50333017, 50333165)
INFO:engine.post.parallel_aff_agglomerate:did not merge (50333017, 100665230)
INFO:engine.post.parallel_aff_agglomerate:did not merge (50332949, 50333190)
INFO:engine.post.parallel_aff_agglomerate:did not merge (50333333, 150995234)
INFO:engine.post.parallel_aff_agglomerate:merged 19072 edges
INFO:engine.post.parallel_aff_agglomerate:Agglomerating in block [2048:4096, 4096:5360, 0:2048] (2048, 1264, 2048) with context of [1920:4224, 3968:5488, -128:2176] (2304, 1520, 2304)
INFO:engine.post.parallel_aff_agglomerate:did not merge (33555959, 33556131)
INFO:engine.post.parallel_aff_agglomerate:did not merge (134217894, 134217925)
INFO:engine.post.parallel_aff_agglomerate:did not merge (134217894, 134218028)
INFO:engine.post.parallel_aff_agglomerate:did not merge (134217895, 134217971)
INFO:engine.post.parallel_aff_agglomerate:did not merge (134218075, 134218217)
INFO:engine.post.parallel_aff_agglomerate:did not merge (134218075, 134218350)
INFO:engine.post.parallel_aff_agglomerate:did not merge (134218140, 134218145)
INFO:engine.post.parallel_aff_agglomerate:did not merge (134218195, 134218210)
INFO:engine.post.parallel_aff_agglomerate:did not merge (134218195, 134218216)
INFO:engine.post.parallel_aff_agglomerate:did not merge (134218173, 134218179)
INFO:engine.post.parallel_aff_agglomerate:did not merge (134218173, 134218193)
INFO:engine.post.parallel_aff_agglomerate:did not merge (134218173, 134218202)
INFO:engine.post.parallel_aff_agglomerate:did not merge (134218173, 134218207)
INFO:engine.post.parallel_aff_agglomerate:did not merge (134218173, 134218209)
INFO:engine.post.parallel_aff_agglomerate:did not merge (134218173, 134218218)
INFO:engine.post.parallel_aff_agglomerate:did not merge (134218173, 134218282)
INFO:engine.post.parallel_aff_agglomerate:did not merge (134218173, 134218302)
INFO:engine.post.parallel_aff_agglomerate:did not merge (134218173, 134218350)
INFO:engine.post.parallel_aff_agglomerate:did not merge (134218173, 134218614)
INFO:engine.post.parallel_aff_agglomerate:did not merge (134218424, 134218471)
INFO:engine.post.parallel_aff_agglomerate:did not merge (134218424, 134218597)
INFO:engine.post.parallel_aff_agglomerate:did not merge (134218801, 134218812)
INFO:engine.post.parallel_aff_agglomerate:did not merge (134218825, 134218884)
INFO:engine.post.parallel_aff_agglomerate:did not merge (134218807, 134219135)
INFO:engine.post.parallel_aff_agglomerate:did not merge (134219171, 134219222)
INFO:engine.post.parallel_aff_agglomerate:did not merge (134219231, 134219290)
INFO:engine.post.parallel_aff_agglomerate:did not merge (134219231, 134219311)
INFO:engine.post.parallel_aff_agglomerate:did not merge (134219231, 134219333)
INFO:engine.post.parallel_aff_agglomerate:did not merge (134219231, 134219382)
INFO:engine.post.parallel_aff_agglomerate:did not merge (134219449, 134219539)
INFO:engine.post.parallel_aff_agglomerate:did not merge (134219449, 134219573)
INFO:engine.post.parallel_aff_agglomerate:did not merge (134219449, 134219574)
INFO:engine.post.parallel_aff_agglomerate:did not merge (134219479, 134219539)
INFO:engine.post.parallel_aff_agglomerate:did not merge (134219479, 134219573)
INFO:engine.post.parallel_aff_agglomerate:did not merge (134219479, 134219579)
INFO:engine.post.parallel_aff_agglomerate:did not merge (134219540, 134219688)
INFO:engine.post.parallel_aff_agglomerate:did not merge (134219541, 134219688)
INFO:engine.post.parallel_aff_agglomerate:did not merge (134219532, 134219688)
INFO:engine.post.parallel_aff_agglomerate:did not merge (134219588, 134219675)
INFO:engine.post.parallel_aff_agglomerate:did not merge (134219588, 134219734)
INFO:engine.post.parallel_aff_agglomerate:did not merge (134219588, 134219746)
INFO:engine.post.parallel_aff_agglomerate:did not merge (134219759, 134219792)
INFO:engine.post.parallel_aff_agglomerate:did not merge (134219759, 134219799)
INFO:engine.post.parallel_aff_agglomerate:did not merge (134219759, 134219807)
INFO:engine.post.parallel_aff_agglomerate:did not merge (134219759, 134219861)
INFO:engine.post.parallel_aff_agglomerate:did not merge (134220037, 134220107)
INFO:engine.post.parallel_aff_agglomerate:merged 4838 edges
INFO:engine.post.parallel_aff_agglomerate:Agglomerating in block [2048:4096, 4096:5360, 4096:5432] (2048, 1264, 1336) with context of [1920:4224, 3968:5488, 3968:5560] (2304, 1520, 1592)
INFO:engine.post.parallel_aff_agglomerate:did not merge (234881137, 234881341)
INFO:engine.post.parallel_aff_agglomerate:did not merge (234881137, 234881368)
INFO:engine.post.parallel_aff_agglomerate:did not merge (234881137, 234881485)
INFO:engine.post.parallel_aff_agglomerate:did not merge (402653229, 402653326)
INFO:engine.post.parallel_aff_agglomerate:did not merge (402653229, 402653343)
INFO:engine.post.parallel_aff_agglomerate:did not merge (402653229, 402653377)
INFO:engine.post.parallel_aff_agglomerate:did not merge (402653459, 402653475)
INFO:engine.post.parallel_aff_agglomerate:did not merge (402653619, 402653659)
INFO:engine.post.parallel_aff_agglomerate:did not merge (402653681, 402653749)
INFO:engine.post.parallel_aff_agglomerate:did not merge (402653697, 402653703)
INFO:engine.post.parallel_aff_agglomerate:did not merge (402653697, 402653707)
INFO:engine.post.parallel_aff_agglomerate:did not merge (402653698, 402653703)
INFO:engine.post.parallel_aff_agglomerate:did not merge (234882762, 234882828)
INFO:engine.post.parallel_aff_agglomerate:did not merge (234882762, 234882841)
INFO:engine.post.parallel_aff_agglomerate:did not merge (402653805, 402653815)
INFO:engine.post.parallel_aff_agglomerate:did not merge (402653805, 402653821)
INFO:engine.post.parallel_aff_agglomerate:did not merge (234882807, 234882852)
INFO:engine.post.parallel_aff_agglomerate:did not merge (234882807, 234882908)
INFO:engine.post.parallel_aff_agglomerate:did not merge (234882861, 234882908)
INFO:engine.post.parallel_aff_agglomerate:did not merge (234883007, 452985378)
INFO:engine.post.parallel_aff_agglomerate:did not merge (402653937, 402654004)
INFO:engine.post.parallel_aff_agglomerate:did not merge (402653966, 402654004)
INFO:engine.post.parallel_aff_agglomerate:did not merge (402653966, 402654035)
INFO:engine.post.parallel_aff_agglomerate:did not merge (234883241, 234883272)
INFO:engine.post.parallel_aff_agglomerate:did not merge (234883241, 234883293)
INFO:engine.post.parallel_aff_agglomerate:did not merge (234883241, 234883393)
INFO:engine.post.parallel_aff_agglomerate:did not merge (234883241, 234883516)
INFO:engine.post.parallel_aff_agglomerate:did not merge (234883241, 234883536)
INFO:engine.post.parallel_aff_agglomerate:did not merge (234883241, 402654035)
INFO:engine.post.parallel_aff_agglomerate:did not merge (234883241, 452985547)
INFO:engine.post.parallel_aff_agglomerate:did not merge (234884007, 234884053)
INFO:engine.post.parallel_aff_agglomerate:did not merge (402654311, 402654398)
INFO:engine.post.parallel_aff_agglomerate:did not merge (402654311, 721420439)
INFO:engine.post.parallel_aff_agglomerate:did not merge (402654384, 402654398)
INFO:engine.post.parallel_aff_agglomerate:merged 2520 edges
INFO:engine.post.parallel_aff_agglomerate:Agglomerating in block [4096:5352, 0:2048, 2048:4096] (1256, 2048, 2048) with context of [3968:5480, -128:2176, 1920:4224] (1512, 2304, 2304)
INFO:engine.post.parallel_aff_agglomerate:did not merge (100665257, 100665266)
INFO:engine.post.parallel_aff_agglomerate:did not merge (50333097, 50333134)
INFO:engine.post.parallel_aff_agglomerate:did not merge (50333097, 50333153)
INFO:engine.post.parallel_aff_agglomerate:did not merge (100665362, 201327159)
INFO:engine.post.parallel_aff_agglomerate:did not merge (201327379, 201327391)
INFO:engine.post.parallel_aff_agglomerate:did not merge (402654305, 402654316)
INFO:engine.post.parallel_aff_agglomerate:did not merge (402654305, 402654318)
INFO:engine.post.parallel_aff_agglomerate:did not merge (402654305, 402654319)
INFO:engine.post.parallel_aff_agglomerate:did not merge (201327350, 419430484)
INFO:engine.post.parallel_aff_agglomerate:did not merge (100665354, 201327279)
INFO:engine.post.parallel_aff_agglomerate:did not merge (50333131, 50333153)
INFO:engine.post.parallel_aff_agglomerate:did not merge (50333131, 50333158)
INFO:engine.post.parallel_aff_agglomerate:did not merge (100665520, 234883498)
INFO:engine.post.parallel_aff_agglomerate:did not merge (234884136, 234884147)
INFO:engine.post.parallel_aff_agglomerate:did not merge (234884136, 234884177)
INFO:engine.post.parallel_aff_agglomerate:did not merge (234884044, 234884147)
INFO:engine.post.parallel_aff_agglomerate:did not merge (234884156, 234884198)
INFO:engine.post.parallel_aff_agglomerate:did not merge (234884156, 469762265)
INFO:engine.post.parallel_aff_agglomerate:did not merge (234884156, 469762419)
INFO:engine.post.parallel_aff_agglomerate:did not merge (201327381, 201327388)
INFO:engine.post.parallel_aff_agglomerate:did not merge (50333284, 50333330)
INFO:engine.post.parallel_aff_agglomerate:did not merge (234884092, 469762189)
INFO:engine.post.parallel_aff_agglomerate:did not merge (234884092, 469762238)
INFO:engine.post.parallel_aff_agglomerate:did not merge (201327438, 201327459)
INFO:engine.post.parallel_aff_agglomerate:did not merge (201327438, 419430600)
INFO:engine.post.parallel_aff_agglomerate:did not merge (201327387, 201327388)
INFO:engine.post.parallel_aff_agglomerate:did not merge (201327387, 201327443)
INFO:engine.post.parallel_aff_agglomerate:did not merge (201327387, 201327444)
INFO:engine.post.parallel_aff_agglomerate:did not merge (201327387, 419430577)
INFO:engine.post.parallel_aff_agglomerate:did not merge (201327400, 201327432)
INFO:engine.post.parallel_aff_agglomerate:did not merge (201327418, 201327432)
INFO:engine.post.parallel_aff_agglomerate:did not merge (201327418, 201327452)
INFO:engine.post.parallel_aff_agglomerate:did not merge (201327418, 201327458)
INFO:engine.post.parallel_aff_agglomerate:did not merge (201327430, 201327443)
INFO:engine.post.parallel_aff_agglomerate:did not merge (150995066, 150995098)
INFO:engine.post.parallel_aff_agglomerate:did not merge (150995066, 150995138)
INFO:engine.post.parallel_aff_agglomerate:did not merge (150995066, 150995157)
INFO:engine.post.parallel_aff_agglomerate:did not merge (150995066, 150995171)
INFO:engine.post.parallel_aff_agglomerate:did not merge (150995066, 150995221)
INFO:engine.post.parallel_aff_agglomerate:did not merge (150995066, 150995227)
INFO:engine.post.parallel_aff_agglomerate:did not merge (150995066, 150995236)
INFO:engine.post.parallel_aff_agglomerate:did not merge (150995066, 150995247)
INFO:engine.post.parallel_aff_agglomerate:did not merge (150995066, 150995252)
INFO:engine.post.parallel_aff_agglomerate:did not merge (150995066, 150995257)
INFO:engine.post.parallel_aff_agglomerate:did not merge (150995066, 150995267)
INFO:engine.post.parallel_aff_agglomerate:did not merge (150995066, 150995278)
INFO:engine.post.parallel_aff_agglomerate:did not merge (150995232, 150995257)
INFO:engine.post.parallel_aff_agglomerate:did not merge (150995337, 150995409)
INFO:engine.post.parallel_aff_agglomerate:did not merge (150995397, 150995409)
INFO:engine.post.parallel_aff_agglomerate:merged 8193 edges
INFO:engine.post.parallel_aff_agglomerate:Agglomerating in block [4096:5352, 2048:4096, 4096:5432] (1256, 2048, 1336) with context of [3968:5480, 1920:4224, 3968:5560] (1512, 2304, 1592)
INFO:engine.post.parallel_aff_agglomerate:did not merge (234884007, 234884053)
INFO:engine.post.parallel_aff_agglomerate:did not merge (452985734, 452985751)
INFO:engine.post.parallel_aff_agglomerate:did not merge (452985734, 452985752)
INFO:engine.post.parallel_aff_agglomerate:did not merge (452985734, 704643315)
INFO:engine.post.parallel_aff_agglomerate:did not merge (452985734, 788529195)
INFO:engine.post.parallel_aff_agglomerate:did not merge (234883990, 234884080)
INFO:engine.post.parallel_aff_agglomerate:did not merge (234883990, 234884089)
INFO:engine.post.parallel_aff_agglomerate:did not merge (234883990, 234884196)
INFO:engine.post.parallel_aff_agglomerate:did not merge (234883990, 234884270)
INFO:engine.post.parallel_aff_agglomerate:did not merge (234883990, 234884292)
INFO:engine.post.parallel_aff_agglomerate:did not merge (234883990, 452985694)
INFO:engine.post.parallel_aff_agglomerate:did not merge (234883990, 452985724)
INFO:engine.post.parallel_aff_agglomerate:did not merge (234883990, 469762271)
INFO:engine.post.parallel_aff_agglomerate:did not merge (234883990, 469762456)
INFO:engine.post.parallel_aff_agglomerate:did not merge (234883990, 469762483)
INFO:engine.post.parallel_aff_agglomerate:did not merge (234884044, 234884136)
INFO:engine.post.parallel_aff_agglomerate:did not merge (234884044, 234884147)
INFO:engine.post.parallel_aff_agglomerate:did not merge (234884103, 234884132)
INFO:engine.post.parallel_aff_agglomerate:did not merge (234884154, 452985751)
INFO:engine.post.parallel_aff_agglomerate:did not merge (201327398, 201327411)
INFO:engine.post.parallel_aff_agglomerate:did not merge (201327395, 201327405)
INFO:engine.post.parallel_aff_agglomerate:did not merge (201327395, 419430538)
INFO:engine.post.parallel_aff_agglomerate:did not merge (201327441, 419430507)
INFO:engine.post.parallel_aff_agglomerate:did not merge (419430539, 419430544)
INFO:engine.post.parallel_aff_agglomerate:did not merge (419430528, 419430538)
INFO:engine.post.parallel_aff_agglomerate:did not merge (419430571, 419430585)
INFO:engine.post.parallel_aff_agglomerate:did not merge (419430571, 419430591)
INFO:engine.post.parallel_aff_agglomerate:did not merge (419430678, 419430688)
INFO:engine.post.parallel_aff_agglomerate:did not merge (419430728, 419430756)
INFO:engine.post.parallel_aff_agglomerate:did not merge (419430734, 419430736)
INFO:engine.post.parallel_aff_agglomerate:did not merge (419430734, 419430756)
INFO:engine.post.parallel_aff_agglomerate:merged 3467 edges
INFO:engine.post.parallel_aff_agglomerate:Agglomerating in block [4096:5352, 4096:5360, 4096:5432] (1256, 1264, 1336) with context of [3968:5480, 3968:5488, 3968:5560] (1512, 1520, 1592)
INFO:engine.post.parallel_aff_agglomerate:did not merge (234884007, 234884053)
INFO:engine.post.parallel_aff_agglomerate:did not merge (452985734, 704643315)
INFO:engine.post.parallel_aff_agglomerate:did not merge (402654311, 402654398)
INFO:engine.post.parallel_aff_agglomerate:did not merge (402654311, 721420439)
INFO:engine.post.parallel_aff_agglomerate:did not merge (452985766, 704643309)
INFO:engine.post.parallel_aff_agglomerate:did not merge (402654384, 402654398)
INFO:engine.post.parallel_aff_agglomerate:did not merge (721420352, 721420439)
INFO:engine.post.parallel_aff_agglomerate:did not merge (469762346, 469762368)
INFO:engine.post.parallel_aff_agglomerate:did not merge (721420426, 721420432)
INFO:engine.post.parallel_aff_agglomerate:did not merge (721420426, 721420440)
INFO:engine.post.parallel_aff_agglomerate:did not merge (721420426, 721420485)
INFO:engine.post.parallel_aff_agglomerate:did not merge (721420448, 721420485)
INFO:engine.post.parallel_aff_agglomerate:did not merge (721420433, 721420439)
INFO:engine.post.parallel_aff_agglomerate:did not merge (721420433, 721420493)
INFO:engine.post.parallel_aff_agglomerate:did not merge (469762475, 469762555)
INFO:engine.post.parallel_aff_agglomerate:did not merge (469762475, 721420440)
INFO:engine.post.parallel_aff_agglomerate:did not merge (469762475, 721420485)
INFO:engine.post.parallel_aff_agglomerate:did not merge (469762475, 721420526)
INFO:engine.post.parallel_aff_agglomerate:did not merge (721420486, 721420526)
INFO:engine.post.parallel_aff_agglomerate:did not merge (721420486, 721420581)
INFO:engine.post.parallel_aff_agglomerate:did not merge (721420491, 721420526)
INFO:engine.post.parallel_aff_agglomerate:did not merge (721420478, 721420485)
INFO:engine.post.parallel_aff_agglomerate:did not merge (721420535, 721420621)
INFO:engine.post.parallel_aff_agglomerate:did not merge (721420611, 721420621)
INFO:engine.post.parallel_aff_agglomerate:did not merge (721420586, 721420592)
INFO:engine.post.parallel_aff_agglomerate:did not merge (721420586, 721420596)
INFO:engine.post.parallel_aff_agglomerate:did not merge (721420586, 721420621)
INFO:engine.post.parallel_aff_agglomerate:did not merge (721420586, 721420651)
INFO:engine.post.parallel_aff_agglomerate:did not merge (721420586, 721420658)
INFO:engine.post.parallel_aff_agglomerate:did not merge (721420586, 721420660)
INFO:engine.post.parallel_aff_agglomerate:merged 797 edges
