INFO:root:worker 0 started...
INFO:root:epsilon_agglomerate: 0.25
INFO:root:mask_file: None
INFO:root:mask_dataset: None
INFO:root:filter_fragments: 0.0
INFO:root:cfg.INS_SEGMENT.THRESHOLD 0.5
INFO:root:Running block with config daisy_logs/octoCube21248513164Y62316901Z39714640_fragments/config_0.yaml...
wandb: Currently logged in as: sm2667 (iconnect). Use `wandb login --relogin` to force relogin
INFO:root:Reading affs from /media/samia/DATA/mounts/zstore1/lsd_outputs/OCTO_3CUBES_ZYX/MTLSD/3d/clahed_hemi_mito_unproof/model_checkpoint_300000/octo_cube2_12485_13164_y6231_6901_z3971_4640.zarr
INFO:root:Opening RAG DB...
INFO:root:RAG DB opened
INFO:engine.post.parallel_aff_agglomerate:Agglomerating in block [0:2048, 0:2048, 2048:4096] (2048, 2048, 2048) with context of [-128:2176, -128:2176, 1920:4224] (2304, 2304, 2304)
INFO:engine.post.parallel_aff_agglomerate:merged 11673 edges
INFO:engine.post.parallel_aff_agglomerate:Agglomerating in block [0:2048, 2048:4096, 4096:5432] (2048, 2048, 1336) with context of [-128:2176, 1920:4224, 3968:5560] (2304, 2304, 1592)
INFO:engine.post.parallel_aff_agglomerate:did not merge (67109095, 67109105)
INFO:engine.post.parallel_aff_agglomerate:did not merge (16777967, 16777989)
INFO:engine.post.parallel_aff_agglomerate:did not merge (16777967, 16777997)
INFO:engine.post.parallel_aff_agglomerate:did not merge (16777967, 16778003)
INFO:engine.post.parallel_aff_agglomerate:did not merge (16777967, 16778107)
INFO:engine.post.parallel_aff_agglomerate:did not merge (67109113, 67109133)
INFO:engine.post.parallel_aff_agglomerate:did not merge (67109323, 67109326)
INFO:engine.post.parallel_aff_agglomerate:did not merge (16778375, 16778382)
INFO:engine.post.parallel_aff_agglomerate:merged 7046 edges
INFO:engine.post.parallel_aff_agglomerate:Agglomerating in block [0:2048, 4096:5360, 2048:4096] (2048, 1264, 2048) with context of [-128:2176, 3968:5488, 1920:4224] (2304, 1520, 2304)
INFO:engine.post.parallel_aff_agglomerate:did not merge (83886308, 83886334)
INFO:engine.post.parallel_aff_agglomerate:did not merge (83886308, 83886391)
INFO:engine.post.parallel_aff_agglomerate:did not merge (83886258, 83886334)
INFO:engine.post.parallel_aff_agglomerate:did not merge (83886322, 83886427)
INFO:engine.post.parallel_aff_agglomerate:did not merge (83886322, 83886428)
INFO:engine.post.parallel_aff_agglomerate:did not merge (83886378, 83886427)
INFO:engine.post.parallel_aff_agglomerate:did not merge (83886360, 83886427)
INFO:engine.post.parallel_aff_agglomerate:did not merge (83886360, 83886466)
INFO:engine.post.parallel_aff_agglomerate:did not merge (83886478, 83886495)
INFO:engine.post.parallel_aff_agglomerate:did not merge (83886478, 83886510)
INFO:engine.post.parallel_aff_agglomerate:did not merge (83886478, 83886511)
INFO:engine.post.parallel_aff_agglomerate:did not merge (83886571, 83886599)
INFO:engine.post.parallel_aff_agglomerate:did not merge (83886587, 83886599)
INFO:engine.post.parallel_aff_agglomerate:did not merge (33554814, 33554829)
INFO:engine.post.parallel_aff_agglomerate:did not merge (33554814, 33554853)
INFO:engine.post.parallel_aff_agglomerate:did not merge (33554814, 33554970)
INFO:engine.post.parallel_aff_agglomerate:did not merge (33554814, 33555000)
INFO:engine.post.parallel_aff_agglomerate:did not merge (33554814, 33555012)
INFO:engine.post.parallel_aff_agglomerate:did not merge (83886792, 83886809)
INFO:engine.post.parallel_aff_agglomerate:did not merge (83886792, 83886828)
INFO:engine.post.parallel_aff_agglomerate:did not merge (83886792, 83886851)
INFO:engine.post.parallel_aff_agglomerate:did not merge (83886792, 83886997)
INFO:engine.post.parallel_aff_agglomerate:did not merge (33554986, 33555000)
INFO:engine.post.parallel_aff_agglomerate:did not merge (33554986, 33555012)
INFO:engine.post.parallel_aff_agglomerate:did not merge (33554986, 33555047)
INFO:engine.post.parallel_aff_agglomerate:did not merge (33554986, 33555055)
INFO:engine.post.parallel_aff_agglomerate:did not merge (83887203, 83887300)
INFO:engine.post.parallel_aff_agglomerate:did not merge (83887203, 83887301)
INFO:engine.post.parallel_aff_agglomerate:did not merge (83887203, 83887312)
INFO:engine.post.parallel_aff_agglomerate:did not merge (83887203, 83887313)
INFO:engine.post.parallel_aff_agglomerate:did not merge (83887203, 83887314)
INFO:engine.post.parallel_aff_agglomerate:did not merge (83887229, 83887301)
INFO:engine.post.parallel_aff_agglomerate:did not merge (83887273, 83887413)
INFO:engine.post.parallel_aff_agglomerate:did not merge (83887405, 83887413)
INFO:engine.post.parallel_aff_agglomerate:did not merge (83887629, 83887669)
INFO:engine.post.parallel_aff_agglomerate:did not merge (83887629, 83887697)
INFO:engine.post.parallel_aff_agglomerate:did not merge (117440882, 117440972)
INFO:engine.post.parallel_aff_agglomerate:did not merge (117440927, 117440972)
INFO:engine.post.parallel_aff_agglomerate:merged 5566 edges
INFO:engine.post.parallel_aff_agglomerate:Agglomerating in block [2048:4096, 0:2048, 2048:4096] (2048, 2048, 2048) with context of [1920:4224, -128:2176, 1920:4224] (2304, 2304, 2304)
INFO:engine.post.parallel_aff_agglomerate:did not merge (817, 16778100)
INFO:engine.post.parallel_aff_agglomerate:did not merge (983, 16778187)
INFO:engine.post.parallel_aff_agglomerate:did not merge (83888318, 83888342)
INFO:engine.post.parallel_aff_agglomerate:did not merge (83888318, 83888367)
INFO:engine.post.parallel_aff_agglomerate:did not merge (83888318, 83888370)
INFO:engine.post.parallel_aff_agglomerate:did not merge (83888318, 83888424)
INFO:engine.post.parallel_aff_agglomerate:did not merge (83888318, 83888436)
INFO:engine.post.parallel_aff_agglomerate:did not merge (83888318, 83888452)
INFO:engine.post.parallel_aff_agglomerate:did not merge (83888318, 234881396)
INFO:engine.post.parallel_aff_agglomerate:did not merge (184550145, 184550146)
INFO:engine.post.parallel_aff_agglomerate:did not merge (83888401, 234881198)
INFO:engine.post.parallel_aff_agglomerate:did not merge (960, 981)
INFO:engine.post.parallel_aff_agglomerate:did not merge (960, 50331847)
INFO:engine.post.parallel_aff_agglomerate:did not merge (83888517, 234881396)
INFO:engine.post.parallel_aff_agglomerate:did not merge (50331651, 50331785)
INFO:engine.post.parallel_aff_agglomerate:did not merge (50331865, 50331886)
INFO:engine.post.parallel_aff_agglomerate:did not merge (50331865, 50331929)
INFO:engine.post.parallel_aff_agglomerate:did not merge (50331937, 50331977)
INFO:engine.post.parallel_aff_agglomerate:did not merge (50331937, 50331979)
INFO:engine.post.parallel_aff_agglomerate:did not merge (50331937, 50331999)
INFO:engine.post.parallel_aff_agglomerate:did not merge (50331937, 50332022)
INFO:engine.post.parallel_aff_agglomerate:did not merge (50331937, 50332041)
INFO:engine.post.parallel_aff_agglomerate:did not merge (50331937, 50332052)
INFO:engine.post.parallel_aff_agglomerate:did not merge (50331937, 50332073)
INFO:engine.post.parallel_aff_agglomerate:did not merge (50331937, 50332100)
INFO:engine.post.parallel_aff_agglomerate:did not merge (50332086, 50332125)
INFO:engine.post.parallel_aff_agglomerate:did not merge (50332107, 50332116)
INFO:engine.post.parallel_aff_agglomerate:did not merge (50332107, 50332125)
INFO:engine.post.parallel_aff_agglomerate:did not merge (50332107, 50332151)
INFO:engine.post.parallel_aff_agglomerate:did not merge (50332107, 50332159)
INFO:engine.post.parallel_aff_agglomerate:did not merge (50332107, 50332214)
INFO:engine.post.parallel_aff_agglomerate:did not merge (50332107, 50332227)
INFO:engine.post.parallel_aff_agglomerate:did not merge (50332107, 50332230)
INFO:engine.post.parallel_aff_agglomerate:did not merge (50332107, 50332242)
INFO:engine.post.parallel_aff_agglomerate:did not merge (50332180, 50332250)
INFO:engine.post.parallel_aff_agglomerate:did not merge (50332180, 50332355)
INFO:engine.post.parallel_aff_agglomerate:did not merge (50332239, 50332242)
INFO:engine.post.parallel_aff_agglomerate:did not merge (50332239, 50332252)
INFO:engine.post.parallel_aff_agglomerate:did not merge (50332239, 50332258)
INFO:engine.post.parallel_aff_agglomerate:did not merge (50332239, 50332264)
INFO:engine.post.parallel_aff_agglomerate:did not merge (50332239, 50332272)
INFO:engine.post.parallel_aff_agglomerate:did not merge (50332239, 50332321)
INFO:engine.post.parallel_aff_agglomerate:did not merge (50332239, 50332357)
INFO:engine.post.parallel_aff_agglomerate:did not merge (50332239, 50332398)
INFO:engine.post.parallel_aff_agglomerate:did not merge (50332239, 134218770)
INFO:engine.post.parallel_aff_agglomerate:did not merge (50332239, 134218890)
INFO:engine.post.parallel_aff_agglomerate:did not merge (50332244, 50332355)
INFO:engine.post.parallel_aff_agglomerate:did not merge (50332244, 50332357)
INFO:engine.post.parallel_aff_agglomerate:did not merge (50332289, 50332355)
INFO:engine.post.parallel_aff_agglomerate:did not merge (50332516, 50332699)
INFO:engine.post.parallel_aff_agglomerate:did not merge (50332516, 50332757)
INFO:engine.post.parallel_aff_agglomerate:did not merge (50332516, 50332765)
INFO:engine.post.parallel_aff_agglomerate:did not merge (50332838, 50332895)
INFO:engine.post.parallel_aff_agglomerate:did not merge (50332941, 50332991)
INFO:engine.post.parallel_aff_agglomerate:did not merge (50332936, 50332984)
INFO:engine.post.parallel_aff_agglomerate:did not merge (50332954, 50332955)
INFO:engine.post.parallel_aff_agglomerate:did not merge (50332954, 50332991)
INFO:engine.post.parallel_aff_agglomerate:did not merge (50332954, 50333040)
INFO:engine.post.parallel_aff_agglomerate:did not merge (50333017, 50333030)
INFO:engine.post.parallel_aff_agglomerate:did not merge (50333017, 50333073)
INFO:engine.post.parallel_aff_agglomerate:did not merge (50333017, 134219711)
INFO:engine.post.parallel_aff_agglomerate:did not merge (50333062, 50333074)
INFO:engine.post.parallel_aff_agglomerate:did not merge (50333087, 50333115)
INFO:engine.post.parallel_aff_agglomerate:did not merge (50333087, 50333133)
INFO:engine.post.parallel_aff_agglomerate:did not merge (50333103, 50333150)
INFO:engine.post.parallel_aff_agglomerate:did not merge (50333067, 50333074)
INFO:engine.post.parallel_aff_agglomerate:did not merge (50333097, 50333134)
INFO:engine.post.parallel_aff_agglomerate:did not merge (50333097, 50333153)
INFO:engine.post.parallel_aff_agglomerate:did not merge (50333131, 50333153)
INFO:engine.post.parallel_aff_agglomerate:did not merge (50333131, 50333158)
INFO:engine.post.parallel_aff_agglomerate:did not merge (50333284, 50333330)
INFO:engine.post.parallel_aff_agglomerate:merged 19327 edges
INFO:engine.post.parallel_aff_agglomerate:Agglomerating in block [2048:4096, 2048:4096, 4096:5432] (2048, 2048, 1336) with context of [1920:4224, 1920:4224, 3968:5560] (2304, 2304, 1592)
INFO:engine.post.parallel_aff_agglomerate:did not merge (83888261, 83888306)
INFO:engine.post.parallel_aff_agglomerate:did not merge (83888201, 83888500)
INFO:engine.post.parallel_aff_agglomerate:did not merge (83888201, 83888579)
INFO:engine.post.parallel_aff_agglomerate:did not merge (83888201, 184550046)
INFO:engine.post.parallel_aff_agglomerate:did not merge (83888201, 234881430)
INFO:engine.post.parallel_aff_agglomerate:did not merge (83888201, 234881539)
INFO:engine.post.parallel_aff_agglomerate:did not merge (83888270, 184550030)
INFO:engine.post.parallel_aff_agglomerate:did not merge (201326688, 201326700)
INFO:engine.post.parallel_aff_agglomerate:did not merge (201326688, 201326706)
INFO:engine.post.parallel_aff_agglomerate:did not merge (201326901, 201326919)
INFO:engine.post.parallel_aff_agglomerate:did not merge (201326908, 201326919)
INFO:engine.post.parallel_aff_agglomerate:did not merge (201326908, 201326967)
INFO:engine.post.parallel_aff_agglomerate:did not merge (201326908, 201326976)
INFO:engine.post.parallel_aff_agglomerate:did not merge (201326908, 201327021)
INFO:engine.post.parallel_aff_agglomerate:did not merge (201326908, 201327029)
INFO:engine.post.parallel_aff_agglomerate:did not merge (201326908, 201327036)
INFO:engine.post.parallel_aff_agglomerate:did not merge (100664553, 100664557)
INFO:engine.post.parallel_aff_agglomerate:did not merge (100664553, 100664568)
INFO:engine.post.parallel_aff_agglomerate:did not merge (100664553, 100664604)
INFO:engine.post.parallel_aff_agglomerate:did not merge (100664553, 100664623)
INFO:engine.post.parallel_aff_agglomerate:did not merge (100664553, 100664715)
INFO:engine.post.parallel_aff_agglomerate:did not merge (100664553, 201326967)
INFO:engine.post.parallel_aff_agglomerate:did not merge (100664553, 201326976)
INFO:engine.post.parallel_aff_agglomerate:did not merge (100664553, 201327021)
INFO:engine.post.parallel_aff_agglomerate:did not merge (201326964, 201326967)
INFO:engine.post.parallel_aff_agglomerate:did not merge (201326998, 201327029)
INFO:engine.post.parallel_aff_agglomerate:did not merge (201326998, 201327036)
INFO:engine.post.parallel_aff_agglomerate:did not merge (201326998, 201327104)
INFO:engine.post.parallel_aff_agglomerate:did not merge (201326998, 201327106)
INFO:engine.post.parallel_aff_agglomerate:did not merge (201327041, 201327095)
INFO:engine.post.parallel_aff_agglomerate:did not merge (201327041, 201327119)
INFO:engine.post.parallel_aff_agglomerate:did not merge (201327163, 201327166)
INFO:engine.post.parallel_aff_agglomerate:did not merge (201327163, 201327188)
INFO:engine.post.parallel_aff_agglomerate:did not merge (201327162, 201327166)
INFO:engine.post.parallel_aff_agglomerate:did not merge (201327162, 201327188)
INFO:engine.post.parallel_aff_agglomerate:did not merge (100665010, 100665102)
INFO:engine.post.parallel_aff_agglomerate:did not merge (201327204, 201327247)
INFO:engine.post.parallel_aff_agglomerate:did not merge (201327204, 201327248)
INFO:engine.post.parallel_aff_agglomerate:did not merge (201327240, 201327248)
INFO:engine.post.parallel_aff_agglomerate:did not merge (201327220, 201327374)
INFO:engine.post.parallel_aff_agglomerate:did not merge (100665370, 100665376)
INFO:engine.post.parallel_aff_agglomerate:did not merge (100665370, 100665378)
INFO:engine.post.parallel_aff_agglomerate:did not merge (100665370, 201327371)
INFO:engine.post.parallel_aff_agglomerate:did not merge (100665370, 201327374)
INFO:engine.post.parallel_aff_agglomerate:did not merge (201327398, 201327411)
INFO:engine.post.parallel_aff_agglomerate:did not merge (201327395, 201327405)
INFO:engine.post.parallel_aff_agglomerate:did not merge (201327395, 419430538)
INFO:engine.post.parallel_aff_agglomerate:did not merge (201327441, 419430507)
INFO:engine.post.parallel_aff_agglomerate:merged 11341 edges
INFO:engine.post.parallel_aff_agglomerate:Agglomerating in block [2048:4096, 4096:5360, 2048:4096] (2048, 1264, 2048) with context of [1920:4224, 3968:5488, 1920:4224] (2304, 1520, 2304)
INFO:engine.post.parallel_aff_agglomerate:did not merge (385876182, 385876183)
INFO:engine.post.parallel_aff_agglomerate:did not merge (385876154, 385876156)
INFO:engine.post.parallel_aff_agglomerate:did not merge (385876154, 385876183)
INFO:engine.post.parallel_aff_agglomerate:did not merge (234881354, 234881523)
INFO:engine.post.parallel_aff_agglomerate:did not merge (234881354, 234881524)
INFO:engine.post.parallel_aff_agglomerate:did not merge (234881354, 234881637)
INFO:engine.post.parallel_aff_agglomerate:did not merge (234881354, 234881661)
INFO:engine.post.parallel_aff_agglomerate:did not merge (234881486, 234881567)
INFO:engine.post.parallel_aff_agglomerate:did not merge (234881486, 234881637)
INFO:engine.post.parallel_aff_agglomerate:did not merge (234881525, 234881615)
INFO:engine.post.parallel_aff_agglomerate:did not merge (134218195, 134218210)
INFO:engine.post.parallel_aff_agglomerate:did not merge (134218195, 134218216)
INFO:engine.post.parallel_aff_agglomerate:did not merge (285212808, 285212831)
INFO:engine.post.parallel_aff_agglomerate:did not merge (234881935, 234882068)
INFO:engine.post.parallel_aff_agglomerate:did not merge (134218424, 134218471)
INFO:engine.post.parallel_aff_agglomerate:did not merge (134218424, 134218597)
INFO:engine.post.parallel_aff_agglomerate:did not merge (234882143, 234882189)
INFO:engine.post.parallel_aff_agglomerate:did not merge (234882143, 234882557)
INFO:engine.post.parallel_aff_agglomerate:did not merge (285212864, 285212926)
INFO:engine.post.parallel_aff_agglomerate:did not merge (285212864, 285212982)
INFO:engine.post.parallel_aff_agglomerate:did not merge (134218506, 134218616)
INFO:engine.post.parallel_aff_agglomerate:did not merge (134218506, 134218730)
INFO:engine.post.parallel_aff_agglomerate:did not merge (285212874, 285212878)
INFO:engine.post.parallel_aff_agglomerate:did not merge (234882313, 234882477)
INFO:engine.post.parallel_aff_agglomerate:did not merge (234882313, 234882495)
INFO:engine.post.parallel_aff_agglomerate:did not merge (234882464, 234882477)
INFO:engine.post.parallel_aff_agglomerate:did not merge (234882464, 234882495)
INFO:engine.post.parallel_aff_agglomerate:did not merge (234882464, 234882527)
INFO:engine.post.parallel_aff_agglomerate:did not merge (234882464, 234882567)
INFO:engine.post.parallel_aff_agglomerate:did not merge (402653674, 402653682)
INFO:engine.post.parallel_aff_agglomerate:did not merge (402653679, 402653682)
INFO:engine.post.parallel_aff_agglomerate:did not merge (402653681, 402653682)
INFO:engine.post.parallel_aff_agglomerate:did not merge (402653681, 402653749)
INFO:engine.post.parallel_aff_agglomerate:did not merge (285212880, 285212926)
INFO:engine.post.parallel_aff_agglomerate:did not merge (285212880, 285212982)
INFO:engine.post.parallel_aff_agglomerate:did not merge (285212949, 285212950)
INFO:engine.post.parallel_aff_agglomerate:did not merge (285212949, 285212951)
INFO:engine.post.parallel_aff_agglomerate:did not merge (285212949, 285212971)
INFO:engine.post.parallel_aff_agglomerate:did not merge (285212949, 285212978)
INFO:engine.post.parallel_aff_agglomerate:did not merge (285212949, 285212979)
INFO:engine.post.parallel_aff_agglomerate:did not merge (285212949, 285212982)
INFO:engine.post.parallel_aff_agglomerate:did not merge (234882224, 234882261)
INFO:engine.post.parallel_aff_agglomerate:did not merge (234882224, 234882369)
INFO:engine.post.parallel_aff_agglomerate:did not merge (234882224, 234882384)
INFO:engine.post.parallel_aff_agglomerate:did not merge (234882224, 234882515)
INFO:engine.post.parallel_aff_agglomerate:did not merge (234882224, 234882557)
INFO:engine.post.parallel_aff_agglomerate:did not merge (234882224, 234882566)
INFO:engine.post.parallel_aff_agglomerate:did not merge (234882224, 234882671)
INFO:engine.post.parallel_aff_agglomerate:did not merge (234882224, 234882678)
INFO:engine.post.parallel_aff_agglomerate:did not merge (234882224, 234882783)
INFO:engine.post.parallel_aff_agglomerate:did not merge (234882224, 234882784)
INFO:engine.post.parallel_aff_agglomerate:did not merge (234882224, 234882803)
INFO:engine.post.parallel_aff_agglomerate:did not merge (234882224, 234882868)
INFO:engine.post.parallel_aff_agglomerate:did not merge (234882224, 234882895)
INFO:engine.post.parallel_aff_agglomerate:did not merge (402653706, 402653708)
INFO:engine.post.parallel_aff_agglomerate:did not merge (402653706, 402653713)
INFO:engine.post.parallel_aff_agglomerate:did not merge (234882583, 234882600)
INFO:engine.post.parallel_aff_agglomerate:did not merge (234882735, 234883027)
INFO:engine.post.parallel_aff_agglomerate:did not merge (285212983, 285213020)
INFO:engine.post.parallel_aff_agglomerate:did not merge (402653805, 402653815)
INFO:engine.post.parallel_aff_agglomerate:did not merge (402653805, 402653821)
INFO:engine.post.parallel_aff_agglomerate:did not merge (234882807, 234882852)
INFO:engine.post.parallel_aff_agglomerate:did not merge (234882807, 234882908)
INFO:engine.post.parallel_aff_agglomerate:did not merge (234882861, 234882908)
INFO:engine.post.parallel_aff_agglomerate:did not merge (234882880, 234882908)
INFO:engine.post.parallel_aff_agglomerate:did not merge (234882880, 234883027)
INFO:engine.post.parallel_aff_agglomerate:did not merge (234882880, 234883073)
INFO:engine.post.parallel_aff_agglomerate:did not merge (134219171, 134219222)
INFO:engine.post.parallel_aff_agglomerate:did not merge (234882938, 234882966)
INFO:engine.post.parallel_aff_agglomerate:did not merge (234882948, 234883027)
INFO:engine.post.parallel_aff_agglomerate:did not merge (234883064, 234883088)
INFO:engine.post.parallel_aff_agglomerate:did not merge (234883064, 234883100)
INFO:engine.post.parallel_aff_agglomerate:did not merge (234883063, 234883074)
INFO:engine.post.parallel_aff_agglomerate:did not merge (234883063, 234883075)
INFO:engine.post.parallel_aff_agglomerate:did not merge (234883063, 234883084)
INFO:engine.post.parallel_aff_agglomerate:did not merge (234883063, 234883088)
INFO:engine.post.parallel_aff_agglomerate:did not merge (234883063, 234883100)
INFO:engine.post.parallel_aff_agglomerate:did not merge (234883063, 234883168)
INFO:engine.post.parallel_aff_agglomerate:did not merge (234883063, 234883228)
INFO:engine.post.parallel_aff_agglomerate:did not merge (234883063, 234883239)
INFO:engine.post.parallel_aff_agglomerate:did not merge (285213097, 285213119)
INFO:engine.post.parallel_aff_agglomerate:did not merge (285213097, 285213171)
INFO:engine.post.parallel_aff_agglomerate:did not merge (134219342, 134219411)
INFO:engine.post.parallel_aff_agglomerate:did not merge (285213105, 285213133)
INFO:engine.post.parallel_aff_agglomerate:did not merge (402653966, 402654004)
INFO:engine.post.parallel_aff_agglomerate:did not merge (402653966, 402654035)
INFO:engine.post.parallel_aff_agglomerate:did not merge (234883241, 234883516)
INFO:engine.post.parallel_aff_agglomerate:did not merge (234883241, 234883536)
INFO:engine.post.parallel_aff_agglomerate:did not merge (234883241, 402654035)
INFO:engine.post.parallel_aff_agglomerate:did not merge (234883393, 234883516)
INFO:engine.post.parallel_aff_agglomerate:did not merge (234883393, 234883525)
INFO:engine.post.parallel_aff_agglomerate:did not merge (234883459, 234883568)
INFO:engine.post.parallel_aff_agglomerate:did not merge (234883459, 234883585)
INFO:engine.post.parallel_aff_agglomerate:did not merge (234883459, 234883603)
INFO:engine.post.parallel_aff_agglomerate:did not merge (234883429, 234883585)
INFO:engine.post.parallel_aff_agglomerate:did not merge (234883429, 234883603)
INFO:engine.post.parallel_aff_agglomerate:did not merge (285213222, 285213280)
INFO:engine.post.parallel_aff_agglomerate:did not merge (234883711, 234883900)
INFO:engine.post.parallel_aff_agglomerate:did not merge (234883711, 234884025)
INFO:engine.post.parallel_aff_agglomerate:did not merge (234883711, 234884026)
INFO:engine.post.parallel_aff_agglomerate:did not merge (234883711, 234884032)
INFO:engine.post.parallel_aff_agglomerate:did not merge (234883711, 234884059)
INFO:engine.post.parallel_aff_agglomerate:did not merge (234883711, 234884123)
INFO:engine.post.parallel_aff_agglomerate:did not merge (234883711, 234884124)
INFO:engine.post.parallel_aff_agglomerate:did not merge (234883711, 234884217)
INFO:engine.post.parallel_aff_agglomerate:did not merge (234883711, 234884240)
INFO:engine.post.parallel_aff_agglomerate:did not merge (234883711, 234884310)
INFO:engine.post.parallel_aff_agglomerate:did not merge (234883711, 469762140)
INFO:engine.post.parallel_aff_agglomerate:did not merge (234883711, 469762305)
INFO:engine.post.parallel_aff_agglomerate:did not merge (234883711, 469762306)
INFO:engine.post.parallel_aff_agglomerate:did not merge (234883711, 469762474)
INFO:engine.post.parallel_aff_agglomerate:did not merge (234883711, 469762481)
INFO:engine.post.parallel_aff_agglomerate:did not merge (234883711, 469762482)
INFO:engine.post.parallel_aff_agglomerate:did not merge (234884144, 234884271)
INFO:engine.post.parallel_aff_agglomerate:did not merge (402654385, 402654407)
INFO:engine.post.parallel_aff_agglomerate:did not merge (402654385, 721420448)
INFO:engine.post.parallel_aff_agglomerate:did not merge (234884196, 234884270)
INFO:engine.post.parallel_aff_agglomerate:did not merge (234884196, 234884292)
INFO:engine.post.parallel_aff_agglomerate:merged 7591 edges
INFO:engine.post.parallel_aff_agglomerate:Agglomerating in block [4096:5352, 2048:4096, 0:2048] (1256, 2048, 2048) with context of [3968:5480, 1920:4224, -128:2176] (1512, 2304, 2304)
INFO:engine.post.parallel_aff_agglomerate:did not merge (234884228, 469762196)
INFO:engine.post.parallel_aff_agglomerate:did not merge (234884228, 469762335)
INFO:engine.post.parallel_aff_agglomerate:did not merge (134219900, 285213239)
INFO:engine.post.parallel_aff_agglomerate:did not merge (134219900, 285213245)
INFO:engine.post.parallel_aff_agglomerate:did not merge (134219900, 285213296)
INFO:engine.post.parallel_aff_agglomerate:did not merge (134220060, 234883887)
INFO:engine.post.parallel_aff_agglomerate:did not merge (234884060, 469762146)
INFO:engine.post.parallel_aff_agglomerate:did not merge (134220108, 234883912)
INFO:engine.post.parallel_aff_agglomerate:did not merge (234884092, 234884188)
INFO:engine.post.parallel_aff_agglomerate:did not merge (234884118, 234884119)
INFO:engine.post.parallel_aff_agglomerate:did not merge (234884118, 234884130)
INFO:engine.post.parallel_aff_agglomerate:did not merge (234884118, 234884152)
INFO:engine.post.parallel_aff_agglomerate:did not merge (150995089, 150995114)
INFO:engine.post.parallel_aff_agglomerate:did not merge (150995139, 150995234)
INFO:engine.post.parallel_aff_agglomerate:did not merge (150995139, 150995300)
INFO:engine.post.parallel_aff_agglomerate:did not merge (150995139, 150995348)
INFO:engine.post.parallel_aff_agglomerate:did not merge (150995139, 150995362)
INFO:engine.post.parallel_aff_agglomerate:did not merge (150995139, 150995366)
INFO:engine.post.parallel_aff_agglomerate:did not merge (150995139, 150995368)
INFO:engine.post.parallel_aff_agglomerate:did not merge (150995139, 150995369)
INFO:engine.post.parallel_aff_agglomerate:did not merge (150995139, 150995373)
INFO:engine.post.parallel_aff_agglomerate:did not merge (150995139, 150995413)
INFO:engine.post.parallel_aff_agglomerate:merged 5074 edges
INFO:engine.post.parallel_aff_agglomerate:Agglomerating in block [4096:5352, 4096:5360, 0:2048] (1256, 1264, 2048) with context of [3968:5480, 3968:5488, -128:2176] (1512, 1520, 2304)
INFO:engine.post.parallel_aff_agglomerate:did not merge (134219900, 285213239)
INFO:engine.post.parallel_aff_agglomerate:did not merge (134219900, 285213245)
INFO:engine.post.parallel_aff_agglomerate:did not merge (134219900, 285213296)
INFO:engine.post.parallel_aff_agglomerate:did not merge (134220037, 134220107)
INFO:engine.post.parallel_aff_agglomerate:did not merge (301990061, 301990083)
INFO:engine.post.parallel_aff_agglomerate:did not merge (301990061, 301990107)
INFO:engine.post.parallel_aff_agglomerate:did not merge (301990061, 301990152)
INFO:engine.post.parallel_aff_agglomerate:did not merge (301989961, 301989963)
INFO:engine.post.parallel_aff_agglomerate:did not merge (301989961, 301990030)
INFO:engine.post.parallel_aff_agglomerate:did not merge (301989961, 301990083)
INFO:engine.post.parallel_aff_agglomerate:did not merge (301989961, 301990107)
INFO:engine.post.parallel_aff_agglomerate:did not merge (301989961, 301990142)
INFO:engine.post.parallel_aff_agglomerate:did not merge (301989961, 301990145)
INFO:engine.post.parallel_aff_agglomerate:did not merge (301989961, 301990186)
INFO:engine.post.parallel_aff_agglomerate:did not merge (301989961, 301990266)
INFO:engine.post.parallel_aff_agglomerate:did not merge (301989961, 301990345)
INFO:engine.post.parallel_aff_agglomerate:did not merge (301989961, 301990346)
INFO:engine.post.parallel_aff_agglomerate:did not merge (301989961, 301990363)
INFO:engine.post.parallel_aff_agglomerate:did not merge (301990221, 301990353)
INFO:engine.post.parallel_aff_agglomerate:did not merge (301990318, 301990353)
INFO:engine.post.parallel_aff_agglomerate:did not merge (301990307, 301990353)
INFO:engine.post.parallel_aff_agglomerate:did not merge (301990436, 301990600)
INFO:engine.post.parallel_aff_agglomerate:did not merge (301990484, 301990554)
INFO:engine.post.parallel_aff_agglomerate:did not merge (301990484, 301990555)
INFO:engine.post.parallel_aff_agglomerate:did not merge (301990484, 301990578)
INFO:engine.post.parallel_aff_agglomerate:merged 982 edges
INFO:engine.post.parallel_aff_agglomerate:Agglomerating in block [4096:5352, 4096:5360, 2048:4096] (1256, 1264, 2048) with context of [3968:5480, 3968:5488, 1920:4224] (1512, 1520, 2304)
INFO:engine.post.parallel_aff_agglomerate:did not merge (452985734, 704643315)
INFO:engine.post.parallel_aff_agglomerate:did not merge (704643321, 704643322)
INFO:engine.post.parallel_aff_agglomerate:did not merge (704643321, 704643329)
INFO:engine.post.parallel_aff_agglomerate:did not merge (452985766, 704643309)
INFO:engine.post.parallel_aff_agglomerate:did not merge (234884144, 234884271)
INFO:engine.post.parallel_aff_agglomerate:did not merge (402654385, 402654407)
INFO:engine.post.parallel_aff_agglomerate:did not merge (402654385, 721420448)
INFO:engine.post.parallel_aff_agglomerate:did not merge (234884196, 234884270)
INFO:engine.post.parallel_aff_agglomerate:did not merge (234884196, 234884292)
INFO:engine.post.parallel_aff_agglomerate:did not merge (469762346, 469762368)
INFO:engine.post.parallel_aff_agglomerate:did not merge (469762326, 469762368)
INFO:engine.post.parallel_aff_agglomerate:did not merge (721420426, 721420432)
INFO:engine.post.parallel_aff_agglomerate:did not merge (721420426, 721420440)
INFO:engine.post.parallel_aff_agglomerate:did not merge (721420426, 721420448)
INFO:engine.post.parallel_aff_agglomerate:did not merge (721420426, 721420485)
INFO:engine.post.parallel_aff_agglomerate:did not merge (469762380, 469762456)
INFO:engine.post.parallel_aff_agglomerate:did not merge (469762413, 469762474)
INFO:engine.post.parallel_aff_agglomerate:did not merge (469762475, 469762555)
INFO:engine.post.parallel_aff_agglomerate:did not merge (469762475, 721420440)
INFO:engine.post.parallel_aff_agglomerate:did not merge (469762475, 721420485)
INFO:engine.post.parallel_aff_agglomerate:did not merge (469762475, 721420526)
INFO:engine.post.parallel_aff_agglomerate:did not merge (721420486, 721420526)
INFO:engine.post.parallel_aff_agglomerate:did not merge (721420486, 721420581)
INFO:engine.post.parallel_aff_agglomerate:did not merge (721420491, 721420526)
INFO:engine.post.parallel_aff_agglomerate:did not merge (469762152, 469762305)
INFO:engine.post.parallel_aff_agglomerate:did not merge (469762152, 469762306)
INFO:engine.post.parallel_aff_agglomerate:did not merge (469762152, 469762474)
INFO:engine.post.parallel_aff_agglomerate:did not merge (469762152, 469762481)
INFO:engine.post.parallel_aff_agglomerate:did not merge (469762152, 469762482)
INFO:engine.post.parallel_aff_agglomerate:did not merge (469762152, 469762616)
INFO:engine.post.parallel_aff_agglomerate:did not merge (469762152, 469762631)
INFO:engine.post.parallel_aff_agglomerate:did not merge (469762152, 469762647)
INFO:engine.post.parallel_aff_agglomerate:did not merge (469762152, 469762702)
INFO:engine.post.parallel_aff_agglomerate:did not merge (469762152, 469762704)
INFO:engine.post.parallel_aff_agglomerate:did not merge (469762152, 469762738)
INFO:engine.post.parallel_aff_agglomerate:did not merge (469762152, 469762772)
INFO:engine.post.parallel_aff_agglomerate:did not merge (469762617, 469762688)
INFO:engine.post.parallel_aff_agglomerate:did not merge (469762617, 469762700)
INFO:engine.post.parallel_aff_agglomerate:did not merge (301990221, 301990353)
INFO:engine.post.parallel_aff_agglomerate:did not merge (469762577, 469762702)
INFO:engine.post.parallel_aff_agglomerate:did not merge (469762577, 469762703)
INFO:engine.post.parallel_aff_agglomerate:did not merge (469762577, 469762704)
INFO:engine.post.parallel_aff_agglomerate:did not merge (469762577, 469762714)
INFO:engine.post.parallel_aff_agglomerate:did not merge (469762577, 469762747)
INFO:engine.post.parallel_aff_agglomerate:did not merge (469762577, 469762756)
INFO:engine.post.parallel_aff_agglomerate:did not merge (301990318, 301990353)
INFO:engine.post.parallel_aff_agglomerate:did not merge (469762592, 469762712)
INFO:engine.post.parallel_aff_agglomerate:did not merge (469762592, 469762812)
INFO:engine.post.parallel_aff_agglomerate:did not merge (469762592, 469762931)
INFO:engine.post.parallel_aff_agglomerate:did not merge (469762592, 469762963)
INFO:engine.post.parallel_aff_agglomerate:did not merge (301990307, 301990353)
INFO:engine.post.parallel_aff_agglomerate:did not merge (469762705, 469762747)
INFO:engine.post.parallel_aff_agglomerate:did not merge (469762705, 469762756)
INFO:engine.post.parallel_aff_agglomerate:did not merge (469762705, 469762780)
INFO:engine.post.parallel_aff_agglomerate:did not merge (469762690, 469762780)
INFO:engine.post.parallel_aff_agglomerate:did not merge (469762706, 469762812)
INFO:engine.post.parallel_aff_agglomerate:did not merge (469762706, 469762931)
INFO:engine.post.parallel_aff_agglomerate:did not merge (469762706, 469762963)
INFO:engine.post.parallel_aff_agglomerate:did not merge (469762814, 469762887)
INFO:engine.post.parallel_aff_agglomerate:did not merge (469762814, 469762978)
INFO:engine.post.parallel_aff_agglomerate:did not merge (469762896, 469762944)
INFO:engine.post.parallel_aff_agglomerate:did not merge (469762896, 469762978)
INFO:engine.post.parallel_aff_agglomerate:did not merge (469763003, 469763007)
INFO:engine.post.parallel_aff_agglomerate:merged 1889 edges
