Backend TkAgg is interactive backend. Turning interactive mode on.
MtlsdModel(
  (unet): UNet(
    (l_conv): ModuleList(
      (0): ConvPass(
        (conv_pass): Sequential(
          (0): Conv3d(1, 12, kernel_size=(1, 3, 3), stride=(1, 1, 1))
          (1): ReLU()
          (2): Conv3d(12, 12, kernel_size=(1, 3, 3), stride=(1, 1, 1))
          (3): ReLU()
        )
      )
      (1): ConvPass(
        (conv_pass): Sequential(
          (0): Conv3d(12, 60, kernel_size=(3, 3, 3), stride=(1, 1, 1))
          (1): ReLU()
          (2): Conv3d(60, 60, kernel_size=(3, 3, 3), stride=(1, 1, 1))
          (3): ReLU()
        )
      )
      (2): ConvPass(
        (conv_pass): Sequential(
          (0): Conv3d(60, 300, kernel_size=(3, 3, 3), stride=(1, 1, 1))
          (1): ReLU()
          (2): Conv3d(300, 300, kernel_size=(3, 3, 3), stride=(1, 1, 1))
          (3): ReLU()
        )
      )
      (3): ConvPass(
        (conv_pass): Sequential(
          (0): Conv3d(300, 1500, kernel_size=(3, 3, 3), stride=(1, 1, 1))
          (1): ReLU()
          (2): Conv3d(1500, 1500, kernel_size=(3, 3, 3), stride=(1, 1, 1))
          (3): ReLU()
        )
      )
    )
    (l_down): ModuleList(
      (0): Downsample(
        (down): MaxPool3d(kernel_size=[1, 2, 2], stride=[1, 2, 2], padding=0, dilation=1, ceil_mode=False)
      )
      (1): Downsample(
        (down): MaxPool3d(kernel_size=[2, 2, 2], stride=[2, 2, 2], padding=0, dilation=1, ceil_mode=False)
      )
      (2): Downsample(
        (down): MaxPool3d(kernel_size=[3, 3, 3], stride=[3, 3, 3], padding=0, dilation=1, ceil_mode=False)
      )
    )
    (r_up): ModuleList(
      (0): ModuleList(
        (0): Upsample(
          (up): ConvTranspose3d(60, 60, kernel_size=(1, 2, 2), stride=(1, 2, 2))
        )
        (1): Upsample(
          (up): ConvTranspose3d(300, 300, kernel_size=(2, 2, 2), stride=(2, 2, 2))
        )
        (2): Upsample(
          (up): ConvTranspose3d(1500, 1500, kernel_size=(3, 3, 3), stride=(3, 3, 3))
        )
      )
    )
    (r_conv): ModuleList(
      (0): ModuleList(
        (0): ConvPass(
          (conv_pass): Sequential(
            (0): Conv3d(72, 12, kernel_size=(3, 3, 3), stride=(1, 1, 1))
            (1): ReLU()
            (2): Conv3d(12, 12, kernel_size=(3, 3, 3), stride=(1, 1, 1))
            (3): ReLU()
          )
        )
        (1): ConvPass(
          (conv_pass): Sequential(
            (0): Conv3d(360, 60, kernel_size=(3, 3, 3), stride=(1, 1, 1))
            (1): ReLU()
            (2): Conv3d(60, 60, kernel_size=(3, 3, 3), stride=(1, 1, 1))
            (3): ReLU()
          )
        )
        (2): ConvPass(
          (conv_pass): Sequential(
            (0): Conv3d(1800, 300, kernel_size=(3, 3, 3), stride=(1, 1, 1))
            (1): ReLU()
            (2): Conv3d(300, 300, kernel_size=(3, 3, 3), stride=(1, 1, 1))
            (3): ReLU()
          )
        )
      )
    )
  )
  (lsd_head): ConvPass(
    (conv_pass): Sequential(
      (0): Conv3d(12, 10, kernel_size=(1, 1, 1), stride=(1, 1, 1))
      (1): Sigmoid()
    )
  )
  (aff_head): ConvPass(
    (conv_pass): Sequential(
      (0): Conv3d(12, 3, kernel_size=(1, 1, 1), stride=(1, 1, 1))
      (1): Sigmoid()
    )
  )
)
Model Parameters: 155.143M
Saving outputs to /media/samia/DATA/ark/lsd_outputs/MTLSD/3d/run_unclahed/model_checkpoint_latest/sample_A_padded_20160501_copy1.zarr
Recording block-done for sampleAPadded20160501Copy1_pred_affs/24 with read ROI [1680:6960, 328:1400, 904:1976] (5280, 1072, 1072) and write ROI [2880:5760, 576:1152, 1152:1728] (2880, 576, 576)
Recorded block-done for sampleAPadded20160501Copy1_pred_affs/24 with read ROI [1680:6960, 328:1400, 904:1976] (5280, 1072, 1072) and write ROI [2880:5760, 576:1152, 1152:1728] (2880, 576, 576)
Recording block-done for sampleAPadded20160501Copy1_pred_affs/39 with read ROI [1680:6960, 328:1400, 1480:2552] (5280, 1072, 1072) and write ROI [2880:5760, 576:1152, 1728:2304] (2880, 576, 576)
Recorded block-done for sampleAPadded20160501Copy1_pred_affs/39 with read ROI [1680:6960, 328:1400, 1480:2552] (5280, 1072, 1072) and write ROI [2880:5760, 576:1152, 1728:2304] (2880, 576, 576)
Recording block-done for sampleAPadded20160501Copy1_pred_affs/169 with read ROI [1680:6960, 328:1400, 3784:4856] (5280, 1072, 1072) and write ROI [2880:5760, 576:1152, 4032:4608] (2880, 576, 576)
Recorded block-done for sampleAPadded20160501Copy1_pred_affs/169 with read ROI [1680:6960, 328:1400, 3784:4856] (5280, 1072, 1072) and write ROI [2880:5760, 576:1152, 4032:4608] (2880, 576, 576)
Recording block-done for sampleAPadded20160501Copy1_pred_affs/224 with read ROI [1680:6960, 328:1400, 4360:5432] (5280, 1072, 1072) and write ROI [2880:5760, 576:1152, 4608:5184] (2880, 576, 576)
Recorded block-done for sampleAPadded20160501Copy1_pred_affs/224 with read ROI [1680:6960, 328:1400, 4360:5432] (5280, 1072, 1072) and write ROI [2880:5760, 576:1152, 4608:5184] (2880, 576, 576)
Recording block-done for sampleAPadded20160501Copy1_pred_affs/459 with read ROI [1680:6960, 328:1400, 6088:7160] (5280, 1072, 1072) and write ROI [2880:5760, 576:1152, 6336:6912] (2880, 576, 576)
Recorded block-done for sampleAPadded20160501Copy1_pred_affs/459 with read ROI [1680:6960, 328:1400, 6088:7160] (5280, 1072, 1072) and write ROI [2880:5760, 576:1152, 6336:6912] (2880, 576, 576)
Recording block-done for sampleAPadded20160501Copy1_pred_affs/564 with read ROI [1680:6960, 328:1400, 6664:7736] (5280, 1072, 1072) and write ROI [2880:5760, 576:1152, 6912:7488] (2880, 576, 576)
Recorded block-done for sampleAPadded20160501Copy1_pred_affs/564 with read ROI [1680:6960, 328:1400, 6664:7736] (5280, 1072, 1072) and write ROI [2880:5760, 576:1152, 6912:7488] (2880, 576, 576)
Recording block-done for sampleAPadded20160501Copy1_pred_affs/973 with read ROI [1680:6960, 328:1400, 8392:9464] (5280, 1072, 1072) and write ROI [2880:5760, 576:1152, 8640:9216] (2880, 576, 576)
Recorded block-done for sampleAPadded20160501Copy1_pred_affs/973 with read ROI [1680:6960, 328:1400, 8392:9464] (5280, 1072, 1072) and write ROI [2880:5760, 576:1152, 8640:9216] (2880, 576, 576)
Recording block-done for sampleAPadded20160501Copy1_pred_affs/1144 with read ROI [1680:6960, 328:1400, 8968:10040] (5280, 1072, 1072) and write ROI [2880:5760, 576:1152, 9216:9792] (2880, 576, 576)
Recorded block-done for sampleAPadded20160501Copy1_pred_affs/1144 with read ROI [1680:6960, 328:1400, 8968:10040] (5280, 1072, 1072) and write ROI [2880:5760, 576:1152, 9216:9792] (2880, 576, 576)
Recording block-done for sampleAPadded20160501Copy1_pred_affs/1544 with read ROI [1680:6960, 328:1400, 10120:11192] (5280, 1072, 1072) and write ROI [2880:5760, 576:1152, 10368:10944] (2880, 576, 576)
Recorded block-done for sampleAPadded20160501Copy1_pred_affs/1544 with read ROI [1680:6960, 328:1400, 10120:11192] (5280, 1072, 1072) and write ROI [2880:5760, 576:1152, 10368:10944] (2880, 576, 576)
Recording block-done for sampleAPadded20160501Copy1_pred_affs/27 with read ROI [1680:6960, 904:1976, 328:1400] (5280, 1072, 1072) and write ROI [2880:5760, 1152:1728, 576:1152] (2880, 576, 576)
Recorded block-done for sampleAPadded20160501Copy1_pred_affs/27 with read ROI [1680:6960, 904:1976, 328:1400] (5280, 1072, 1072) and write ROI [2880:5760, 1152:1728, 576:1152] (2880, 576, 576)
Recording block-done for sampleAPadded20160501Copy1_pred_affs/63 with read ROI [1680:6960, 904:1976, 1480:2552] (5280, 1072, 1072) and write ROI [2880:5760, 1152:1728, 1728:2304] (2880, 576, 576)
Recorded block-done for sampleAPadded20160501Copy1_pred_affs/63 with read ROI [1680:6960, 904:1976, 1480:2552] (5280, 1072, 1072) and write ROI [2880:5760, 1152:1728, 1728:2304] (2880, 576, 576)
Recording block-done for sampleAPadded20160501Copy1_pred_affs/127 with read ROI [1680:6960, 904:1976, 2632:3704] (5280, 1072, 1072) and write ROI [2880:5760, 1152:1728, 2880:3456] (2880, 576, 576)
Recorded block-done for sampleAPadded20160501Copy1_pred_affs/127 with read ROI [1680:6960, 904:1976, 2632:3704] (5280, 1072, 1072) and write ROI [2880:5760, 1152:1728, 2880:3456] (2880, 576, 576)
Recording block-done for sampleAPadded20160501Copy1_pred_affs/227 with read ROI [1680:6960, 904:1976, 3784:4856] (5280, 1072, 1072) and write ROI [2880:5760, 1152:1728, 4032:4608] (2880, 576, 576)
Recorded block-done for sampleAPadded20160501Copy1_pred_affs/227 with read ROI [1680:6960, 904:1976, 3784:4856] (5280, 1072, 1072) and write ROI [2880:5760, 1152:1728, 4032:4608] (2880, 576, 576)
Recording block-done for sampleAPadded20160501Copy1_pred_affs/371 with read ROI [1680:6960, 904:1976, 4936:6008] (5280, 1072, 1072) and write ROI [2880:5760, 1152:1728, 5184:5760] (2880, 576, 576)
Recorded block-done for sampleAPadded20160501Copy1_pred_affs/371 with read ROI [1680:6960, 904:1976, 4936:6008] (5280, 1072, 1072) and write ROI [2880:5760, 1152:1728, 5184:5760] (2880, 576, 576)
Recording block-done for sampleAPadded20160501Copy1_pred_affs/687 with read ROI [1680:6960, 904:1976, 6664:7736] (5280, 1072, 1072) and write ROI [2880:5760, 1152:1728, 6912:7488] (2880, 576, 576)
Recorded block-done for sampleAPadded20160501Copy1_pred_affs/687 with read ROI [1680:6960, 904:1976, 6664:7736] (5280, 1072, 1072) and write ROI [2880:5760, 1152:1728, 6912:7488] (2880, 576, 576)
Recording block-done for sampleAPadded20160501Copy1_pred_affs/823 with read ROI [1680:6960, 904:1976, 7240:8312] (5280, 1072, 1072) and write ROI [2880:5760, 1152:1728, 7488:8064] (2880, 576, 576)
Recorded block-done for sampleAPadded20160501Copy1_pred_affs/823 with read ROI [1680:6960, 904:1976, 7240:8312] (5280, 1072, 1072) and write ROI [2880:5760, 1152:1728, 7488:8064] (2880, 576, 576)
Recording block-done for sampleAPadded20160501Copy1_pred_affs/1547 with read ROI [1680:6960, 904:1976, 9544:10616] (5280, 1072, 1072) and write ROI [2880:5760, 1152:1728, 9792:10368] (2880, 576, 576)
Recorded block-done for sampleAPadded20160501Copy1_pred_affs/1547 with read ROI [1680:6960, 904:1976, 9544:10616] (5280, 1072, 1072) and write ROI [2880:5760, 1152:1728, 9792:10368] (2880, 576, 576)
Recording block-done for sampleAPadded20160501Copy1_pred_affs/1337 with read ROI [1680:6960, 904:1976, 8968:10040] (5280, 1072, 1072) and write ROI [2880:5760, 1152:1728, 9216:9792] (2880, 576, 576)
Recorded block-done for sampleAPadded20160501Copy1_pred_affs/1337 with read ROI [1680:6960, 904:1976, 8968:10040] (5280, 1072, 1072) and write ROI [2880:5760, 1152:1728, 9216:9792] (2880, 576, 576)
Recording block-done for sampleAPadded20160501Copy1_pred_affs/2031 with read ROI [1680:6960, 904:1976, 10696:11768] (5280, 1072, 1072) and write ROI [2880:5760, 1152:1728, 10944:11520] (2880, 576, 576)
Recorded block-done for sampleAPadded20160501Copy1_pred_affs/2031 with read ROI [1680:6960, 904:1976, 10696:11768] (5280, 1072, 1072) and write ROI [2880:5760, 1152:1728, 10944:11520] (2880, 576, 576)
Recording block-done for sampleAPadded20160501Copy1_pred_affs/46 with read ROI [1680:6960, 1480:2552, 328:1400] (5280, 1072, 1072) and write ROI [2880:5760, 1728:2304, 576:1152] (2880, 576, 576)
Recorded block-done for sampleAPadded20160501Copy1_pred_affs/46 with read ROI [1680:6960, 1480:2552, 328:1400] (5280, 1072, 1072) and write ROI [2880:5760, 1728:2304, 576:1152] (2880, 576, 576)
Recording block-done for sampleAPadded20160501Copy1_pred_affs/131 with read ROI [1680:6960, 1480:2552, 2056:3128] (5280, 1072, 1072) and write ROI [2880:5760, 1728:2304, 2304:2880] (2880, 576, 576)
Recorded block-done for sampleAPadded20160501Copy1_pred_affs/131 with read ROI [1680:6960, 1480:2552, 2056:3128] (5280, 1072, 1072) and write ROI [2880:5760, 1728:2304, 2304:2880] (2880, 576, 576)
Recording block-done for sampleAPadded20160501Copy1_pred_affs/176 with read ROI [1680:6960, 1480:2552, 2632:3704] (5280, 1072, 1072) and write ROI [2880:5760, 1728:2304, 2880:3456] (2880, 576, 576)
Recorded block-done for sampleAPadded20160501Copy1_pred_affs/176 with read ROI [1680:6960, 1480:2552, 2632:3704] (5280, 1072, 1072) and write ROI [2880:5760, 1728:2304, 2880:3456] (2880, 576, 576)
Recording block-done for sampleAPadded20160501Copy1_pred_affs/375 with read ROI [1680:6960, 1480:2552, 4360:5432] (5280, 1072, 1072) and write ROI [2880:5760, 1728:2304, 4608:5184] (2880, 576, 576)
Recorded block-done for sampleAPadded20160501Copy1_pred_affs/375 with read ROI [1680:6960, 1480:2552, 4360:5432] (5280, 1072, 1072) and write ROI [2880:5760, 1728:2304, 4608:5184] (2880, 576, 576)
Recording block-done for sampleAPadded20160501Copy1_pred_affs/466 with read ROI [1680:6960, 1480:2552, 4936:6008] (5280, 1072, 1072) and write ROI [2880:5760, 1728:2304, 5184:5760] (2880, 576, 576)
Recorded block-done for sampleAPadded20160501Copy1_pred_affs/466 with read ROI [1680:6960, 1480:2552, 4936:6008] (5280, 1072, 1072) and write ROI [2880:5760, 1728:2304, 5184:5760] (2880, 576, 576)
Recording block-done for sampleAPadded20160501Copy1_pred_affs/827 with read ROI [1680:6960, 1480:2552, 6664:7736] (5280, 1072, 1072) and write ROI [2880:5760, 1728:2304, 6912:7488] (2880, 576, 576)
Recorded block-done for sampleAPadded20160501Copy1_pred_affs/827 with read ROI [1680:6960, 1480:2552, 6664:7736] (5280, 1072, 1072) and write ROI [2880:5760, 1728:2304, 6912:7488] (2880, 576, 576)
Recording block-done for sampleAPadded20160501Copy1_pred_affs/980 with read ROI [1680:6960, 1480:2552, 7240:8312] (5280, 1072, 1072) and write ROI [2880:5760, 1728:2304, 7488:8064] (2880, 576, 576)
Recorded block-done for sampleAPadded20160501Copy1_pred_affs/980 with read ROI [1680:6960, 1480:2552, 7240:8312] (5280, 1072, 1072) and write ROI [2880:5760, 1728:2304, 7488:8064] (2880, 576, 576)
Recording block-done for sampleAPadded20160501Copy1_pred_affs/1782 with read ROI [1680:6960, 1480:2552, 9544:10616] (5280, 1072, 1072) and write ROI [2880:5760, 1728:2304, 9792:10368] (2880, 576, 576)
Recorded block-done for sampleAPadded20160501Copy1_pred_affs/1782 with read ROI [1680:6960, 1480:2552, 9544:10616] (5280, 1072, 1072) and write ROI [2880:5760, 1728:2304, 9792:10368] (2880, 576, 576)
Recording block-done for sampleAPadded20160501Copy1_pred_affs/1551 with read ROI [1680:6960, 1480:2552, 8968:10040] (5280, 1072, 1072) and write ROI [2880:5760, 1728:2304, 9216:9792] (2880, 576, 576)
Recorded block-done for sampleAPadded20160501Copy1_pred_affs/1551 with read ROI [1680:6960, 1480:2552, 8968:10040] (5280, 1072, 1072) and write ROI [2880:5760, 1728:2304, 9216:9792] (2880, 576, 576)
Recording block-done for sampleAPadded20160501Copy1_pred_affs/72 with read ROI [1680:6960, 2056:3128, 328:1400] (5280, 1072, 1072) and write ROI [2880:5760, 2304:2880, 576:1152] (2880, 576, 576)
Recorded block-done for sampleAPadded20160501Copy1_pred_affs/72 with read ROI [1680:6960, 2056:3128, 328:1400] (5280, 1072, 1072) and write ROI [2880:5760, 2304:2880, 576:1152] (2880, 576, 576)
Recording block-done for sampleAPadded20160501Copy1_pred_affs/136 with read ROI [1680:6960, 2056:3128, 1480:2552] (5280, 1072, 1072) and write ROI [2880:5760, 2304:2880, 1728:2304] (2880, 576, 576)
Recorded block-done for sampleAPadded20160501Copy1_pred_affs/136 with read ROI [1680:6960, 2056:3128, 1480:2552] (5280, 1072, 1072) and write ROI [2880:5760, 2304:2880, 1728:2304] (2880, 576, 576)
Recording block-done for sampleAPadded20160501Copy1_pred_affs/236 with read ROI [1680:6960, 2056:3128, 2632:3704] (5280, 1072, 1072) and write ROI [2880:5760, 2304:2880, 2880:3456] (2880, 576, 576)
Recorded block-done for sampleAPadded20160501Copy1_pred_affs/236 with read ROI [1680:6960, 2056:3128, 2632:3704] (5280, 1072, 1072) and write ROI [2880:5760, 2304:2880, 2880:3456] (2880, 576, 576)
Recording block-done for sampleAPadded20160501Copy1_pred_affs/302 with read ROI [1680:6960, 2056:3128, 3208:4280] (5280, 1072, 1072) and write ROI [2880:5760, 2304:2880, 3456:4032] (2880, 576, 576)
Recorded block-done for sampleAPadded20160501Copy1_pred_affs/302 with read ROI [1680:6960, 2056:3128, 3208:4280] (5280, 1072, 1072) and write ROI [2880:5760, 2304:2880, 3456:4032] (2880, 576, 576)
Recording block-done for sampleAPadded20160501Copy1_pred_affs/576 with read ROI [1680:6960, 2056:3128, 4936:6008] (5280, 1072, 1072) and write ROI [2880:5760, 2304:2880, 5184:5760] (2880, 576, 576)
Recorded block-done for sampleAPadded20160501Copy1_pred_affs/576 with read ROI [1680:6960, 2056:3128, 4936:6008] (5280, 1072, 1072) and write ROI [2880:5760, 2304:2880, 5184:5760] (2880, 576, 576)
Recording block-done for sampleAPadded20160501Copy1_pred_affs/696 with read ROI [1680:6960, 2056:3128, 5512:6584] (5280, 1072, 1072) and write ROI [2880:5760, 2304:2880, 5760:6336] (2880, 576, 576)
Recorded block-done for sampleAPadded20160501Copy1_pred_affs/696 with read ROI [1680:6960, 2056:3128, 5512:6584] (5280, 1072, 1072) and write ROI [2880:5760, 2304:2880, 5760:6336] (2880, 576, 576)
Recording block-done for sampleAPadded20160501Copy1_pred_affs/1156 with read ROI [1680:6960, 2056:3128, 7240:8312] (5280, 1072, 1072) and write ROI [2880:5760, 2304:2880, 7488:8064] (2880, 576, 576)
Recorded block-done for sampleAPadded20160501Copy1_pred_affs/1156 with read ROI [1680:6960, 2056:3128, 7240:8312] (5280, 1072, 1072) and write ROI [2880:5760, 2304:2880, 7488:8064] (2880, 576, 576)
Recording block-done for sampleAPadded20160501Copy1_pred_affs/1346 with read ROI [1680:6960, 2056:3128, 7816:8888] (5280, 1072, 1072) and write ROI [2880:5760, 2304:2880, 8064:8640] (2880, 576, 576)
Recorded block-done for sampleAPadded20160501Copy1_pred_affs/1346 with read ROI [1680:6960, 2056:3128, 7816:8888] (5280, 1072, 1072) and write ROI [2880:5760, 2304:2880, 8064:8640] (2880, 576, 576)
Recording block-done for sampleAPadded20160501Copy1_pred_affs/2040 with read ROI [1680:6960, 2056:3128, 9544:10616] (5280, 1072, 1072) and write ROI [2880:5760, 2304:2880, 9792:10368] (2880, 576, 576)
Recorded block-done for sampleAPadded20160501Copy1_pred_affs/2040 with read ROI [1680:6960, 2056:3128, 9544:10616] (5280, 1072, 1072) and write ROI [2880:5760, 2304:2880, 9792:10368] (2880, 576, 576)
Recording block-done for sampleAPadded20160501Copy1_pred_affs/2316 with read ROI [1680:6960, 2056:3128, 10120:11192] (5280, 1072, 1072) and write ROI [2880:5760, 2304:2880, 10368:10944] (2880, 576, 576)
Recorded block-done for sampleAPadded20160501Copy1_pred_affs/2316 with read ROI [1680:6960, 2056:3128, 10120:11192] (5280, 1072, 1072) and write ROI [2880:5760, 2304:2880, 10368:10944] (2880, 576, 576)
Recording block-done for sampleAPadded20160501Copy1_pred_affs/142 with read ROI [1680:6960, 2632:3704, 904:1976] (5280, 1072, 1072) and write ROI [2880:5760, 2880:3456, 1152:1728] (2880, 576, 576)
Recorded block-done for sampleAPadded20160501Copy1_pred_affs/142 with read ROI [1680:6960, 2632:3704, 904:1976] (5280, 1072, 1072) and write ROI [2880:5760, 2880:3456, 1152:1728] (2880, 576, 576)
Recording block-done for sampleAPadded20160501Copy1_pred_affs/187 with read ROI [1680:6960, 2632:3704, 1480:2552] (5280, 1072, 1072) and write ROI [2880:5760, 2880:3456, 1728:2304] (2880, 576, 576)
Recorded block-done for sampleAPadded20160501Copy1_pred_affs/187 with read ROI [1680:6960, 2632:3704, 1480:2552] (5280, 1072, 1072) and write ROI [2880:5760, 2880:3456, 1728:2304] (2880, 576, 576)
Recording block-done for sampleAPadded20160501Copy1_pred_affs/386 with read ROI [1680:6960, 2632:3704, 3208:4280] (5280, 1072, 1072) and write ROI [2880:5760, 2880:3456, 3456:4032] (2880, 576, 576)
Recorded block-done for sampleAPadded20160501Copy1_pred_affs/386 with read ROI [1680:6960, 2632:3704, 3208:4280] (5280, 1072, 1072) and write ROI [2880:5760, 2880:3456, 3456:4032] (2880, 576, 576)
Recording block-done for sampleAPadded20160501Copy1_pred_affs/477 with read ROI [1680:6960, 2632:3704, 3784:4856] (5280, 1072, 1072) and write ROI [2880:5760, 2880:3456, 4032:4608] (2880, 576, 576)
Recorded block-done for sampleAPadded20160501Copy1_pred_affs/477 with read ROI [1680:6960, 2632:3704, 3784:4856] (5280, 1072, 1072) and write ROI [2880:5760, 2880:3456, 4032:4608] (2880, 576, 576)
Recording block-done for sampleAPadded20160501Copy1_pred_affs/838 with read ROI [1680:6960, 2632:3704, 5512:6584] (5280, 1072, 1072) and write ROI [2880:5760, 2880:3456, 5760:6336] (2880, 576, 576)
Recorded block-done for sampleAPadded20160501Copy1_pred_affs/838 with read ROI [1680:6960, 2632:3704, 5512:6584] (5280, 1072, 1072) and write ROI [2880:5760, 2880:3456, 5760:6336] (2880, 576, 576)
Recording block-done for sampleAPadded20160501Copy1_pred_affs/991 with read ROI [1680:6960, 2632:3704, 6088:7160] (5280, 1072, 1072) and write ROI [2880:5760, 2880:3456, 6336:6912] (2880, 576, 576)
Recorded block-done for sampleAPadded20160501Copy1_pred_affs/991 with read ROI [1680:6960, 2632:3704, 6088:7160] (5280, 1072, 1072) and write ROI [2880:5760, 2880:3456, 6336:6912] (2880, 576, 576)
Recording block-done for sampleAPadded20160501Copy1_pred_affs/1562 with read ROI [1680:6960, 2632:3704, 7816:8888] (5280, 1072, 1072) and write ROI [2880:5760, 2880:3456, 8064:8640] (2880, 576, 576)
Recorded block-done for sampleAPadded20160501Copy1_pred_affs/1562 with read ROI [1680:6960, 2632:3704, 7816:8888] (5280, 1072, 1072) and write ROI [2880:5760, 2880:3456, 8064:8640] (2880, 576, 576)
Recording block-done for sampleAPadded20160501Copy1_pred_affs/1793 with read ROI [1680:6960, 2632:3704, 8392:9464] (5280, 1072, 1072) and write ROI [2880:5760, 2880:3456, 8640:9216] (2880, 576, 576)
Recorded block-done for sampleAPadded20160501Copy1_pred_affs/1793 with read ROI [1680:6960, 2632:3704, 8392:9464] (5280, 1072, 1072) and write ROI [2880:5760, 2880:3456, 8640:9216] (2880, 576, 576)
Recording block-done for sampleAPadded20160501Copy1_pred_affs/2622 with read ROI [1680:6960, 2632:3704, 10120:11192] (5280, 1072, 1072) and write ROI [2880:5760, 2880:3456, 10368:10944] (2880, 576, 576)
Recorded block-done for sampleAPadded20160501Copy1_pred_affs/2622 with read ROI [1680:6960, 2632:3704, 10120:11192] (5280, 1072, 1072) and write ROI [2880:5760, 2880:3456, 10368:10944] (2880, 576, 576)
Recording block-done for sampleAPadded20160501Copy1_pred_affs/2947 with read ROI [1680:6960, 2632:3704, 10696:11768] (5280, 1072, 1072) and write ROI [2880:5760, 2880:3456, 10944:11520] (2880, 576, 576)
Recorded block-done for sampleAPadded20160501Copy1_pred_affs/2947 with read ROI [1680:6960, 2632:3704, 10696:11768] (5280, 1072, 1072) and write ROI [2880:5760, 2880:3456, 10944:11520] (2880, 576, 576)
Recording block-done for sampleAPadded20160501Copy1_pred_affs/249 with read ROI [1680:6960, 3208:4280, 1480:2552] (5280, 1072, 1072) and write ROI [2880:5760, 3456:4032, 1728:2304] (2880, 576, 576)
Recorded block-done for sampleAPadded20160501Copy1_pred_affs/249 with read ROI [1680:6960, 3208:4280, 1480:2552] (5280, 1072, 1072) and write ROI [2880:5760, 3456:4032, 1728:2304] (2880, 576, 576)
Recording block-done for sampleAPadded20160501Copy1_pred_affs/315 with read ROI [1680:6960, 3208:4280, 2056:3128] (5280, 1072, 1072) and write ROI [2880:5760, 3456:4032, 2304:2880] (2880, 576, 576)
Recorded block-done for sampleAPadded20160501Copy1_pred_affs/315 with read ROI [1680:6960, 3208:4280, 2056:3128] (5280, 1072, 1072) and write ROI [2880:5760, 3456:4032, 2304:2880] (2880, 576, 576)
Recording block-done for sampleAPadded20160501Copy1_pred_affs/589 with read ROI [1680:6960, 3208:4280, 3784:4856] (5280, 1072, 1072) and write ROI [2880:5760, 3456:4032, 4032:4608] (2880, 576, 576)
Recorded block-done for sampleAPadded20160501Copy1_pred_affs/589 with read ROI [1680:6960, 3208:4280, 3784:4856] (5280, 1072, 1072) and write ROI [2880:5760, 3456:4032, 4032:4608] (2880, 576, 576)
Recording block-done for sampleAPadded20160501Copy1_pred_affs/709 with read ROI [1680:6960, 3208:4280, 4360:5432] (5280, 1072, 1072) and write ROI [2880:5760, 3456:4032, 4608:5184] (2880, 576, 576)
Recorded block-done for sampleAPadded20160501Copy1_pred_affs/709 with read ROI [1680:6960, 3208:4280, 4360:5432] (5280, 1072, 1072) and write ROI [2880:5760, 3456:4032, 4608:5184] (2880, 576, 576)
Recording block-done for sampleAPadded20160501Copy1_pred_affs/1169 with read ROI [1680:6960, 3208:4280, 6088:7160] (5280, 1072, 1072) and write ROI [2880:5760, 3456:4032, 6336:6912] (2880, 576, 576)
Recorded block-done for sampleAPadded20160501Copy1_pred_affs/1169 with read ROI [1680:6960, 3208:4280, 6088:7160] (5280, 1072, 1072) and write ROI [2880:5760, 3456:4032, 6336:6912] (2880, 576, 576)
Recording block-done for sampleAPadded20160501Copy1_pred_affs/1359 with read ROI [1680:6960, 3208:4280, 6664:7736] (5280, 1072, 1072) and write ROI [2880:5760, 3456:4032, 6912:7488] (2880, 576, 576)
Recorded block-done for sampleAPadded20160501Copy1_pred_affs/1359 with read ROI [1680:6960, 3208:4280, 6664:7736] (5280, 1072, 1072) and write ROI [2880:5760, 3456:4032, 6912:7488] (2880, 576, 576)
Recording block-done for sampleAPadded20160501Copy1_pred_affs/2053 with read ROI [1680:6960, 3208:4280, 8392:9464] (5280, 1072, 1072) and write ROI [2880:5760, 3456:4032, 8640:9216] (2880, 576, 576)
Recorded block-done for sampleAPadded20160501Copy1_pred_affs/2053 with read ROI [1680:6960, 3208:4280, 8392:9464] (5280, 1072, 1072) and write ROI [2880:5760, 3456:4032, 8640:9216] (2880, 576, 576)
Recording block-done for sampleAPadded20160501Copy1_pred_affs/2329 with read ROI [1680:6960, 3208:4280, 8968:10040] (5280, 1072, 1072) and write ROI [2880:5760, 3456:4032, 9216:9792] (2880, 576, 576)
Recorded block-done for sampleAPadded20160501Copy1_pred_affs/2329 with read ROI [1680:6960, 3208:4280, 8968:10040] (5280, 1072, 1072) and write ROI [2880:5760, 3456:4032, 9216:9792] (2880, 576, 576)
Recording block-done for sampleAPadded20160501Copy1_pred_affs/3305 with read ROI [1680:6960, 3208:4280, 10696:11768] (5280, 1072, 1072) and write ROI [2880:5760, 3456:4032, 10944:11520] (2880, 576, 576)
Recorded block-done for sampleAPadded20160501Copy1_pred_affs/3305 with read ROI [1680:6960, 3208:4280, 10696:11768] (5280, 1072, 1072) and write ROI [2880:5760, 3456:4032, 10944:11520] (2880, 576, 576)
Recording block-done for sampleAPadded20160501Copy1_pred_affs/257 with read ROI [1680:6960, 3784:4856, 904:1976] (5280, 1072, 1072) and write ROI [2880:5760, 4032:4608, 1152:1728] (2880, 576, 576)
Recorded block-done for sampleAPadded20160501Copy1_pred_affs/257 with read ROI [1680:6960, 3784:4856, 904:1976] (5280, 1072, 1072) and write ROI [2880:5760, 4032:4608, 1152:1728] (2880, 576, 576)
Recording block-done for sampleAPadded20160501Copy1_pred_affs/597 with read ROI [1680:6960, 3784:4856, 3208:4280] (5280, 1072, 1072) and write ROI [2880:5760, 4032:4608, 3456:4032] (2880, 576, 576)
Recorded block-done for sampleAPadded20160501Copy1_pred_affs/597 with read ROI [1680:6960, 3784:4856, 3208:4280] (5280, 1072, 1072) and write ROI [2880:5760, 4032:4608, 3456:4032] (2880, 576, 576)
Recording block-done for sampleAPadded20160501Copy1_pred_affs/323 with read ROI [1680:6960, 3784:4856, 1480:2552] (5280, 1072, 1072) and write ROI [2880:5760, 4032:4608, 1728:2304] (2880, 576, 576)
Recorded block-done for sampleAPadded20160501Copy1_pred_affs/323 with read ROI [1680:6960, 3784:4856, 1480:2552] (5280, 1072, 1072) and write ROI [2880:5760, 4032:4608, 1728:2304] (2880, 576, 576)
Recording block-done for sampleAPadded20160501Copy1_pred_affs/1006 with read ROI [1680:6960, 3784:4856, 4936:6008] (5280, 1072, 1072) and write ROI [2880:5760, 4032:4608, 5184:5760] (2880, 576, 576)
Recorded block-done for sampleAPadded20160501Copy1_pred_affs/1006 with read ROI [1680:6960, 3784:4856, 4936:6008] (5280, 1072, 1072) and write ROI [2880:5760, 4032:4608, 5184:5760] (2880, 576, 576)
Recording block-done for sampleAPadded20160501Copy1_pred_affs/717 with read ROI [1680:6960, 3784:4856, 3784:4856] (5280, 1072, 1072) and write ROI [2880:5760, 4032:4608, 4032:4608] (2880, 576, 576)
Recorded block-done for sampleAPadded20160501Copy1_pred_affs/717 with read ROI [1680:6960, 3784:4856, 3784:4856] (5280, 1072, 1072) and write ROI [2880:5760, 4032:4608, 4032:4608] (2880, 576, 576)
Recording block-done for sampleAPadded20160501Copy1_pred_affs/1367 with read ROI [1680:6960, 3784:4856, 6088:7160] (5280, 1072, 1072) and write ROI [2880:5760, 4032:4608, 6336:6912] (2880, 576, 576)
Recorded block-done for sampleAPadded20160501Copy1_pred_affs/1367 with read ROI [1680:6960, 3784:4856, 6088:7160] (5280, 1072, 1072) and write ROI [2880:5760, 4032:4608, 6336:6912] (2880, 576, 576)
Recording block-done for sampleAPadded20160501Copy1_pred_affs/1577 with read ROI [1680:6960, 3784:4856, 6664:7736] (5280, 1072, 1072) and write ROI [2880:5760, 4032:4608, 6912:7488] (2880, 576, 576)
Recorded block-done for sampleAPadded20160501Copy1_pred_affs/1577 with read ROI [1680:6960, 3784:4856, 6664:7736] (5280, 1072, 1072) and write ROI [2880:5760, 4032:4608, 6912:7488] (2880, 576, 576)
Recording block-done for sampleAPadded20160501Copy1_pred_affs/2337 with read ROI [1680:6960, 3784:4856, 8392:9464] (5280, 1072, 1072) and write ROI [2880:5760, 4032:4608, 8640:9216] (2880, 576, 576)
Recorded block-done for sampleAPadded20160501Copy1_pred_affs/2337 with read ROI [1680:6960, 3784:4856, 8392:9464] (5280, 1072, 1072) and write ROI [2880:5760, 4032:4608, 8640:9216] (2880, 576, 576)
Recording block-done for sampleAPadded20160501Copy1_pred_affs/2962 with read ROI [1680:6960, 3784:4856, 9544:10616] (5280, 1072, 1072) and write ROI [2880:5760, 4032:4608, 9792:10368] (2880, 576, 576)
Recorded block-done for sampleAPadded20160501Copy1_pred_affs/2962 with read ROI [1680:6960, 3784:4856, 9544:10616] (5280, 1072, 1072) and write ROI [2880:5760, 4032:4608, 9792:10368] (2880, 576, 576)
Recording block-done for sampleAPadded20160501Copy1_pred_affs/3691 with read ROI [1680:6960, 3784:4856, 10696:11768] (5280, 1072, 1072) and write ROI [2880:5760, 4032:4608, 10944:11520] (2880, 576, 576)
Recorded block-done for sampleAPadded20160501Copy1_pred_affs/3691 with read ROI [1680:6960, 3784:4856, 10696:11768] (5280, 1072, 1072) and write ROI [2880:5760, 4032:4608, 10944:11520] (2880, 576, 576)
Recording block-done for sampleAPadded20160501Copy1_pred_affs/266 with read ROI [1680:6960, 4360:5432, 328:1400] (5280, 1072, 1072) and write ROI [2880:5760, 4608:5184, 576:1152] (2880, 576, 576)
Recorded block-done for sampleAPadded20160501Copy1_pred_affs/266 with read ROI [1680:6960, 4360:5432, 328:1400] (5280, 1072, 1072) and write ROI [2880:5760, 4608:5184, 576:1152] (2880, 576, 576)
Recording block-done for sampleAPadded20160501Copy1_pred_affs/501 with read ROI [1680:6960, 4360:5432, 2056:3128] (5280, 1072, 1072) and write ROI [2880:5760, 4608:5184, 2304:2880] (2880, 576, 576)
Recorded block-done for sampleAPadded20160501Copy1_pred_affs/501 with read ROI [1680:6960, 4360:5432, 2056:3128] (5280, 1072, 1072) and write ROI [2880:5760, 4608:5184, 2304:2880] (2880, 576, 576)
Recording block-done for sampleAPadded20160501Copy1_pred_affs/606 with read ROI [1680:6960, 4360:5432, 2632:3704] (5280, 1072, 1072) and write ROI [2880:5760, 4608:5184, 2880:3456] (2880, 576, 576)
Recorded block-done for sampleAPadded20160501Copy1_pred_affs/606 with read ROI [1680:6960, 4360:5432, 2632:3704] (5280, 1072, 1072) and write ROI [2880:5760, 4608:5184, 2880:3456] (2880, 576, 576)
Recording block-done for sampleAPadded20160501Copy1_pred_affs/1015 with read ROI [1680:6960, 4360:5432, 4360:5432] (5280, 1072, 1072) and write ROI [2880:5760, 4608:5184, 4608:5184] (2880, 576, 576)
Recorded block-done for sampleAPadded20160501Copy1_pred_affs/1015 with read ROI [1680:6960, 4360:5432, 4360:5432] (5280, 1072, 1072) and write ROI [2880:5760, 4608:5184, 4608:5184] (2880, 576, 576)
Recording block-done for sampleAPadded20160501Copy1_pred_affs/1376 with read ROI [1680:6960, 4360:5432, 5512:6584] (5280, 1072, 1072) and write ROI [2880:5760, 4608:5184, 5760:6336] (2880, 576, 576)
Recorded block-done for sampleAPadded20160501Copy1_pred_affs/1376 with read ROI [1680:6960, 4360:5432, 5512:6584] (5280, 1072, 1072) and write ROI [2880:5760, 4608:5184, 5760:6336] (2880, 576, 576)
Recording block-done for sampleAPadded20160501Copy1_pred_affs/2070 with read ROI [1680:6960, 4360:5432, 7240:8312] (5280, 1072, 1072) and write ROI [2880:5760, 4608:5184, 7488:8064] (2880, 576, 576)
Recorded block-done for sampleAPadded20160501Copy1_pred_affs/2070 with read ROI [1680:6960, 4360:5432, 7240:8312] (5280, 1072, 1072) and write ROI [2880:5760, 4608:5184, 7488:8064] (2880, 576, 576)
Recording block-done for sampleAPadded20160501Copy1_pred_affs/2646 with read ROI [1680:6960, 4360:5432, 8392:9464] (5280, 1072, 1072) and write ROI [2880:5760, 4608:5184, 8640:9216] (2880, 576, 576)
Recorded block-done for sampleAPadded20160501Copy1_pred_affs/2646 with read ROI [1680:6960, 4360:5432, 8392:9464] (5280, 1072, 1072) and write ROI [2880:5760, 4608:5184, 8640:9216] (2880, 576, 576)
Recording block-done for sampleAPadded20160501Copy1_pred_affs/3700 with read ROI [1680:6960, 4360:5432, 10120:11192] (5280, 1072, 1072) and write ROI [2880:5760, 4608:5184, 10368:10944] (2880, 576, 576)
Recorded block-done for sampleAPadded20160501Copy1_pred_affs/3700 with read ROI [1680:6960, 4360:5432, 10120:11192] (5280, 1072, 1072) and write ROI [2880:5760, 4608:5184, 10368:10944] (2880, 576, 576)
Recording block-done for sampleAPadded20160501Copy1_pred_affs/4106 with read ROI [1680:6960, 4360:5432, 10696:11768] (5280, 1072, 1072) and write ROI [2880:5760, 4608:5184, 10944:11520] (2880, 576, 576)
Recorded block-done for sampleAPadded20160501Copy1_pred_affs/4106 with read ROI [1680:6960, 4360:5432, 10696:11768] (5280, 1072, 1072) and write ROI [2880:5760, 4608:5184, 10944:11520] (2880, 576, 576)
Recording block-done for sampleAPadded20160501Copy1_pred_affs/342 with read ROI [1680:6960, 4936:6008, 328:1400] (5280, 1072, 1072) and write ROI [2880:5760, 5184:5760, 576:1152] (2880, 576, 576)
Recorded block-done for sampleAPadded20160501Copy1_pred_affs/342 with read ROI [1680:6960, 4936:6008, 328:1400] (5280, 1072, 1072) and write ROI [2880:5760, 5184:5760, 576:1152] (2880, 576, 576)
Recording block-done for sampleAPadded20160501Copy1_pred_affs/511 with read ROI [1680:6960, 4936:6008, 1480:2552] (5280, 1072, 1072) and write ROI [2880:5760, 5184:5760, 1728:2304] (2880, 576, 576)
Recorded block-done for sampleAPadded20160501Copy1_pred_affs/511 with read ROI [1680:6960, 4936:6008, 1480:2552] (5280, 1072, 1072) and write ROI [2880:5760, 5184:5760, 1728:2304] (2880, 576, 576)
Recording block-done for sampleAPadded20160501Copy1_pred_affs/736 with read ROI [1680:6960, 4936:6008, 2632:3704] (5280, 1072, 1072) and write ROI [2880:5760, 5184:5760, 2880:3456] (2880, 576, 576)
Recorded block-done for sampleAPadded20160501Copy1_pred_affs/736 with read ROI [1680:6960, 4936:6008, 2632:3704] (5280, 1072, 1072) and write ROI [2880:5760, 5184:5760, 2880:3456] (2880, 576, 576)
Recording block-done for sampleAPadded20160501Copy1_pred_affs/1025 with read ROI [1680:6960, 4936:6008, 3784:4856] (5280, 1072, 1072) and write ROI [2880:5760, 5184:5760, 4032:4608] (2880, 576, 576)
Recorded block-done for sampleAPadded20160501Copy1_pred_affs/1025 with read ROI [1680:6960, 4936:6008, 3784:4856] (5280, 1072, 1072) and write ROI [2880:5760, 5184:5760, 4032:4608] (2880, 576, 576)
Recording block-done for sampleAPadded20160501Copy1_pred_affs/1386 with read ROI [1680:6960, 4936:6008, 4936:6008] (5280, 1072, 1072) and write ROI [2880:5760, 5184:5760, 5184:5760] (2880, 576, 576)
Recorded block-done for sampleAPadded20160501Copy1_pred_affs/1386 with read ROI [1680:6960, 4936:6008, 4936:6008] (5280, 1072, 1072) and write ROI [2880:5760, 5184:5760, 5184:5760] (2880, 576, 576)
Recording block-done for sampleAPadded20160501Copy1_pred_affs/1827 with read ROI [1680:6960, 4936:6008, 6088:7160] (5280, 1072, 1072) and write ROI [2880:5760, 5184:5760, 6336:6912] (2880, 576, 576)
Recorded block-done for sampleAPadded20160501Copy1_pred_affs/1827 with read ROI [1680:6960, 4936:6008, 6088:7160] (5280, 1072, 1072) and write ROI [2880:5760, 5184:5760, 6336:6912] (2880, 576, 576)
Recording block-done for sampleAPadded20160501Copy1_pred_affs/2356 with read ROI [1680:6960, 4936:6008, 7240:8312] (5280, 1072, 1072) and write ROI [2880:5760, 5184:5760, 7488:8064] (2880, 576, 576)
Recorded block-done for sampleAPadded20160501Copy1_pred_affs/2356 with read ROI [1680:6960, 4936:6008, 7240:8312] (5280, 1072, 1072) and write ROI [2880:5760, 5184:5760, 7488:8064] (2880, 576, 576)
Recording block-done for sampleAPadded20160501Copy1_pred_affs/2656 with read ROI [1680:6960, 4936:6008, 7816:8888] (5280, 1072, 1072) and write ROI [2880:5760, 5184:5760, 8064:8640] (2880, 576, 576)
Recorded block-done for sampleAPadded20160501Copy1_pred_affs/2656 with read ROI [1680:6960, 4936:6008, 7816:8888] (5280, 1072, 1072) and write ROI [2880:5760, 5184:5760, 8064:8640] (2880, 576, 576)
Recording block-done for sampleAPadded20160501Copy1_pred_affs/3710 with read ROI [1680:6960, 4936:6008, 9544:10616] (5280, 1072, 1072) and write ROI [2880:5760, 5184:5760, 9792:10368] (2880, 576, 576)
Recorded block-done for sampleAPadded20160501Copy1_pred_affs/3710 with read ROI [1680:6960, 4936:6008, 9544:10616] (5280, 1072, 1072) and write ROI [2880:5760, 5184:5760, 9792:10368] (2880, 576, 576)
Recording block-done for sampleAPadded20160501Copy1_pred_affs/4116 with read ROI [1680:6960, 4936:6008, 10120:11192] (5280, 1072, 1072) and write ROI [2880:5760, 5184:5760, 10368:10944] (2880, 576, 576)
Recorded block-done for sampleAPadded20160501Copy1_pred_affs/4116 with read ROI [1680:6960, 4936:6008, 10120:11192] (5280, 1072, 1072) and write ROI [2880:5760, 5184:5760, 10368:10944] (2880, 576, 576)
Recording block-done for sampleAPadded20160501Copy1_pred_affs/431 with read ROI [1680:6960, 5512:6584, 328:1400] (5280, 1072, 1072) and write ROI [2880:5760, 5760:6336, 576:1152] (2880, 576, 576)
Recorded block-done for sampleAPadded20160501Copy1_pred_affs/431 with read ROI [1680:6960, 5512:6584, 328:1400] (5280, 1072, 1072) and write ROI [2880:5760, 5760:6336, 576:1152] (2880, 576, 576)
Recording block-done for sampleAPadded20160501Copy1_pred_affs/627 with read ROI [1680:6960, 5512:6584, 1480:2552] (5280, 1072, 1072) and write ROI [2880:5760, 5760:6336, 1728:2304] (2880, 576, 576)
Recorded block-done for sampleAPadded20160501Copy1_pred_affs/627 with read ROI [1680:6960, 5512:6584, 1480:2552] (5280, 1072, 1072) and write ROI [2880:5760, 5760:6336, 1728:2304] (2880, 576, 576)
Recording block-done for sampleAPadded20160501Copy1_pred_affs/883 with read ROI [1680:6960, 5512:6584, 2632:3704] (5280, 1072, 1072) and write ROI [2880:5760, 5760:6336, 2880:3456] (2880, 576, 576)
Recorded block-done for sampleAPadded20160501Copy1_pred_affs/883 with read ROI [1680:6960, 5512:6584, 2632:3704] (5280, 1072, 1072) and write ROI [2880:5760, 5760:6336, 2880:3456] (2880, 576, 576)
Recording block-done for sampleAPadded20160501Copy1_pred_affs/1397 with read ROI [1680:6960, 5512:6584, 4360:5432] (5280, 1072, 1072) and write ROI [2880:5760, 5760:6336, 4608:5184] (2880, 576, 576)
Recorded block-done for sampleAPadded20160501Copy1_pred_affs/1397 with read ROI [1680:6960, 5512:6584, 4360:5432] (5280, 1072, 1072) and write ROI [2880:5760, 5760:6336, 4608:5184] (2880, 576, 576)
Recording block-done for sampleAPadded20160501Copy1_pred_affs/1838 with read ROI [1680:6960, 5512:6584, 5512:6584] (5280, 1072, 1072) and write ROI [2880:5760, 5760:6336, 5760:6336] (2880, 576, 576)
Recorded block-done for sampleAPadded20160501Copy1_pred_affs/1838 with read ROI [1680:6960, 5512:6584, 5512:6584] (5280, 1072, 1072) and write ROI [2880:5760, 5760:6336, 5760:6336] (2880, 576, 576)
Recording block-done for sampleAPadded20160501Copy1_pred_affs/2992 with read ROI [1680:6960, 5512:6584, 7816:8888] (5280, 1072, 1072) and write ROI [2880:5760, 5760:6336, 8064:8640] (2880, 576, 576)
Recorded block-done for sampleAPadded20160501Copy1_pred_affs/2992 with read ROI [1680:6960, 5512:6584, 7816:8888] (5280, 1072, 1072) and write ROI [2880:5760, 5760:6336, 8064:8640] (2880, 576, 576)
Recording block-done for sampleAPadded20160501Copy1_pred_affs/2367 with read ROI [1680:6960, 5512:6584, 6664:7736] (5280, 1072, 1072) and write ROI [2880:5760, 5760:6336, 6912:7488] (2880, 576, 576)
Recorded block-done for sampleAPadded20160501Copy1_pred_affs/2367 with read ROI [1680:6960, 5512:6584, 6664:7736] (5280, 1072, 1072) and write ROI [2880:5760, 5760:6336, 6912:7488] (2880, 576, 576)
Recording block-done for sampleAPadded20160501Copy1_pred_affs/4127 with read ROI [1680:6960, 5512:6584, 9544:10616] (5280, 1072, 1072) and write ROI [2880:5760, 5760:6336, 9792:10368] (2880, 576, 576)
Recorded block-done for sampleAPadded20160501Copy1_pred_affs/4127 with read ROI [1680:6960, 5512:6584, 9544:10616] (5280, 1072, 1072) and write ROI [2880:5760, 5760:6336, 9792:10368] (2880, 576, 576)
Recording block-done for sampleAPadded20160501Copy1_pred_affs/3721 with read ROI [1680:6960, 5512:6584, 8968:10040] (5280, 1072, 1072) and write ROI [2880:5760, 5760:6336, 9216:9792] (2880, 576, 576)
Recorded block-done for sampleAPadded20160501Copy1_pred_affs/3721 with read ROI [1680:6960, 5512:6584, 8968:10040] (5280, 1072, 1072) and write ROI [2880:5760, 5760:6336, 9216:9792] (2880, 576, 576)
Recording block-done for sampleAPadded20160501Copy1_pred_affs/534 with read ROI [1680:6960, 6088:7160, 328:1400] (5280, 1072, 1072) and write ROI [2880:5760, 6336:6912, 576:1152] (2880, 576, 576)
Recorded block-done for sampleAPadded20160501Copy1_pred_affs/534 with read ROI [1680:6960, 6088:7160, 328:1400] (5280, 1072, 1072) and write ROI [2880:5760, 6336:6912, 576:1152] (2880, 576, 576)
Recording block-done for sampleAPadded20160501Copy1_pred_affs/639 with read ROI [1680:6960, 6088:7160, 904:1976] (5280, 1072, 1072) and write ROI [2880:5760, 6336:6912, 1152:1728] (2880, 576, 576)
Recorded block-done for sampleAPadded20160501Copy1_pred_affs/639 with read ROI [1680:6960, 6088:7160, 904:1976] (5280, 1072, 1072) and write ROI [2880:5760, 6336:6912, 1152:1728] (2880, 576, 576)
Recording block-done for sampleAPadded20160501Copy1_pred_affs/1048 with read ROI [1680:6960, 6088:7160, 2632:3704] (5280, 1072, 1072) and write ROI [2880:5760, 6336:6912, 2880:3456] (2880, 576, 576)
Recorded block-done for sampleAPadded20160501Copy1_pred_affs/1048 with read ROI [1680:6960, 6088:7160, 2632:3704] (5280, 1072, 1072) and write ROI [2880:5760, 6336:6912, 2880:3456] (2880, 576, 576)
Recording block-done for sampleAPadded20160501Copy1_pred_affs/1219 with read ROI [1680:6960, 6088:7160, 3208:4280] (5280, 1072, 1072) and write ROI [2880:5760, 6336:6912, 3456:4032] (2880, 576, 576)
Recorded block-done for sampleAPadded20160501Copy1_pred_affs/1219 with read ROI [1680:6960, 6088:7160, 3208:4280] (5280, 1072, 1072) and write ROI [2880:5760, 6336:6912, 3456:4032] (2880, 576, 576)
Recording block-done for sampleAPadded20160501Copy1_pred_affs/1850 with read ROI [1680:6960, 6088:7160, 4936:6008] (5280, 1072, 1072) and write ROI [2880:5760, 6336:6912, 5184:5760] (2880, 576, 576)
Recorded block-done for sampleAPadded20160501Copy1_pred_affs/1850 with read ROI [1680:6960, 6088:7160, 4936:6008] (5280, 1072, 1072) and write ROI [2880:5760, 6336:6912, 5184:5760] (2880, 576, 576)
Recording block-done for sampleAPadded20160501Copy1_pred_affs/2103 with read ROI [1680:6960, 6088:7160, 5512:6584] (5280, 1072, 1072) and write ROI [2880:5760, 6336:6912, 5760:6336] (2880, 576, 576)
Recorded block-done for sampleAPadded20160501Copy1_pred_affs/2103 with read ROI [1680:6960, 6088:7160, 5512:6584] (5280, 1072, 1072) and write ROI [2880:5760, 6336:6912, 5760:6336] (2880, 576, 576)
Recording block-done for sampleAPadded20160501Copy1_pred_affs/2679 with read ROI [1680:6960, 6088:7160, 6664:7736] (5280, 1072, 1072) and write ROI [2880:5760, 6336:6912, 6912:7488] (2880, 576, 576)
Recorded block-done for sampleAPadded20160501Copy1_pred_affs/2679 with read ROI [1680:6960, 6088:7160, 6664:7736] (5280, 1072, 1072) and write ROI [2880:5760, 6336:6912, 6912:7488] (2880, 576, 576)
Recording block-done for sampleAPadded20160501Copy1_pred_affs/3733 with read ROI [1680:6960, 6088:7160, 8392:9464] (5280, 1072, 1072) and write ROI [2880:5760, 6336:6912, 8640:9216] (2880, 576, 576)
Recorded block-done for sampleAPadded20160501Copy1_pred_affs/3733 with read ROI [1680:6960, 6088:7160, 8392:9464] (5280, 1072, 1072) and write ROI [2880:5760, 6336:6912, 8640:9216] (2880, 576, 576)
Recording block-done for sampleAPadded20160501Copy1_pred_affs/4139 with read ROI [1680:6960, 6088:7160, 8968:10040] (5280, 1072, 1072) and write ROI [2880:5760, 6336:6912, 9216:9792] (2880, 576, 576)
Recorded block-done for sampleAPadded20160501Copy1_pred_affs/4139 with read ROI [1680:6960, 6088:7160, 8968:10040] (5280, 1072, 1072) and write ROI [2880:5760, 6336:6912, 9216:9792] (2880, 576, 576)
Recording block-done for sampleAPadded20160501Copy1_pred_affs/5535 with read ROI [1680:6960, 6088:7160, 10696:11768] (5280, 1072, 1072) and write ROI [2880:5760, 6336:6912, 10944:11520] (2880, 576, 576)
Recorded block-done for sampleAPadded20160501Copy1_pred_affs/5535 with read ROI [1680:6960, 6088:7160, 10696:11768] (5280, 1072, 1072) and write ROI [2880:5760, 6336:6912, 10944:11520] (2880, 576, 576)
Recording block-done for sampleAPadded20160501Copy1_pred_affs/652 with read ROI [1680:6960, 6664:7736, 328:1400] (5280, 1072, 1072) and write ROI [2880:5760, 6912:7488, 576:1152] (2880, 576, 576)
Recorded block-done for sampleAPadded20160501Copy1_pred_affs/652 with read ROI [1680:6960, 6664:7736, 328:1400] (5280, 1072, 1072) and write ROI [2880:5760, 6912:7488, 576:1152] (2880, 576, 576)
Recording block-done for sampleAPadded20160501Copy1_pred_affs/1061 with read ROI [1680:6960, 6664:7736, 2056:3128] (5280, 1072, 1072) and write ROI [2880:5760, 6912:7488, 2304:2880] (2880, 576, 576)
Recorded block-done for sampleAPadded20160501Copy1_pred_affs/1061 with read ROI [1680:6960, 6664:7736, 2056:3128] (5280, 1072, 1072) and write ROI [2880:5760, 6912:7488, 2304:2880] (2880, 576, 576)
Recording block-done for sampleAPadded20160501Copy1_pred_affs/1232 with read ROI [1680:6960, 6664:7736, 2632:3704] (5280, 1072, 1072) and write ROI [2880:5760, 6912:7488, 2880:3456] (2880, 576, 576)
Recorded block-done for sampleAPadded20160501Copy1_pred_affs/1232 with read ROI [1680:6960, 6664:7736, 2632:3704] (5280, 1072, 1072) and write ROI [2880:5760, 6912:7488, 2880:3456] (2880, 576, 576)
Recording block-done for sampleAPadded20160501Copy1_pred_affs/1632 with read ROI [1680:6960, 6664:7736, 3784:4856] (5280, 1072, 1072) and write ROI [2880:5760, 6912:7488, 4032:4608] (2880, 576, 576)
Recorded block-done for sampleAPadded20160501Copy1_pred_affs/1632 with read ROI [1680:6960, 6664:7736, 3784:4856] (5280, 1072, 1072) and write ROI [2880:5760, 6912:7488, 4032:4608] (2880, 576, 576)
Recording block-done for sampleAPadded20160501Copy1_pred_affs/2116 with read ROI [1680:6960, 6664:7736, 4936:6008] (5280, 1072, 1072) and write ROI [2880:5760, 6912:7488, 5184:5760] (2880, 576, 576)
Recorded block-done for sampleAPadded20160501Copy1_pred_affs/2116 with read ROI [1680:6960, 6664:7736, 4936:6008] (5280, 1072, 1072) and write ROI [2880:5760, 6912:7488, 5184:5760] (2880, 576, 576)
Recording block-done for sampleAPadded20160501Copy1_pred_affs/2692 with read ROI [1680:6960, 6664:7736, 6088:7160] (5280, 1072, 1072) and write ROI [2880:5760, 6912:7488, 6336:6912] (2880, 576, 576)
Recorded block-done for sampleAPadded20160501Copy1_pred_affs/2692 with read ROI [1680:6960, 6664:7736, 6088:7160] (5280, 1072, 1072) and write ROI [2880:5760, 6912:7488, 6336:6912] (2880, 576, 576)
Recording block-done for sampleAPadded20160501Copy1_pred_affs/3368 with read ROI [1680:6960, 6664:7736, 7240:8312] (5280, 1072, 1072) and write ROI [2880:5760, 6912:7488, 7488:8064] (2880, 576, 576)
Recorded block-done for sampleAPadded20160501Copy1_pred_affs/3368 with read ROI [1680:6960, 6664:7736, 7240:8312] (5280, 1072, 1072) and write ROI [2880:5760, 6912:7488, 7488:8064] (2880, 576, 576)
Recording block-done for sampleAPadded20160501Copy1_pred_affs/5052 with read ROI [1680:6960, 6664:7736, 9544:10616] (5280, 1072, 1072) and write ROI [2880:5760, 6912:7488, 9792:10368] (2880, 576, 576)
Recorded block-done for sampleAPadded20160501Copy1_pred_affs/5052 with read ROI [1680:6960, 6664:7736, 9544:10616] (5280, 1072, 1072) and write ROI [2880:5760, 6912:7488, 9792:10368] (2880, 576, 576)
Recording block-done for sampleAPadded20160501Copy1_pred_affs/4152 with read ROI [1680:6960, 6664:7736, 8392:9464] (5280, 1072, 1072) and write ROI [2880:5760, 6912:7488, 8640:9216] (2880, 576, 576)
Recorded block-done for sampleAPadded20160501Copy1_pred_affs/4152 with read ROI [1680:6960, 6664:7736, 8392:9464] (5280, 1072, 1072) and write ROI [2880:5760, 6912:7488, 8640:9216] (2880, 576, 576)
Recording block-done for sampleAPadded20160501Copy1_pred_affs/6076 with read ROI [1680:6960, 6664:7736, 10696:11768] (5280, 1072, 1072) and write ROI [2880:5760, 6912:7488, 10944:11520] (2880, 576, 576)
Recorded block-done for sampleAPadded20160501Copy1_pred_affs/6076 with read ROI [1680:6960, 6664:7736, 10696:11768] (5280, 1072, 1072) and write ROI [2880:5760, 6912:7488, 10944:11520] (2880, 576, 576)
Recording block-done for sampleAPadded20160501Copy1_pred_affs/922 with read ROI [1680:6960, 7240:8312, 904:1976] (5280, 1072, 1072) and write ROI [2880:5760, 7488:8064, 1152:1728] (2880, 576, 576)
Recorded block-done for sampleAPadded20160501Copy1_pred_affs/922 with read ROI [1680:6960, 7240:8312, 904:1976] (5280, 1072, 1072) and write ROI [2880:5760, 7488:8064, 1152:1728] (2880, 576, 576)
Recording block-done for sampleAPadded20160501Copy1_pred_affs/1246 with read ROI [1680:6960, 7240:8312, 2056:3128] (5280, 1072, 1072) and write ROI [2880:5760, 7488:8064, 2304:2880] (2880, 576, 576)
Recorded block-done for sampleAPadded20160501Copy1_pred_affs/1246 with read ROI [1680:6960, 7240:8312, 2056:3128] (5280, 1072, 1072) and write ROI [2880:5760, 7488:8064, 2304:2880] (2880, 576, 576)
Recording block-done for sampleAPadded20160501Copy1_pred_affs/1646 with read ROI [1680:6960, 7240:8312, 3208:4280] (5280, 1072, 1072) and write ROI [2880:5760, 7488:8064, 3456:4032] (2880, 576, 576)
Recorded block-done for sampleAPadded20160501Copy1_pred_affs/1646 with read ROI [1680:6960, 7240:8312, 3208:4280] (5280, 1072, 1072) and write ROI [2880:5760, 7488:8064, 3456:4032] (2880, 576, 576)
Recording block-done for sampleAPadded20160501Copy1_pred_affs/2130 with read ROI [1680:6960, 7240:8312, 4360:5432] (5280, 1072, 1072) and write ROI [2880:5760, 7488:8064, 4608:5184] (2880, 576, 576)
Recorded block-done for sampleAPadded20160501Copy1_pred_affs/2130 with read ROI [1680:6960, 7240:8312, 4360:5432] (5280, 1072, 1072) and write ROI [2880:5760, 7488:8064, 4608:5184] (2880, 576, 576)
Recording block-done for sampleAPadded20160501Copy1_pred_affs/2706 with read ROI [1680:6960, 7240:8312, 5512:6584] (5280, 1072, 1072) and write ROI [2880:5760, 7488:8064, 5760:6336] (2880, 576, 576)
Recorded block-done for sampleAPadded20160501Copy1_pred_affs/2706 with read ROI [1680:6960, 7240:8312, 5512:6584] (5280, 1072, 1072) and write ROI [2880:5760, 7488:8064, 5760:6336] (2880, 576, 576)
Recording block-done for sampleAPadded20160501Copy1_pred_affs/3760 with read ROI [1680:6960, 7240:8312, 7240:8312] (5280, 1072, 1072) and write ROI [2880:5760, 7488:8064, 7488:8064] (2880, 576, 576)
Recorded block-done for sampleAPadded20160501Copy1_pred_affs/3760 with read ROI [1680:6960, 7240:8312, 7240:8312] (5280, 1072, 1072) and write ROI [2880:5760, 7488:8064, 7488:8064] (2880, 576, 576)
Recording block-done for sampleAPadded20160501Copy1_pred_affs/4601 with read ROI [1680:6960, 7240:8312, 8392:9464] (5280, 1072, 1072) and write ROI [2880:5760, 7488:8064, 8640:9216] (2880, 576, 576)
Recorded block-done for sampleAPadded20160501Copy1_pred_affs/4601 with read ROI [1680:6960, 7240:8312, 8392:9464] (5280, 1072, 1072) and write ROI [2880:5760, 7488:8064, 8640:9216] (2880, 576, 576)
Recording block-done for sampleAPadded20160501Copy1_pred_affs/5066 with read ROI [1680:6960, 7240:8312, 8968:10040] (5280, 1072, 1072) and write ROI [2880:5760, 7488:8064, 9216:9792] (2880, 576, 576)
Recorded block-done for sampleAPadded20160501Copy1_pred_affs/5066 with read ROI [1680:6960, 7240:8312, 8968:10040] (5280, 1072, 1072) and write ROI [2880:5760, 7488:8064, 9216:9792] (2880, 576, 576)
Recording block-done for sampleAPadded20160501Copy1_pred_affs/6651 with read ROI [1680:6960, 7240:8312, 10696:11768] (5280, 1072, 1072) and write ROI [2880:5760, 7488:8064, 10944:11520] (2880, 576, 576)
Recorded block-done for sampleAPadded20160501Copy1_pred_affs/6651 with read ROI [1680:6960, 7240:8312, 10696:11768] (5280, 1072, 1072) and write ROI [2880:5760, 7488:8064, 10944:11520] (2880, 576, 576)
Recording block-done for sampleAPadded20160501Copy1_pred_affs/937 with read ROI [1680:6960, 7816:8888, 328:1400] (5280, 1072, 1072) and write ROI [2880:5760, 8064:8640, 576:1152] (2880, 576, 576)
Recorded block-done for sampleAPadded20160501Copy1_pred_affs/937 with read ROI [1680:6960, 7816:8888, 328:1400] (5280, 1072, 1072) and write ROI [2880:5760, 8064:8640, 576:1152] (2880, 576, 576)
Recording block-done for sampleAPadded20160501Copy1_pred_affs/1451 with read ROI [1680:6960, 7816:8888, 2056:3128] (5280, 1072, 1072) and write ROI [2880:5760, 8064:8640, 2304:2880] (2880, 576, 576)
Recorded block-done for sampleAPadded20160501Copy1_pred_affs/1451 with read ROI [1680:6960, 7816:8888, 2056:3128] (5280, 1072, 1072) and write ROI [2880:5760, 8064:8640, 2304:2880] (2880, 576, 576)
Recording block-done for sampleAPadded20160501Copy1_pred_affs/1661 with read ROI [1680:6960, 7816:8888, 2632:3704] (5280, 1072, 1072) and write ROI [2880:5760, 8064:8640, 2880:3456] (2880, 576, 576)
Recorded block-done for sampleAPadded20160501Copy1_pred_affs/1661 with read ROI [1680:6960, 7816:8888, 2632:3704] (5280, 1072, 1072) and write ROI [2880:5760, 8064:8640, 2880:3456] (2880, 576, 576)
Recording block-done for sampleAPadded20160501Copy1_pred_affs/2421 with read ROI [1680:6960, 7816:8888, 4360:5432] (5280, 1072, 1072) and write ROI [2880:5760, 8064:8640, 4608:5184] (2880, 576, 576)
Recorded block-done for sampleAPadded20160501Copy1_pred_affs/2421 with read ROI [1680:6960, 7816:8888, 4360:5432] (5280, 1072, 1072) and write ROI [2880:5760, 8064:8640, 4608:5184] (2880, 576, 576)
Recording block-done for sampleAPadded20160501Copy1_pred_affs/2721 with read ROI [1680:6960, 7816:8888, 4936:6008] (5280, 1072, 1072) and write ROI [2880:5760, 8064:8640, 5184:5760] (2880, 576, 576)
Recorded block-done for sampleAPadded20160501Copy1_pred_affs/2721 with read ROI [1680:6960, 7816:8888, 4936:6008] (5280, 1072, 1072) and write ROI [2880:5760, 8064:8640, 5184:5760] (2880, 576, 576)
Recording block-done for sampleAPadded20160501Copy1_pred_affs/3775 with read ROI [1680:6960, 7816:8888, 6664:7736] (5280, 1072, 1072) and write ROI [2880:5760, 8064:8640, 6912:7488] (2880, 576, 576)
Recorded block-done for sampleAPadded20160501Copy1_pred_affs/3775 with read ROI [1680:6960, 7816:8888, 6664:7736] (5280, 1072, 1072) and write ROI [2880:5760, 8064:8640, 6912:7488] (2880, 576, 576)
Recording block-done for sampleAPadded20160501Copy1_pred_affs/4181 with read ROI [1680:6960, 7816:8888, 7240:8312] (5280, 1072, 1072) and write ROI [2880:5760, 8064:8640, 7488:8064] (2880, 576, 576)
Recorded block-done for sampleAPadded20160501Copy1_pred_affs/4181 with read ROI [1680:6960, 7816:8888, 7240:8312] (5280, 1072, 1072) and write ROI [2880:5760, 8064:8640, 7488:8064] (2880, 576, 576)
Recording block-done for sampleAPadded20160501Copy1_pred_affs/5577 with read ROI [1680:6960, 7816:8888, 8968:10040] (5280, 1072, 1072) and write ROI [2880:5760, 8064:8640, 9216:9792] (2880, 576, 576)
Recorded block-done for sampleAPadded20160501Copy1_pred_affs/5577 with read ROI [1680:6960, 7816:8888, 8968:10040] (5280, 1072, 1072) and write ROI [2880:5760, 8064:8640, 9216:9792] (2880, 576, 576)
Recording block-done for sampleAPadded20160501Copy1_pred_affs/6105 with read ROI [1680:6960, 7816:8888, 9544:10616] (5280, 1072, 1072) and write ROI [2880:5760, 8064:8640, 9792:10368] (2880, 576, 576)
Recorded block-done for sampleAPadded20160501Copy1_pred_affs/6105 with read ROI [1680:6960, 7816:8888, 9544:10616] (5280, 1072, 1072) and write ROI [2880:5760, 8064:8640, 9792:10368] (2880, 576, 576)
Recording block-done for sampleAPadded20160501Copy1_pred_affs/1106 with read ROI [1680:6960, 8392:9464, 328:1400] (5280, 1072, 1072) and write ROI [2880:5760, 8640:9216, 576:1152] (2880, 576, 576)
Recorded block-done for sampleAPadded20160501Copy1_pred_affs/1106 with read ROI [1680:6960, 8392:9464, 328:1400] (5280, 1072, 1072) and write ROI [2880:5760, 8640:9216, 576:1152] (2880, 576, 576)
Recording block-done for sampleAPadded20160501Copy1_pred_affs/1467 with read ROI [1680:6960, 8392:9464, 1480:2552] (5280, 1072, 1072) and write ROI [2880:5760, 8640:9216, 1728:2304] (2880, 576, 576)
Recorded block-done for sampleAPadded20160501Copy1_pred_affs/1467 with read ROI [1680:6960, 8392:9464, 1480:2552] (5280, 1072, 1072) and write ROI [2880:5760, 8640:9216, 1728:2304] (2880, 576, 576)
Recording block-done for sampleAPadded20160501Copy1_pred_affs/1908 with read ROI [1680:6960, 8392:9464, 2632:3704] (5280, 1072, 1072) and write ROI [2880:5760, 8640:9216, 2880:3456] (2880, 576, 576)
Recorded block-done for sampleAPadded20160501Copy1_pred_affs/1908 with read ROI [1680:6960, 8392:9464, 2632:3704] (5280, 1072, 1072) and write ROI [2880:5760, 8640:9216, 2880:3456] (2880, 576, 576)
Recording block-done for sampleAPadded20160501Copy1_pred_affs/2161 with read ROI [1680:6960, 8392:9464, 3208:4280] (5280, 1072, 1072) and write ROI [2880:5760, 8640:9216, 3456:4032] (2880, 576, 576)
Recorded block-done for sampleAPadded20160501Copy1_pred_affs/2161 with read ROI [1680:6960, 8392:9464, 3208:4280] (5280, 1072, 1072) and write ROI [2880:5760, 8640:9216, 3456:4032] (2880, 576, 576)
Recording block-done for sampleAPadded20160501Copy1_pred_affs/3062 with read ROI [1680:6960, 8392:9464, 4936:6008] (5280, 1072, 1072) and write ROI [2880:5760, 8640:9216, 5184:5760] (2880, 576, 576)
Recorded block-done for sampleAPadded20160501Copy1_pred_affs/3062 with read ROI [1680:6960, 8392:9464, 4936:6008] (5280, 1072, 1072) and write ROI [2880:5760, 8640:9216, 5184:5760] (2880, 576, 576)
Recording block-done for sampleAPadded20160501Copy1_pred_affs/3413 with read ROI [1680:6960, 8392:9464, 5512:6584] (5280, 1072, 1072) and write ROI [2880:5760, 8640:9216, 5760:6336] (2880, 576, 576)
Recorded block-done for sampleAPadded20160501Copy1_pred_affs/3413 with read ROI [1680:6960, 8392:9464, 5512:6584] (5280, 1072, 1072) and write ROI [2880:5760, 8640:9216, 5760:6336] (2880, 576, 576)
Recording block-done for sampleAPadded20160501Copy1_pred_affs/4632 with read ROI [1680:6960, 8392:9464, 7240:8312] (5280, 1072, 1072) and write ROI [2880:5760, 8640:9216, 7488:8064] (2880, 576, 576)
Recorded block-done for sampleAPadded20160501Copy1_pred_affs/4632 with read ROI [1680:6960, 8392:9464, 7240:8312] (5280, 1072, 1072) and write ROI [2880:5760, 8640:9216, 7488:8064] (2880, 576, 576)
Recording block-done for sampleAPadded20160501Copy1_pred_affs/5097 with read ROI [1680:6960, 8392:9464, 7816:8888] (5280, 1072, 1072) and write ROI [2880:5760, 8640:9216, 8064:8640] (2880, 576, 576)
Recorded block-done for sampleAPadded20160501Copy1_pred_affs/5097 with read ROI [1680:6960, 8392:9464, 7816:8888] (5280, 1072, 1072) and write ROI [2880:5760, 8640:9216, 8064:8640] (2880, 576, 576)
Recording block-done for sampleAPadded20160501Copy1_pred_affs/6682 with read ROI [1680:6960, 8392:9464, 9544:10616] (5280, 1072, 1072) and write ROI [2880:5760, 8640:9216, 9792:10368] (2880, 576, 576)
Recorded block-done for sampleAPadded20160501Copy1_pred_affs/6682 with read ROI [1680:6960, 8392:9464, 9544:10616] (5280, 1072, 1072) and write ROI [2880:5760, 8640:9216, 9792:10368] (2880, 576, 576)
Recording block-done for sampleAPadded20160501Copy1_pred_affs/7277 with read ROI [1680:6960, 8392:9464, 10120:11192] (5280, 1072, 1072) and write ROI [2880:5760, 8640:9216, 10368:10944] (2880, 576, 576)
Recorded block-done for sampleAPadded20160501Copy1_pred_affs/7277 with read ROI [1680:6960, 8392:9464, 10120:11192] (5280, 1072, 1072) and write ROI [2880:5760, 8640:9216, 10368:10944] (2880, 576, 576)
Recording block-done for sampleAPadded20160501Copy1_pred_affs/1484 with read ROI [1680:6960, 8968:10040, 904:1976] (5280, 1072, 1072) and write ROI [2880:5760, 9216:9792, 1152:1728] (2880, 576, 576)
Recorded block-done for sampleAPadded20160501Copy1_pred_affs/1484 with read ROI [1680:6960, 8968:10040, 904:1976] (5280, 1072, 1072) and write ROI [2880:5760, 9216:9792, 1152:1728] (2880, 576, 576)
Recording block-done for sampleAPadded20160501Copy1_pred_affs/1694 with read ROI [1680:6960, 8968:10040, 1480:2552] (5280, 1072, 1072) and write ROI [2880:5760, 9216:9792, 1728:2304] (2880, 576, 576)
Recorded block-done for sampleAPadded20160501Copy1_pred_affs/1694 with read ROI [1680:6960, 8968:10040, 1480:2552] (5280, 1072, 1072) and write ROI [2880:5760, 9216:9792, 1728:2304] (2880, 576, 576)
Recording block-done for sampleAPadded20160501Copy1_pred_affs/2454 with read ROI [1680:6960, 8968:10040, 3208:4280] (5280, 1072, 1072) and write ROI [2880:5760, 9216:9792, 3456:4032] (2880, 576, 576)
Recorded block-done for sampleAPadded20160501Copy1_pred_affs/2454 with read ROI [1680:6960, 8968:10040, 3208:4280] (5280, 1072, 1072) and write ROI [2880:5760, 9216:9792, 3456:4032] (2880, 576, 576)
Recording block-done for sampleAPadded20160501Copy1_pred_affs/2754 with read ROI [1680:6960, 8968:10040, 3784:4856] (5280, 1072, 1072) and write ROI [2880:5760, 9216:9792, 4032:4608] (2880, 576, 576)
Recorded block-done for sampleAPadded20160501Copy1_pred_affs/2754 with read ROI [1680:6960, 8968:10040, 3784:4856] (5280, 1072, 1072) and write ROI [2880:5760, 9216:9792, 4032:4608] (2880, 576, 576)
Recording block-done for sampleAPadded20160501Copy1_pred_affs/3808 with read ROI [1680:6960, 8968:10040, 5512:6584] (5280, 1072, 1072) and write ROI [2880:5760, 9216:9792, 5760:6336] (2880, 576, 576)
Recorded block-done for sampleAPadded20160501Copy1_pred_affs/3808 with read ROI [1680:6960, 8968:10040, 5512:6584] (5280, 1072, 1072) and write ROI [2880:5760, 9216:9792, 5760:6336] (2880, 576, 576)
Recording block-done for sampleAPadded20160501Copy1_pred_affs/4214 with read ROI [1680:6960, 8968:10040, 6088:7160] (5280, 1072, 1072) and write ROI [2880:5760, 9216:9792, 6336:6912] (2880, 576, 576)
Recorded block-done for sampleAPadded20160501Copy1_pred_affs/4214 with read ROI [1680:6960, 8968:10040, 6088:7160] (5280, 1072, 1072) and write ROI [2880:5760, 9216:9792, 6336:6912] (2880, 576, 576)
Recording block-done for sampleAPadded20160501Copy1_pred_affs/5610 with read ROI [1680:6960, 8968:10040, 7816:8888] (5280, 1072, 1072) and write ROI [2880:5760, 9216:9792, 8064:8640] (2880, 576, 576)
Recorded block-done for sampleAPadded20160501Copy1_pred_affs/5610 with read ROI [1680:6960, 8968:10040, 7816:8888] (5280, 1072, 1072) and write ROI [2880:5760, 9216:9792, 8064:8640] (2880, 576, 576)
Recording block-done for sampleAPadded20160501Copy1_pred_affs/6138 with read ROI [1680:6960, 8968:10040, 8392:9464] (5280, 1072, 1072) and write ROI [2880:5760, 9216:9792, 8640:9216] (2880, 576, 576)
Recorded block-done for sampleAPadded20160501Copy1_pred_affs/6138 with read ROI [1680:6960, 8968:10040, 8392:9464] (5280, 1072, 1072) and write ROI [2880:5760, 9216:9792, 8640:9216] (2880, 576, 576)
Recording block-done for sampleAPadded20160501Copy1_pred_affs/6699 with read ROI [1680:6960, 8968:10040, 8968:10040] (5280, 1072, 1072) and write ROI [2880:5760, 9216:9792, 9216:9792] (2880, 576, 576)
Recorded block-done for sampleAPadded20160501Copy1_pred_affs/6699 with read ROI [1680:6960, 8968:10040, 8968:10040] (5280, 1072, 1072) and write ROI [2880:5760, 9216:9792, 9216:9792] (2880, 576, 576)
Recording block-done for sampleAPadded20160501Copy1_pred_affs/8590 with read ROI [1680:6960, 8968:10040, 10696:11768] (5280, 1072, 1072) and write ROI [2880:5760, 9216:9792, 10944:11520] (2880, 576, 576)
Recorded block-done for sampleAPadded20160501Copy1_pred_affs/8590 with read ROI [1680:6960, 8968:10040, 10696:11768] (5280, 1072, 1072) and write ROI [2880:5760, 9216:9792, 10944:11520] (2880, 576, 576)
Recording block-done for sampleAPadded20160501Copy1_pred_affs/1943 with read ROI [1680:6960, 9544:10616, 1480:2552] (5280, 1072, 1072) and write ROI [2880:5760, 9792:10368, 1728:2304] (2880, 576, 576)
Recorded block-done for sampleAPadded20160501Copy1_pred_affs/1943 with read ROI [1680:6960, 9544:10616, 1480:2552] (5280, 1072, 1072) and write ROI [2880:5760, 9792:10368, 1728:2304] (2880, 576, 576)
Recording block-done for sampleAPadded20160501Copy1_pred_affs/2196 with read ROI [1680:6960, 9544:10616, 2056:3128] (5280, 1072, 1072) and write ROI [2880:5760, 9792:10368, 2304:2880] (2880, 576, 576)
Recorded block-done for sampleAPadded20160501Copy1_pred_affs/2196 with read ROI [1680:6960, 9544:10616, 2056:3128] (5280, 1072, 1072) and write ROI [2880:5760, 9792:10368, 2304:2880] (2880, 576, 576)
Recording block-done for sampleAPadded20160501Copy1_pred_affs/2772 with read ROI [1680:6960, 9544:10616, 3208:4280] (5280, 1072, 1072) and write ROI [2880:5760, 9792:10368, 3456:4032] (2880, 576, 576)
Recorded block-done for sampleAPadded20160501Copy1_pred_affs/2772 with read ROI [1680:6960, 9544:10616, 3208:4280] (5280, 1072, 1072) and write ROI [2880:5760, 9792:10368, 3456:4032] (2880, 576, 576)
Recording block-done for sampleAPadded20160501Copy1_pred_affs/3448 with read ROI [1680:6960, 9544:10616, 4360:5432] (5280, 1072, 1072) and write ROI [2880:5760, 9792:10368, 4608:5184] (2880, 576, 576)
Recorded block-done for sampleAPadded20160501Copy1_pred_affs/3448 with read ROI [1680:6960, 9544:10616, 4360:5432] (5280, 1072, 1072) and write ROI [2880:5760, 9792:10368, 4608:5184] (2880, 576, 576)
Recording block-done for sampleAPadded20160501Copy1_pred_affs/4232 with read ROI [1680:6960, 9544:10616, 5512:6584] (5280, 1072, 1072) and write ROI [2880:5760, 9792:10368, 5760:6336] (2880, 576, 576)
Recorded block-done for sampleAPadded20160501Copy1_pred_affs/4232 with read ROI [1680:6960, 9544:10616, 5512:6584] (5280, 1072, 1072) and write ROI [2880:5760, 9792:10368, 5760:6336] (2880, 576, 576)
Recording block-done for sampleAPadded20160501Copy1_pred_affs/4667 with read ROI [1680:6960, 9544:10616, 6088:7160] (5280, 1072, 1072) and write ROI [2880:5760, 9792:10368, 6336:6912] (2880, 576, 576)
Recorded block-done for sampleAPadded20160501Copy1_pred_affs/4667 with read ROI [1680:6960, 9544:10616, 6088:7160] (5280, 1072, 1072) and write ROI [2880:5760, 9792:10368, 6336:6912] (2880, 576, 576)
Recording block-done for sampleAPadded20160501Copy1_pred_affs/6156 with read ROI [1680:6960, 9544:10616, 7816:8888] (5280, 1072, 1072) and write ROI [2880:5760, 9792:10368, 8064:8640] (2880, 576, 576)
Recorded block-done for sampleAPadded20160501Copy1_pred_affs/6156 with read ROI [1680:6960, 9544:10616, 7816:8888] (5280, 1072, 1072) and write ROI [2880:5760, 9792:10368, 8064:8640] (2880, 576, 576)
Recording block-done for sampleAPadded20160501Copy1_pred_affs/6717 with read ROI [1680:6960, 9544:10616, 8392:9464] (5280, 1072, 1072) and write ROI [2880:5760, 9792:10368, 8640:9216] (2880, 576, 576)
Recorded block-done for sampleAPadded20160501Copy1_pred_affs/6717 with read ROI [1680:6960, 9544:10616, 8392:9464] (5280, 1072, 1072) and write ROI [2880:5760, 9792:10368, 8640:9216] (2880, 576, 576)
Recording block-done for sampleAPadded20160501Copy1_pred_affs/8608 with read ROI [1680:6960, 9544:10616, 10120:11192] (5280, 1072, 1072) and write ROI [2880:5760, 9792:10368, 10368:10944] (2880, 576, 576)
Recorded block-done for sampleAPadded20160501Copy1_pred_affs/8608 with read ROI [1680:6960, 9544:10616, 10120:11192] (5280, 1072, 1072) and write ROI [2880:5760, 9792:10368, 10368:10944] (2880, 576, 576)
Recording block-done for sampleAPadded20160501Copy1_pred_affs/9311 with read ROI [1680:6960, 9544:10616, 10696:11768] (5280, 1072, 1072) and write ROI [2880:5760, 9792:10368, 10944:11520] (2880, 576, 576)
Recorded block-done for sampleAPadded20160501Copy1_pred_affs/9311 with read ROI [1680:6960, 9544:10616, 10696:11768] (5280, 1072, 1072) and write ROI [2880:5760, 9792:10368, 10944:11520] (2880, 576, 576)
Recording block-done for sampleAPadded20160501Copy1_pred_affs/1962 with read ROI [1680:6960, 10120:11192, 904:1976] (5280, 1072, 1072) and write ROI [2880:5760, 10368:10944, 1152:1728] (2880, 576, 576)
Recorded block-done for sampleAPadded20160501Copy1_pred_affs/1962 with read ROI [1680:6960, 10120:11192, 904:1976] (5280, 1072, 1072) and write ROI [2880:5760, 10368:10944, 1152:1728] (2880, 576, 576)
Recording block-done for sampleAPadded20160501Copy1_pred_affs/2491 with read ROI [1680:6960, 10120:11192, 2056:3128] (5280, 1072, 1072) and write ROI [2880:5760, 10368:10944, 2304:2880] (2880, 576, 576)
Recorded block-done for sampleAPadded20160501Copy1_pred_affs/2491 with read ROI [1680:6960, 10120:11192, 2056:3128] (5280, 1072, 1072) and write ROI [2880:5760, 10368:10944, 2304:2880] (2880, 576, 576)
Recording block-done for sampleAPadded20160501Copy1_pred_affs/3467 with read ROI [1680:6960, 10120:11192, 3784:4856] (5280, 1072, 1072) and write ROI [2880:5760, 10368:10944, 4032:4608] (2880, 576, 576)
Recorded block-done for sampleAPadded20160501Copy1_pred_affs/3467 with read ROI [1680:6960, 10120:11192, 3784:4856] (5280, 1072, 1072) and write ROI [2880:5760, 10368:10944, 4032:4608] (2880, 576, 576)
Recording block-done for sampleAPadded20160501Copy1_pred_affs/3845 with read ROI [1680:6960, 10120:11192, 4360:5432] (5280, 1072, 1072) and write ROI [2880:5760, 10368:10944, 4608:5184] (2880, 576, 576)
Recorded block-done for sampleAPadded20160501Copy1_pred_affs/3845 with read ROI [1680:6960, 10120:11192, 4360:5432] (5280, 1072, 1072) and write ROI [2880:5760, 10368:10944, 4608:5184] (2880, 576, 576)
Recording block-done for sampleAPadded20160501Copy1_pred_affs/5151 with read ROI [1680:6960, 10120:11192, 6088:7160] (5280, 1072, 1072) and write ROI [2880:5760, 10368:10944, 6336:6912] (2880, 576, 576)
Recorded block-done for sampleAPadded20160501Copy1_pred_affs/5151 with read ROI [1680:6960, 10120:11192, 6088:7160] (5280, 1072, 1072) and write ROI [2880:5760, 10368:10944, 6336:6912] (2880, 576, 576)
Recording block-done for sampleAPadded20160501Copy1_pred_affs/6175 with read ROI [1680:6960, 10120:11192, 7240:8312] (5280, 1072, 1072) and write ROI [2880:5760, 10368:10944, 7488:8064] (2880, 576, 576)
Recorded block-done for sampleAPadded20160501Copy1_pred_affs/6175 with read ROI [1680:6960, 10120:11192, 7240:8312] (5280, 1072, 1072) and write ROI [2880:5760, 10368:10944, 7488:8064] (2880, 576, 576)
Recording block-done for sampleAPadded20160501Copy1_pred_affs/6736 with read ROI [1680:6960, 10120:11192, 7816:8888] (5280, 1072, 1072) and write ROI [2880:5760, 10368:10944, 8064:8640] (2880, 576, 576)
Recorded block-done for sampleAPadded20160501Copy1_pred_affs/6736 with read ROI [1680:6960, 10120:11192, 7816:8888] (5280, 1072, 1072) and write ROI [2880:5760, 10368:10944, 8064:8640] (2880, 576, 576)
Recording block-done for sampleAPadded20160501Copy1_pred_affs/8627 with read ROI [1680:6960, 10120:11192, 9544:10616] (5280, 1072, 1072) and write ROI [2880:5760, 10368:10944, 9792:10368] (2880, 576, 576)
Recorded block-done for sampleAPadded20160501Copy1_pred_affs/8627 with read ROI [1680:6960, 10120:11192, 9544:10616] (5280, 1072, 1072) and write ROI [2880:5760, 10368:10944, 9792:10368] (2880, 576, 576)
Recording block-done for sampleAPadded20160501Copy1_pred_affs/9330 with read ROI [1680:6960, 10120:11192, 10120:11192] (5280, 1072, 1072) and write ROI [2880:5760, 10368:10944, 10368:10944] (2880, 576, 576)
Recorded block-done for sampleAPadded20160501Copy1_pred_affs/9330 with read ROI [1680:6960, 10120:11192, 10120:11192] (5280, 1072, 1072) and write ROI [2880:5760, 10368:10944, 10368:10944] (2880, 576, 576)
Recording block-done for sampleAPadded20160501Copy1_pred_affs/2235 with read ROI [1680:6960, 10696:11768, 904:1976] (5280, 1072, 1072) and write ROI [2880:5760, 10944:11520, 1152:1728] (2880, 576, 576)
Recorded block-done for sampleAPadded20160501Copy1_pred_affs/2235 with read ROI [1680:6960, 10696:11768, 904:1976] (5280, 1072, 1072) and write ROI [2880:5760, 10944:11520, 1152:1728] (2880, 576, 576)
Recording block-done for sampleAPadded20160501Copy1_pred_affs/2811 with read ROI [1680:6960, 10696:11768, 2056:3128] (5280, 1072, 1072) and write ROI [2880:5760, 10944:11520, 2304:2880] (2880, 576, 576)
Recorded block-done for sampleAPadded20160501Copy1_pred_affs/2811 with read ROI [1680:6960, 10696:11768, 2056:3128] (5280, 1072, 1072) and write ROI [2880:5760, 10944:11520, 2304:2880] (2880, 576, 576)
Recording block-done for sampleAPadded20160501Copy1_pred_affs/3487 with read ROI [1680:6960, 10696:11768, 3208:4280] (5280, 1072, 1072) and write ROI [2880:5760, 10944:11520, 3456:4032] (2880, 576, 576)
Recorded block-done for sampleAPadded20160501Copy1_pred_affs/3487 with read ROI [1680:6960, 10696:11768, 3208:4280] (5280, 1072, 1072) and write ROI [2880:5760, 10944:11520, 3456:4032] (2880, 576, 576)
Recording block-done for sampleAPadded20160501Copy1_pred_affs/3865 with read ROI [1680:6960, 10696:11768, 3784:4856] (5280, 1072, 1072) and write ROI [2880:5760, 10944:11520, 4032:4608] (2880, 576, 576)
Recorded block-done for sampleAPadded20160501Copy1_pred_affs/3865 with read ROI [1680:6960, 10696:11768, 3784:4856] (5280, 1072, 1072) and write ROI [2880:5760, 10944:11520, 4032:4608] (2880, 576, 576)
Recording block-done for sampleAPadded20160501Copy1_pred_affs/4706 with read ROI [1680:6960, 10696:11768, 4936:6008] (5280, 1072, 1072) and write ROI [2880:5760, 10944:11520, 5184:5760] (2880, 576, 576)
Recorded block-done for sampleAPadded20160501Copy1_pred_affs/4706 with read ROI [1680:6960, 10696:11768, 4936:6008] (5280, 1072, 1072) and write ROI [2880:5760, 10944:11520, 5184:5760] (2880, 576, 576)
Recording block-done for sampleAPadded20160501Copy1_pred_affs/5667 with read ROI [1680:6960, 10696:11768, 6088:7160] (5280, 1072, 1072) and write ROI [2880:5760, 10944:11520, 6336:6912] (2880, 576, 576)
Recorded block-done for sampleAPadded20160501Copy1_pred_affs/5667 with read ROI [1680:6960, 10696:11768, 6088:7160] (5280, 1072, 1072) and write ROI [2880:5760, 10944:11520, 6336:6912] (2880, 576, 576)
Recording block-done for sampleAPadded20160501Copy1_pred_affs/6756 with read ROI [1680:6960, 10696:11768, 7240:8312] (5280, 1072, 1072) and write ROI [2880:5760, 10944:11520, 7488:8064] (2880, 576, 576)
Recorded block-done for sampleAPadded20160501Copy1_pred_affs/6756 with read ROI [1680:6960, 10696:11768, 7240:8312] (5280, 1072, 1072) and write ROI [2880:5760, 10944:11520, 7488:8064] (2880, 576, 576)
Recording block-done for sampleAPadded20160501Copy1_pred_affs/7981 with read ROI [1680:6960, 10696:11768, 8392:9464] (5280, 1072, 1072) and write ROI [2880:5760, 10944:11520, 8640:9216] (2880, 576, 576)
Recorded block-done for sampleAPadded20160501Copy1_pred_affs/7981 with read ROI [1680:6960, 10696:11768, 8392:9464] (5280, 1072, 1072) and write ROI [2880:5760, 10944:11520, 8640:9216] (2880, 576, 576)
Recording block-done for sampleAPadded20160501Copy1_pred_affs/9350 with read ROI [1680:6960, 10696:11768, 9544:10616] (5280, 1072, 1072) and write ROI [2880:5760, 10944:11520, 9792:10368] (2880, 576, 576)
Recorded block-done for sampleAPadded20160501Copy1_pred_affs/9350 with read ROI [1680:6960, 10696:11768, 9544:10616] (5280, 1072, 1072) and write ROI [2880:5760, 10944:11520, 9792:10368] (2880, 576, 576)
Recording block-done for sampleAPadded20160501Copy1_pred_affs/10871 with read ROI [1680:6960, 10696:11768, 10696:11768] (5280, 1072, 1072) and write ROI [2880:5760, 10944:11520, 10944:11520] (2880, 576, 576)
Recorded block-done for sampleAPadded20160501Copy1_pred_affs/10871 with read ROI [1680:6960, 10696:11768, 10696:11768] (5280, 1072, 1072) and write ROI [2880:5760, 10944:11520, 10944:11520] (2880, 576, 576)
