Backend TkAgg is interactive backend. Turning interactive mode on.
MtlsdModel(
  (unet): UNet(
    (l_conv): ModuleList(
      (0): ConvPass(
        (conv_pass): Sequential(
          (0): Conv3d(1, 12, kernel_size=(1, 3, 3), stride=(1, 1, 1))
          (1): ReLU()
          (2): Conv3d(12, 12, kernel_size=(1, 3, 3), stride=(1, 1, 1))
          (3): ReLU()
        )
      )
      (1): ConvPass(
        (conv_pass): Sequential(
          (0): Conv3d(12, 60, kernel_size=(3, 3, 3), stride=(1, 1, 1))
          (1): ReLU()
          (2): Conv3d(60, 60, kernel_size=(3, 3, 3), stride=(1, 1, 1))
          (3): ReLU()
        )
      )
      (2): ConvPass(
        (conv_pass): Sequential(
          (0): Conv3d(60, 300, kernel_size=(3, 3, 3), stride=(1, 1, 1))
          (1): ReLU()
          (2): Conv3d(300, 300, kernel_size=(3, 3, 3), stride=(1, 1, 1))
          (3): ReLU()
        )
      )
      (3): ConvPass(
        (conv_pass): Sequential(
          (0): Conv3d(300, 1500, kernel_size=(3, 3, 3), stride=(1, 1, 1))
          (1): ReLU()
          (2): Conv3d(1500, 1500, kernel_size=(3, 3, 3), stride=(1, 1, 1))
          (3): ReLU()
        )
      )
    )
    (l_down): ModuleList(
      (0): Downsample(
        (down): MaxPool3d(kernel_size=[1, 2, 2], stride=[1, 2, 2], padding=0, dilation=1, ceil_mode=False)
      )
      (1): Downsample(
        (down): MaxPool3d(kernel_size=[2, 2, 2], stride=[2, 2, 2], padding=0, dilation=1, ceil_mode=False)
      )
      (2): Downsample(
        (down): MaxPool3d(kernel_size=[3, 3, 3], stride=[3, 3, 3], padding=0, dilation=1, ceil_mode=False)
      )
    )
    (r_up): ModuleList(
      (0): ModuleList(
        (0): Upsample(
          (up): ConvTranspose3d(60, 60, kernel_size=(1, 2, 2), stride=(1, 2, 2))
        )
        (1): Upsample(
          (up): ConvTranspose3d(300, 300, kernel_size=(2, 2, 2), stride=(2, 2, 2))
        )
        (2): Upsample(
          (up): ConvTranspose3d(1500, 1500, kernel_size=(3, 3, 3), stride=(3, 3, 3))
        )
      )
    )
    (r_conv): ModuleList(
      (0): ModuleList(
        (0): ConvPass(
          (conv_pass): Sequential(
            (0): Conv3d(72, 12, kernel_size=(3, 3, 3), stride=(1, 1, 1))
            (1): ReLU()
            (2): Conv3d(12, 12, kernel_size=(3, 3, 3), stride=(1, 1, 1))
            (3): ReLU()
          )
        )
        (1): ConvPass(
          (conv_pass): Sequential(
            (0): Conv3d(360, 60, kernel_size=(3, 3, 3), stride=(1, 1, 1))
            (1): ReLU()
            (2): Conv3d(60, 60, kernel_size=(3, 3, 3), stride=(1, 1, 1))
            (3): ReLU()
          )
        )
        (2): ConvPass(
          (conv_pass): Sequential(
            (0): Conv3d(1800, 300, kernel_size=(3, 3, 3), stride=(1, 1, 1))
            (1): ReLU()
            (2): Conv3d(300, 300, kernel_size=(3, 3, 3), stride=(1, 1, 1))
            (3): ReLU()
          )
        )
      )
    )
  )
  (lsd_head): ConvPass(
    (conv_pass): Sequential(
      (0): Conv3d(12, 10, kernel_size=(1, 1, 1), stride=(1, 1, 1))
      (1): Sigmoid()
    )
  )
  (aff_head): ConvPass(
    (conv_pass): Sequential(
      (0): Conv3d(12, 3, kernel_size=(1, 1, 1), stride=(1, 1, 1))
      (1): Sigmoid()
    )
  )
)
Model Parameters: 155.143M
Saving outputs to /media/samia/DATA/ark/lsd_outputs/MTLSD/3d/run_unclahed/model_checkpoint_latest/sample_A_padded_20160501_copy1.zarr
Recording block-done for sampleAPadded20160501Copy1_pred_affs/14 with read ROI [1680:6960, 328:1400, 328:1400] (5280, 1072, 1072) and write ROI [2880:5760, 576:1152, 576:1152] (2880, 576, 576)
Recorded block-done for sampleAPadded20160501Copy1_pred_affs/14 with read ROI [1680:6960, 328:1400, 328:1400] (5280, 1072, 1072) and write ROI [2880:5760, 576:1152, 576:1152] (2880, 576, 576)
Recording block-done for sampleAPadded20160501Copy1_pred_affs/60 with read ROI [1680:6960, 328:1400, 2056:3128] (5280, 1072, 1072) and write ROI [2880:5760, 576:1152, 2304:2880] (2880, 576, 576)
Recorded block-done for sampleAPadded20160501Copy1_pred_affs/60 with read ROI [1680:6960, 328:1400, 2056:3128] (5280, 1072, 1072) and write ROI [2880:5760, 576:1152, 2304:2880] (2880, 576, 576)
Recording block-done for sampleAPadded20160501Copy1_pred_affs/88 with read ROI [1680:6960, 328:1400, 2632:3704] (5280, 1072, 1072) and write ROI [2880:5760, 576:1152, 2880:3456] (2880, 576, 576)
Recorded block-done for sampleAPadded20160501Copy1_pred_affs/88 with read ROI [1680:6960, 328:1400, 2632:3704] (5280, 1072, 1072) and write ROI [2880:5760, 576:1152, 2880:3456] (2880, 576, 576)
Recording block-done for sampleAPadded20160501Copy1_pred_affs/124 with read ROI [1680:6960, 328:1400, 3208:4280] (5280, 1072, 1072) and write ROI [2880:5760, 576:1152, 3456:4032] (2880, 576, 576)
Recorded block-done for sampleAPadded20160501Copy1_pred_affs/124 with read ROI [1680:6960, 328:1400, 3208:4280] (5280, 1072, 1072) and write ROI [2880:5760, 576:1152, 3456:4032] (2880, 576, 576)
Recording block-done for sampleAPadded20160501Copy1_pred_affs/290 with read ROI [1680:6960, 328:1400, 4936:6008] (5280, 1072, 1072) and write ROI [2880:5760, 576:1152, 5184:5760] (2880, 576, 576)
Recorded block-done for sampleAPadded20160501Copy1_pred_affs/290 with read ROI [1680:6960, 328:1400, 4936:6008] (5280, 1072, 1072) and write ROI [2880:5760, 576:1152, 5184:5760] (2880, 576, 576)
Recording block-done for sampleAPadded20160501Copy1_pred_affs/368 with read ROI [1680:6960, 328:1400, 5512:6584] (5280, 1072, 1072) and write ROI [2880:5760, 576:1152, 5760:6336] (2880, 576, 576)
Recorded block-done for sampleAPadded20160501Copy1_pred_affs/368 with read ROI [1680:6960, 328:1400, 5512:6584] (5280, 1072, 1072) and write ROI [2880:5760, 576:1152, 5760:6336] (2880, 576, 576)
Recording block-done for sampleAPadded20160501Copy1_pred_affs/820 with read ROI [1680:6960, 328:1400, 7816:8888] (5280, 1072, 1072) and write ROI [2880:5760, 576:1152, 8064:8640] (2880, 576, 576)
Recorded block-done for sampleAPadded20160501Copy1_pred_affs/820 with read ROI [1680:6960, 328:1400, 7816:8888] (5280, 1072, 1072) and write ROI [2880:5760, 576:1152, 8064:8640] (2880, 576, 576)
Recording block-done for sampleAPadded20160501Copy1_pred_affs/684 with read ROI [1680:6960, 328:1400, 7240:8312] (5280, 1072, 1072) and write ROI [2880:5760, 576:1152, 7488:8064] (2880, 576, 576)
Recorded block-done for sampleAPadded20160501Copy1_pred_affs/684 with read ROI [1680:6960, 328:1400, 7240:8312] (5280, 1072, 1072) and write ROI [2880:5760, 576:1152, 7488:8064] (2880, 576, 576)
Recording block-done for sampleAPadded20160501Copy1_pred_affs/1334 with read ROI [1680:6960, 328:1400, 9544:10616] (5280, 1072, 1072) and write ROI [2880:5760, 576:1152, 9792:10368] (2880, 576, 576)
Recorded block-done for sampleAPadded20160501Copy1_pred_affs/1334 with read ROI [1680:6960, 328:1400, 9544:10616] (5280, 1072, 1072) and write ROI [2880:5760, 576:1152, 9792:10368] (2880, 576, 576)
Recording block-done for sampleAPadded20160501Copy1_pred_affs/1775 with read ROI [1680:6960, 328:1400, 10696:11768] (5280, 1072, 1072) and write ROI [2880:5760, 576:1152, 10944:11520] (2880, 576, 576)
Recorded block-done for sampleAPadded20160501Copy1_pred_affs/1775 with read ROI [1680:6960, 328:1400, 10696:11768] (5280, 1072, 1072) and write ROI [2880:5760, 576:1152, 10944:11520] (2880, 576, 576)
Recording block-done for sampleAPadded20160501Copy1_pred_affs/42 with read ROI [1680:6960, 904:1976, 904:1976] (5280, 1072, 1072) and write ROI [2880:5760, 1152:1728, 1152:1728] (2880, 576, 576)
Recorded block-done for sampleAPadded20160501Copy1_pred_affs/42 with read ROI [1680:6960, 904:1976, 904:1976] (5280, 1072, 1072) and write ROI [2880:5760, 1152:1728, 1152:1728] (2880, 576, 576)
Recording block-done for sampleAPadded20160501Copy1_pred_affs/91 with read ROI [1680:6960, 904:1976, 2056:3128] (5280, 1072, 1072) and write ROI [2880:5760, 1152:1728, 2304:2880] (2880, 576, 576)
Recorded block-done for sampleAPadded20160501Copy1_pred_affs/91 with read ROI [1680:6960, 904:1976, 2056:3128] (5280, 1072, 1072) and write ROI [2880:5760, 1152:1728, 2304:2880] (2880, 576, 576)
Recording block-done for sampleAPadded20160501Copy1_pred_affs/172 with read ROI [1680:6960, 904:1976, 3208:4280] (5280, 1072, 1072) and write ROI [2880:5760, 1152:1728, 3456:4032] (2880, 576, 576)
Recorded block-done for sampleAPadded20160501Copy1_pred_affs/172 with read ROI [1680:6960, 904:1976, 3208:4280] (5280, 1072, 1072) and write ROI [2880:5760, 1152:1728, 3456:4032] (2880, 576, 576)
Recording block-done for sampleAPadded20160501Copy1_pred_affs/293 with read ROI [1680:6960, 904:1976, 4360:5432] (5280, 1072, 1072) and write ROI [2880:5760, 1152:1728, 4608:5184] (2880, 576, 576)
Recorded block-done for sampleAPadded20160501Copy1_pred_affs/293 with read ROI [1680:6960, 904:1976, 4360:5432] (5280, 1072, 1072) and write ROI [2880:5760, 1152:1728, 4608:5184] (2880, 576, 576)
Recording block-done for sampleAPadded20160501Copy1_pred_affs/462 with read ROI [1680:6960, 904:1976, 5512:6584] (5280, 1072, 1072) and write ROI [2880:5760, 1152:1728, 5760:6336] (2880, 576, 576)
Recorded block-done for sampleAPadded20160501Copy1_pred_affs/462 with read ROI [1680:6960, 904:1976, 5512:6584] (5280, 1072, 1072) and write ROI [2880:5760, 1152:1728, 5760:6336] (2880, 576, 576)
Recording block-done for sampleAPadded20160501Copy1_pred_affs/567 with read ROI [1680:6960, 904:1976, 6088:7160] (5280, 1072, 1072) and write ROI [2880:5760, 1152:1728, 6336:6912] (2880, 576, 576)
Recorded block-done for sampleAPadded20160501Copy1_pred_affs/567 with read ROI [1680:6960, 904:1976, 6088:7160] (5280, 1072, 1072) and write ROI [2880:5760, 1152:1728, 6336:6912] (2880, 576, 576)
Recording block-done for sampleAPadded20160501Copy1_pred_affs/976 with read ROI [1680:6960, 904:1976, 7816:8888] (5280, 1072, 1072) and write ROI [2880:5760, 1152:1728, 8064:8640] (2880, 576, 576)
Recorded block-done for sampleAPadded20160501Copy1_pred_affs/976 with read ROI [1680:6960, 904:1976, 7816:8888] (5280, 1072, 1072) and write ROI [2880:5760, 1152:1728, 8064:8640] (2880, 576, 576)
Recording block-done for sampleAPadded20160501Copy1_pred_affs/1147 with read ROI [1680:6960, 904:1976, 8392:9464] (5280, 1072, 1072) and write ROI [2880:5760, 1152:1728, 8640:9216] (2880, 576, 576)
Recorded block-done for sampleAPadded20160501Copy1_pred_affs/1147 with read ROI [1680:6960, 904:1976, 8392:9464] (5280, 1072, 1072) and write ROI [2880:5760, 1152:1728, 8640:9216] (2880, 576, 576)
Recording block-done for sampleAPadded20160501Copy1_pred_affs/1778 with read ROI [1680:6960, 904:1976, 10120:11192] (5280, 1072, 1072) and write ROI [2880:5760, 1152:1728, 10368:10944] (2880, 576, 576)
Recorded block-done for sampleAPadded20160501Copy1_pred_affs/1778 with read ROI [1680:6960, 904:1976, 10120:11192] (5280, 1072, 1072) and write ROI [2880:5760, 1152:1728, 10368:10944] (2880, 576, 576)
Recording block-done for sampleAPadded20160501Copy1_pred_affs/67 with read ROI [1680:6960, 1480:2552, 904:1976] (5280, 1072, 1072) and write ROI [2880:5760, 1728:2304, 1152:1728] (2880, 576, 576)
Recorded block-done for sampleAPadded20160501Copy1_pred_affs/67 with read ROI [1680:6960, 1480:2552, 904:1976] (5280, 1072, 1072) and write ROI [2880:5760, 1728:2304, 1152:1728] (2880, 576, 576)
Recording block-done for sampleAPadded20160501Copy1_pred_affs/95 with read ROI [1680:6960, 1480:2552, 1480:2552] (5280, 1072, 1072) and write ROI [2880:5760, 1728:2304, 1728:2304] (2880, 576, 576)
Recorded block-done for sampleAPadded20160501Copy1_pred_affs/95 with read ROI [1680:6960, 1480:2552, 1480:2552] (5280, 1072, 1072) and write ROI [2880:5760, 1728:2304, 1728:2304] (2880, 576, 576)
Recording block-done for sampleAPadded20160501Copy1_pred_affs/231 with read ROI [1680:6960, 1480:2552, 3208:4280] (5280, 1072, 1072) and write ROI [2880:5760, 1728:2304, 3456:4032] (2880, 576, 576)
Recorded block-done for sampleAPadded20160501Copy1_pred_affs/231 with read ROI [1680:6960, 1480:2552, 3208:4280] (5280, 1072, 1072) and write ROI [2880:5760, 1728:2304, 3456:4032] (2880, 576, 576)
Recording block-done for sampleAPadded20160501Copy1_pred_affs/297 with read ROI [1680:6960, 1480:2552, 3784:4856] (5280, 1072, 1072) and write ROI [2880:5760, 1728:2304, 4032:4608] (2880, 576, 576)
Recorded block-done for sampleAPadded20160501Copy1_pred_affs/297 with read ROI [1680:6960, 1480:2552, 3784:4856] (5280, 1072, 1072) and write ROI [2880:5760, 1728:2304, 4032:4608] (2880, 576, 576)
Recording block-done for sampleAPadded20160501Copy1_pred_affs/571 with read ROI [1680:6960, 1480:2552, 5512:6584] (5280, 1072, 1072) and write ROI [2880:5760, 1728:2304, 5760:6336] (2880, 576, 576)
Recorded block-done for sampleAPadded20160501Copy1_pred_affs/571 with read ROI [1680:6960, 1480:2552, 5512:6584] (5280, 1072, 1072) and write ROI [2880:5760, 1728:2304, 5760:6336] (2880, 576, 576)
Recording block-done for sampleAPadded20160501Copy1_pred_affs/691 with read ROI [1680:6960, 1480:2552, 6088:7160] (5280, 1072, 1072) and write ROI [2880:5760, 1728:2304, 6336:6912] (2880, 576, 576)
Recorded block-done for sampleAPadded20160501Copy1_pred_affs/691 with read ROI [1680:6960, 1480:2552, 6088:7160] (5280, 1072, 1072) and write ROI [2880:5760, 1728:2304, 6336:6912] (2880, 576, 576)
Recording block-done for sampleAPadded20160501Copy1_pred_affs/1151 with read ROI [1680:6960, 1480:2552, 7816:8888] (5280, 1072, 1072) and write ROI [2880:5760, 1728:2304, 8064:8640] (2880, 576, 576)
Recorded block-done for sampleAPadded20160501Copy1_pred_affs/1151 with read ROI [1680:6960, 1480:2552, 7816:8888] (5280, 1072, 1072) and write ROI [2880:5760, 1728:2304, 8064:8640] (2880, 576, 576)
Recording block-done for sampleAPadded20160501Copy1_pred_affs/1341 with read ROI [1680:6960, 1480:2552, 8392:9464] (5280, 1072, 1072) and write ROI [2880:5760, 1728:2304, 8640:9216] (2880, 576, 576)
Recorded block-done for sampleAPadded20160501Copy1_pred_affs/1341 with read ROI [1680:6960, 1480:2552, 8392:9464] (5280, 1072, 1072) and write ROI [2880:5760, 1728:2304, 8640:9216] (2880, 576, 576)
Recording block-done for sampleAPadded20160501Copy1_pred_affs/2035 with read ROI [1680:6960, 1480:2552, 10120:11192] (5280, 1072, 1072) and write ROI [2880:5760, 1728:2304, 10368:10944] (2880, 576, 576)
Recorded block-done for sampleAPadded20160501Copy1_pred_affs/2035 with read ROI [1680:6960, 1480:2552, 10120:11192] (5280, 1072, 1072) and write ROI [2880:5760, 1728:2304, 10368:10944] (2880, 576, 576)
Recording block-done for sampleAPadded20160501Copy1_pred_affs/2311 with read ROI [1680:6960, 1480:2552, 10696:11768] (5280, 1072, 1072) and write ROI [2880:5760, 1728:2304, 10944:11520] (2880, 576, 576)
Recorded block-done for sampleAPadded20160501Copy1_pred_affs/2311 with read ROI [1680:6960, 1480:2552, 10696:11768] (5280, 1072, 1072) and write ROI [2880:5760, 1728:2304, 10944:11520] (2880, 576, 576)
Recording block-done for sampleAPadded20160501Copy1_pred_affs/100 with read ROI [1680:6960, 2056:3128, 904:1976] (5280, 1072, 1072) and write ROI [2880:5760, 2304:2880, 1152:1728] (2880, 576, 576)
Recorded block-done for sampleAPadded20160501Copy1_pred_affs/100 with read ROI [1680:6960, 2056:3128, 904:1976] (5280, 1072, 1072) and write ROI [2880:5760, 2304:2880, 1152:1728] (2880, 576, 576)
Recording block-done for sampleAPadded20160501Copy1_pred_affs/181 with read ROI [1680:6960, 2056:3128, 2056:3128] (5280, 1072, 1072) and write ROI [2880:5760, 2304:2880, 2304:2880] (2880, 576, 576)
Recorded block-done for sampleAPadded20160501Copy1_pred_affs/181 with read ROI [1680:6960, 2056:3128, 2056:3128] (5280, 1072, 1072) and write ROI [2880:5760, 2304:2880, 2304:2880] (2880, 576, 576)
Recording block-done for sampleAPadded20160501Copy1_pred_affs/380 with read ROI [1680:6960, 2056:3128, 3784:4856] (5280, 1072, 1072) and write ROI [2880:5760, 2304:2880, 4032:4608] (2880, 576, 576)
Recorded block-done for sampleAPadded20160501Copy1_pred_affs/380 with read ROI [1680:6960, 2056:3128, 3784:4856] (5280, 1072, 1072) and write ROI [2880:5760, 2304:2880, 4032:4608] (2880, 576, 576)
Recording block-done for sampleAPadded20160501Copy1_pred_affs/471 with read ROI [1680:6960, 2056:3128, 4360:5432] (5280, 1072, 1072) and write ROI [2880:5760, 2304:2880, 4608:5184] (2880, 576, 576)
Recorded block-done for sampleAPadded20160501Copy1_pred_affs/471 with read ROI [1680:6960, 2056:3128, 4360:5432] (5280, 1072, 1072) and write ROI [2880:5760, 2304:2880, 4608:5184] (2880, 576, 576)
Recording block-done for sampleAPadded20160501Copy1_pred_affs/832 with read ROI [1680:6960, 2056:3128, 6088:7160] (5280, 1072, 1072) and write ROI [2880:5760, 2304:2880, 6336:6912] (2880, 576, 576)
Recorded block-done for sampleAPadded20160501Copy1_pred_affs/832 with read ROI [1680:6960, 2056:3128, 6088:7160] (5280, 1072, 1072) and write ROI [2880:5760, 2304:2880, 6336:6912] (2880, 576, 576)
Recording block-done for sampleAPadded20160501Copy1_pred_affs/985 with read ROI [1680:6960, 2056:3128, 6664:7736] (5280, 1072, 1072) and write ROI [2880:5760, 2304:2880, 6912:7488] (2880, 576, 576)
Recorded block-done for sampleAPadded20160501Copy1_pred_affs/985 with read ROI [1680:6960, 2056:3128, 6664:7736] (5280, 1072, 1072) and write ROI [2880:5760, 2304:2880, 6912:7488] (2880, 576, 576)
Recording block-done for sampleAPadded20160501Copy1_pred_affs/1556 with read ROI [1680:6960, 2056:3128, 8392:9464] (5280, 1072, 1072) and write ROI [2880:5760, 2304:2880, 8640:9216] (2880, 576, 576)
Recorded block-done for sampleAPadded20160501Copy1_pred_affs/1556 with read ROI [1680:6960, 2056:3128, 8392:9464] (5280, 1072, 1072) and write ROI [2880:5760, 2304:2880, 8640:9216] (2880, 576, 576)
Recording block-done for sampleAPadded20160501Copy1_pred_affs/1787 with read ROI [1680:6960, 2056:3128, 8968:10040] (5280, 1072, 1072) and write ROI [2880:5760, 2304:2880, 9216:9792] (2880, 576, 576)
Recorded block-done for sampleAPadded20160501Copy1_pred_affs/1787 with read ROI [1680:6960, 2056:3128, 8968:10040] (5280, 1072, 1072) and write ROI [2880:5760, 2304:2880, 9216:9792] (2880, 576, 576)
Recording block-done for sampleAPadded20160501Copy1_pred_affs/2616 with read ROI [1680:6960, 2056:3128, 10696:11768] (5280, 1072, 1072) and write ROI [2880:5760, 2304:2880, 10944:11520] (2880, 576, 576)
Recorded block-done for sampleAPadded20160501Copy1_pred_affs/2616 with read ROI [1680:6960, 2056:3128, 10696:11768] (5280, 1072, 1072) and write ROI [2880:5760, 2304:2880, 10944:11520] (2880, 576, 576)
Recording block-done for sampleAPadded20160501Copy1_pred_affs/106 with read ROI [1680:6960, 2632:3704, 328:1400] (5280, 1072, 1072) and write ROI [2880:5760, 2880:3456, 576:1152] (2880, 576, 576)
Recorded block-done for sampleAPadded20160501Copy1_pred_affs/106 with read ROI [1680:6960, 2632:3704, 328:1400] (5280, 1072, 1072) and write ROI [2880:5760, 2880:3456, 576:1152] (2880, 576, 576)
Recording block-done for sampleAPadded20160501Copy1_pred_affs/242 with read ROI [1680:6960, 2632:3704, 2056:3128] (5280, 1072, 1072) and write ROI [2880:5760, 2880:3456, 2304:2880] (2880, 576, 576)
Recorded block-done for sampleAPadded20160501Copy1_pred_affs/242 with read ROI [1680:6960, 2632:3704, 2056:3128] (5280, 1072, 1072) and write ROI [2880:5760, 2880:3456, 2304:2880] (2880, 576, 576)
Recording block-done for sampleAPadded20160501Copy1_pred_affs/308 with read ROI [1680:6960, 2632:3704, 2632:3704] (5280, 1072, 1072) and write ROI [2880:5760, 2880:3456, 2880:3456] (2880, 576, 576)
Recorded block-done for sampleAPadded20160501Copy1_pred_affs/308 with read ROI [1680:6960, 2632:3704, 2632:3704] (5280, 1072, 1072) and write ROI [2880:5760, 2880:3456, 2880:3456] (2880, 576, 576)
Recording block-done for sampleAPadded20160501Copy1_pred_affs/702 with read ROI [1680:6960, 2632:3704, 4936:6008] (5280, 1072, 1072) and write ROI [2880:5760, 2880:3456, 5184:5760] (2880, 576, 576)
Recorded block-done for sampleAPadded20160501Copy1_pred_affs/702 with read ROI [1680:6960, 2632:3704, 4936:6008] (5280, 1072, 1072) and write ROI [2880:5760, 2880:3456, 5184:5760] (2880, 576, 576)
Recording block-done for sampleAPadded20160501Copy1_pred_affs/582 with read ROI [1680:6960, 2632:3704, 4360:5432] (5280, 1072, 1072) and write ROI [2880:5760, 2880:3456, 4608:5184] (2880, 576, 576)
Recorded block-done for sampleAPadded20160501Copy1_pred_affs/582 with read ROI [1680:6960, 2632:3704, 4360:5432] (5280, 1072, 1072) and write ROI [2880:5760, 2880:3456, 4608:5184] (2880, 576, 576)
Recording block-done for sampleAPadded20160501Copy1_pred_affs/1162 with read ROI [1680:6960, 2632:3704, 6664:7736] (5280, 1072, 1072) and write ROI [2880:5760, 2880:3456, 6912:7488] (2880, 576, 576)
Recorded block-done for sampleAPadded20160501Copy1_pred_affs/1162 with read ROI [1680:6960, 2632:3704, 6664:7736] (5280, 1072, 1072) and write ROI [2880:5760, 2880:3456, 6912:7488] (2880, 576, 576)
Recording block-done for sampleAPadded20160501Copy1_pred_affs/1352 with read ROI [1680:6960, 2632:3704, 7240:8312] (5280, 1072, 1072) and write ROI [2880:5760, 2880:3456, 7488:8064] (2880, 576, 576)
Recorded block-done for sampleAPadded20160501Copy1_pred_affs/1352 with read ROI [1680:6960, 2632:3704, 7240:8312] (5280, 1072, 1072) and write ROI [2880:5760, 2880:3456, 7488:8064] (2880, 576, 576)
Recording block-done for sampleAPadded20160501Copy1_pred_affs/2322 with read ROI [1680:6960, 2632:3704, 9544:10616] (5280, 1072, 1072) and write ROI [2880:5760, 2880:3456, 9792:10368] (2880, 576, 576)
Recorded block-done for sampleAPadded20160501Copy1_pred_affs/2322 with read ROI [1680:6960, 2632:3704, 9544:10616] (5280, 1072, 1072) and write ROI [2880:5760, 2880:3456, 9792:10368] (2880, 576, 576)
Recording block-done for sampleAPadded20160501Copy1_pred_affs/2046 with read ROI [1680:6960, 2632:3704, 8968:10040] (5280, 1072, 1072) and write ROI [2880:5760, 2880:3456, 9216:9792] (2880, 576, 576)
Recorded block-done for sampleAPadded20160501Copy1_pred_affs/2046 with read ROI [1680:6960, 2632:3704, 8968:10040] (5280, 1072, 1072) and write ROI [2880:5760, 2880:3456, 9216:9792] (2880, 576, 576)
Recording block-done for sampleAPadded20160501Copy1_pred_affs/149 with read ROI [1680:6960, 3208:4280, 328:1400] (5280, 1072, 1072) and write ROI [2880:5760, 3456:4032, 576:1152] (2880, 576, 576)
Recorded block-done for sampleAPadded20160501Copy1_pred_affs/149 with read ROI [1680:6960, 3208:4280, 328:1400] (5280, 1072, 1072) and write ROI [2880:5760, 3456:4032, 576:1152] (2880, 576, 576)
Recording block-done for sampleAPadded20160501Copy1_pred_affs/194 with read ROI [1680:6960, 3208:4280, 904:1976] (5280, 1072, 1072) and write ROI [2880:5760, 3456:4032, 1152:1728] (2880, 576, 576)
Recorded block-done for sampleAPadded20160501Copy1_pred_affs/194 with read ROI [1680:6960, 3208:4280, 904:1976] (5280, 1072, 1072) and write ROI [2880:5760, 3456:4032, 1152:1728] (2880, 576, 576)
Recording block-done for sampleAPadded20160501Copy1_pred_affs/393 with read ROI [1680:6960, 3208:4280, 2632:3704] (5280, 1072, 1072) and write ROI [2880:5760, 3456:4032, 2880:3456] (2880, 576, 576)
Recorded block-done for sampleAPadded20160501Copy1_pred_affs/393 with read ROI [1680:6960, 3208:4280, 2632:3704] (5280, 1072, 1072) and write ROI [2880:5760, 3456:4032, 2880:3456] (2880, 576, 576)
Recording block-done for sampleAPadded20160501Copy1_pred_affs/484 with read ROI [1680:6960, 3208:4280, 3208:4280] (5280, 1072, 1072) and write ROI [2880:5760, 3456:4032, 3456:4032] (2880, 576, 576)
Recorded block-done for sampleAPadded20160501Copy1_pred_affs/484 with read ROI [1680:6960, 3208:4280, 3208:4280] (5280, 1072, 1072) and write ROI [2880:5760, 3456:4032, 3456:4032] (2880, 576, 576)
Recording block-done for sampleAPadded20160501Copy1_pred_affs/845 with read ROI [1680:6960, 3208:4280, 4936:6008] (5280, 1072, 1072) and write ROI [2880:5760, 3456:4032, 5184:5760] (2880, 576, 576)
Recorded block-done for sampleAPadded20160501Copy1_pred_affs/845 with read ROI [1680:6960, 3208:4280, 4936:6008] (5280, 1072, 1072) and write ROI [2880:5760, 3456:4032, 5184:5760] (2880, 576, 576)
Recording block-done for sampleAPadded20160501Copy1_pred_affs/998 with read ROI [1680:6960, 3208:4280, 5512:6584] (5280, 1072, 1072) and write ROI [2880:5760, 3456:4032, 5760:6336] (2880, 576, 576)
Recorded block-done for sampleAPadded20160501Copy1_pred_affs/998 with read ROI [1680:6960, 3208:4280, 5512:6584] (5280, 1072, 1072) and write ROI [2880:5760, 3456:4032, 5760:6336] (2880, 576, 576)
Recording block-done for sampleAPadded20160501Copy1_pred_affs/1569 with read ROI [1680:6960, 3208:4280, 7240:8312] (5280, 1072, 1072) and write ROI [2880:5760, 3456:4032, 7488:8064] (2880, 576, 576)
Recorded block-done for sampleAPadded20160501Copy1_pred_affs/1569 with read ROI [1680:6960, 3208:4280, 7240:8312] (5280, 1072, 1072) and write ROI [2880:5760, 3456:4032, 7488:8064] (2880, 576, 576)
Recording block-done for sampleAPadded20160501Copy1_pred_affs/1800 with read ROI [1680:6960, 3208:4280, 7816:8888] (5280, 1072, 1072) and write ROI [2880:5760, 3456:4032, 8064:8640] (2880, 576, 576)
Recorded block-done for sampleAPadded20160501Copy1_pred_affs/1800 with read ROI [1680:6960, 3208:4280, 7816:8888] (5280, 1072, 1072) and write ROI [2880:5760, 3456:4032, 8064:8640] (2880, 576, 576)
Recording block-done for sampleAPadded20160501Copy1_pred_affs/2629 with read ROI [1680:6960, 3208:4280, 9544:10616] (5280, 1072, 1072) and write ROI [2880:5760, 3456:4032, 9792:10368] (2880, 576, 576)
Recorded block-done for sampleAPadded20160501Copy1_pred_affs/2629 with read ROI [1680:6960, 3208:4280, 9544:10616] (5280, 1072, 1072) and write ROI [2880:5760, 3456:4032, 9792:10368] (2880, 576, 576)
Recording block-done for sampleAPadded20160501Copy1_pred_affs/2954 with read ROI [1680:6960, 3208:4280, 10120:11192] (5280, 1072, 1072) and write ROI [2880:5760, 3456:4032, 10368:10944] (2880, 576, 576)
Recorded block-done for sampleAPadded20160501Copy1_pred_affs/2954 with read ROI [1680:6960, 3208:4280, 10120:11192] (5280, 1072, 1072) and write ROI [2880:5760, 3456:4032, 10368:10944] (2880, 576, 576)
Recording block-done for sampleAPadded20160501Copy1_pred_affs/202 with read ROI [1680:6960, 3784:4856, 328:1400] (5280, 1072, 1072) and write ROI [2880:5760, 4032:4608, 576:1152] (2880, 576, 576)
Recorded block-done for sampleAPadded20160501Copy1_pred_affs/202 with read ROI [1680:6960, 3784:4856, 328:1400] (5280, 1072, 1072) and write ROI [2880:5760, 4032:4608, 576:1152] (2880, 576, 576)
Recording block-done for sampleAPadded20160501Copy1_pred_affs/401 with read ROI [1680:6960, 3784:4856, 2056:3128] (5280, 1072, 1072) and write ROI [2880:5760, 4032:4608, 2304:2880] (2880, 576, 576)
Recorded block-done for sampleAPadded20160501Copy1_pred_affs/401 with read ROI [1680:6960, 3784:4856, 2056:3128] (5280, 1072, 1072) and write ROI [2880:5760, 4032:4608, 2304:2880] (2880, 576, 576)
Recording block-done for sampleAPadded20160501Copy1_pred_affs/492 with read ROI [1680:6960, 3784:4856, 2632:3704] (5280, 1072, 1072) and write ROI [2880:5760, 4032:4608, 2880:3456] (2880, 576, 576)
Recorded block-done for sampleAPadded20160501Copy1_pred_affs/492 with read ROI [1680:6960, 3784:4856, 2632:3704] (5280, 1072, 1072) and write ROI [2880:5760, 4032:4608, 2880:3456] (2880, 576, 576)
Recording block-done for sampleAPadded20160501Copy1_pred_affs/853 with read ROI [1680:6960, 3784:4856, 4360:5432] (5280, 1072, 1072) and write ROI [2880:5760, 4032:4608, 4608:5184] (2880, 576, 576)
Recorded block-done for sampleAPadded20160501Copy1_pred_affs/853 with read ROI [1680:6960, 3784:4856, 4360:5432] (5280, 1072, 1072) and write ROI [2880:5760, 4032:4608, 4608:5184] (2880, 576, 576)
Recording block-done for sampleAPadded20160501Copy1_pred_affs/1177 with read ROI [1680:6960, 3784:4856, 5512:6584] (5280, 1072, 1072) and write ROI [2880:5760, 4032:4608, 5760:6336] (2880, 576, 576)
Recorded block-done for sampleAPadded20160501Copy1_pred_affs/1177 with read ROI [1680:6960, 3784:4856, 5512:6584] (5280, 1072, 1072) and write ROI [2880:5760, 4032:4608, 5760:6336] (2880, 576, 576)
Recording block-done for sampleAPadded20160501Copy1_pred_affs/2061 with read ROI [1680:6960, 3784:4856, 7816:8888] (5280, 1072, 1072) and write ROI [2880:5760, 4032:4608, 8064:8640] (2880, 576, 576)
Recorded block-done for sampleAPadded20160501Copy1_pred_affs/2061 with read ROI [1680:6960, 3784:4856, 7816:8888] (5280, 1072, 1072) and write ROI [2880:5760, 4032:4608, 8064:8640] (2880, 576, 576)
Recording block-done for sampleAPadded20160501Copy1_pred_affs/1808 with read ROI [1680:6960, 3784:4856, 7240:8312] (5280, 1072, 1072) and write ROI [2880:5760, 4032:4608, 7488:8064] (2880, 576, 576)
Recorded block-done for sampleAPadded20160501Copy1_pred_affs/1808 with read ROI [1680:6960, 3784:4856, 7240:8312] (5280, 1072, 1072) and write ROI [2880:5760, 4032:4608, 7488:8064] (2880, 576, 576)
Recording block-done for sampleAPadded20160501Copy1_pred_affs/2637 with read ROI [1680:6960, 3784:4856, 8968:10040] (5280, 1072, 1072) and write ROI [2880:5760, 4032:4608, 9216:9792] (2880, 576, 576)
Recorded block-done for sampleAPadded20160501Copy1_pred_affs/2637 with read ROI [1680:6960, 3784:4856, 8968:10040] (5280, 1072, 1072) and write ROI [2880:5760, 4032:4608, 9216:9792] (2880, 576, 576)
Recording block-done for sampleAPadded20160501Copy1_pred_affs/3313 with read ROI [1680:6960, 3784:4856, 10120:11192] (5280, 1072, 1072) and write ROI [2880:5760, 4032:4608, 10368:10944] (2880, 576, 576)
Recorded block-done for sampleAPadded20160501Copy1_pred_affs/3313 with read ROI [1680:6960, 3784:4856, 10120:11192] (5280, 1072, 1072) and write ROI [2880:5760, 4032:4608, 10368:10944] (2880, 576, 576)
Recording block-done for sampleAPadded20160501Copy1_pred_affs/332 with read ROI [1680:6960, 4360:5432, 904:1976] (5280, 1072, 1072) and write ROI [2880:5760, 4608:5184, 1152:1728] (2880, 576, 576)
Recorded block-done for sampleAPadded20160501Copy1_pred_affs/332 with read ROI [1680:6960, 4360:5432, 904:1976] (5280, 1072, 1072) and write ROI [2880:5760, 4608:5184, 1152:1728] (2880, 576, 576)
Recording block-done for sampleAPadded20160501Copy1_pred_affs/410 with read ROI [1680:6960, 4360:5432, 1480:2552] (5280, 1072, 1072) and write ROI [2880:5760, 4608:5184, 1728:2304] (2880, 576, 576)
Recorded block-done for sampleAPadded20160501Copy1_pred_affs/410 with read ROI [1680:6960, 4360:5432, 1480:2552] (5280, 1072, 1072) and write ROI [2880:5760, 4608:5184, 1728:2304] (2880, 576, 576)
Recording block-done for sampleAPadded20160501Copy1_pred_affs/726 with read ROI [1680:6960, 4360:5432, 3208:4280] (5280, 1072, 1072) and write ROI [2880:5760, 4608:5184, 3456:4032] (2880, 576, 576)
Recorded block-done for sampleAPadded20160501Copy1_pred_affs/726 with read ROI [1680:6960, 4360:5432, 3208:4280] (5280, 1072, 1072) and write ROI [2880:5760, 4608:5184, 3456:4032] (2880, 576, 576)
Recording block-done for sampleAPadded20160501Copy1_pred_affs/862 with read ROI [1680:6960, 4360:5432, 3784:4856] (5280, 1072, 1072) and write ROI [2880:5760, 4608:5184, 4032:4608] (2880, 576, 576)
Recorded block-done for sampleAPadded20160501Copy1_pred_affs/862 with read ROI [1680:6960, 4360:5432, 3784:4856] (5280, 1072, 1072) and write ROI [2880:5760, 4608:5184, 4032:4608] (2880, 576, 576)
Recording block-done for sampleAPadded20160501Copy1_pred_affs/1186 with read ROI [1680:6960, 4360:5432, 4936:6008] (5280, 1072, 1072) and write ROI [2880:5760, 4608:5184, 5184:5760] (2880, 576, 576)
Recorded block-done for sampleAPadded20160501Copy1_pred_affs/1186 with read ROI [1680:6960, 4360:5432, 4936:6008] (5280, 1072, 1072) and write ROI [2880:5760, 4608:5184, 5184:5760] (2880, 576, 576)
Recording block-done for sampleAPadded20160501Copy1_pred_affs/1586 with read ROI [1680:6960, 4360:5432, 6088:7160] (5280, 1072, 1072) and write ROI [2880:5760, 4608:5184, 6336:6912] (2880, 576, 576)
Recorded block-done for sampleAPadded20160501Copy1_pred_affs/1586 with read ROI [1680:6960, 4360:5432, 6088:7160] (5280, 1072, 1072) and write ROI [2880:5760, 4608:5184, 6336:6912] (2880, 576, 576)
Recording block-done for sampleAPadded20160501Copy1_pred_affs/1817 with read ROI [1680:6960, 4360:5432, 6664:7736] (5280, 1072, 1072) and write ROI [2880:5760, 4608:5184, 6912:7488] (2880, 576, 576)
Recorded block-done for sampleAPadded20160501Copy1_pred_affs/1817 with read ROI [1680:6960, 4360:5432, 6664:7736] (5280, 1072, 1072) and write ROI [2880:5760, 4608:5184, 6912:7488] (2880, 576, 576)
Recording block-done for sampleAPadded20160501Copy1_pred_affs/2346 with read ROI [1680:6960, 4360:5432, 7816:8888] (5280, 1072, 1072) and write ROI [2880:5760, 4608:5184, 8064:8640] (2880, 576, 576)
Recorded block-done for sampleAPadded20160501Copy1_pred_affs/2346 with read ROI [1680:6960, 4360:5432, 7816:8888] (5280, 1072, 1072) and write ROI [2880:5760, 4608:5184, 8064:8640] (2880, 576, 576)
Recording block-done for sampleAPadded20160501Copy1_pred_affs/3322 with read ROI [1680:6960, 4360:5432, 9544:10616] (5280, 1072, 1072) and write ROI [2880:5760, 4608:5184, 9792:10368] (2880, 576, 576)
Recorded block-done for sampleAPadded20160501Copy1_pred_affs/3322 with read ROI [1680:6960, 4360:5432, 9544:10616] (5280, 1072, 1072) and write ROI [2880:5760, 4608:5184, 9792:10368] (2880, 576, 576)
Recording block-done for sampleAPadded20160501Copy1_pred_affs/2971 with read ROI [1680:6960, 4360:5432, 8968:10040] (5280, 1072, 1072) and write ROI [2880:5760, 4608:5184, 9216:9792] (2880, 576, 576)
Recorded block-done for sampleAPadded20160501Copy1_pred_affs/2971 with read ROI [1680:6960, 4360:5432, 8968:10040] (5280, 1072, 1072) and write ROI [2880:5760, 4608:5184, 9216:9792] (2880, 576, 576)
Recording block-done for sampleAPadded20160501Copy1_pred_affs/420 with read ROI [1680:6960, 4936:6008, 904:1976] (5280, 1072, 1072) and write ROI [2880:5760, 5184:5760, 1152:1728] (2880, 576, 576)
Recorded block-done for sampleAPadded20160501Copy1_pred_affs/420 with read ROI [1680:6960, 4936:6008, 904:1976] (5280, 1072, 1072) and write ROI [2880:5760, 5184:5760, 1152:1728] (2880, 576, 576)
Recording block-done for sampleAPadded20160501Copy1_pred_affs/616 with read ROI [1680:6960, 4936:6008, 2056:3128] (5280, 1072, 1072) and write ROI [2880:5760, 5184:5760, 2304:2880] (2880, 576, 576)
Recorded block-done for sampleAPadded20160501Copy1_pred_affs/616 with read ROI [1680:6960, 4936:6008, 2056:3128] (5280, 1072, 1072) and write ROI [2880:5760, 5184:5760, 2304:2880] (2880, 576, 576)
Recording block-done for sampleAPadded20160501Copy1_pred_affs/872 with read ROI [1680:6960, 4936:6008, 3208:4280] (5280, 1072, 1072) and write ROI [2880:5760, 5184:5760, 3456:4032] (2880, 576, 576)
Recorded block-done for sampleAPadded20160501Copy1_pred_affs/872 with read ROI [1680:6960, 4936:6008, 3208:4280] (5280, 1072, 1072) and write ROI [2880:5760, 5184:5760, 3456:4032] (2880, 576, 576)
Recording block-done for sampleAPadded20160501Copy1_pred_affs/1196 with read ROI [1680:6960, 4936:6008, 4360:5432] (5280, 1072, 1072) and write ROI [2880:5760, 5184:5760, 4608:5184] (2880, 576, 576)
Recorded block-done for sampleAPadded20160501Copy1_pred_affs/1196 with read ROI [1680:6960, 4936:6008, 4360:5432] (5280, 1072, 1072) and write ROI [2880:5760, 5184:5760, 4608:5184] (2880, 576, 576)
Recording block-done for sampleAPadded20160501Copy1_pred_affs/1596 with read ROI [1680:6960, 4936:6008, 5512:6584] (5280, 1072, 1072) and write ROI [2880:5760, 5184:5760, 5760:6336] (2880, 576, 576)
Recording block-done for sampleAPadded20160501Copy1_pred_affs/2080 with read ROI [1680:6960, 4936:6008, 6664:7736] (5280, 1072, 1072) and write ROI [2880:5760, 5184:5760, 6912:7488] (2880, 576, 576)
Recorded block-done for sampleAPadded20160501Copy1_pred_affs/1596 with read ROI [1680:6960, 4936:6008, 5512:6584] (5280, 1072, 1072) and write ROI [2880:5760, 5184:5760, 5760:6336] (2880, 576, 576)
Recorded block-done for sampleAPadded20160501Copy1_pred_affs/2080 with read ROI [1680:6960, 4936:6008, 6664:7736] (5280, 1072, 1072) and write ROI [2880:5760, 5184:5760, 6912:7488] (2880, 576, 576)
Recording block-done for sampleAPadded20160501Copy1_pred_affs/3332 with read ROI [1680:6960, 4936:6008, 8968:10040] (5280, 1072, 1072) and write ROI [2880:5760, 5184:5760, 9216:9792] (2880, 576, 576)
Recorded block-done for sampleAPadded20160501Copy1_pred_affs/3332 with read ROI [1680:6960, 4936:6008, 8968:10040] (5280, 1072, 1072) and write ROI [2880:5760, 5184:5760, 9216:9792] (2880, 576, 576)
Recording block-done for sampleAPadded20160501Copy1_pred_affs/2981 with read ROI [1680:6960, 4936:6008, 8392:9464] (5280, 1072, 1072) and write ROI [2880:5760, 5184:5760, 8640:9216] (2880, 576, 576)
Recorded block-done for sampleAPadded20160501Copy1_pred_affs/2981 with read ROI [1680:6960, 4936:6008, 8392:9464] (5280, 1072, 1072) and write ROI [2880:5760, 5184:5760, 8640:9216] (2880, 576, 576)
Recording block-done for sampleAPadded20160501Copy1_pred_affs/4551 with read ROI [1680:6960, 4936:6008, 10696:11768] (5280, 1072, 1072) and write ROI [2880:5760, 5184:5760, 10944:11520] (2880, 576, 576)
Recorded block-done for sampleAPadded20160501Copy1_pred_affs/4551 with read ROI [1680:6960, 4936:6008, 10696:11768] (5280, 1072, 1072) and write ROI [2880:5760, 5184:5760, 10944:11520] (2880, 576, 576)
Recording block-done for sampleAPadded20160501Copy1_pred_affs/522 with read ROI [1680:6960, 5512:6584, 904:1976] (5280, 1072, 1072) and write ROI [2880:5760, 5760:6336, 1152:1728] (2880, 576, 576)
Recorded block-done for sampleAPadded20160501Copy1_pred_affs/522 with read ROI [1680:6960, 5512:6584, 904:1976] (5280, 1072, 1072) and write ROI [2880:5760, 5760:6336, 1152:1728] (2880, 576, 576)
Recording block-done for sampleAPadded20160501Copy1_pred_affs/1036 with read ROI [1680:6960, 5512:6584, 3208:4280] (5280, 1072, 1072) and write ROI [2880:5760, 5760:6336, 3456:4032] (2880, 576, 576)
Recorded block-done for sampleAPadded20160501Copy1_pred_affs/1036 with read ROI [1680:6960, 5512:6584, 3208:4280] (5280, 1072, 1072) and write ROI [2880:5760, 5760:6336, 3456:4032] (2880, 576, 576)
Recording block-done for sampleAPadded20160501Copy1_pred_affs/747 with read ROI [1680:6960, 5512:6584, 2056:3128] (5280, 1072, 1072) and write ROI [2880:5760, 5760:6336, 2304:2880] (2880, 576, 576)
Recorded block-done for sampleAPadded20160501Copy1_pred_affs/747 with read ROI [1680:6960, 5512:6584, 2056:3128] (5280, 1072, 1072) and write ROI [2880:5760, 5760:6336, 2304:2880] (2880, 576, 576)
Recording block-done for sampleAPadded20160501Copy1_pred_affs/1607 with read ROI [1680:6960, 5512:6584, 4936:6008] (5280, 1072, 1072) and write ROI [2880:5760, 5760:6336, 5184:5760] (2880, 576, 576)
Recorded block-done for sampleAPadded20160501Copy1_pred_affs/1607 with read ROI [1680:6960, 5512:6584, 4936:6008] (5280, 1072, 1072) and write ROI [2880:5760, 5760:6336, 5184:5760] (2880, 576, 576)
Recording block-done for sampleAPadded20160501Copy1_pred_affs/1207 with read ROI [1680:6960, 5512:6584, 3784:4856] (5280, 1072, 1072) and write ROI [2880:5760, 5760:6336, 4032:4608] (2880, 576, 576)
Recorded block-done for sampleAPadded20160501Copy1_pred_affs/1207 with read ROI [1680:6960, 5512:6584, 3784:4856] (5280, 1072, 1072) and write ROI [2880:5760, 5760:6336, 4032:4608] (2880, 576, 576)
Recording block-done for sampleAPadded20160501Copy1_pred_affs/2091 with read ROI [1680:6960, 5512:6584, 6088:7160] (5280, 1072, 1072) and write ROI [2880:5760, 5760:6336, 6336:6912] (2880, 576, 576)
Recorded block-done for sampleAPadded20160501Copy1_pred_affs/2091 with read ROI [1680:6960, 5512:6584, 6088:7160] (5280, 1072, 1072) and write ROI [2880:5760, 5760:6336, 6336:6912] (2880, 576, 576)
Recording block-done for sampleAPadded20160501Copy1_pred_affs/2667 with read ROI [1680:6960, 5512:6584, 7240:8312] (5280, 1072, 1072) and write ROI [2880:5760, 5760:6336, 7488:8064] (2880, 576, 576)
Recorded block-done for sampleAPadded20160501Copy1_pred_affs/2667 with read ROI [1680:6960, 5512:6584, 7240:8312] (5280, 1072, 1072) and write ROI [2880:5760, 5760:6336, 7488:8064] (2880, 576, 576)
Recording block-done for sampleAPadded20160501Copy1_pred_affs/3343 with read ROI [1680:6960, 5512:6584, 8392:9464] (5280, 1072, 1072) and write ROI [2880:5760, 5760:6336, 8640:9216] (2880, 576, 576)
Recorded block-done for sampleAPadded20160501Copy1_pred_affs/3343 with read ROI [1680:6960, 5512:6584, 8392:9464] (5280, 1072, 1072) and write ROI [2880:5760, 5760:6336, 8640:9216] (2880, 576, 576)
Recording block-done for sampleAPadded20160501Copy1_pred_affs/4562 with read ROI [1680:6960, 5512:6584, 10120:11192] (5280, 1072, 1072) and write ROI [2880:5760, 5760:6336, 10368:10944] (2880, 576, 576)
Recorded block-done for sampleAPadded20160501Copy1_pred_affs/4562 with read ROI [1680:6960, 5512:6584, 10120:11192] (5280, 1072, 1072) and write ROI [2880:5760, 5760:6336, 10368:10944] (2880, 576, 576)
Recording block-done for sampleAPadded20160501Copy1_pred_affs/5027 with read ROI [1680:6960, 5512:6584, 10696:11768] (5280, 1072, 1072) and write ROI [2880:5760, 5760:6336, 10944:11520] (2880, 576, 576)
Recorded block-done for sampleAPadded20160501Copy1_pred_affs/5027 with read ROI [1680:6960, 5512:6584, 10696:11768] (5280, 1072, 1072) and write ROI [2880:5760, 5760:6336, 10944:11520] (2880, 576, 576)
Recording block-done for sampleAPadded20160501Copy1_pred_affs/759 with read ROI [1680:6960, 6088:7160, 1480:2552] (5280, 1072, 1072) and write ROI [2880:5760, 6336:6912, 1728:2304] (2880, 576, 576)
Recorded block-done for sampleAPadded20160501Copy1_pred_affs/759 with read ROI [1680:6960, 6088:7160, 1480:2552] (5280, 1072, 1072) and write ROI [2880:5760, 6336:6912, 1728:2304] (2880, 576, 576)
Recording block-done for sampleAPadded20160501Copy1_pred_affs/895 with read ROI [1680:6960, 6088:7160, 2056:3128] (5280, 1072, 1072) and write ROI [2880:5760, 6336:6912, 2304:2880] (2880, 576, 576)
Recorded block-done for sampleAPadded20160501Copy1_pred_affs/895 with read ROI [1680:6960, 6088:7160, 2056:3128] (5280, 1072, 1072) and write ROI [2880:5760, 6336:6912, 2304:2880] (2880, 576, 576)
Recording block-done for sampleAPadded20160501Copy1_pred_affs/1409 with read ROI [1680:6960, 6088:7160, 3784:4856] (5280, 1072, 1072) and write ROI [2880:5760, 6336:6912, 4032:4608] (2880, 576, 576)
Recorded block-done for sampleAPadded20160501Copy1_pred_affs/1409 with read ROI [1680:6960, 6088:7160, 3784:4856] (5280, 1072, 1072) and write ROI [2880:5760, 6336:6912, 4032:4608] (2880, 576, 576)
Recording block-done for sampleAPadded20160501Copy1_pred_affs/1619 with read ROI [1680:6960, 6088:7160, 4360:5432] (5280, 1072, 1072) and write ROI [2880:5760, 6336:6912, 4608:5184] (2880, 576, 576)
Recorded block-done for sampleAPadded20160501Copy1_pred_affs/1619 with read ROI [1680:6960, 6088:7160, 4360:5432] (5280, 1072, 1072) and write ROI [2880:5760, 6336:6912, 4608:5184] (2880, 576, 576)
Recording block-done for sampleAPadded20160501Copy1_pred_affs/2379 with read ROI [1680:6960, 6088:7160, 6088:7160] (5280, 1072, 1072) and write ROI [2880:5760, 6336:6912, 6336:6912] (2880, 576, 576)
Recorded block-done for sampleAPadded20160501Copy1_pred_affs/2379 with read ROI [1680:6960, 6088:7160, 6088:7160] (5280, 1072, 1072) and write ROI [2880:5760, 6336:6912, 6336:6912] (2880, 576, 576)
Recording block-done for sampleAPadded20160501Copy1_pred_affs/3004 with read ROI [1680:6960, 6088:7160, 7240:8312] (5280, 1072, 1072) and write ROI [2880:5760, 6336:6912, 7488:8064] (2880, 576, 576)
Recorded block-done for sampleAPadded20160501Copy1_pred_affs/3004 with read ROI [1680:6960, 6088:7160, 7240:8312] (5280, 1072, 1072) and write ROI [2880:5760, 6336:6912, 7488:8064] (2880, 576, 576)
Recording block-done for sampleAPadded20160501Copy1_pred_affs/3355 with read ROI [1680:6960, 6088:7160, 7816:8888] (5280, 1072, 1072) and write ROI [2880:5760, 6336:6912, 8064:8640] (2880, 576, 576)
Recorded block-done for sampleAPadded20160501Copy1_pred_affs/3355 with read ROI [1680:6960, 6088:7160, 7816:8888] (5280, 1072, 1072) and write ROI [2880:5760, 6336:6912, 8064:8640] (2880, 576, 576)
Recording block-done for sampleAPadded20160501Copy1_pred_affs/4574 with read ROI [1680:6960, 6088:7160, 9544:10616] (5280, 1072, 1072) and write ROI [2880:5760, 6336:6912, 9792:10368] (2880, 576, 576)
Recorded block-done for sampleAPadded20160501Copy1_pred_affs/4574 with read ROI [1680:6960, 6088:7160, 9544:10616] (5280, 1072, 1072) and write ROI [2880:5760, 6336:6912, 9792:10368] (2880, 576, 576)
Recording block-done for sampleAPadded20160501Copy1_pred_affs/5039 with read ROI [1680:6960, 6088:7160, 10120:11192] (5280, 1072, 1072) and write ROI [2880:5760, 6336:6912, 10368:10944] (2880, 576, 576)
Recorded block-done for sampleAPadded20160501Copy1_pred_affs/5039 with read ROI [1680:6960, 6088:7160, 10120:11192] (5280, 1072, 1072) and write ROI [2880:5760, 6336:6912, 10368:10944] (2880, 576, 576)
Recording block-done for sampleAPadded20160501Copy1_pred_affs/772 with read ROI [1680:6960, 6664:7736, 904:1976] (5280, 1072, 1072) and write ROI [2880:5760, 6912:7488, 1152:1728] (2880, 576, 576)
Recorded block-done for sampleAPadded20160501Copy1_pred_affs/772 with read ROI [1680:6960, 6664:7736, 904:1976] (5280, 1072, 1072) and write ROI [2880:5760, 6912:7488, 1152:1728] (2880, 576, 576)
Recording block-done for sampleAPadded20160501Copy1_pred_affs/908 with read ROI [1680:6960, 6664:7736, 1480:2552] (5280, 1072, 1072) and write ROI [2880:5760, 6912:7488, 1728:2304] (2880, 576, 576)
Recorded block-done for sampleAPadded20160501Copy1_pred_affs/908 with read ROI [1680:6960, 6664:7736, 1480:2552] (5280, 1072, 1072) and write ROI [2880:5760, 6912:7488, 1728:2304] (2880, 576, 576)
Recording block-done for sampleAPadded20160501Copy1_pred_affs/1422 with read ROI [1680:6960, 6664:7736, 3208:4280] (5280, 1072, 1072) and write ROI [2880:5760, 6912:7488, 3456:4032] (2880, 576, 576)
Recorded block-done for sampleAPadded20160501Copy1_pred_affs/1422 with read ROI [1680:6960, 6664:7736, 3208:4280] (5280, 1072, 1072) and write ROI [2880:5760, 6912:7488, 3456:4032] (2880, 576, 576)
Recording block-done for sampleAPadded20160501Copy1_pred_affs/1863 with read ROI [1680:6960, 6664:7736, 4360:5432] (5280, 1072, 1072) and write ROI [2880:5760, 6912:7488, 4608:5184] (2880, 576, 576)
Recorded block-done for sampleAPadded20160501Copy1_pred_affs/1863 with read ROI [1680:6960, 6664:7736, 4360:5432] (5280, 1072, 1072) and write ROI [2880:5760, 6912:7488, 4608:5184] (2880, 576, 576)
Recording block-done for sampleAPadded20160501Copy1_pred_affs/2392 with read ROI [1680:6960, 6664:7736, 5512:6584] (5280, 1072, 1072) and write ROI [2880:5760, 6912:7488, 5760:6336] (2880, 576, 576)
Recorded block-done for sampleAPadded20160501Copy1_pred_affs/2392 with read ROI [1680:6960, 6664:7736, 5512:6584] (5280, 1072, 1072) and write ROI [2880:5760, 6912:7488, 5760:6336] (2880, 576, 576)
Recording block-done for sampleAPadded20160501Copy1_pred_affs/3017 with read ROI [1680:6960, 6664:7736, 6664:7736] (5280, 1072, 1072) and write ROI [2880:5760, 6912:7488, 6912:7488] (2880, 576, 576)
Recorded block-done for sampleAPadded20160501Copy1_pred_affs/3017 with read ROI [1680:6960, 6664:7736, 6664:7736] (5280, 1072, 1072) and write ROI [2880:5760, 6912:7488, 6912:7488] (2880, 576, 576)
Recording block-done for sampleAPadded20160501Copy1_pred_affs/3746 with read ROI [1680:6960, 6664:7736, 7816:8888] (5280, 1072, 1072) and write ROI [2880:5760, 6912:7488, 8064:8640] (2880, 576, 576)
Recorded block-done for sampleAPadded20160501Copy1_pred_affs/3746 with read ROI [1680:6960, 6664:7736, 7816:8888] (5280, 1072, 1072) and write ROI [2880:5760, 6912:7488, 8064:8640] (2880, 576, 576)
Recording block-done for sampleAPadded20160501Copy1_pred_affs/4587 with read ROI [1680:6960, 6664:7736, 8968:10040] (5280, 1072, 1072) and write ROI [2880:5760, 6912:7488, 9216:9792] (2880, 576, 576)
Recorded block-done for sampleAPadded20160501Copy1_pred_affs/4587 with read ROI [1680:6960, 6664:7736, 8968:10040] (5280, 1072, 1072) and write ROI [2880:5760, 6912:7488, 9216:9792] (2880, 576, 576)
Recording block-done for sampleAPadded20160501Copy1_pred_affs/5548 with read ROI [1680:6960, 6664:7736, 10120:11192] (5280, 1072, 1072) and write ROI [2880:5760, 6912:7488, 10368:10944] (2880, 576, 576)
Recorded block-done for sampleAPadded20160501Copy1_pred_affs/5548 with read ROI [1680:6960, 6664:7736, 10120:11192] (5280, 1072, 1072) and write ROI [2880:5760, 6912:7488, 10368:10944] (2880, 576, 576)
Recording block-done for sampleAPadded20160501Copy1_pred_affs/786 with read ROI [1680:6960, 7240:8312, 328:1400] (5280, 1072, 1072) and write ROI [2880:5760, 7488:8064, 576:1152] (2880, 576, 576)
Recorded block-done for sampleAPadded20160501Copy1_pred_affs/786 with read ROI [1680:6960, 7240:8312, 328:1400] (5280, 1072, 1072) and write ROI [2880:5760, 7488:8064, 576:1152] (2880, 576, 576)
Recording block-done for sampleAPadded20160501Copy1_pred_affs/1075 with read ROI [1680:6960, 7240:8312, 1480:2552] (5280, 1072, 1072) and write ROI [2880:5760, 7488:8064, 1728:2304] (2880, 576, 576)
Recorded block-done for sampleAPadded20160501Copy1_pred_affs/1075 with read ROI [1680:6960, 7240:8312, 1480:2552] (5280, 1072, 1072) and write ROI [2880:5760, 7488:8064, 1728:2304] (2880, 576, 576)
Recording block-done for sampleAPadded20160501Copy1_pred_affs/1436 with read ROI [1680:6960, 7240:8312, 2632:3704] (5280, 1072, 1072) and write ROI [2880:5760, 7488:8064, 2880:3456] (2880, 576, 576)
Recorded block-done for sampleAPadded20160501Copy1_pred_affs/1436 with read ROI [1680:6960, 7240:8312, 2632:3704] (5280, 1072, 1072) and write ROI [2880:5760, 7488:8064, 2880:3456] (2880, 576, 576)
Recording block-done for sampleAPadded20160501Copy1_pred_affs/1877 with read ROI [1680:6960, 7240:8312, 3784:4856] (5280, 1072, 1072) and write ROI [2880:5760, 7488:8064, 4032:4608] (2880, 576, 576)
Recorded block-done for sampleAPadded20160501Copy1_pred_affs/1877 with read ROI [1680:6960, 7240:8312, 3784:4856] (5280, 1072, 1072) and write ROI [2880:5760, 7488:8064, 4032:4608] (2880, 576, 576)
Recording block-done for sampleAPadded20160501Copy1_pred_affs/2406 with read ROI [1680:6960, 7240:8312, 4936:6008] (5280, 1072, 1072) and write ROI [2880:5760, 7488:8064, 5184:5760] (2880, 576, 576)
Recorded block-done for sampleAPadded20160501Copy1_pred_affs/2406 with read ROI [1680:6960, 7240:8312, 4936:6008] (5280, 1072, 1072) and write ROI [2880:5760, 7488:8064, 5184:5760] (2880, 576, 576)
Recording block-done for sampleAPadded20160501Copy1_pred_affs/3031 with read ROI [1680:6960, 7240:8312, 6088:7160] (5280, 1072, 1072) and write ROI [2880:5760, 7488:8064, 6336:6912] (2880, 576, 576)
Recorded block-done for sampleAPadded20160501Copy1_pred_affs/3031 with read ROI [1680:6960, 7240:8312, 6088:7160] (5280, 1072, 1072) and write ROI [2880:5760, 7488:8064, 6336:6912] (2880, 576, 576)
Recording block-done for sampleAPadded20160501Copy1_pred_affs/3382 with read ROI [1680:6960, 7240:8312, 6664:7736] (5280, 1072, 1072) and write ROI [2880:5760, 7488:8064, 6912:7488] (2880, 576, 576)
Recorded block-done for sampleAPadded20160501Copy1_pred_affs/3382 with read ROI [1680:6960, 7240:8312, 6664:7736] (5280, 1072, 1072) and write ROI [2880:5760, 7488:8064, 6912:7488] (2880, 576, 576)
Recording block-done for sampleAPadded20160501Copy1_pred_affs/4166 with read ROI [1680:6960, 7240:8312, 7816:8888] (5280, 1072, 1072) and write ROI [2880:5760, 7488:8064, 8064:8640] (2880, 576, 576)
Recorded block-done for sampleAPadded20160501Copy1_pred_affs/4166 with read ROI [1680:6960, 7240:8312, 7816:8888] (5280, 1072, 1072) and write ROI [2880:5760, 7488:8064, 8064:8640] (2880, 576, 576)
Recording block-done for sampleAPadded20160501Copy1_pred_affs/5562 with read ROI [1680:6960, 7240:8312, 9544:10616] (5280, 1072, 1072) and write ROI [2880:5760, 7488:8064, 9792:10368] (2880, 576, 576)
Recorded block-done for sampleAPadded20160501Copy1_pred_affs/5562 with read ROI [1680:6960, 7240:8312, 9544:10616] (5280, 1072, 1072) and write ROI [2880:5760, 7488:8064, 9792:10368] (2880, 576, 576)
Recording block-done for sampleAPadded20160501Copy1_pred_affs/6090 with read ROI [1680:6960, 7240:8312, 10120:11192] (5280, 1072, 1072) and write ROI [2880:5760, 7488:8064, 10368:10944] (2880, 576, 576)
Recorded block-done for sampleAPadded20160501Copy1_pred_affs/6090 with read ROI [1680:6960, 7240:8312, 10120:11192] (5280, 1072, 1072) and write ROI [2880:5760, 7488:8064, 10368:10944] (2880, 576, 576)
Recording block-done for sampleAPadded20160501Copy1_pred_affs/1090 with read ROI [1680:6960, 7816:8888, 904:1976] (5280, 1072, 1072) and write ROI [2880:5760, 8064:8640, 1152:1728] (2880, 576, 576)
Recorded block-done for sampleAPadded20160501Copy1_pred_affs/1090 with read ROI [1680:6960, 7816:8888, 904:1976] (5280, 1072, 1072) and write ROI [2880:5760, 8064:8640, 1152:1728] (2880, 576, 576)
Recording block-done for sampleAPadded20160501Copy1_pred_affs/1261 with read ROI [1680:6960, 7816:8888, 1480:2552] (5280, 1072, 1072) and write ROI [2880:5760, 8064:8640, 1728:2304] (2880, 576, 576)
Recorded block-done for sampleAPadded20160501Copy1_pred_affs/1261 with read ROI [1680:6960, 7816:8888, 1480:2552] (5280, 1072, 1072) and write ROI [2880:5760, 8064:8640, 1728:2304] (2880, 576, 576)
Recording block-done for sampleAPadded20160501Copy1_pred_affs/1892 with read ROI [1680:6960, 7816:8888, 3208:4280] (5280, 1072, 1072) and write ROI [2880:5760, 8064:8640, 3456:4032] (2880, 576, 576)
Recorded block-done for sampleAPadded20160501Copy1_pred_affs/1892 with read ROI [1680:6960, 7816:8888, 3208:4280] (5280, 1072, 1072) and write ROI [2880:5760, 8064:8640, 3456:4032] (2880, 576, 576)
Recording block-done for sampleAPadded20160501Copy1_pred_affs/2145 with read ROI [1680:6960, 7816:8888, 3784:4856] (5280, 1072, 1072) and write ROI [2880:5760, 8064:8640, 4032:4608] (2880, 576, 576)
Recorded block-done for sampleAPadded20160501Copy1_pred_affs/2145 with read ROI [1680:6960, 7816:8888, 3784:4856] (5280, 1072, 1072) and write ROI [2880:5760, 8064:8640, 4032:4608] (2880, 576, 576)
Recording block-done for sampleAPadded20160501Copy1_pred_affs/3046 with read ROI [1680:6960, 7816:8888, 5512:6584] (5280, 1072, 1072) and write ROI [2880:5760, 8064:8640, 5760:6336] (2880, 576, 576)
Recorded block-done for sampleAPadded20160501Copy1_pred_affs/3046 with read ROI [1680:6960, 7816:8888, 5512:6584] (5280, 1072, 1072) and write ROI [2880:5760, 8064:8640, 5760:6336] (2880, 576, 576)
Recording block-done for sampleAPadded20160501Copy1_pred_affs/3397 with read ROI [1680:6960, 7816:8888, 6088:7160] (5280, 1072, 1072) and write ROI [2880:5760, 8064:8640, 6336:6912] (2880, 576, 576)
Recorded block-done for sampleAPadded20160501Copy1_pred_affs/3397 with read ROI [1680:6960, 7816:8888, 6088:7160] (5280, 1072, 1072) and write ROI [2880:5760, 8064:8640, 6336:6912] (2880, 576, 576)
Recording block-done for sampleAPadded20160501Copy1_pred_affs/4616 with read ROI [1680:6960, 7816:8888, 7816:8888] (5280, 1072, 1072) and write ROI [2880:5760, 8064:8640, 8064:8640] (2880, 576, 576)
Recorded block-done for sampleAPadded20160501Copy1_pred_affs/4616 with read ROI [1680:6960, 7816:8888, 7816:8888] (5280, 1072, 1072) and write ROI [2880:5760, 8064:8640, 8064:8640] (2880, 576, 576)
Recording block-done for sampleAPadded20160501Copy1_pred_affs/5081 with read ROI [1680:6960, 7816:8888, 8392:9464] (5280, 1072, 1072) and write ROI [2880:5760, 8064:8640, 8640:9216] (2880, 576, 576)
Recorded block-done for sampleAPadded20160501Copy1_pred_affs/5081 with read ROI [1680:6960, 7816:8888, 8392:9464] (5280, 1072, 1072) and write ROI [2880:5760, 8064:8640, 8640:9216] (2880, 576, 576)
Recording block-done for sampleAPadded20160501Copy1_pred_affs/6666 with read ROI [1680:6960, 7816:8888, 10120:11192] (5280, 1072, 1072) and write ROI [2880:5760, 8064:8640, 10368:10944] (2880, 576, 576)
Recorded block-done for sampleAPadded20160501Copy1_pred_affs/6666 with read ROI [1680:6960, 7816:8888, 10120:11192] (5280, 1072, 1072) and write ROI [2880:5760, 8064:8640, 10368:10944] (2880, 576, 576)
Recording block-done for sampleAPadded20160501Copy1_pred_affs/7261 with read ROI [1680:6960, 7816:8888, 10696:11768] (5280, 1072, 1072) and write ROI [2880:5760, 8064:8640, 10944:11520] (2880, 576, 576)
Recorded block-done for sampleAPadded20160501Copy1_pred_affs/7261 with read ROI [1680:6960, 7816:8888, 10696:11768] (5280, 1072, 1072) and write ROI [2880:5760, 8064:8640, 10944:11520] (2880, 576, 576)
Recording block-done for sampleAPadded20160501Copy1_pred_affs/1277 with read ROI [1680:6960, 8392:9464, 904:1976] (5280, 1072, 1072) and write ROI [2880:5760, 8640:9216, 1152:1728] (2880, 576, 576)
Recorded block-done for sampleAPadded20160501Copy1_pred_affs/1277 with read ROI [1680:6960, 8392:9464, 904:1976] (5280, 1072, 1072) and write ROI [2880:5760, 8640:9216, 1152:1728] (2880, 576, 576)
Recording block-done for sampleAPadded20160501Copy1_pred_affs/1677 with read ROI [1680:6960, 8392:9464, 2056:3128] (5280, 1072, 1072) and write ROI [2880:5760, 8640:9216, 2304:2880] (2880, 576, 576)
Recorded block-done for sampleAPadded20160501Copy1_pred_affs/1677 with read ROI [1680:6960, 8392:9464, 2056:3128] (5280, 1072, 1072) and write ROI [2880:5760, 8640:9216, 2304:2880] (2880, 576, 576)
Recording block-done for sampleAPadded20160501Copy1_pred_affs/2437 with read ROI [1680:6960, 8392:9464, 3784:4856] (5280, 1072, 1072) and write ROI [2880:5760, 8640:9216, 4032:4608] (2880, 576, 576)
Recorded block-done for sampleAPadded20160501Copy1_pred_affs/2437 with read ROI [1680:6960, 8392:9464, 3784:4856] (5280, 1072, 1072) and write ROI [2880:5760, 8640:9216, 4032:4608] (2880, 576, 576)
Recording block-done for sampleAPadded20160501Copy1_pred_affs/2737 with read ROI [1680:6960, 8392:9464, 4360:5432] (5280, 1072, 1072) and write ROI [2880:5760, 8640:9216, 4608:5184] (2880, 576, 576)
Recorded block-done for sampleAPadded20160501Copy1_pred_affs/2737 with read ROI [1680:6960, 8392:9464, 4360:5432] (5280, 1072, 1072) and write ROI [2880:5760, 8640:9216, 4608:5184] (2880, 576, 576)
Recording block-done for sampleAPadded20160501Copy1_pred_affs/3791 with read ROI [1680:6960, 8392:9464, 6088:7160] (5280, 1072, 1072) and write ROI [2880:5760, 8640:9216, 6336:6912] (2880, 576, 576)
Recorded block-done for sampleAPadded20160501Copy1_pred_affs/3791 with read ROI [1680:6960, 8392:9464, 6088:7160] (5280, 1072, 1072) and write ROI [2880:5760, 8640:9216, 6336:6912] (2880, 576, 576)
Recording block-done for sampleAPadded20160501Copy1_pred_affs/4197 with read ROI [1680:6960, 8392:9464, 6664:7736] (5280, 1072, 1072) and write ROI [2880:5760, 8640:9216, 6912:7488] (2880, 576, 576)
Recorded block-done for sampleAPadded20160501Copy1_pred_affs/4197 with read ROI [1680:6960, 8392:9464, 6664:7736] (5280, 1072, 1072) and write ROI [2880:5760, 8640:9216, 6912:7488] (2880, 576, 576)
Recording block-done for sampleAPadded20160501Copy1_pred_affs/5593 with read ROI [1680:6960, 8392:9464, 8392:9464] (5280, 1072, 1072) and write ROI [2880:5760, 8640:9216, 8640:9216] (2880, 576, 576)
Recorded block-done for sampleAPadded20160501Copy1_pred_affs/5593 with read ROI [1680:6960, 8392:9464, 8392:9464] (5280, 1072, 1072) and write ROI [2880:5760, 8640:9216, 8640:9216] (2880, 576, 576)
Recording block-done for sampleAPadded20160501Copy1_pred_affs/6121 with read ROI [1680:6960, 8392:9464, 8968:10040] (5280, 1072, 1072) and write ROI [2880:5760, 8640:9216, 9216:9792] (2880, 576, 576)
Recorded block-done for sampleAPadded20160501Copy1_pred_affs/6121 with read ROI [1680:6960, 8392:9464, 8968:10040] (5280, 1072, 1072) and write ROI [2880:5760, 8640:9216, 9216:9792] (2880, 576, 576)
Recording block-done for sampleAPadded20160501Copy1_pred_affs/7907 with read ROI [1680:6960, 8392:9464, 10696:11768] (5280, 1072, 1072) and write ROI [2880:5760, 8640:9216, 10944:11520] (2880, 576, 576)
Recorded block-done for sampleAPadded20160501Copy1_pred_affs/7907 with read ROI [1680:6960, 8392:9464, 10696:11768] (5280, 1072, 1072) and write ROI [2880:5760, 8640:9216, 10944:11520] (2880, 576, 576)
Recording block-done for sampleAPadded20160501Copy1_pred_affs/1294 with read ROI [1680:6960, 8968:10040, 328:1400] (5280, 1072, 1072) and write ROI [2880:5760, 9216:9792, 576:1152] (2880, 576, 576)
Recorded block-done for sampleAPadded20160501Copy1_pred_affs/1294 with read ROI [1680:6960, 8968:10040, 328:1400] (5280, 1072, 1072) and write ROI [2880:5760, 9216:9792, 576:1152] (2880, 576, 576)
Recording block-done for sampleAPadded20160501Copy1_pred_affs/1925 with read ROI [1680:6960, 8968:10040, 2056:3128] (5280, 1072, 1072) and write ROI [2880:5760, 9216:9792, 2304:2880] (2880, 576, 576)
Recorded block-done for sampleAPadded20160501Copy1_pred_affs/1925 with read ROI [1680:6960, 8968:10040, 2056:3128] (5280, 1072, 1072) and write ROI [2880:5760, 9216:9792, 2304:2880] (2880, 576, 576)
Recording block-done for sampleAPadded20160501Copy1_pred_affs/2178 with read ROI [1680:6960, 8968:10040, 2632:3704] (5280, 1072, 1072) and write ROI [2880:5760, 9216:9792, 2880:3456] (2880, 576, 576)
Recorded block-done for sampleAPadded20160501Copy1_pred_affs/2178 with read ROI [1680:6960, 8968:10040, 2632:3704] (5280, 1072, 1072) and write ROI [2880:5760, 9216:9792, 2880:3456] (2880, 576, 576)
Recording block-done for sampleAPadded20160501Copy1_pred_affs/3430 with read ROI [1680:6960, 8968:10040, 4936:6008] (5280, 1072, 1072) and write ROI [2880:5760, 9216:9792, 5184:5760] (2880, 576, 576)
Recorded block-done for sampleAPadded20160501Copy1_pred_affs/3430 with read ROI [1680:6960, 8968:10040, 4936:6008] (5280, 1072, 1072) and write ROI [2880:5760, 9216:9792, 5184:5760] (2880, 576, 576)
Recording block-done for sampleAPadded20160501Copy1_pred_affs/3079 with read ROI [1680:6960, 8968:10040, 4360:5432] (5280, 1072, 1072) and write ROI [2880:5760, 9216:9792, 4608:5184] (2880, 576, 576)
Recorded block-done for sampleAPadded20160501Copy1_pred_affs/3079 with read ROI [1680:6960, 8968:10040, 4360:5432] (5280, 1072, 1072) and write ROI [2880:5760, 9216:9792, 4608:5184] (2880, 576, 576)
Recording block-done for sampleAPadded20160501Copy1_pred_affs/4649 with read ROI [1680:6960, 8968:10040, 6664:7736] (5280, 1072, 1072) and write ROI [2880:5760, 9216:9792, 6912:7488] (2880, 576, 576)
Recorded block-done for sampleAPadded20160501Copy1_pred_affs/4649 with read ROI [1680:6960, 8968:10040, 6664:7736] (5280, 1072, 1072) and write ROI [2880:5760, 9216:9792, 6912:7488] (2880, 576, 576)
Recording block-done for sampleAPadded20160501Copy1_pred_affs/5114 with read ROI [1680:6960, 8968:10040, 7240:8312] (5280, 1072, 1072) and write ROI [2880:5760, 9216:9792, 7488:8064] (2880, 576, 576)
Recorded block-done for sampleAPadded20160501Copy1_pred_affs/5114 with read ROI [1680:6960, 8968:10040, 7240:8312] (5280, 1072, 1072) and write ROI [2880:5760, 9216:9792, 7488:8064] (2880, 576, 576)
Recording block-done for sampleAPadded20160501Copy1_pred_affs/7294 with read ROI [1680:6960, 8968:10040, 9544:10616] (5280, 1072, 1072) and write ROI [2880:5760, 9216:9792, 9792:10368] (2880, 576, 576)
Recorded block-done for sampleAPadded20160501Copy1_pred_affs/7294 with read ROI [1680:6960, 8968:10040, 9544:10616] (5280, 1072, 1072) and write ROI [2880:5760, 9216:9792, 9792:10368] (2880, 576, 576)
Recording block-done for sampleAPadded20160501Copy1_pred_affs/7924 with read ROI [1680:6960, 8968:10040, 10120:11192] (5280, 1072, 1072) and write ROI [2880:5760, 9216:9792, 10368:10944] (2880, 576, 576)
Recorded block-done for sampleAPadded20160501Copy1_pred_affs/7924 with read ROI [1680:6960, 8968:10040, 10120:11192] (5280, 1072, 1072) and write ROI [2880:5760, 9216:9792, 10368:10944] (2880, 576, 576)
Recording block-done for sampleAPadded20160501Copy1_pred_affs/1502 with read ROI [1680:6960, 9544:10616, 328:1400] (5280, 1072, 1072) and write ROI [2880:5760, 9792:10368, 576:1152] (2880, 576, 576)
Recorded block-done for sampleAPadded20160501Copy1_pred_affs/1502 with read ROI [1680:6960, 9544:10616, 328:1400] (5280, 1072, 1072) and write ROI [2880:5760, 9792:10368, 576:1152] (2880, 576, 576)
Recording block-done for sampleAPadded20160501Copy1_pred_affs/1712 with read ROI [1680:6960, 9544:10616, 904:1976] (5280, 1072, 1072) and write ROI [2880:5760, 9792:10368, 1152:1728] (2880, 576, 576)
Recorded block-done for sampleAPadded20160501Copy1_pred_affs/1712 with read ROI [1680:6960, 9544:10616, 904:1976] (5280, 1072, 1072) and write ROI [2880:5760, 9792:10368, 1152:1728] (2880, 576, 576)
Recording block-done for sampleAPadded20160501Copy1_pred_affs/2472 with read ROI [1680:6960, 9544:10616, 2632:3704] (5280, 1072, 1072) and write ROI [2880:5760, 9792:10368, 2880:3456] (2880, 576, 576)
Recorded block-done for sampleAPadded20160501Copy1_pred_affs/2472 with read ROI [1680:6960, 9544:10616, 2632:3704] (5280, 1072, 1072) and write ROI [2880:5760, 9792:10368, 2880:3456] (2880, 576, 576)
Recording block-done for sampleAPadded20160501Copy1_pred_affs/3097 with read ROI [1680:6960, 9544:10616, 3784:4856] (5280, 1072, 1072) and write ROI [2880:5760, 9792:10368, 4032:4608] (2880, 576, 576)
Recorded block-done for sampleAPadded20160501Copy1_pred_affs/3097 with read ROI [1680:6960, 9544:10616, 3784:4856] (5280, 1072, 1072) and write ROI [2880:5760, 9792:10368, 4032:4608] (2880, 576, 576)
Recording block-done for sampleAPadded20160501Copy1_pred_affs/3826 with read ROI [1680:6960, 9544:10616, 4936:6008] (5280, 1072, 1072) and write ROI [2880:5760, 9792:10368, 5184:5760] (2880, 576, 576)
Recorded block-done for sampleAPadded20160501Copy1_pred_affs/3826 with read ROI [1680:6960, 9544:10616, 4936:6008] (5280, 1072, 1072) and write ROI [2880:5760, 9792:10368, 5184:5760] (2880, 576, 576)
Recording block-done for sampleAPadded20160501Copy1_pred_affs/5132 with read ROI [1680:6960, 9544:10616, 6664:7736] (5280, 1072, 1072) and write ROI [2880:5760, 9792:10368, 6912:7488] (2880, 576, 576)
Recorded block-done for sampleAPadded20160501Copy1_pred_affs/5132 with read ROI [1680:6960, 9544:10616, 6664:7736] (5280, 1072, 1072) and write ROI [2880:5760, 9792:10368, 6912:7488] (2880, 576, 576)
Recording block-done for sampleAPadded20160501Copy1_pred_affs/5628 with read ROI [1680:6960, 9544:10616, 7240:8312] (5280, 1072, 1072) and write ROI [2880:5760, 9792:10368, 7488:8064] (2880, 576, 576)
Recorded block-done for sampleAPadded20160501Copy1_pred_affs/5628 with read ROI [1680:6960, 9544:10616, 7240:8312] (5280, 1072, 1072) and write ROI [2880:5760, 9792:10368, 7488:8064] (2880, 576, 576)
Recording block-done for sampleAPadded20160501Copy1_pred_affs/7312 with read ROI [1680:6960, 9544:10616, 8968:10040] (5280, 1072, 1072) and write ROI [2880:5760, 9792:10368, 9216:9792] (2880, 576, 576)
Recorded block-done for sampleAPadded20160501Copy1_pred_affs/7312 with read ROI [1680:6960, 9544:10616, 8968:10040] (5280, 1072, 1072) and write ROI [2880:5760, 9792:10368, 9216:9792] (2880, 576, 576)
Recording block-done for sampleAPadded20160501Copy1_pred_affs/7942 with read ROI [1680:6960, 9544:10616, 9544:10616] (5280, 1072, 1072) and write ROI [2880:5760, 9792:10368, 9792:10368] (2880, 576, 576)
Recorded block-done for sampleAPadded20160501Copy1_pred_affs/7942 with read ROI [1680:6960, 9544:10616, 9544:10616] (5280, 1072, 1072) and write ROI [2880:5760, 9792:10368, 9792:10368] (2880, 576, 576)
Recording block-done for sampleAPadded20160501Copy1_pred_affs/1731 with read ROI [1680:6960, 10120:11192, 328:1400] (5280, 1072, 1072) and write ROI [2880:5760, 10368:10944, 576:1152] (2880, 576, 576)
Recorded block-done for sampleAPadded20160501Copy1_pred_affs/1731 with read ROI [1680:6960, 10120:11192, 328:1400] (5280, 1072, 1072) and write ROI [2880:5760, 10368:10944, 576:1152] (2880, 576, 576)
Recording block-done for sampleAPadded20160501Copy1_pred_affs/2215 with read ROI [1680:6960, 10120:11192, 1480:2552] (5280, 1072, 1072) and write ROI [2880:5760, 10368:10944, 1728:2304] (2880, 576, 576)
Recorded block-done for sampleAPadded20160501Copy1_pred_affs/2215 with read ROI [1680:6960, 10120:11192, 1480:2552] (5280, 1072, 1072) and write ROI [2880:5760, 10368:10944, 1728:2304] (2880, 576, 576)
Recording block-done for sampleAPadded20160501Copy1_pred_affs/2791 with read ROI [1680:6960, 10120:11192, 2632:3704] (5280, 1072, 1072) and write ROI [2880:5760, 10368:10944, 2880:3456] (2880, 576, 576)
Recorded block-done for sampleAPadded20160501Copy1_pred_affs/2791 with read ROI [1680:6960, 10120:11192, 2632:3704] (5280, 1072, 1072) and write ROI [2880:5760, 10368:10944, 2880:3456] (2880, 576, 576)
Recording block-done for sampleAPadded20160501Copy1_pred_affs/3116 with read ROI [1680:6960, 10120:11192, 3208:4280] (5280, 1072, 1072) and write ROI [2880:5760, 10368:10944, 3456:4032] (2880, 576, 576)
Recorded block-done for sampleAPadded20160501Copy1_pred_affs/3116 with read ROI [1680:6960, 10120:11192, 3208:4280] (5280, 1072, 1072) and write ROI [2880:5760, 10368:10944, 3456:4032] (2880, 576, 576)
Recording block-done for sampleAPadded20160501Copy1_pred_affs/4251 with read ROI [1680:6960, 10120:11192, 4936:6008] (5280, 1072, 1072) and write ROI [2880:5760, 10368:10944, 5184:5760] (2880, 576, 576)
Recorded block-done for sampleAPadded20160501Copy1_pred_affs/4251 with read ROI [1680:6960, 10120:11192, 4936:6008] (5280, 1072, 1072) and write ROI [2880:5760, 10368:10944, 5184:5760] (2880, 576, 576)
Recording block-done for sampleAPadded20160501Copy1_pred_affs/4686 with read ROI [1680:6960, 10120:11192, 5512:6584] (5280, 1072, 1072) and write ROI [2880:5760, 10368:10944, 5760:6336] (2880, 576, 576)
Recorded block-done for sampleAPadded20160501Copy1_pred_affs/4686 with read ROI [1680:6960, 10120:11192, 5512:6584] (5280, 1072, 1072) and write ROI [2880:5760, 10368:10944, 5760:6336] (2880, 576, 576)
Recording block-done for sampleAPadded20160501Copy1_pred_affs/5647 with read ROI [1680:6960, 10120:11192, 6664:7736] (5280, 1072, 1072) and write ROI [2880:5760, 10368:10944, 6912:7488] (2880, 576, 576)
Recorded block-done for sampleAPadded20160501Copy1_pred_affs/5647 with read ROI [1680:6960, 10120:11192, 6664:7736] (5280, 1072, 1072) and write ROI [2880:5760, 10368:10944, 6912:7488] (2880, 576, 576)
Recording block-done for sampleAPadded20160501Copy1_pred_affs/7331 with read ROI [1680:6960, 10120:11192, 8392:9464] (5280, 1072, 1072) and write ROI [2880:5760, 10368:10944, 8640:9216] (2880, 576, 576)
Recorded block-done for sampleAPadded20160501Copy1_pred_affs/7331 with read ROI [1680:6960, 10120:11192, 8392:9464] (5280, 1072, 1072) and write ROI [2880:5760, 10368:10944, 8640:9216] (2880, 576, 576)
Recording block-done for sampleAPadded20160501Copy1_pred_affs/7961 with read ROI [1680:6960, 10120:11192, 8968:10040] (5280, 1072, 1072) and write ROI [2880:5760, 10368:10944, 9216:9792] (2880, 576, 576)
Recorded block-done for sampleAPadded20160501Copy1_pred_affs/7961 with read ROI [1680:6960, 10120:11192, 8968:10040] (5280, 1072, 1072) and write ROI [2880:5760, 10368:10944, 9216:9792] (2880, 576, 576)
Recording block-done for sampleAPadded20160501Copy1_pred_affs/10071 with read ROI [1680:6960, 10120:11192, 10696:11768] (5280, 1072, 1072) and write ROI [2880:5760, 10368:10944, 10944:11520] (2880, 576, 576)
Recorded block-done for sampleAPadded20160501Copy1_pred_affs/10071 with read ROI [1680:6960, 10120:11192, 10696:11768] (5280, 1072, 1072) and write ROI [2880:5760, 10368:10944, 10944:11520] (2880, 576, 576)
Recording block-done for sampleAPadded20160501Copy1_pred_affs/1982 with read ROI [1680:6960, 10696:11768, 328:1400] (5280, 1072, 1072) and write ROI [2880:5760, 10944:11520, 576:1152] (2880, 576, 576)
Recorded block-done for sampleAPadded20160501Copy1_pred_affs/1982 with read ROI [1680:6960, 10696:11768, 328:1400] (5280, 1072, 1072) and write ROI [2880:5760, 10944:11520, 576:1152] (2880, 576, 576)
Recording block-done for sampleAPadded20160501Copy1_pred_affs/2511 with read ROI [1680:6960, 10696:11768, 1480:2552] (5280, 1072, 1072) and write ROI [2880:5760, 10944:11520, 1728:2304] (2880, 576, 576)
Recorded block-done for sampleAPadded20160501Copy1_pred_affs/2511 with read ROI [1680:6960, 10696:11768, 1480:2552] (5280, 1072, 1072) and write ROI [2880:5760, 10944:11520, 1728:2304] (2880, 576, 576)
Recording block-done for sampleAPadded20160501Copy1_pred_affs/3136 with read ROI [1680:6960, 10696:11768, 2632:3704] (5280, 1072, 1072) and write ROI [2880:5760, 10944:11520, 2880:3456] (2880, 576, 576)
Recorded block-done for sampleAPadded20160501Copy1_pred_affs/3136 with read ROI [1680:6960, 10696:11768, 2632:3704] (5280, 1072, 1072) and write ROI [2880:5760, 10944:11520, 2880:3456] (2880, 576, 576)
Recording block-done for sampleAPadded20160501Copy1_pred_affs/4271 with read ROI [1680:6960, 10696:11768, 4360:5432] (5280, 1072, 1072) and write ROI [2880:5760, 10944:11520, 4608:5184] (2880, 576, 576)
Recorded block-done for sampleAPadded20160501Copy1_pred_affs/4271 with read ROI [1680:6960, 10696:11768, 4360:5432] (5280, 1072, 1072) and write ROI [2880:5760, 10944:11520, 4608:5184] (2880, 576, 576)
Recording block-done for sampleAPadded20160501Copy1_pred_affs/5171 with read ROI [1680:6960, 10696:11768, 5512:6584] (5280, 1072, 1072) and write ROI [2880:5760, 10944:11520, 5760:6336] (2880, 576, 576)
Recorded block-done for sampleAPadded20160501Copy1_pred_affs/5171 with read ROI [1680:6960, 10696:11768, 5512:6584] (5280, 1072, 1072) and write ROI [2880:5760, 10944:11520, 5760:6336] (2880, 576, 576)
Recording block-done for sampleAPadded20160501Copy1_pred_affs/6195 with read ROI [1680:6960, 10696:11768, 6664:7736] (5280, 1072, 1072) and write ROI [2880:5760, 10944:11520, 6912:7488] (2880, 576, 576)
Recorded block-done for sampleAPadded20160501Copy1_pred_affs/6195 with read ROI [1680:6960, 10696:11768, 6664:7736] (5280, 1072, 1072) and write ROI [2880:5760, 10944:11520, 6912:7488] (2880, 576, 576)
Recording block-done for sampleAPadded20160501Copy1_pred_affs/7351 with read ROI [1680:6960, 10696:11768, 7816:8888] (5280, 1072, 1072) and write ROI [2880:5760, 10944:11520, 8064:8640] (2880, 576, 576)
Recorded block-done for sampleAPadded20160501Copy1_pred_affs/7351 with read ROI [1680:6960, 10696:11768, 7816:8888] (5280, 1072, 1072) and write ROI [2880:5760, 10944:11520, 8064:8640] (2880, 576, 576)
Recording block-done for sampleAPadded20160501Copy1_pred_affs/8647 with read ROI [1680:6960, 10696:11768, 8968:10040] (5280, 1072, 1072) and write ROI [2880:5760, 10944:11520, 9216:9792] (2880, 576, 576)
Recorded block-done for sampleAPadded20160501Copy1_pred_affs/8647 with read ROI [1680:6960, 10696:11768, 8968:10040] (5280, 1072, 1072) and write ROI [2880:5760, 10944:11520, 9216:9792] (2880, 576, 576)
Recording block-done for sampleAPadded20160501Copy1_pred_affs/10091 with read ROI [1680:6960, 10696:11768, 10120:11192] (5280, 1072, 1072) and write ROI [2880:5760, 10944:11520, 10368:10944] (2880, 576, 576)
Recorded block-done for sampleAPadded20160501Copy1_pred_affs/10091 with read ROI [1680:6960, 10696:11768, 10120:11192] (5280, 1072, 1072) and write ROI [2880:5760, 10944:11520, 10368:10944] (2880, 576, 576)
