INFO:root:worker 8 started...
INFO:root:epsilon_agglomerate: 0.25
INFO:root:mask_file: None
INFO:root:mask_dataset: None
INFO:root:filter_fragments: 0.0
INFO:root:cfg.INS_SEGMENT.THRESHOLD 0.5
INFO:root:Running block with config daisy_logs/octoCube180838765Y58786542Z46975319_fragments/config_8.yaml...
wandb: Currently logged in as: sm2667 (iconnect). Use `wandb login --relogin` to force relogin
INFO:root:Reading affs from /media/samia/DATA/mounts/zstore1/lsd_outputs/OCTO_3CUBES_ZYX/MTLSD/3d/clahed_hemi_mito_unproof/model_checkpoint_300000/octo_cube1_8083_8765_y5878_6542_z4697_5319.zarr
INFO:root:Opening RAG DB...
INFO:root:RAG DB opened
INFO:engine.post.parallel_aff_agglomerate:Agglomerating in block [0:2048, 0:2048, 4096:5456] (2048, 2048, 1360) with context of [-128:2176, -128:2176, 3968:5584] (2304, 2304, 1616)
INFO:engine.post.parallel_aff_agglomerate:merged 2842 edges
INFO:engine.post.parallel_aff_agglomerate:Agglomerating in block [0:2048, 2048:4096, 0:2048] (2048, 2048, 2048) with context of [-128:2176, 1920:4224, -128:2176] (2304, 2304, 2304)
INFO:engine.post.parallel_aff_agglomerate:did not merge (15, 82)
INFO:engine.post.parallel_aff_agglomerate:did not merge (133, 165)
INFO:engine.post.parallel_aff_agglomerate:did not merge (133, 182)
INFO:engine.post.parallel_aff_agglomerate:did not merge (133, 286)
INFO:engine.post.parallel_aff_agglomerate:did not merge (133, 287)
INFO:engine.post.parallel_aff_agglomerate:did not merge (133, 303)
INFO:engine.post.parallel_aff_agglomerate:did not merge (238, 279)
INFO:engine.post.parallel_aff_agglomerate:did not merge (238, 288)
INFO:engine.post.parallel_aff_agglomerate:did not merge (238, 289)
INFO:engine.post.parallel_aff_agglomerate:did not merge (238, 290)
INFO:engine.post.parallel_aff_agglomerate:did not merge (238, 294)
INFO:engine.post.parallel_aff_agglomerate:did not merge (238, 295)
INFO:engine.post.parallel_aff_agglomerate:did not merge (238, 296)
INFO:engine.post.parallel_aff_agglomerate:did not merge (238, 300)
INFO:engine.post.parallel_aff_agglomerate:did not merge (238, 301)
INFO:engine.post.parallel_aff_agglomerate:did not merge (238, 302)
INFO:engine.post.parallel_aff_agglomerate:did not merge (238, 307)
INFO:engine.post.parallel_aff_agglomerate:did not merge (238, 395)
INFO:engine.post.parallel_aff_agglomerate:did not merge (238, 413)
INFO:engine.post.parallel_aff_agglomerate:did not merge (238, 454)
INFO:engine.post.parallel_aff_agglomerate:did not merge (238, 493)
INFO:engine.post.parallel_aff_agglomerate:did not merge (238, 553)
INFO:engine.post.parallel_aff_agglomerate:did not merge (421, 535)
INFO:engine.post.parallel_aff_agglomerate:did not merge (421, 553)
INFO:engine.post.parallel_aff_agglomerate:did not merge (517, 535)
INFO:engine.post.parallel_aff_agglomerate:did not merge (659, 778)
INFO:engine.post.parallel_aff_agglomerate:did not merge (654, 671)
INFO:engine.post.parallel_aff_agglomerate:did not merge (805, 16778190)
INFO:engine.post.parallel_aff_agglomerate:did not merge (805, 16778230)
INFO:engine.post.parallel_aff_agglomerate:did not merge (837, 880)
INFO:engine.post.parallel_aff_agglomerate:did not merge (915, 922)
INFO:engine.post.parallel_aff_agglomerate:did not merge (914, 931)
INFO:engine.post.parallel_aff_agglomerate:did not merge (914, 1043)
INFO:engine.post.parallel_aff_agglomerate:did not merge (914, 50331691)
INFO:engine.post.parallel_aff_agglomerate:merged 11587 edges
INFO:engine.post.parallel_aff_agglomerate:Agglomerating in block [0:2048, 4096:5312, 0:2048] (2048, 1216, 2048) with context of [-128:2176, 3968:5440, -128:2176] (2304, 1472, 2304)
INFO:engine.post.parallel_aff_agglomerate:did not merge (33554539, 33554557)
INFO:engine.post.parallel_aff_agglomerate:did not merge (33554539, 33554614)
INFO:engine.post.parallel_aff_agglomerate:did not merge (33554620, 33554860)
INFO:engine.post.parallel_aff_agglomerate:did not merge (33554754, 33554755)
INFO:engine.post.parallel_aff_agglomerate:did not merge (33554754, 33554803)
INFO:engine.post.parallel_aff_agglomerate:did not merge (33554703, 33554755)
INFO:engine.post.parallel_aff_agglomerate:did not merge (33554703, 33554763)
INFO:engine.post.parallel_aff_agglomerate:did not merge (33554703, 33554767)
INFO:engine.post.parallel_aff_agglomerate:did not merge (33554703, 33554803)
INFO:engine.post.parallel_aff_agglomerate:did not merge (33554709, 33554767)
INFO:engine.post.parallel_aff_agglomerate:did not merge (33554854, 33554860)
INFO:engine.post.parallel_aff_agglomerate:did not merge (33554854, 33554869)
INFO:engine.post.parallel_aff_agglomerate:did not merge (33554854, 33554874)
INFO:engine.post.parallel_aff_agglomerate:did not merge (33555011, 33555035)
INFO:engine.post.parallel_aff_agglomerate:did not merge (33555012, 33555079)
INFO:engine.post.parallel_aff_agglomerate:did not merge (33554997, 33555079)
INFO:engine.post.parallel_aff_agglomerate:did not merge (33555075, 33555079)
INFO:engine.post.parallel_aff_agglomerate:did not merge (33555075, 33555254)
INFO:engine.post.parallel_aff_agglomerate:did not merge (33555075, 33555335)
INFO:engine.post.parallel_aff_agglomerate:did not merge (33555080, 33555110)
INFO:engine.post.parallel_aff_agglomerate:did not merge (33555205, 33555254)
INFO:engine.post.parallel_aff_agglomerate:did not merge (33555205, 33555335)
INFO:engine.post.parallel_aff_agglomerate:did not merge (33555192, 33555254)
INFO:engine.post.parallel_aff_agglomerate:did not merge (33555192, 33555335)
INFO:engine.post.parallel_aff_agglomerate:did not merge (33555259, 33555311)
INFO:engine.post.parallel_aff_agglomerate:did not merge (33555381, 33555409)
INFO:engine.post.parallel_aff_agglomerate:did not merge (33555381, 83887438)
INFO:engine.post.parallel_aff_agglomerate:did not merge (33555423, 33555432)
INFO:engine.post.parallel_aff_agglomerate:did not merge (33555423, 33555442)
INFO:engine.post.parallel_aff_agglomerate:did not merge (33555423, 33555581)
INFO:engine.post.parallel_aff_agglomerate:did not merge (33555733, 33555748)
INFO:engine.post.parallel_aff_agglomerate:did not merge (33555733, 33555773)
INFO:engine.post.parallel_aff_agglomerate:did not merge (33555733, 134218023)
INFO:engine.post.parallel_aff_agglomerate:merged 4101 edges
INFO:engine.post.parallel_aff_agglomerate:Agglomerating in block [0:2048, 4096:5312, 4096:5456] (2048, 1216, 1360) with context of [-128:2176, 3968:5440, 3968:5584] (2304, 1472, 1616)
INFO:engine.post.parallel_aff_agglomerate:did not merge (184549536, 184549551)
INFO:engine.post.parallel_aff_agglomerate:did not merge (184549536, 184549567)
INFO:engine.post.parallel_aff_agglomerate:did not merge (184549536, 184549597)
INFO:engine.post.parallel_aff_agglomerate:did not merge (83886701, 83886760)
INFO:engine.post.parallel_aff_agglomerate:did not merge (83886701, 83886772)
INFO:engine.post.parallel_aff_agglomerate:did not merge (83886701, 83886775)
INFO:engine.post.parallel_aff_agglomerate:did not merge (83886701, 83886850)
INFO:engine.post.parallel_aff_agglomerate:did not merge (83886701, 184549567)
INFO:engine.post.parallel_aff_agglomerate:did not merge (83886701, 218103963)
INFO:engine.post.parallel_aff_agglomerate:did not merge (83886701, 218103986)
INFO:engine.post.parallel_aff_agglomerate:did not merge (83887010, 83887020)
INFO:engine.post.parallel_aff_agglomerate:did not merge (83887010, 184549640)
INFO:engine.post.parallel_aff_agglomerate:did not merge (83887034, 83887115)
INFO:engine.post.parallel_aff_agglomerate:did not merge (83887035, 83887115)
INFO:engine.post.parallel_aff_agglomerate:did not merge (83887453, 83887465)
INFO:engine.post.parallel_aff_agglomerate:did not merge (83887453, 218104168)
INFO:engine.post.parallel_aff_agglomerate:did not merge (83887720, 83887743)
INFO:engine.post.parallel_aff_agglomerate:did not merge (83887720, 184549781)
INFO:engine.post.parallel_aff_agglomerate:did not merge (83887720, 184549813)
INFO:engine.post.parallel_aff_agglomerate:did not merge (83887720, 184549834)
INFO:engine.post.parallel_aff_agglomerate:did not merge (184549835, 184549867)
INFO:engine.post.parallel_aff_agglomerate:merged 1730 edges
INFO:engine.post.parallel_aff_agglomerate:Agglomerating in block [2048:4096, 0:2048, 2048:4096] (2048, 2048, 2048) with context of [1920:4224, -128:2176, 1920:4224] (2304, 2304, 2304)
INFO:engine.post.parallel_aff_agglomerate:did not merge (870, 934)
INFO:engine.post.parallel_aff_agglomerate:did not merge (870, 16778182)
INFO:engine.post.parallel_aff_agglomerate:did not merge (83888060, 83888064)
INFO:engine.post.parallel_aff_agglomerate:did not merge (83888060, 83888082)
INFO:engine.post.parallel_aff_agglomerate:did not merge (83888060, 234881350)
INFO:engine.post.parallel_aff_agglomerate:did not merge (83888060, 234881404)
INFO:engine.post.parallel_aff_agglomerate:did not merge (905, 925)
INFO:engine.post.parallel_aff_agglomerate:did not merge (905, 998)
INFO:engine.post.parallel_aff_agglomerate:did not merge (905, 50331773)
INFO:engine.post.parallel_aff_agglomerate:did not merge (930, 998)
INFO:engine.post.parallel_aff_agglomerate:did not merge (930, 50331773)
INFO:engine.post.parallel_aff_agglomerate:did not merge (930, 50331811)
INFO:engine.post.parallel_aff_agglomerate:did not merge (83887957, 83888010)
INFO:engine.post.parallel_aff_agglomerate:did not merge (83887957, 234881350)
INFO:engine.post.parallel_aff_agglomerate:did not merge (33555744, 33555779)
INFO:engine.post.parallel_aff_agglomerate:did not merge (67109203, 67109212)
INFO:engine.post.parallel_aff_agglomerate:did not merge (50331778, 50331811)
INFO:engine.post.parallel_aff_agglomerate:did not merge (50331753, 50331773)
INFO:engine.post.parallel_aff_agglomerate:did not merge (50331691, 50331761)
INFO:engine.post.parallel_aff_agglomerate:did not merge (50331691, 50331779)
INFO:engine.post.parallel_aff_agglomerate:did not merge (50331691, 50331797)
INFO:engine.post.parallel_aff_agglomerate:did not merge (50331691, 50331802)
INFO:engine.post.parallel_aff_agglomerate:did not merge (50331691, 50331813)
INFO:engine.post.parallel_aff_agglomerate:did not merge (50331787, 50331811)
INFO:engine.post.parallel_aff_agglomerate:did not merge (50331682, 50331761)
INFO:engine.post.parallel_aff_agglomerate:did not merge (50331682, 50331797)
INFO:engine.post.parallel_aff_agglomerate:did not merge (50331682, 50331802)
INFO:engine.post.parallel_aff_agglomerate:did not merge (50331939, 50331962)
INFO:engine.post.parallel_aff_agglomerate:did not merge (50331939, 50331976)
INFO:engine.post.parallel_aff_agglomerate:did not merge (50331939, 50331980)
INFO:engine.post.parallel_aff_agglomerate:did not merge (50331939, 50332090)
INFO:engine.post.parallel_aff_agglomerate:did not merge (50331981, 50332090)
INFO:engine.post.parallel_aff_agglomerate:did not merge (50332087, 50332090)
INFO:engine.post.parallel_aff_agglomerate:did not merge (50332245, 50332256)
INFO:engine.post.parallel_aff_agglomerate:did not merge (50332245, 50332285)
INFO:engine.post.parallel_aff_agglomerate:did not merge (50332245, 50332350)
INFO:engine.post.parallel_aff_agglomerate:did not merge (50332063, 50332167)
INFO:engine.post.parallel_aff_agglomerate:did not merge (50332063, 50332501)
INFO:engine.post.parallel_aff_agglomerate:did not merge (50332063, 50332610)
INFO:engine.post.parallel_aff_agglomerate:did not merge (50332063, 50332664)
INFO:engine.post.parallel_aff_agglomerate:did not merge (50332063, 50332755)
INFO:engine.post.parallel_aff_agglomerate:did not merge (50332063, 134218846)
INFO:engine.post.parallel_aff_agglomerate:did not merge (50332430, 50332554)
INFO:engine.post.parallel_aff_agglomerate:did not merge (50332430, 50332558)
INFO:engine.post.parallel_aff_agglomerate:did not merge (50332535, 50332554)
INFO:engine.post.parallel_aff_agglomerate:did not merge (50332571, 50332582)
INFO:engine.post.parallel_aff_agglomerate:did not merge (50332639, 50332706)
INFO:engine.post.parallel_aff_agglomerate:did not merge (50332762, 134219209)
INFO:engine.post.parallel_aff_agglomerate:did not merge (50332810, 50332896)
INFO:engine.post.parallel_aff_agglomerate:did not merge (50332810, 50332905)
INFO:engine.post.parallel_aff_agglomerate:did not merge (50332810, 50332910)
INFO:engine.post.parallel_aff_agglomerate:did not merge (50332894, 50332924)
INFO:engine.post.parallel_aff_agglomerate:did not merge (50332894, 50332962)
INFO:engine.post.parallel_aff_agglomerate:did not merge (50332904, 50332924)
INFO:engine.post.parallel_aff_agglomerate:did not merge (50332904, 50333003)
INFO:engine.post.parallel_aff_agglomerate:merged 14263 edges
INFO:engine.post.parallel_aff_agglomerate:Agglomerating in block [2048:4096, 2048:4096, 4096:5456] (2048, 2048, 1360) with context of [1920:4224, 1920:4224, 3968:5584] (2304, 2304, 1616)
INFO:engine.post.parallel_aff_agglomerate:did not merge (83887867, 184549822)
INFO:engine.post.parallel_aff_agglomerate:did not merge (83887973, 83888066)
INFO:engine.post.parallel_aff_agglomerate:did not merge (83887973, 234881406)
INFO:engine.post.parallel_aff_agglomerate:did not merge (83887903, 83888115)
INFO:engine.post.parallel_aff_agglomerate:did not merge (83888179, 83888281)
INFO:engine.post.parallel_aff_agglomerate:did not merge (83888179, 184549834)
INFO:engine.post.parallel_aff_agglomerate:did not merge (83888179, 218104307)
INFO:engine.post.parallel_aff_agglomerate:did not merge (83888179, 234881533)
INFO:engine.post.parallel_aff_agglomerate:did not merge (385876156, 385876163)
INFO:engine.post.parallel_aff_agglomerate:did not merge (385876156, 385876164)
INFO:engine.post.parallel_aff_agglomerate:did not merge (385876156, 385876166)
INFO:engine.post.parallel_aff_agglomerate:did not merge (83887972, 83888259)
INFO:engine.post.parallel_aff_agglomerate:did not merge (83887972, 234881212)
INFO:engine.post.parallel_aff_agglomerate:did not merge (385876160, 385876163)
INFO:engine.post.parallel_aff_agglomerate:did not merge (385876160, 704643083)
INFO:engine.post.parallel_aff_agglomerate:did not merge (201326798, 201326844)
INFO:engine.post.parallel_aff_agglomerate:did not merge (100663996, 100664049)
INFO:engine.post.parallel_aff_agglomerate:did not merge (201326822, 201326844)
INFO:engine.post.parallel_aff_agglomerate:did not merge (201326822, 201326849)
INFO:engine.post.parallel_aff_agglomerate:did not merge (201326905, 201326930)
INFO:engine.post.parallel_aff_agglomerate:did not merge (201326905, 201326945)
INFO:engine.post.parallel_aff_agglomerate:did not merge (100664293, 100664310)
INFO:engine.post.parallel_aff_agglomerate:did not merge (100664293, 100664360)
INFO:engine.post.parallel_aff_agglomerate:did not merge (100664293, 100664377)
INFO:engine.post.parallel_aff_agglomerate:did not merge (100664293, 100664396)
INFO:engine.post.parallel_aff_agglomerate:did not merge (100664293, 100664405)
INFO:engine.post.parallel_aff_agglomerate:did not merge (100664293, 201326930)
INFO:engine.post.parallel_aff_agglomerate:did not merge (100664293, 234882916)
INFO:engine.post.parallel_aff_agglomerate:did not merge (100664633, 100664699)
INFO:engine.post.parallel_aff_agglomerate:did not merge (100664633, 100664734)
INFO:engine.post.parallel_aff_agglomerate:did not merge (100664633, 100664764)
INFO:engine.post.parallel_aff_agglomerate:did not merge (100664633, 201327052)
INFO:engine.post.parallel_aff_agglomerate:did not merge (100664633, 234883205)
INFO:engine.post.parallel_aff_agglomerate:did not merge (100664633, 234883206)
INFO:engine.post.parallel_aff_agglomerate:did not merge (201327026, 201327052)
INFO:engine.post.parallel_aff_agglomerate:did not merge (201327026, 201327105)
INFO:engine.post.parallel_aff_agglomerate:did not merge (201326997, 201327036)
INFO:engine.post.parallel_aff_agglomerate:did not merge (201326997, 201327052)
INFO:engine.post.parallel_aff_agglomerate:did not merge (201326997, 201327053)
INFO:engine.post.parallel_aff_agglomerate:did not merge (201326997, 201327105)
INFO:engine.post.parallel_aff_agglomerate:did not merge (201326997, 201327106)
INFO:engine.post.parallel_aff_agglomerate:did not merge (201326997, 201327118)
INFO:engine.post.parallel_aff_agglomerate:did not merge (201326997, 201327132)
INFO:engine.post.parallel_aff_agglomerate:did not merge (201326997, 201327141)
INFO:engine.post.parallel_aff_agglomerate:did not merge (201327148, 201327168)
INFO:engine.post.parallel_aff_agglomerate:did not merge (100665111, 100665151)
INFO:engine.post.parallel_aff_agglomerate:merged 8202 edges
INFO:engine.post.parallel_aff_agglomerate:Agglomerating in block [2048:4096, 4096:5312, 2048:4096] (2048, 1216, 2048) with context of [1920:4224, 3968:5440, 1920:4224] (2304, 1472, 2304)
INFO:engine.post.parallel_aff_agglomerate:did not merge (218104272, 385876144)
INFO:engine.post.parallel_aff_agglomerate:did not merge (385876160, 704643078)
INFO:engine.post.parallel_aff_agglomerate:did not merge (234881112, 234881357)
INFO:engine.post.parallel_aff_agglomerate:did not merge (234881112, 234881389)
INFO:engine.post.parallel_aff_agglomerate:did not merge (402653319, 402653341)
INFO:engine.post.parallel_aff_agglomerate:did not merge (402653319, 402653347)
INFO:engine.post.parallel_aff_agglomerate:did not merge (402653319, 704643078)
INFO:engine.post.parallel_aff_agglomerate:did not merge (234881505, 234881532)
INFO:engine.post.parallel_aff_agglomerate:did not merge (234881505, 234881666)
INFO:engine.post.parallel_aff_agglomerate:did not merge (234881505, 234881724)
INFO:engine.post.parallel_aff_agglomerate:did not merge (234881505, 234881809)
INFO:engine.post.parallel_aff_agglomerate:did not merge (234881505, 234881810)
INFO:engine.post.parallel_aff_agglomerate:did not merge (234881505, 402653260)
INFO:engine.post.parallel_aff_agglomerate:did not merge (134218145, 134218152)
INFO:engine.post.parallel_aff_agglomerate:did not merge (134218145, 134218157)
INFO:engine.post.parallel_aff_agglomerate:did not merge (134218143, 134218251)
INFO:engine.post.parallel_aff_agglomerate:did not merge (285212797, 285212799)
INFO:engine.post.parallel_aff_agglomerate:did not merge (285212816, 285212840)
INFO:engine.post.parallel_aff_agglomerate:did not merge (285212816, 285212845)
INFO:engine.post.parallel_aff_agglomerate:did not merge (234881654, 234881689)
INFO:engine.post.parallel_aff_agglomerate:did not merge (234881625, 234881689)
INFO:engine.post.parallel_aff_agglomerate:did not merge (134218248, 134218251)
INFO:engine.post.parallel_aff_agglomerate:did not merge (134218248, 134218257)
INFO:engine.post.parallel_aff_agglomerate:did not merge (134218248, 134218266)
INFO:engine.post.parallel_aff_agglomerate:did not merge (134218248, 134218289)
INFO:engine.post.parallel_aff_agglomerate:did not merge (134218248, 134218335)
INFO:engine.post.parallel_aff_agglomerate:did not merge (234881714, 234881725)
INFO:engine.post.parallel_aff_agglomerate:did not merge (234881782, 234881911)
INFO:engine.post.parallel_aff_agglomerate:did not merge (134218195, 134218217)
INFO:engine.post.parallel_aff_agglomerate:did not merge (134218195, 134218238)
INFO:engine.post.parallel_aff_agglomerate:did not merge (134218195, 285212845)
INFO:engine.post.parallel_aff_agglomerate:did not merge (234881715, 234881809)
INFO:engine.post.parallel_aff_agglomerate:did not merge (234881715, 234881810)
INFO:engine.post.parallel_aff_agglomerate:did not merge (234881766, 234881862)
INFO:engine.post.parallel_aff_agglomerate:did not merge (402653434, 402653438)
INFO:engine.post.parallel_aff_agglomerate:did not merge (402653433, 402653438)
INFO:engine.post.parallel_aff_agglomerate:did not merge (285212856, 285212898)
INFO:engine.post.parallel_aff_agglomerate:did not merge (234882055, 234882191)
INFO:engine.post.parallel_aff_agglomerate:did not merge (234882055, 234882210)
INFO:engine.post.parallel_aff_agglomerate:did not merge (402653531, 402653533)
INFO:engine.post.parallel_aff_agglomerate:did not merge (402653531, 402653558)
INFO:engine.post.parallel_aff_agglomerate:did not merge (402653531, 402653565)
INFO:engine.post.parallel_aff_agglomerate:did not merge (402653531, 402653569)
INFO:engine.post.parallel_aff_agglomerate:did not merge (402653531, 402653588)
INFO:engine.post.parallel_aff_agglomerate:did not merge (402653531, 402653636)
INFO:engine.post.parallel_aff_agglomerate:did not merge (402653531, 402653695)
INFO:engine.post.parallel_aff_agglomerate:did not merge (234882225, 234882231)
INFO:engine.post.parallel_aff_agglomerate:did not merge (234882225, 234882245)
INFO:engine.post.parallel_aff_agglomerate:did not merge (234882225, 234882412)
INFO:engine.post.parallel_aff_agglomerate:did not merge (234882315, 234882566)
INFO:engine.post.parallel_aff_agglomerate:did not merge (234882315, 234882685)
INFO:engine.post.parallel_aff_agglomerate:did not merge (234882612, 234882647)
INFO:engine.post.parallel_aff_agglomerate:did not merge (234882612, 234882648)
INFO:engine.post.parallel_aff_agglomerate:did not merge (234882612, 234882665)
INFO:engine.post.parallel_aff_agglomerate:did not merge (234882612, 234882695)
INFO:engine.post.parallel_aff_agglomerate:did not merge (234882612, 234882844)
INFO:engine.post.parallel_aff_agglomerate:did not merge (234882612, 234882856)
INFO:engine.post.parallel_aff_agglomerate:did not merge (234882612, 402653664)
INFO:engine.post.parallel_aff_agglomerate:did not merge (234882612, 402653723)
INFO:engine.post.parallel_aff_agglomerate:did not merge (234882612, 402653735)
INFO:engine.post.parallel_aff_agglomerate:did not merge (402653699, 402653713)
INFO:engine.post.parallel_aff_agglomerate:did not merge (402653699, 402653723)
INFO:engine.post.parallel_aff_agglomerate:did not merge (402653699, 402653735)
INFO:engine.post.parallel_aff_agglomerate:did not merge (402653699, 402653738)
INFO:engine.post.parallel_aff_agglomerate:did not merge (402653699, 402653779)
INFO:engine.post.parallel_aff_agglomerate:did not merge (285213082, 285213085)
INFO:engine.post.parallel_aff_agglomerate:did not merge (234882705, 234882745)
INFO:engine.post.parallel_aff_agglomerate:did not merge (234882705, 234882822)
INFO:engine.post.parallel_aff_agglomerate:did not merge (234882788, 234882896)
INFO:engine.post.parallel_aff_agglomerate:did not merge (285213098, 285213105)
INFO:engine.post.parallel_aff_agglomerate:did not merge (285213098, 285213202)
INFO:engine.post.parallel_aff_agglomerate:did not merge (234882831, 234882857)
INFO:engine.post.parallel_aff_agglomerate:did not merge (234882831, 234882870)
INFO:engine.post.parallel_aff_agglomerate:did not merge (234882831, 234882896)
INFO:engine.post.parallel_aff_agglomerate:did not merge (234882831, 234883049)
INFO:engine.post.parallel_aff_agglomerate:did not merge (234882831, 234883060)
INFO:engine.post.parallel_aff_agglomerate:did not merge (234882814, 234882856)
INFO:engine.post.parallel_aff_agglomerate:did not merge (285213129, 285213152)
INFO:engine.post.parallel_aff_agglomerate:did not merge (285213129, 285213194)
INFO:engine.post.parallel_aff_agglomerate:did not merge (285213129, 285213202)
INFO:engine.post.parallel_aff_agglomerate:did not merge (234882983, 234883003)
INFO:engine.post.parallel_aff_agglomerate:did not merge (234882983, 234883061)
INFO:engine.post.parallel_aff_agglomerate:did not merge (402653880, 402653888)
INFO:engine.post.parallel_aff_agglomerate:did not merge (234883098, 234883193)
INFO:engine.post.parallel_aff_agglomerate:did not merge (134219146, 134219170)
INFO:engine.post.parallel_aff_agglomerate:did not merge (134219146, 134219185)
INFO:engine.post.parallel_aff_agglomerate:did not merge (134219146, 134219202)
INFO:engine.post.parallel_aff_agglomerate:did not merge (134219146, 285213200)
INFO:engine.post.parallel_aff_agglomerate:did not merge (234883162, 234883295)
INFO:engine.post.parallel_aff_agglomerate:did not merge (285213227, 285213251)
INFO:engine.post.parallel_aff_agglomerate:did not merge (234883181, 234883193)
INFO:engine.post.parallel_aff_agglomerate:did not merge (234883181, 234883199)
INFO:engine.post.parallel_aff_agglomerate:did not merge (234883281, 234883295)
INFO:engine.post.parallel_aff_agglomerate:did not merge (234883281, 234883338)
INFO:engine.post.parallel_aff_agglomerate:did not merge (234883281, 234883377)
INFO:engine.post.parallel_aff_agglomerate:did not merge (285213316, 285213328)
INFO:engine.post.parallel_aff_agglomerate:did not merge (285213316, 285213330)
INFO:engine.post.parallel_aff_agglomerate:did not merge (285213316, 285213331)
INFO:engine.post.parallel_aff_agglomerate:did not merge (285213316, 285213332)
INFO:engine.post.parallel_aff_agglomerate:did not merge (285213316, 285213335)
INFO:engine.post.parallel_aff_agglomerate:did not merge (285213316, 285213341)
INFO:engine.post.parallel_aff_agglomerate:did not merge (285213316, 285213344)
INFO:engine.post.parallel_aff_agglomerate:did not merge (285213316, 285213354)
INFO:engine.post.parallel_aff_agglomerate:did not merge (234883542, 234883652)
INFO:engine.post.parallel_aff_agglomerate:did not merge (234883615, 234883859)
INFO:engine.post.parallel_aff_agglomerate:did not merge (234883643, 234883675)
INFO:engine.post.parallel_aff_agglomerate:did not merge (234883643, 234883988)
INFO:engine.post.parallel_aff_agglomerate:did not merge (234883722, 234883958)
INFO:engine.post.parallel_aff_agglomerate:did not merge (234883755, 234883860)
INFO:engine.post.parallel_aff_agglomerate:did not merge (234883755, 234883958)
INFO:engine.post.parallel_aff_agglomerate:did not merge (234883862, 234883875)
INFO:engine.post.parallel_aff_agglomerate:did not merge (234883862, 234884021)
INFO:engine.post.parallel_aff_agglomerate:did not merge (134219684, 134219774)
INFO:engine.post.parallel_aff_agglomerate:merged 7035 edges
INFO:engine.post.parallel_aff_agglomerate:Agglomerating in block [4096:4976, 2048:4096, 0:2048] (880, 2048, 2048) with context of [3968:5104, 1920:4224, -128:2176] (1136, 2304, 2304)
INFO:engine.post.parallel_aff_agglomerate:did not merge (50332980, 100664995)
INFO:engine.post.parallel_aff_agglomerate:did not merge (134219685, 285213350)
INFO:engine.post.parallel_aff_agglomerate:did not merge (285213402, 285213424)
INFO:engine.post.parallel_aff_agglomerate:did not merge (134219644, 285213303)
INFO:engine.post.parallel_aff_agglomerate:did not merge (134219751, 285213303)
INFO:engine.post.parallel_aff_agglomerate:merged 1190 edges
INFO:engine.post.parallel_aff_agglomerate:Agglomerating in block [4096:4976, 4096:5312, 0:2048] (880, 1216, 2048) with context of [3968:5104, 3968:5440, -128:2176] (1136, 1472, 2304)
INFO:engine.post.parallel_aff_agglomerate:did not merge (134219685, 134219707)
INFO:engine.post.parallel_aff_agglomerate:did not merge (134219685, 134219708)
INFO:engine.post.parallel_aff_agglomerate:did not merge (134219685, 285213350)
INFO:engine.post.parallel_aff_agglomerate:did not merge (134219644, 134219655)
INFO:engine.post.parallel_aff_agglomerate:did not merge (134219644, 134219656)
INFO:engine.post.parallel_aff_agglomerate:did not merge (134219644, 285213303)
INFO:engine.post.parallel_aff_agglomerate:did not merge (134219751, 285213303)
INFO:engine.post.parallel_aff_agglomerate:merged 334 edges
INFO:engine.post.parallel_aff_agglomerate:Agglomerating in block [4096:4976, 4096:5312, 4096:5456] (880, 1216, 1360) with context of [3968:5104, 3968:5440, 3968:5584] (1136, 1472, 1616)
INFO:engine.post.parallel_aff_agglomerate:did not merge (402654108, 402654160)
INFO:engine.post.parallel_aff_agglomerate:did not merge (402654108, 402654174)
INFO:engine.post.parallel_aff_agglomerate:did not merge (402654108, 402654175)
INFO:engine.post.parallel_aff_agglomerate:did not merge (402654108, 704643382)
INFO:engine.post.parallel_aff_agglomerate:did not merge (234883930, 452985602)
INFO:engine.post.parallel_aff_agglomerate:did not merge (452985671, 452985673)
INFO:engine.post.parallel_aff_agglomerate:did not merge (452985671, 452985677)
INFO:engine.post.parallel_aff_agglomerate:did not merge (452985671, 452985711)
INFO:engine.post.parallel_aff_agglomerate:merged 175 edges
