INFO:root:worker 6 started...
INFO:root:epsilon_agglomerate: 0.25
INFO:root:mask_file: None
INFO:root:mask_dataset: None
INFO:root:filter_fragments: 0.0
INFO:root:cfg.INS_SEGMENT.THRESHOLD 0.5
INFO:root:Running block with config daisy_logs/octoCube180838765Y58786542Z46975319_fragments/config_6.yaml...
wandb: Currently logged in as: sm2667 (iconnect). Use `wandb login --relogin` to force relogin
INFO:root:Reading affs from /media/samia/DATA/mounts/zstore1/lsd_outputs/OCTO_3CUBES_ZYX/MTLSD/3d/clahed_hemi_mito_unproof/model_checkpoint_300000/octo_cube1_8083_8765_y5878_6542_z4697_5319.zarr
INFO:root:Opening RAG DB...
INFO:root:RAG DB opened
INFO:engine.post.parallel_aff_agglomerate:Agglomerating in block [0:2048, 0:2048, 0:2048] (2048, 2048, 2048) with context of [-128:2176, -128:2176, -128:2176] (2304, 2304, 2304)
INFO:engine.post.parallel_aff_agglomerate:merged 7563 edges
INFO:engine.post.parallel_aff_agglomerate:Agglomerating in block [0:2048, 2048:4096, 2048:4096] (2048, 2048, 2048) with context of [-128:2176, 1920:4224, 1920:4224] (2304, 2304, 2304)
INFO:engine.post.parallel_aff_agglomerate:did not merge (67108916, 67108935)
INFO:engine.post.parallel_aff_agglomerate:did not merge (67108916, 184549470)
INFO:engine.post.parallel_aff_agglomerate:did not merge (16777407, 16777516)
INFO:engine.post.parallel_aff_agglomerate:did not merge (16777407, 16777528)
INFO:engine.post.parallel_aff_agglomerate:did not merge (16777407, 16777593)
INFO:engine.post.parallel_aff_agglomerate:did not merge (16777407, 16777793)
INFO:engine.post.parallel_aff_agglomerate:did not merge (16777508, 16777593)
INFO:engine.post.parallel_aff_agglomerate:did not merge (67108966, 67109046)
INFO:engine.post.parallel_aff_agglomerate:did not merge (16777569, 16777721)
INFO:engine.post.parallel_aff_agglomerate:did not merge (16777664, 16777694)
INFO:engine.post.parallel_aff_agglomerate:did not merge (16777664, 16777731)
INFO:engine.post.parallel_aff_agglomerate:did not merge (16777623, 16777721)
INFO:engine.post.parallel_aff_agglomerate:did not merge (16777704, 16777721)
INFO:engine.post.parallel_aff_agglomerate:did not merge (16777666, 16777694)
INFO:engine.post.parallel_aff_agglomerate:did not merge (16777666, 16777793)
INFO:engine.post.parallel_aff_agglomerate:did not merge (16777666, 16777794)
INFO:engine.post.parallel_aff_agglomerate:did not merge (16777666, 16777833)
INFO:engine.post.parallel_aff_agglomerate:did not merge (16777666, 16777852)
INFO:engine.post.parallel_aff_agglomerate:did not merge (16777666, 16777873)
INFO:engine.post.parallel_aff_agglomerate:did not merge (16777666, 16777892)
INFO:engine.post.parallel_aff_agglomerate:did not merge (16777755, 16777815)
INFO:engine.post.parallel_aff_agglomerate:did not merge (16777755, 16777820)
INFO:engine.post.parallel_aff_agglomerate:did not merge (16777755, 16777927)
INFO:engine.post.parallel_aff_agglomerate:did not merge (16777755, 16777928)
INFO:engine.post.parallel_aff_agglomerate:did not merge (16777755, 16777983)
INFO:engine.post.parallel_aff_agglomerate:did not merge (16777755, 16778203)
INFO:engine.post.parallel_aff_agglomerate:did not merge (16777837, 16777912)
INFO:engine.post.parallel_aff_agglomerate:did not merge (16777914, 16777968)
INFO:engine.post.parallel_aff_agglomerate:did not merge (16777914, 16778016)
INFO:engine.post.parallel_aff_agglomerate:did not merge (16778019, 16778027)
INFO:engine.post.parallel_aff_agglomerate:did not merge (16778039, 16778065)
INFO:engine.post.parallel_aff_agglomerate:did not merge (16778039, 16778074)
INFO:engine.post.parallel_aff_agglomerate:did not merge (16778039, 16778114)
INFO:engine.post.parallel_aff_agglomerate:did not merge (16778039, 16778120)
INFO:engine.post.parallel_aff_agglomerate:did not merge (16778039, 16778157)
INFO:engine.post.parallel_aff_agglomerate:did not merge (16778039, 16778171)
INFO:engine.post.parallel_aff_agglomerate:did not merge (16778039, 16778181)
INFO:engine.post.parallel_aff_agglomerate:did not merge (16778054, 16778119)
INFO:engine.post.parallel_aff_agglomerate:did not merge (16778054, 67109046)
INFO:engine.post.parallel_aff_agglomerate:did not merge (16778105, 16778129)
INFO:engine.post.parallel_aff_agglomerate:did not merge (16778105, 16778166)
INFO:engine.post.parallel_aff_agglomerate:did not merge (16778105, 16778187)
INFO:engine.post.parallel_aff_agglomerate:did not merge (16778105, 16778230)
INFO:engine.post.parallel_aff_agglomerate:did not merge (67109108, 67109124)
INFO:engine.post.parallel_aff_agglomerate:did not merge (67109108, 67109125)
INFO:engine.post.parallel_aff_agglomerate:did not merge (16778154, 16778171)
INFO:engine.post.parallel_aff_agglomerate:did not merge (16778195, 16778230)
INFO:engine.post.parallel_aff_agglomerate:did not merge (16778172, 16778179)
INFO:engine.post.parallel_aff_agglomerate:did not merge (805, 16778190)
INFO:engine.post.parallel_aff_agglomerate:did not merge (805, 16778230)
INFO:engine.post.parallel_aff_agglomerate:did not merge (805, 33555515)
INFO:engine.post.parallel_aff_agglomerate:did not merge (16778210, 16778230)
INFO:engine.post.parallel_aff_agglomerate:did not merge (16778255, 67109046)
INFO:engine.post.parallel_aff_agglomerate:did not merge (16778320, 16778391)
INFO:engine.post.parallel_aff_agglomerate:merged 17327 edges
INFO:engine.post.parallel_aff_agglomerate:Agglomerating in block [2048:4096, 0:2048, 0:2048] (2048, 2048, 2048) with context of [1920:4224, -128:2176, -128:2176] (2304, 2304, 2304)
INFO:engine.post.parallel_aff_agglomerate:did not merge (870, 16778182)
INFO:engine.post.parallel_aff_agglomerate:did not merge (914, 16778195)
INFO:engine.post.parallel_aff_agglomerate:did not merge (16778491, 100663514)
INFO:engine.post.parallel_aff_agglomerate:did not merge (33555744, 33555779)
INFO:engine.post.parallel_aff_agglomerate:merged 10564 edges
INFO:engine.post.parallel_aff_agglomerate:Agglomerating in block [2048:4096, 2048:4096, 0:2048] (2048, 2048, 2048) with context of [1920:4224, 1920:4224, -128:2176] (2304, 2304, 2304)
INFO:engine.post.parallel_aff_agglomerate:did not merge (117440947, 117440979)
INFO:engine.post.parallel_aff_agglomerate:did not merge (117440949, 117440957)
INFO:engine.post.parallel_aff_agglomerate:did not merge (117440949, 117440961)
INFO:engine.post.parallel_aff_agglomerate:did not merge (117440949, 117440964)
INFO:engine.post.parallel_aff_agglomerate:did not merge (915, 922)
INFO:engine.post.parallel_aff_agglomerate:did not merge (914, 931)
INFO:engine.post.parallel_aff_agglomerate:did not merge (914, 1043)
INFO:engine.post.parallel_aff_agglomerate:did not merge (914, 16778195)
INFO:engine.post.parallel_aff_agglomerate:did not merge (914, 50331691)
INFO:engine.post.parallel_aff_agglomerate:did not merge (83887991, 83888075)
INFO:engine.post.parallel_aff_agglomerate:did not merge (83887991, 83888148)
INFO:engine.post.parallel_aff_agglomerate:did not merge (83887991, 234881415)
INFO:engine.post.parallel_aff_agglomerate:did not merge (83887991, 234881489)
INFO:engine.post.parallel_aff_agglomerate:did not merge (117440956, 117440964)
INFO:engine.post.parallel_aff_agglomerate:did not merge (117440956, 285212756)
INFO:engine.post.parallel_aff_agglomerate:did not merge (50331762, 50331779)
INFO:engine.post.parallel_aff_agglomerate:did not merge (50331762, 50331814)
INFO:engine.post.parallel_aff_agglomerate:did not merge (50331762, 50331913)
INFO:engine.post.parallel_aff_agglomerate:did not merge (50331762, 100663634)
INFO:engine.post.parallel_aff_agglomerate:did not merge (50331795, 50331913)
INFO:engine.post.parallel_aff_agglomerate:did not merge (50331930, 50332016)
INFO:engine.post.parallel_aff_agglomerate:did not merge (50331930, 50332039)
INFO:engine.post.parallel_aff_agglomerate:did not merge (50331963, 50331972)
INFO:engine.post.parallel_aff_agglomerate:did not merge (50332003, 50332016)
INFO:engine.post.parallel_aff_agglomerate:did not merge (50332003, 50332039)
INFO:engine.post.parallel_aff_agglomerate:did not merge (50332086, 50332179)
INFO:engine.post.parallel_aff_agglomerate:did not merge (50332086, 50332188)
INFO:engine.post.parallel_aff_agglomerate:did not merge (50332229, 50332246)
INFO:engine.post.parallel_aff_agglomerate:did not merge (50332229, 50332304)
INFO:engine.post.parallel_aff_agglomerate:did not merge (50332211, 50332336)
INFO:engine.post.parallel_aff_agglomerate:did not merge (50332354, 50332407)
INFO:engine.post.parallel_aff_agglomerate:did not merge (50332396, 50332407)
INFO:engine.post.parallel_aff_agglomerate:did not merge (50332396, 50332516)
INFO:engine.post.parallel_aff_agglomerate:did not merge (50332375, 50332407)
INFO:engine.post.parallel_aff_agglomerate:did not merge (50332375, 50332516)
INFO:engine.post.parallel_aff_agglomerate:did not merge (50332063, 50332340)
INFO:engine.post.parallel_aff_agglomerate:did not merge (50332063, 50332374)
INFO:engine.post.parallel_aff_agglomerate:did not merge (50332063, 50332516)
INFO:engine.post.parallel_aff_agglomerate:did not merge (50332063, 50332545)
INFO:engine.post.parallel_aff_agglomerate:did not merge (50332365, 50332461)
INFO:engine.post.parallel_aff_agglomerate:did not merge (50332365, 50332541)
INFO:engine.post.parallel_aff_agglomerate:did not merge (50332501, 50332516)
INFO:engine.post.parallel_aff_agglomerate:did not merge (50332501, 50332531)
INFO:engine.post.parallel_aff_agglomerate:did not merge (50332501, 50332557)
INFO:engine.post.parallel_aff_agglomerate:did not merge (50332501, 50332566)
INFO:engine.post.parallel_aff_agglomerate:did not merge (50332501, 50332569)
INFO:engine.post.parallel_aff_agglomerate:did not merge (50332507, 50332516)
INFO:engine.post.parallel_aff_agglomerate:did not merge (50332507, 50332545)
INFO:engine.post.parallel_aff_agglomerate:did not merge (50332507, 50332566)
INFO:engine.post.parallel_aff_agglomerate:did not merge (50332532, 50332541)
INFO:engine.post.parallel_aff_agglomerate:did not merge (50332532, 50332617)
INFO:engine.post.parallel_aff_agglomerate:did not merge (50332620, 50332706)
INFO:engine.post.parallel_aff_agglomerate:did not merge (50332688, 50332740)
INFO:engine.post.parallel_aff_agglomerate:did not merge (50332755, 50332794)
INFO:engine.post.parallel_aff_agglomerate:did not merge (50332755, 50332811)
INFO:engine.post.parallel_aff_agglomerate:did not merge (50332755, 50332848)
INFO:engine.post.parallel_aff_agglomerate:did not merge (50332834, 50332891)
INFO:engine.post.parallel_aff_agglomerate:did not merge (50332783, 50332806)
INFO:engine.post.parallel_aff_agglomerate:did not merge (50332783, 50332907)
INFO:engine.post.parallel_aff_agglomerate:did not merge (50332990, 50333011)
INFO:engine.post.parallel_aff_agglomerate:did not merge (50332990, 50333025)
INFO:engine.post.parallel_aff_agglomerate:did not merge (50332990, 50333037)
INFO:engine.post.parallel_aff_agglomerate:merged 16109 edges
INFO:engine.post.parallel_aff_agglomerate:Agglomerating in block [2048:4096, 4096:5312, 0:2048] (2048, 1216, 2048) with context of [1920:4224, 3968:5440, -128:2176] (2304, 1472, 2304)
INFO:engine.post.parallel_aff_agglomerate:did not merge (117440931, 218104190)
INFO:engine.post.parallel_aff_agglomerate:did not merge (33555733, 33555748)
INFO:engine.post.parallel_aff_agglomerate:did not merge (33555733, 33555773)
INFO:engine.post.parallel_aff_agglomerate:did not merge (33555733, 134218023)
INFO:engine.post.parallel_aff_agglomerate:did not merge (134217829, 134217952)
INFO:engine.post.parallel_aff_agglomerate:did not merge (134217805, 134218040)
INFO:engine.post.parallel_aff_agglomerate:did not merge (134217805, 134218047)
INFO:engine.post.parallel_aff_agglomerate:did not merge (134217805, 134218048)
INFO:engine.post.parallel_aff_agglomerate:did not merge (134217805, 134218049)
INFO:engine.post.parallel_aff_agglomerate:did not merge (134217805, 134218050)
INFO:engine.post.parallel_aff_agglomerate:did not merge (134217805, 134218056)
INFO:engine.post.parallel_aff_agglomerate:did not merge (134218008, 134218023)
INFO:engine.post.parallel_aff_agglomerate:did not merge (134218008, 134218024)
INFO:engine.post.parallel_aff_agglomerate:did not merge (134218008, 134218047)
INFO:engine.post.parallel_aff_agglomerate:did not merge (134218057, 134218092)
INFO:engine.post.parallel_aff_agglomerate:did not merge (134218057, 134218132)
INFO:engine.post.parallel_aff_agglomerate:did not merge (134218071, 134218132)
INFO:engine.post.parallel_aff_agglomerate:did not merge (134218072, 134218117)
INFO:engine.post.parallel_aff_agglomerate:did not merge (134218072, 134218208)
INFO:engine.post.parallel_aff_agglomerate:did not merge (134218143, 134218251)
INFO:engine.post.parallel_aff_agglomerate:did not merge (134218099, 134218175)
INFO:engine.post.parallel_aff_agglomerate:did not merge (134218180, 134218208)
INFO:engine.post.parallel_aff_agglomerate:did not merge (134218180, 134218273)
INFO:engine.post.parallel_aff_agglomerate:did not merge (134218248, 134218251)
INFO:engine.post.parallel_aff_agglomerate:did not merge (134218248, 134218257)
INFO:engine.post.parallel_aff_agglomerate:did not merge (134218248, 134218266)
INFO:engine.post.parallel_aff_agglomerate:did not merge (134218248, 134218289)
INFO:engine.post.parallel_aff_agglomerate:did not merge (134218248, 134218335)
INFO:engine.post.parallel_aff_agglomerate:did not merge (134218238, 134218256)
INFO:engine.post.parallel_aff_agglomerate:did not merge (134218244, 134218256)
INFO:engine.post.parallel_aff_agglomerate:did not merge (134218524, 134218563)
INFO:engine.post.parallel_aff_agglomerate:did not merge (134218719, 134218814)
INFO:engine.post.parallel_aff_agglomerate:did not merge (134218719, 134218862)
INFO:engine.post.parallel_aff_agglomerate:did not merge (134218719, 234882591)
INFO:engine.post.parallel_aff_agglomerate:did not merge (134218780, 134218869)
INFO:engine.post.parallel_aff_agglomerate:did not merge (134218990, 134218995)
INFO:engine.post.parallel_aff_agglomerate:did not merge (134218990, 134219075)
INFO:engine.post.parallel_aff_agglomerate:did not merge (134218990, 134219170)
INFO:engine.post.parallel_aff_agglomerate:did not merge (134218990, 134219185)
INFO:engine.post.parallel_aff_agglomerate:did not merge (134218990, 234882591)
INFO:engine.post.parallel_aff_agglomerate:did not merge (134218953, 134219004)
INFO:engine.post.parallel_aff_agglomerate:did not merge (134219005, 134219071)
INFO:engine.post.parallel_aff_agglomerate:did not merge (134219146, 134219170)
INFO:engine.post.parallel_aff_agglomerate:did not merge (134219146, 134219185)
INFO:engine.post.parallel_aff_agglomerate:did not merge (134219202, 134219223)
INFO:engine.post.parallel_aff_agglomerate:did not merge (134219202, 134219292)
INFO:engine.post.parallel_aff_agglomerate:did not merge (134219202, 134219293)
INFO:engine.post.parallel_aff_agglomerate:did not merge (134219202, 134219305)
INFO:engine.post.parallel_aff_agglomerate:did not merge (134219202, 134219319)
INFO:engine.post.parallel_aff_agglomerate:did not merge (134219202, 134219400)
INFO:engine.post.parallel_aff_agglomerate:did not merge (134219235, 134219248)
INFO:engine.post.parallel_aff_agglomerate:did not merge (134219235, 134219282)
INFO:engine.post.parallel_aff_agglomerate:did not merge (134219235, 134219292)
INFO:engine.post.parallel_aff_agglomerate:did not merge (134219235, 134219293)
INFO:engine.post.parallel_aff_agglomerate:did not merge (134219235, 134219328)
INFO:engine.post.parallel_aff_agglomerate:did not merge (134219235, 134219342)
INFO:engine.post.parallel_aff_agglomerate:did not merge (134219235, 134219343)
INFO:engine.post.parallel_aff_agglomerate:did not merge (134219344, 134219355)
INFO:engine.post.parallel_aff_agglomerate:did not merge (134219344, 134219356)
INFO:engine.post.parallel_aff_agglomerate:did not merge (134219357, 134219373)
INFO:engine.post.parallel_aff_agglomerate:did not merge (134219459, 134219492)
INFO:engine.post.parallel_aff_agglomerate:did not merge (134219459, 134219493)
INFO:engine.post.parallel_aff_agglomerate:did not merge (134219459, 134219609)
INFO:engine.post.parallel_aff_agglomerate:did not merge (134219494, 134219708)
INFO:engine.post.parallel_aff_agglomerate:did not merge (134219523, 134219587)
INFO:engine.post.parallel_aff_agglomerate:did not merge (134219513, 134219610)
INFO:engine.post.parallel_aff_agglomerate:did not merge (134219579, 134219619)
INFO:engine.post.parallel_aff_agglomerate:did not merge (134219559, 134219707)
INFO:engine.post.parallel_aff_agglomerate:did not merge (134219559, 134219708)
INFO:engine.post.parallel_aff_agglomerate:did not merge (134219685, 134219707)
INFO:engine.post.parallel_aff_agglomerate:did not merge (134219685, 134219708)
INFO:engine.post.parallel_aff_agglomerate:did not merge (134219644, 134219656)
INFO:engine.post.parallel_aff_agglomerate:merged 5812 edges
INFO:engine.post.parallel_aff_agglomerate:Agglomerating in block [2048:4096, 4096:5312, 4096:5456] (2048, 1216, 1360) with context of [1920:4224, 3968:5440, 3968:5584] (2304, 1472, 1616)
INFO:engine.post.parallel_aff_agglomerate:did not merge (218104272, 385876144)
INFO:engine.post.parallel_aff_agglomerate:did not merge (218104296, 218104402)
INFO:engine.post.parallel_aff_agglomerate:did not merge (402653319, 402653347)
INFO:engine.post.parallel_aff_agglomerate:did not merge (402653367, 402653411)
INFO:engine.post.parallel_aff_agglomerate:did not merge (234881766, 234881862)
INFO:engine.post.parallel_aff_agglomerate:did not merge (402653431, 402653469)
INFO:engine.post.parallel_aff_agglomerate:did not merge (234882055, 234882191)
INFO:engine.post.parallel_aff_agglomerate:did not merge (234882055, 234882210)
INFO:engine.post.parallel_aff_agglomerate:did not merge (402653533, 402653542)
INFO:engine.post.parallel_aff_agglomerate:did not merge (402653533, 402653558)
INFO:engine.post.parallel_aff_agglomerate:did not merge (402653533, 402653566)
INFO:engine.post.parallel_aff_agglomerate:did not merge (402653533, 402653574)
INFO:engine.post.parallel_aff_agglomerate:did not merge (402653533, 402653587)
INFO:engine.post.parallel_aff_agglomerate:did not merge (402653533, 402653603)
INFO:engine.post.parallel_aff_agglomerate:did not merge (402653533, 402653615)
INFO:engine.post.parallel_aff_agglomerate:did not merge (402653531, 402653558)
INFO:engine.post.parallel_aff_agglomerate:did not merge (402653531, 402653565)
INFO:engine.post.parallel_aff_agglomerate:did not merge (402653531, 402653569)
INFO:engine.post.parallel_aff_agglomerate:did not merge (402653531, 402653695)
INFO:engine.post.parallel_aff_agglomerate:did not merge (402653551, 402653566)
INFO:engine.post.parallel_aff_agglomerate:did not merge (402653551, 402653570)
INFO:engine.post.parallel_aff_agglomerate:did not merge (402653551, 402653574)
INFO:engine.post.parallel_aff_agglomerate:did not merge (402653551, 402653582)
INFO:engine.post.parallel_aff_agglomerate:did not merge (402653551, 402653603)
INFO:engine.post.parallel_aff_agglomerate:did not merge (402653551, 402653609)
INFO:engine.post.parallel_aff_agglomerate:did not merge (402653551, 402653615)
INFO:engine.post.parallel_aff_agglomerate:did not merge (402653551, 402653620)
INFO:engine.post.parallel_aff_agglomerate:did not merge (402653551, 402653621)
INFO:engine.post.parallel_aff_agglomerate:did not merge (402653551, 402653622)
INFO:engine.post.parallel_aff_agglomerate:did not merge (234882612, 234882647)
INFO:engine.post.parallel_aff_agglomerate:did not merge (234882612, 234882648)
INFO:engine.post.parallel_aff_agglomerate:did not merge (234882612, 234882665)
INFO:engine.post.parallel_aff_agglomerate:did not merge (234882612, 234882695)
INFO:engine.post.parallel_aff_agglomerate:did not merge (234882612, 234882801)
INFO:engine.post.parallel_aff_agglomerate:did not merge (234882612, 234882844)
INFO:engine.post.parallel_aff_agglomerate:did not merge (234882612, 234882856)
INFO:engine.post.parallel_aff_agglomerate:did not merge (234882612, 234882858)
INFO:engine.post.parallel_aff_agglomerate:did not merge (234882612, 234882913)
INFO:engine.post.parallel_aff_agglomerate:did not merge (234882612, 402653664)
INFO:engine.post.parallel_aff_agglomerate:did not merge (234882612, 402653723)
INFO:engine.post.parallel_aff_agglomerate:did not merge (234882612, 402653735)
INFO:engine.post.parallel_aff_agglomerate:did not merge (402653699, 402653713)
INFO:engine.post.parallel_aff_agglomerate:did not merge (402653699, 402653723)
INFO:engine.post.parallel_aff_agglomerate:did not merge (402653699, 402653735)
INFO:engine.post.parallel_aff_agglomerate:did not merge (402653699, 402653738)
INFO:engine.post.parallel_aff_agglomerate:did not merge (402653699, 402653779)
INFO:engine.post.parallel_aff_agglomerate:did not merge (402653775, 402653779)
INFO:engine.post.parallel_aff_agglomerate:did not merge (234882814, 234882856)
INFO:engine.post.parallel_aff_agglomerate:did not merge (234882814, 234882913)
INFO:engine.post.parallel_aff_agglomerate:did not merge (402653880, 402653888)
INFO:engine.post.parallel_aff_agglomerate:did not merge (402653875, 402653888)
INFO:engine.post.parallel_aff_agglomerate:did not merge (234883354, 234883425)
INFO:engine.post.parallel_aff_agglomerate:did not merge (234883354, 452985469)
INFO:engine.post.parallel_aff_agglomerate:did not merge (234883413, 234883425)
INFO:engine.post.parallel_aff_agglomerate:did not merge (234883905, 234883989)
INFO:engine.post.parallel_aff_agglomerate:did not merge (402654108, 402654160)
INFO:engine.post.parallel_aff_agglomerate:did not merge (402654108, 402654174)
INFO:engine.post.parallel_aff_agglomerate:did not merge (402654108, 402654175)
INFO:engine.post.parallel_aff_agglomerate:merged 2677 edges
INFO:engine.post.parallel_aff_agglomerate:Agglomerating in block [4096:4976, 0:2048, 2048:4096] (880, 2048, 2048) with context of [3968:5104, -128:2176, 1920:4224] (1136, 2304, 2304)
INFO:engine.post.parallel_aff_agglomerate:did not merge (201327217, 201327244)
INFO:engine.post.parallel_aff_agglomerate:did not merge (234883885, 234883935)
INFO:engine.post.parallel_aff_agglomerate:did not merge (201327231, 201327232)
INFO:engine.post.parallel_aff_agglomerate:did not merge (201327231, 201327243)
INFO:engine.post.parallel_aff_agglomerate:did not merge (100665045, 234882958)
INFO:engine.post.parallel_aff_agglomerate:did not merge (50332980, 100664995)
INFO:engine.post.parallel_aff_agglomerate:did not merge (201327234, 201327248)
INFO:engine.post.parallel_aff_agglomerate:did not merge (50333025, 100664881)
INFO:engine.post.parallel_aff_agglomerate:did not merge (50333037, 100664881)
INFO:engine.post.parallel_aff_agglomerate:did not merge (100665098, 201327172)
INFO:engine.post.parallel_aff_agglomerate:did not merge (234883999, 402654042)
INFO:engine.post.parallel_aff_agglomerate:did not merge (234883910, 234883914)
INFO:engine.post.parallel_aff_agglomerate:did not merge (100665111, 234883604)
INFO:engine.post.parallel_aff_agglomerate:did not merge (100664972, 100665037)
INFO:engine.post.parallel_aff_agglomerate:did not merge (234883912, 234883935)
INFO:engine.post.parallel_aff_agglomerate:merged 1334 edges
INFO:engine.post.parallel_aff_agglomerate:Agglomerating in block [4096:4976, 2048:4096, 4096:5456] (880, 2048, 1360) with context of [3968:5104, 1920:4224, 3968:5584] (1136, 2304, 1616)
INFO:engine.post.parallel_aff_agglomerate:did not merge (402654108, 704643382)
INFO:engine.post.parallel_aff_agglomerate:did not merge (234883930, 452985602)
INFO:engine.post.parallel_aff_agglomerate:did not merge (234883970, 402654042)
INFO:engine.post.parallel_aff_agglomerate:did not merge (452985671, 452985673)
INFO:engine.post.parallel_aff_agglomerate:did not merge (452985671, 452985677)
INFO:engine.post.parallel_aff_agglomerate:did not merge (452985671, 452985683)
INFO:engine.post.parallel_aff_agglomerate:did not merge (452985671, 452985711)
INFO:engine.post.parallel_aff_agglomerate:did not merge (452985671, 704643401)
INFO:engine.post.parallel_aff_agglomerate:did not merge (452985671, 704643405)
INFO:engine.post.parallel_aff_agglomerate:did not merge (234883734, 234883778)
INFO:engine.post.parallel_aff_agglomerate:did not merge (234883999, 234884069)
INFO:engine.post.parallel_aff_agglomerate:did not merge (234883999, 402654042)
INFO:engine.post.parallel_aff_agglomerate:did not merge (234884005, 402654071)
INFO:engine.post.parallel_aff_agglomerate:did not merge (100665111, 100665151)
INFO:engine.post.parallel_aff_agglomerate:did not merge (100665111, 234883604)
INFO:engine.post.parallel_aff_agglomerate:did not merge (234884035, 402654071)
INFO:engine.post.parallel_aff_agglomerate:merged 664 edges
INFO:engine.post.parallel_aff_agglomerate:Agglomerating in block [4096:4976, 4096:5312, 2048:4096] (880, 1216, 2048) with context of [3968:5104, 3968:5440, 1920:4224] (1136, 1472, 2304)
INFO:engine.post.parallel_aff_agglomerate:did not merge (234883930, 452985602)
INFO:engine.post.parallel_aff_agglomerate:did not merge (452985671, 452985673)
INFO:engine.post.parallel_aff_agglomerate:did not merge (452985671, 452985677)
INFO:engine.post.parallel_aff_agglomerate:did not merge (134219684, 134219774)
INFO:engine.post.parallel_aff_agglomerate:merged 450 edges
