INFO:root:worker 7 started...
INFO:root:epsilon_agglomerate: 0.25
INFO:root:mask_file: None
INFO:root:mask_dataset: None
INFO:root:filter_fragments: 0.0
INFO:root:cfg.INS_SEGMENT.THRESHOLD 0.5
INFO:root:Running block with config daisy_logs/octoCube180838765Y58786542Z46975319_fragments/config_7.yaml...
wandb: Currently logged in as: sm2667 (iconnect). Use `wandb login --relogin` to force relogin
INFO:root:Reading affs from /media/samia/DATA/mounts/zstore1/lsd_outputs/OCTO_3CUBES_ZYX/MTLSD/3d/clahed_hemi_mito_unproof/model_checkpoint_300000/octo_cube1_8083_8765_y5878_6542_z4697_5319.zarr
INFO:root:Opening RAG DB...
INFO:root:RAG DB opened
INFO:engine.post.parallel_aff_agglomerate:Agglomerating in block [0:2048, 0:2048, 2048:4096] (2048, 2048, 2048) with context of [-128:2176, -128:2176, 1920:4224] (2304, 2304, 2304)
INFO:engine.post.parallel_aff_agglomerate:merged 9662 edges
INFO:engine.post.parallel_aff_agglomerate:Agglomerating in block [0:2048, 2048:4096, 4096:5456] (2048, 2048, 1360) with context of [-128:2176, 1920:4224, 3968:5584] (2304, 2304, 1616)
INFO:engine.post.parallel_aff_agglomerate:did not merge (16777407, 16777508)
INFO:engine.post.parallel_aff_agglomerate:did not merge (16777407, 16777516)
INFO:engine.post.parallel_aff_agglomerate:did not merge (16777407, 16777525)
INFO:engine.post.parallel_aff_agglomerate:did not merge (16777407, 16777528)
INFO:engine.post.parallel_aff_agglomerate:did not merge (16777407, 16777593)
INFO:engine.post.parallel_aff_agglomerate:did not merge (16777407, 16777663)
INFO:engine.post.parallel_aff_agglomerate:did not merge (16777407, 16777666)
INFO:engine.post.parallel_aff_agglomerate:did not merge (16777407, 16777754)
INFO:engine.post.parallel_aff_agglomerate:did not merge (16777407, 16777793)
INFO:engine.post.parallel_aff_agglomerate:did not merge (16777407, 83886917)
INFO:engine.post.parallel_aff_agglomerate:did not merge (67108966, 67109046)
INFO:engine.post.parallel_aff_agglomerate:did not merge (16778054, 16778055)
INFO:engine.post.parallel_aff_agglomerate:did not merge (16778054, 16778062)
INFO:engine.post.parallel_aff_agglomerate:did not merge (16778054, 16778119)
INFO:engine.post.parallel_aff_agglomerate:did not merge (16778054, 67109046)
INFO:engine.post.parallel_aff_agglomerate:did not merge (16778054, 83887468)
INFO:engine.post.parallel_aff_agglomerate:did not merge (16778054, 83887669)
INFO:engine.post.parallel_aff_agglomerate:did not merge (67109118, 67109129)
INFO:engine.post.parallel_aff_agglomerate:did not merge (67109118, 67109138)
INFO:engine.post.parallel_aff_agglomerate:did not merge (67109118, 67109153)
INFO:engine.post.parallel_aff_agglomerate:did not merge (16778255, 67109046)
INFO:engine.post.parallel_aff_agglomerate:did not merge (16778255, 83887977)
INFO:engine.post.parallel_aff_agglomerate:did not merge (67109172, 67109177)
INFO:engine.post.parallel_aff_agglomerate:did not merge (67109172, 67109191)
INFO:engine.post.parallel_aff_agglomerate:merged 4864 edges
INFO:engine.post.parallel_aff_agglomerate:Agglomerating in block [0:2048, 4096:5312, 2048:4096] (2048, 1216, 2048) with context of [-128:2176, 3968:5440, 1920:4224] (2304, 1472, 2304)
INFO:engine.post.parallel_aff_agglomerate:did not merge (83886288, 83886495)
INFO:engine.post.parallel_aff_agglomerate:did not merge (83886288, 83886512)
INFO:engine.post.parallel_aff_agglomerate:did not merge (117440559, 117440593)
INFO:engine.post.parallel_aff_agglomerate:did not merge (83886701, 83886850)
INFO:engine.post.parallel_aff_agglomerate:did not merge (83886701, 184549567)
INFO:engine.post.parallel_aff_agglomerate:did not merge (83886643, 83886669)
INFO:engine.post.parallel_aff_agglomerate:did not merge (117440640, 117440646)
INFO:engine.post.parallel_aff_agglomerate:did not merge (117440640, 117440650)
INFO:engine.post.parallel_aff_agglomerate:did not merge (83886863, 83886930)
INFO:engine.post.parallel_aff_agglomerate:did not merge (117440709, 117440724)
INFO:engine.post.parallel_aff_agglomerate:did not merge (117440711, 117440724)
INFO:engine.post.parallel_aff_agglomerate:did not merge (83886999, 83887129)
INFO:engine.post.parallel_aff_agglomerate:did not merge (83887010, 83887020)
INFO:engine.post.parallel_aff_agglomerate:did not merge (83887010, 184549640)
INFO:engine.post.parallel_aff_agglomerate:did not merge (117440738, 117440767)
INFO:engine.post.parallel_aff_agglomerate:did not merge (184549679, 184549693)
INFO:engine.post.parallel_aff_agglomerate:did not merge (184549679, 385876087)
INFO:engine.post.parallel_aff_agglomerate:did not merge (83887115, 83887286)
INFO:engine.post.parallel_aff_agglomerate:did not merge (83887115, 83887303)
INFO:engine.post.parallel_aff_agglomerate:did not merge (117440786, 117440826)
INFO:engine.post.parallel_aff_agglomerate:did not merge (33555259, 33555311)
INFO:engine.post.parallel_aff_agglomerate:did not merge (33555259, 33555313)
INFO:engine.post.parallel_aff_agglomerate:did not merge (33555259, 33555328)
INFO:engine.post.parallel_aff_agglomerate:did not merge (33555259, 117440844)
INFO:engine.post.parallel_aff_agglomerate:did not merge (83887425, 83887438)
INFO:engine.post.parallel_aff_agglomerate:did not merge (33555381, 33555409)
INFO:engine.post.parallel_aff_agglomerate:did not merge (33555381, 83887438)
INFO:engine.post.parallel_aff_agglomerate:did not merge (33555443, 33555500)
INFO:engine.post.parallel_aff_agglomerate:did not merge (117440893, 117440913)
INFO:engine.post.parallel_aff_agglomerate:did not merge (83887720, 83887743)
INFO:engine.post.parallel_aff_agglomerate:did not merge (83887720, 184549781)
INFO:engine.post.parallel_aff_agglomerate:did not merge (83887720, 184549813)
INFO:engine.post.parallel_aff_agglomerate:did not merge (83887720, 184549834)
INFO:engine.post.parallel_aff_agglomerate:did not merge (184549835, 184549867)
INFO:engine.post.parallel_aff_agglomerate:did not merge (184549835, 184549993)
INFO:engine.post.parallel_aff_agglomerate:merged 4952 edges
INFO:engine.post.parallel_aff_agglomerate:Agglomerating in block [2048:4096, 0:2048, 4096:5456] (2048, 2048, 1360) with context of [1920:4224, -128:2176, 3968:5584] (2304, 2304, 1616)
INFO:engine.post.parallel_aff_agglomerate:did not merge (16778419, 16778427)
INFO:engine.post.parallel_aff_agglomerate:did not merge (16778419, 16778517)
INFO:engine.post.parallel_aff_agglomerate:did not merge (16778419, 100663558)
INFO:engine.post.parallel_aff_agglomerate:merged 4950 edges
INFO:engine.post.parallel_aff_agglomerate:Agglomerating in block [2048:4096, 2048:4096, 2048:4096] (2048, 2048, 2048) with context of [1920:4224, 1920:4224, 1920:4224] (2304, 2304, 2304)
INFO:engine.post.parallel_aff_agglomerate:did not merge (83887867, 184549821)
INFO:engine.post.parallel_aff_agglomerate:did not merge (83887867, 184549822)
INFO:engine.post.parallel_aff_agglomerate:did not merge (83888179, 184549834)
INFO:engine.post.parallel_aff_agglomerate:did not merge (218104290, 218104291)
INFO:engine.post.parallel_aff_agglomerate:did not merge (218104290, 218104393)
INFO:engine.post.parallel_aff_agglomerate:did not merge (385876156, 385876163)
INFO:engine.post.parallel_aff_agglomerate:did not merge (385876156, 385876164)
INFO:engine.post.parallel_aff_agglomerate:did not merge (385876156, 385876166)
INFO:engine.post.parallel_aff_agglomerate:did not merge (16778320, 16778391)
INFO:engine.post.parallel_aff_agglomerate:did not merge (218104295, 218104297)
INFO:engine.post.parallel_aff_agglomerate:did not merge (184549967, 385876123)
INFO:engine.post.parallel_aff_agglomerate:did not merge (218104301, 218104302)
INFO:engine.post.parallel_aff_agglomerate:did not merge (33555657, 33555708)
INFO:engine.post.parallel_aff_agglomerate:did not merge (33555657, 134217982)
INFO:engine.post.parallel_aff_agglomerate:did not merge (33555691, 33555740)
INFO:engine.post.parallel_aff_agglomerate:did not merge (33555692, 33555740)
INFO:engine.post.parallel_aff_agglomerate:did not merge (385876160, 385876163)
INFO:engine.post.parallel_aff_agglomerate:did not merge (385876160, 704643078)
INFO:engine.post.parallel_aff_agglomerate:did not merge (385876160, 704643083)
INFO:engine.post.parallel_aff_agglomerate:did not merge (33555723, 134217982)
INFO:engine.post.parallel_aff_agglomerate:did not merge (218104359, 218104375)
INFO:engine.post.parallel_aff_agglomerate:did not merge (218104359, 452984922)
INFO:engine.post.parallel_aff_agglomerate:did not merge (218104359, 452984929)
INFO:engine.post.parallel_aff_agglomerate:did not merge (201326618, 201326668)
INFO:engine.post.parallel_aff_agglomerate:did not merge (201326666, 201326668)
INFO:engine.post.parallel_aff_agglomerate:did not merge (100663450, 100663479)
INFO:engine.post.parallel_aff_agglomerate:did not merge (100663450, 100663521)
INFO:engine.post.parallel_aff_agglomerate:did not merge (100663450, 100663531)
INFO:engine.post.parallel_aff_agglomerate:did not merge (50331795, 50331913)
INFO:engine.post.parallel_aff_agglomerate:did not merge (100663616, 100663623)
INFO:engine.post.parallel_aff_agglomerate:did not merge (100663616, 100663809)
INFO:engine.post.parallel_aff_agglomerate:did not merge (100663485, 100663613)
INFO:engine.post.parallel_aff_agglomerate:did not merge (100663485, 100663622)
INFO:engine.post.parallel_aff_agglomerate:did not merge (100663485, 100663660)
INFO:engine.post.parallel_aff_agglomerate:did not merge (100663586, 100663689)
INFO:engine.post.parallel_aff_agglomerate:did not merge (100663586, 100663701)
INFO:engine.post.parallel_aff_agglomerate:did not merge (100663586, 100663724)
INFO:engine.post.parallel_aff_agglomerate:did not merge (100663586, 100663758)
INFO:engine.post.parallel_aff_agglomerate:did not merge (100663586, 100663788)
INFO:engine.post.parallel_aff_agglomerate:did not merge (100663586, 100663809)
INFO:engine.post.parallel_aff_agglomerate:did not merge (100663586, 100663998)
INFO:engine.post.parallel_aff_agglomerate:did not merge (100663754, 100663784)
INFO:engine.post.parallel_aff_agglomerate:did not merge (201326798, 201326844)
INFO:engine.post.parallel_aff_agglomerate:did not merge (100663996, 100664049)
INFO:engine.post.parallel_aff_agglomerate:did not merge (201326822, 201326844)
INFO:engine.post.parallel_aff_agglomerate:did not merge (201326822, 201326849)
INFO:engine.post.parallel_aff_agglomerate:did not merge (100663988, 100664056)
INFO:engine.post.parallel_aff_agglomerate:did not merge (100663988, 100664146)
INFO:engine.post.parallel_aff_agglomerate:did not merge (100663905, 100664054)
INFO:engine.post.parallel_aff_agglomerate:did not merge (100663905, 100664055)
INFO:engine.post.parallel_aff_agglomerate:did not merge (100664083, 100664146)
INFO:engine.post.parallel_aff_agglomerate:did not merge (50332396, 50332407)
INFO:engine.post.parallel_aff_agglomerate:did not merge (50332396, 50332516)
INFO:engine.post.parallel_aff_agglomerate:did not merge (100664097, 100664146)
INFO:engine.post.parallel_aff_agglomerate:did not merge (50332375, 50332407)
INFO:engine.post.parallel_aff_agglomerate:did not merge (50332375, 50332516)
INFO:engine.post.parallel_aff_agglomerate:did not merge (50332063, 50332167)
INFO:engine.post.parallel_aff_agglomerate:did not merge (50332063, 50332340)
INFO:engine.post.parallel_aff_agglomerate:did not merge (50332063, 50332374)
INFO:engine.post.parallel_aff_agglomerate:did not merge (50332063, 50332501)
INFO:engine.post.parallel_aff_agglomerate:did not merge (50332063, 50332516)
INFO:engine.post.parallel_aff_agglomerate:did not merge (50332063, 50332545)
INFO:engine.post.parallel_aff_agglomerate:did not merge (50332063, 50332610)
INFO:engine.post.parallel_aff_agglomerate:did not merge (50332063, 50332664)
INFO:engine.post.parallel_aff_agglomerate:did not merge (50332063, 50332755)
INFO:engine.post.parallel_aff_agglomerate:did not merge (50332063, 134218846)
INFO:engine.post.parallel_aff_agglomerate:did not merge (100664120, 100664146)
INFO:engine.post.parallel_aff_agglomerate:did not merge (201326905, 201326930)
INFO:engine.post.parallel_aff_agglomerate:did not merge (201326905, 201326945)
INFO:engine.post.parallel_aff_agglomerate:did not merge (100664293, 100664360)
INFO:engine.post.parallel_aff_agglomerate:did not merge (100664293, 100664396)
INFO:engine.post.parallel_aff_agglomerate:did not merge (100664293, 201326930)
INFO:engine.post.parallel_aff_agglomerate:did not merge (100664365, 100664482)
INFO:engine.post.parallel_aff_agglomerate:did not merge (100664472, 100664482)
INFO:engine.post.parallel_aff_agglomerate:did not merge (100664472, 100664568)
INFO:engine.post.parallel_aff_agglomerate:did not merge (100664502, 100664594)
INFO:engine.post.parallel_aff_agglomerate:did not merge (100664633, 100664699)
INFO:engine.post.parallel_aff_agglomerate:did not merge (100664633, 100664734)
INFO:engine.post.parallel_aff_agglomerate:did not merge (100664633, 100664764)
INFO:engine.post.parallel_aff_agglomerate:did not merge (100664633, 201327052)
INFO:engine.post.parallel_aff_agglomerate:did not merge (201327026, 201327052)
INFO:engine.post.parallel_aff_agglomerate:did not merge (201327026, 201327105)
INFO:engine.post.parallel_aff_agglomerate:did not merge (201327026, 402653884)
INFO:engine.post.parallel_aff_agglomerate:did not merge (100664673, 100664788)
INFO:engine.post.parallel_aff_agglomerate:did not merge (100664558, 100664917)
INFO:engine.post.parallel_aff_agglomerate:did not merge (100664899, 100664932)
INFO:engine.post.parallel_aff_agglomerate:did not merge (100664899, 100664964)
INFO:engine.post.parallel_aff_agglomerate:did not merge (100664905, 100664959)
INFO:engine.post.parallel_aff_agglomerate:did not merge (100664905, 100664974)
INFO:engine.post.parallel_aff_agglomerate:did not merge (100664905, 100665016)
INFO:engine.post.parallel_aff_agglomerate:did not merge (100664918, 100664964)
INFO:engine.post.parallel_aff_agglomerate:did not merge (100664977, 100665136)
INFO:engine.post.parallel_aff_agglomerate:did not merge (100664977, 100665137)
INFO:engine.post.parallel_aff_agglomerate:did not merge (100664985, 100665137)
INFO:engine.post.parallel_aff_agglomerate:did not merge (50332990, 50333011)
INFO:engine.post.parallel_aff_agglomerate:did not merge (50332990, 50333025)
INFO:engine.post.parallel_aff_agglomerate:did not merge (50332990, 50333037)
INFO:engine.post.parallel_aff_agglomerate:did not merge (100664946, 100665063)
INFO:engine.post.parallel_aff_agglomerate:did not merge (100664946, 100665064)
INFO:engine.post.parallel_aff_agglomerate:did not merge (100664946, 100665065)
INFO:engine.post.parallel_aff_agglomerate:did not merge (100664946, 100665066)
INFO:engine.post.parallel_aff_agglomerate:did not merge (100665004, 100665017)
INFO:engine.post.parallel_aff_agglomerate:did not merge (100665004, 100665091)
INFO:engine.post.parallel_aff_agglomerate:did not merge (100665043, 100665067)
INFO:engine.post.parallel_aff_agglomerate:did not merge (100665045, 100665065)
INFO:engine.post.parallel_aff_agglomerate:did not merge (100665045, 100665094)
INFO:engine.post.parallel_aff_agglomerate:did not merge (100665045, 100665096)
INFO:engine.post.parallel_aff_agglomerate:did not merge (100665046, 100665066)
INFO:engine.post.parallel_aff_agglomerate:merged 24137 edges
INFO:engine.post.parallel_aff_agglomerate:Agglomerating in block [4096:4976, 0:2048, 0:2048] (880, 2048, 2048) with context of [3968:5104, -128:2176, -128:2176] (1136, 2304, 2304)
INFO:engine.post.parallel_aff_agglomerate:did not merge (100665087, 100665121)
INFO:engine.post.parallel_aff_agglomerate:did not merge (50332980, 100664995)
INFO:engine.post.parallel_aff_agglomerate:did not merge (50333025, 100664881)
INFO:engine.post.parallel_aff_agglomerate:did not merge (50333037, 100664881)
INFO:engine.post.parallel_aff_agglomerate:did not merge (134219691, 134219717)
INFO:engine.post.parallel_aff_agglomerate:did not merge (100664972, 100665037)
INFO:engine.post.parallel_aff_agglomerate:merged 751 edges
INFO:engine.post.parallel_aff_agglomerate:Agglomerating in block [4096:4976, 0:2048, 4096:5456] (880, 2048, 1360) with context of [3968:5104, -128:2176, 3968:5584] (1136, 2304, 1616)
INFO:engine.post.parallel_aff_agglomerate:did not merge (100665098, 201327172)
INFO:engine.post.parallel_aff_agglomerate:did not merge (234883999, 234884069)
INFO:engine.post.parallel_aff_agglomerate:did not merge (234883999, 402654042)
INFO:engine.post.parallel_aff_agglomerate:did not merge (100665111, 100665151)
INFO:engine.post.parallel_aff_agglomerate:did not merge (100665111, 234883604)
INFO:engine.post.parallel_aff_agglomerate:merged 340 edges
INFO:engine.post.parallel_aff_agglomerate:Agglomerating in block [4096:4976, 2048:4096, 2048:4096] (880, 2048, 2048) with context of [3968:5104, 1920:4224, 1920:4224] (1136, 2304, 2304)
INFO:engine.post.parallel_aff_agglomerate:did not merge (402654120, 402654122)
INFO:engine.post.parallel_aff_agglomerate:did not merge (234883930, 452985602)
INFO:engine.post.parallel_aff_agglomerate:did not merge (100665045, 100665065)
INFO:engine.post.parallel_aff_agglomerate:did not merge (100665045, 100665094)
INFO:engine.post.parallel_aff_agglomerate:did not merge (100665045, 100665096)
INFO:engine.post.parallel_aff_agglomerate:did not merge (100665045, 234882958)
INFO:engine.post.parallel_aff_agglomerate:did not merge (50332980, 100664995)
INFO:engine.post.parallel_aff_agglomerate:did not merge (234883970, 402654042)
INFO:engine.post.parallel_aff_agglomerate:did not merge (234883838, 234883854)
INFO:engine.post.parallel_aff_agglomerate:did not merge (452985671, 452985673)
INFO:engine.post.parallel_aff_agglomerate:did not merge (452985671, 452985677)
INFO:engine.post.parallel_aff_agglomerate:did not merge (452985671, 452985683)
INFO:engine.post.parallel_aff_agglomerate:did not merge (452985671, 704643401)
INFO:engine.post.parallel_aff_agglomerate:did not merge (452985671, 704643405)
INFO:engine.post.parallel_aff_agglomerate:did not merge (234883734, 234883778)
INFO:engine.post.parallel_aff_agglomerate:did not merge (234883999, 402654042)
INFO:engine.post.parallel_aff_agglomerate:did not merge (234884005, 402654071)
INFO:engine.post.parallel_aff_agglomerate:did not merge (134219684, 134219774)
INFO:engine.post.parallel_aff_agglomerate:did not merge (100665046, 100665066)
INFO:engine.post.parallel_aff_agglomerate:did not merge (100665111, 234883604)
INFO:engine.post.parallel_aff_agglomerate:did not merge (402654146, 402654167)
INFO:engine.post.parallel_aff_agglomerate:did not merge (234884035, 402654071)
INFO:engine.post.parallel_aff_agglomerate:did not merge (452985715, 452985716)
INFO:engine.post.parallel_aff_agglomerate:did not merge (234883447, 234883497)
INFO:engine.post.parallel_aff_agglomerate:did not merge (234883447, 234883498)
INFO:engine.post.parallel_aff_agglomerate:did not merge (234883447, 234883506)
INFO:engine.post.parallel_aff_agglomerate:did not merge (234883447, 234883539)
INFO:engine.post.parallel_aff_agglomerate:did not merge (234883447, 234883563)
INFO:engine.post.parallel_aff_agglomerate:did not merge (234883447, 234883578)
INFO:engine.post.parallel_aff_agglomerate:did not merge (234883447, 234883579)
INFO:engine.post.parallel_aff_agglomerate:did not merge (234883447, 234883585)
INFO:engine.post.parallel_aff_agglomerate:did not merge (234883447, 234883589)
INFO:engine.post.parallel_aff_agglomerate:did not merge (234883447, 234883612)
INFO:engine.post.parallel_aff_agglomerate:did not merge (234883447, 234883622)
INFO:engine.post.parallel_aff_agglomerate:did not merge (234883447, 234883623)
INFO:engine.post.parallel_aff_agglomerate:did not merge (234883447, 234883636)
INFO:engine.post.parallel_aff_agglomerate:did not merge (234883447, 234883647)
INFO:engine.post.parallel_aff_agglomerate:did not merge (234883447, 234883674)
INFO:engine.post.parallel_aff_agglomerate:did not merge (234883447, 234883737)
INFO:engine.post.parallel_aff_agglomerate:did not merge (234883447, 234883750)
INFO:engine.post.parallel_aff_agglomerate:did not merge (234883447, 234883754)
INFO:engine.post.parallel_aff_agglomerate:did not merge (234883447, 234883765)
INFO:engine.post.parallel_aff_agglomerate:did not merge (234883447, 234883766)
INFO:engine.post.parallel_aff_agglomerate:did not merge (234883447, 234883796)
INFO:engine.post.parallel_aff_agglomerate:did not merge (234883447, 234883818)
INFO:engine.post.parallel_aff_agglomerate:merged 1920 edges
